--------------------------------------
Running config: /home/druijsch/LPJmL5/dev15oct2025/config_files/2026_04_08_run_for_10_locations/temperate_broadleaved_evergreen_tree/spinup/configs/temperate_broadleaved_evergreen_tree_patch8_config_restart.cjson
SLURM task ID: 9
Node: tcn424.local.snellius.surf.nl
--------------------------------------
******************************************************************************
****        _     ____     _           _       ____        _  ___         ****
****       | |   |  _ \   | |_ __ ___ | |     | ___|      / |/ _ \        ****
****       | |   | |_) |  | | '_ ` _ \| |     |___ \      | | | | |       ****
****       | |___|  __/ |_| | | | | | | |___   ___) |  _  | | |_| |       ****
****       |_____|_|   \___/|_| |_| |_|_____| |____/  (_) |_|\___/        ****
****                                                                      ****
****                 lpjml C Version 5.10.1 (Apr 14 2026)                 ****
****    Dynamic global vegetation model with natural and managed land     ****
****                     Compiled for Linux with MPI                      ****
****       (C) Potsdam Institute for Climate Impact Research (PIK),       ****
****                          see COPYRIGHT file                          ****
****              Authors, and contributors see AUTHORS file              ****
**** This version of LPJmL is licensed under GNU AGPL Version 3 or later  ****
****        See LICENSE file or go to http://www.gnu.org/licenses/        ****
****                 or invoke lpjml -l to print license                  ****
****      https://gitlab.pik-potsdam.de/lpjml/wur_team/lpjml-wur.git      ****
****          GIT hash: 5e6f8e1bb5c5d5f3357da68b6c43e9517864f3c2          ****
****                                                                      ****
******************************************************************************

Running for user druijsch on tcn424.local.snellius.surf.nl at Tue Apr 14 17:06:51 2026
Reading configuration from '/home/druijsch/LPJmL5/dev15oct2025/config_files/2026_04_08_run_for_10_locations/temperate_broadleaved_evergreen_tree/spinup/configs/temperate_broadleaved_evergreen_tree_patch8_config_restart.cjson'.
==============================================================================
/----------------------------------------------------------\
|institution: Potsdam Institute for Climate Impact Research|
|contact:                                                  |
|comment:                                                  |
\----------------------------------------------------------/
Simulation "LPJmL Run" running on 50 tasks
Simulation with shuffle spinup climate, nitrogen limitation, permafrost, 
Johansen conductivity, percolation heattransfer, GSI phenology, 
NPP controlled BNF, land use, potential irrigation, 
others to crop "maize" and "temperate cereals", land-use change timber, 
fixed residue remove, with auto fertilizer, pft.cjson LAImax, 
livestock grazing, bondau2007 crop PHU option, separate harvests.
Cultivation types: none, biomass, annual crop
Working directory: /gpfs/home5/druijsch/LPJmL5/dev15oct2025
cpp processed configuration file written to `/projects/prjs2023/chapter3/lpjml_output/2026_04_08_run_for_10_locations/temperate_broadleaved_evergreen_tree/patch_8/`.
Starting from restart file '/home/druijsch/LPJmL5/dev15oct2025/restart/2026_04_08_run_for_10_locations/temperate_broadleaved_evergreen_tree/patch_8/restart_1901_nv_stdfire.lpj'.
Input files:
Variable     Fmt  Varname  Filename
------------ ---- -------- ---------------------------------------------------
soil         cdf  soilcode /projects/prjs2023/chapter3/lpjml_input/run_for_10_locations/temperate_broadleaved_evergreen_tree/patch_8/soil.nc
temp         cdf  tas      /projects/prjs2023/chapter3/lpjml_input/run_for_10_locations/temperate_broadleaved_evergreen_tree/patch_8/temp.nc
prec         cdf  pr       /projects/prjs2023/chapter3/lpjml_input/run_for_10_locations/temperate_broadleaved_evergreen_tree/patch_8/prec.nc
lwdown       cdf  rlds     /projects/prjs2023/chapter3/lpjml_input/run_for_10_locations/temperate_broadleaved_evergreen_tree/patch_8/lwdown.nc
swdown       cdf  rsds     /projects/prjs2023/chapter3/lpjml_input/run_for_10_locations/temperate_broadleaved_evergreen_tree/patch_8/swdown.nc
no3_depo     cdf  noy      /projects/prjs2023/chapter3/lpjml_input/ndep-noy_histsoc_monthly_1901_2021_units.nc
nh4_depo     cdf  nhx      /projects/prjs2023/chapter3/lpjml_input/ndep-nhx_histsoc_monthly_1901_2021_units.nc
soilpH       cdf  soil_ph  /projects/prjs2023/chapter3/lpjml_input/hwsd_soil_data_all_land_oceanfilled.nc
co2          txt           /projects/prjs2023/chapter3/lpjml_input/co2_1832-2023.dat
windspeed    cdf  sfcwind  /projects/prjs2023/chapter3/lpjml_input/run_for_10_locations/temperate_broadleaved_evergreen_tree/patch_8/wind.nc
countries    cdf  country  /projects/prjs2023/chapter3/lpjml_input/regridded_cow_full_2018_5min_reduced_filled.nc
landuse      cdf  CFTfrac  /projects/prjs2023/chapter3/lpjml_input/MAPSPAM_2020_crops_filled_ESA_01deg_v7.nc
------------ ---- -------- ---------------------------------------------------
Writing restart file '/home/druijsch/LPJmL5/dev15oct2025/restart/2026_04_08_run_for_10_locations/temperate_broadleaved_evergreen_tree/patch_8/restart_1960_crop_stdfire_base.lpj' after year 1960.
Reading random seeds from restart file.
Number of output files:       65
Output written in year:       1901
Byte order in output files:   little endian

Compression level for NetCDF: 3
Missing value in NetCDF:      -1e+32
Base year in NetCDF:          1901
NetCDF grid:                  local
Variable            Fmt  Unit        Type   tstep nbd Filename
------------------- ---- ----------- ------ ----- --- -------------------------
albedo              cdf  -           float  month   1 /projects/prjs2023/chapter3/lpjml_output/2026_04_08_run_for_10_locations/temperate_broadleaved_evergreen_tree/patch_8/output/malbedo.nc + .json
cftfrac             cdf  -           float  year   32 /projects/prjs2023/chapter3/lpjml_output/2026_04_08_run_for_10_locations/temperate_broadleaved_evergreen_tree/patch_8/output/cftfrac.nc + .json
discharge           cdf  hm3/day     float  month   1 /projects/prjs2023/chapter3/lpjml_output/2026_04_08_run_for_10_locations/temperate_broadleaved_evergreen_tree/patch_8/output/mdischarge.nc + .json
evap                cdf  mm/month    float  month   1 /projects/prjs2023/chapter3/lpjml_output/2026_04_08_run_for_10_locations/temperate_broadleaved_evergreen_tree/patch_8/output/mevap.nc + .json
fapar               cdf  -           float  month   1 /projects/prjs2023/chapter3/lpjml_output/2026_04_08_run_for_10_locations/temperate_broadleaved_evergreen_tree/patch_8/output/mfapar.nc + .json
firec               cdf  gC/m2/yr    float  year    1 /projects/prjs2023/chapter3/lpjml_output/2026_04_08_run_for_10_locations/temperate_broadleaved_evergreen_tree/patch_8/output/firec.nc + .json
firef               cdf  1           float  year    1 /projects/prjs2023/chapter3/lpjml_output/2026_04_08_run_for_10_locations/temperate_broadleaved_evergreen_tree/patch_8/output/firef.nc + .json
flux_estabc         cdf  gC/m2/yr    float  year    1 /projects/prjs2023/chapter3/lpjml_output/2026_04_08_run_for_10_locations/temperate_broadleaved_evergreen_tree/patch_8/output/flux_estab.nc + .json
fpc                 cdf  -           float  month  12 /projects/prjs2023/chapter3/lpjml_output/2026_04_08_run_for_10_locations/temperate_broadleaved_evergreen_tree/patch_8/output/fpc.nc + .json
globalflux          txt  -           float  year    1 /projects/prjs2023/chapter3/lpjml_output/2026_04_08_run_for_10_locations/temperate_broadleaved_evergreen_tree/patch_8/output/globalflux.csv + .json
gpp                 cdf  gC/m2/month float  month   1 /projects/prjs2023/chapter3/lpjml_output/2026_04_08_run_for_10_locations/temperate_broadleaved_evergreen_tree/patch_8/output/mgpp.nc + .json
litc                cdf  gC/m2       float  year    1 /projects/prjs2023/chapter3/lpjml_output/2026_04_08_run_for_10_locations/temperate_broadleaved_evergreen_tree/patch_8/output/litc.nc + .json
litn                cdf  gN/m2       float  year    1 /projects/prjs2023/chapter3/lpjml_output/2026_04_08_run_for_10_locations/temperate_broadleaved_evergreen_tree/patch_8/output/litn.nc + .json
npp                 cdf  gC/m2/month float  month   1 /projects/prjs2023/chapter3/lpjml_output/2026_04_08_run_for_10_locations/temperate_broadleaved_evergreen_tree/patch_8/output/mnpp.nc + .json
nuptake             cdf  gN/m2/month float  month   1 /projects/prjs2023/chapter3/lpjml_output/2026_04_08_run_for_10_locations/temperate_broadleaved_evergreen_tree/patch_8/output/mnuptake.nc + .json
pet                 cdf  mm/month    float  month   1 /projects/prjs2023/chapter3/lpjml_output/2026_04_08_run_for_10_locations/temperate_broadleaved_evergreen_tree/patch_8/output/mpet.nc + .json
pft_chawo           cdf  gC/m2       float  year   43 /projects/prjs2023/chapter3/lpjml_output/2026_04_08_run_for_10_locations/temperate_broadleaved_evergreen_tree/patch_8/output/pft_chawo.nc + .json
pft_cleaf           cdf  gC/m2       float  year   43 /projects/prjs2023/chapter3/lpjml_output/2026_04_08_run_for_10_locations/temperate_broadleaved_evergreen_tree/patch_8/output/pft_cleaf.nc + .json
pft_croot           cdf  gC/m2       float  year   43 /projects/prjs2023/chapter3/lpjml_output/2026_04_08_run_for_10_locations/temperate_broadleaved_evergreen_tree/patch_8/output/pft_croot.nc + .json
pft_csapw           cdf  gC/m2       float  year   43 /projects/prjs2023/chapter3/lpjml_output/2026_04_08_run_for_10_locations/temperate_broadleaved_evergreen_tree/patch_8/output/pft_csapw.nc + .json
pft_fpar            cdf  -           float  month  43 /projects/prjs2023/chapter3/lpjml_output/2026_04_08_run_for_10_locations/temperate_broadleaved_evergreen_tree/patch_8/output/pft_fpar.nc + .json
pft_gpp             cdf  gC/m2/month float  month  43 /projects/prjs2023/chapter3/lpjml_output/2026_04_08_run_for_10_locations/temperate_broadleaved_evergreen_tree/patch_8/output/pft_gpp.nc + .json
pft_laimax          cdf  m2/m2       float  year   43 /projects/prjs2023/chapter3/lpjml_output/2026_04_08_run_for_10_locations/temperate_broadleaved_evergreen_tree/patch_8/output/pft_laimax.nc + .json
pft_mort            cdf  1/month     float  month  11 /projects/prjs2023/chapter3/lpjml_output/2026_04_08_run_for_10_locations/temperate_broadleaved_evergreen_tree/patch_8/output/pft_mort.nc + .json
pft_mort_background cdf  1/month     float  month  11 /projects/prjs2023/chapter3/lpjml_output/2026_04_08_run_for_10_locations/temperate_broadleaved_evergreen_tree/patch_8/output/pft_mort_background.nc + .json
pft_mort_drought    cdf  1/month     float  month  11 /projects/prjs2023/chapter3/lpjml_output/2026_04_08_run_for_10_locations/temperate_broadleaved_evergreen_tree/patch_8/output/pft_mort_drought.nc + .json
pft_mort_heat       cdf  1/month     float  month  11 /projects/prjs2023/chapter3/lpjml_output/2026_04_08_run_for_10_locations/temperate_broadleaved_evergreen_tree/patch_8/output/pft_mort_heat.nc + .json
pft_nind            cdf  ind/m²     float  month  11 /projects/prjs2023/chapter3/lpjml_output/2026_04_08_run_for_10_locations/temperate_broadleaved_evergreen_tree/patch_8/output/pft_nind.nc + .json
pft_nleaf           cdf  gN/m2       float  year   43 /projects/prjs2023/chapter3/lpjml_output/2026_04_08_run_for_10_locations/temperate_broadleaved_evergreen_tree/patch_8/output/pft_nleaf.nc + .json
pft_npp             cdf  gC/m2/yr    float  year   43 /projects/prjs2023/chapter3/lpjml_output/2026_04_08_run_for_10_locations/temperate_broadleaved_evergreen_tree/patch_8/output/pft_npp.nc + .json
pft_nroot           cdf  gN/m2       float  year   43 /projects/prjs2023/chapter3/lpjml_output/2026_04_08_run_for_10_locations/temperate_broadleaved_evergreen_tree/patch_8/output/pft_nroot.nc + .json
pft_nuptake         cdf  gN/m2/yr    float  year   43 /projects/prjs2023/chapter3/lpjml_output/2026_04_08_run_for_10_locations/temperate_broadleaved_evergreen_tree/patch_8/output/pft_nuptake.nc + .json
pft_phen            cdf  -           float  month  43 /projects/prjs2023/chapter3/lpjml_output/2026_04_08_run_for_10_locations/temperate_broadleaved_evergreen_tree/patch_8/output/pft_phen.nc + .json
pft_survive_frac    cdf  -           float  month  43 /projects/prjs2023/chapter3/lpjml_output/2026_04_08_run_for_10_locations/temperate_broadleaved_evergreen_tree/patch_8/output/pft_survive_frac.nc + .json
pft_vegc            cdf  gC/m2       float  year   43 /projects/prjs2023/chapter3/lpjml_output/2026_04_08_run_for_10_locations/temperate_broadleaved_evergreen_tree/patch_8/output/pft_vegc.nc + .json
pft_vegn            cdf  gN/m2       float  year   43 /projects/prjs2023/chapter3/lpjml_output/2026_04_08_run_for_10_locations/temperate_broadleaved_evergreen_tree/patch_8/output/pft_vegn.nc + .json
pft_water_demand    cdf  mm/yr       float  year   43 /projects/prjs2023/chapter3/lpjml_output/2026_04_08_run_for_10_locations/temperate_broadleaved_evergreen_tree/patch_8/output/pft_water_demand.nc + .json
phen_light          cdf  -           float  month   1 /projects/prjs2023/chapter3/lpjml_output/2026_04_08_run_for_10_locations/temperate_broadleaved_evergreen_tree/patch_8/output/mphen_light.nc + .json
phen_tmax           cdf  -           float  month   1 /projects/prjs2023/chapter3/lpjml_output/2026_04_08_run_for_10_locations/temperate_broadleaved_evergreen_tree/patch_8/output/mphen_tmax.nc + .json
phen_tmin           cdf  -           float  month   1 /projects/prjs2023/chapter3/lpjml_output/2026_04_08_run_for_10_locations/temperate_broadleaved_evergreen_tree/patch_8/output/mphen_tmin.nc + .json
phen_water          cdf  -           float  month   1 /projects/prjs2023/chapter3/lpjml_output/2026_04_08_run_for_10_locations/temperate_broadleaved_evergreen_tree/patch_8/output/mphen_water.nc + .json
rd                  cdf  gC/m2/month float  month   1 /projects/prjs2023/chapter3/lpjml_output/2026_04_08_run_for_10_locations/temperate_broadleaved_evergreen_tree/patch_8/output/rd.nc + .json
rh                  cdf  gC/m2/month float  month   1 /projects/prjs2023/chapter3/lpjml_output/2026_04_08_run_for_10_locations/temperate_broadleaved_evergreen_tree/patch_8/output/mrh.nc + .json
runoff              cdf  mm/month    float  month   1 /projects/prjs2023/chapter3/lpjml_output/2026_04_08_run_for_10_locations/temperate_broadleaved_evergreen_tree/patch_8/output/mrunoff.nc + .json
soilc               cdf  gC/m2       float  year    1 /projects/prjs2023/chapter3/lpjml_output/2026_04_08_run_for_10_locations/temperate_broadleaved_evergreen_tree/patch_8/output/soilc.nc + .json
soilc_layer         cdf  gC/m2       float  year    5 /projects/prjs2023/chapter3/lpjml_output/2026_04_08_run_for_10_locations/temperate_broadleaved_evergreen_tree/patch_8/output/soilc_layer.nc + .json
soiln               cdf  gN/m2       float  year    1 /projects/prjs2023/chapter3/lpjml_output/2026_04_08_run_for_10_locations/temperate_broadleaved_evergreen_tree/patch_8/output/soiln.nc + .json
soiln_layer         cdf  gN/m2       float  year    5 /projects/prjs2023/chapter3/lpjml_output/2026_04_08_run_for_10_locations/temperate_broadleaved_evergreen_tree/patch_8/output/soiln_layer.nc + .json
soilnh4             cdf  gN/m2       float  year    1 /projects/prjs2023/chapter3/lpjml_output/2026_04_08_run_for_10_locations/temperate_broadleaved_evergreen_tree/patch_8/output/soilnh4.nc + .json
soilnh4_layer       cdf  gN/m2       float  year    5 /projects/prjs2023/chapter3/lpjml_output/2026_04_08_run_for_10_locations/temperate_broadleaved_evergreen_tree/patch_8/output/soilnh4_layer.nc + .json
soilno3             cdf  gN/m2       float  year    1 /projects/prjs2023/chapter3/lpjml_output/2026_04_08_run_for_10_locations/temperate_broadleaved_evergreen_tree/patch_8/output/soilno3.nc + .json
soilno3_layer       cdf  gN/m2       float  year    5 /projects/prjs2023/chapter3/lpjml_output/2026_04_08_run_for_10_locations/temperate_broadleaved_evergreen_tree/patch_8/output/soilno3_layer.nc + .json
soiltemp1           cdf  Celsius     float  month   1 /projects/prjs2023/chapter3/lpjml_output/2026_04_08_run_for_10_locations/temperate_broadleaved_evergreen_tree/patch_8/output/msoiltemp1.nc + .json
soiltemp2           cdf  Celsius     float  month   1 /projects/prjs2023/chapter3/lpjml_output/2026_04_08_run_for_10_locations/temperate_broadleaved_evergreen_tree/patch_8/output/msoiltemp2.nc + .json
soiltemp3           cdf  Celsius     float  month   1 /projects/prjs2023/chapter3/lpjml_output/2026_04_08_run_for_10_locations/temperate_broadleaved_evergreen_tree/patch_8/output/msoiltemp3.nc + .json
swc1                cdf  1           float  month   1 /projects/prjs2023/chapter3/lpjml_output/2026_04_08_run_for_10_locations/temperate_broadleaved_evergreen_tree/patch_8/output/mswc1.nc + .json
swc2                cdf  1           float  month   1 /projects/prjs2023/chapter3/lpjml_output/2026_04_08_run_for_10_locations/temperate_broadleaved_evergreen_tree/patch_8/output/mswc2.nc + .json
swc3                cdf  1           float  month   1 /projects/prjs2023/chapter3/lpjml_output/2026_04_08_run_for_10_locations/temperate_broadleaved_evergreen_tree/patch_8/output/mswc3.nc + .json
swc4                cdf  1           float  month   1 /projects/prjs2023/chapter3/lpjml_output/2026_04_08_run_for_10_locations/temperate_broadleaved_evergreen_tree/patch_8/output/mswc4.nc + .json
swc5                cdf  1           float  month   1 /projects/prjs2023/chapter3/lpjml_output/2026_04_08_run_for_10_locations/temperate_broadleaved_evergreen_tree/patch_8/output/mswc5.nc + .json
transp              cdf  mm/month    float  month   1 /projects/prjs2023/chapter3/lpjml_output/2026_04_08_run_for_10_locations/temperate_broadleaved_evergreen_tree/patch_8/output/mtransp.nc + .json
vegc                cdf  gC/m2       float  year    1 /projects/prjs2023/chapter3/lpjml_output/2026_04_08_run_for_10_locations/temperate_broadleaved_evergreen_tree/patch_8/output/vegc.nc + .json
vegn                cdf  gN/m2       float  year    1 /projects/prjs2023/chapter3/lpjml_output/2026_04_08_run_for_10_locations/temperate_broadleaved_evergreen_tree/patch_8/output/vegn.nc + .json
wateramount         cdf  hm3         float  month   1 /projects/prjs2023/chapter3/lpjml_output/2026_04_08_run_for_10_locations/temperate_broadleaved_evergreen_tree/patch_8/output/mwateramount.nc + .json
wscal               cdf  -           float  month   1 /projects/prjs2023/chapter3/lpjml_output/2026_04_08_run_for_10_locations/temperate_broadleaved_evergreen_tree/patch_8/output/wscal.nc + .json
------------------- ---- ----------- ------ ----- --- -------------------------
Spinup years:                   180
Cycle length during spinup:      30
First year:                    1901
Last year:                     2019
Number of grid cells:            68
==============================================================================
Memory allocated for output: 7,096 bytes/cell
Simulation begins...
Spinup using climate starting from year 1901

                 Carbon flux (ktC/yr)                    Water (dam3/yr)                Nitrogen (MgN/yr)
       --------------------------------------- ---------------------------------- --------------------------------
Spinup NEP     estab   harvest product NBP     transp     evap    interc  wd      nuptake ndemand  nlosses ninflux
------ ------- ------- ------- ------- ------- ---------- ------- ------- ------- ------- -------- ------- -------
  1721 -849.725   0.127   0.000   0.000 -849.598  2993403.9 813750.9 290849.9     0.0 46947.3  12063.9  4314.1  3150.9
  1722 282.991  -0.066   0.000   0.000 282.925  3408800.6 613834.5 300180.5     0.0 76892.5  19416.2 10673.9 78750.9
  1723 1097.173  -0.062   0.000   0.000 1097.112  3905208.7 309256.1 344610.9     0.0 71940.8  15335.6 52502.2 51848.0
  1724 1006.435  -0.000   0.000   0.000 1006.435  3819221.2 334912.8 416791.2     0.0 65740.6  12465.2 27241.0 35503.2
  1725 -17.575   0.001   0.000   0.000 -17.573  3506059.6 281023.5 337098.3     0.0 57222.0  11793.9 25389.6 38582.7
  1726 685.592  -0.001   0.000   0.000 685.592  3716484.8 326814.6 410560.9     0.0 61952.6  16673.8 36979.6 52224.5
  1727 -1949.863   0.004   0.000   0.000 -1949.859  2952740.3 286592.1 239796.2     0.0 34708.7  11483.6  6651.2 37802.9
  1728 840.377  -0.001   0.000   0.000 840.375  3539244.5 313022.2 302255.4     0.0 68136.7  13512.3 33438.2 42138.4
  1729 228.268  -0.001   0.000   0.000 228.267  3520298.2 322425.9 277354.7     0.0 57365.5  15406.7 12246.1 33995.1
  1730 -1688.839   0.004   0.000   0.000 -1688.834  2749848.0 297020.9 237748.2     0.0 37010.7   7674.9 17707.3 32774.8
  1731 -1415.496   0.004   0.000   0.000 -1415.492  2656532.7 262301.7 149226.7     0.0 41405.1   7660.8 10013.0 31891.7
  1732 996.782  -0.003   0.000   0.000 996.779  3212443.2 352565.5 222311.3     0.0 73794.0   9176.7 45223.9 44996.3
  1733 650.023  -0.002   0.000   0.000 650.022  3266772.1 297142.6 237398.8     0.0 56241.0  11439.5 49156.7 36779.2
  1734 467.187  -0.001   0.000   0.000 467.186  3271877.7 278262.0 250964.3     0.0 60767.5  10171.5 30196.1 34939.4
  1735 668.239  -0.002   0.000   0.000 668.237  3558170.5 318539.4 266440.8     0.0 65839.0  15108.6 28328.7 46579.8
  1736 -27.630  -0.001   0.000   0.000 -27.630  3388265.6 288135.9 264987.1     0.0 53171.0  13104.0  9481.0 37357.7
  1737 -2644.542   0.011   0.000   0.000 -2644.531  2518984.2 287864.3 189422.8     0.0 27568.6   6436.6 17204.5 32560.3
  1738 1977.638  -0.005   0.000   0.000 1977.633  3613135.4 277065.5 216106.3     0.0 83417.7  13275.1 32179.8 39715.9
  1739 -1590.257   0.005   0.000   0.000 -1590.252  2595103.2 323277.9 160092.6     0.0 35083.9   6412.5  7466.7 27177.6
  1740 -701.562   0.002   0.000   0.000 -701.560  2604905.0 298438.0 151207.7     0.0 50191.9   6751.9 27761.4 35878.1
  1741 1221.937  -0.003   0.000   0.000 1221.934  3189853.5 277593.9 184287.6     0.0 73007.3   9862.3 64360.8 41311.7
  1742 920.566  -0.003   0.000   0.000 920.563  3335670.3 345554.1 218568.5     0.0 58083.3  12443.5 27132.6 40239.5
  1743 990.294  -0.002   0.000   0.000 990.291  3405888.1 277778.0 239260.4     0.0 64413.1  13033.4 41782.8 36646.3
  1744 574.129  -0.002   0.000   0.000 574.128  3507506.2 297044.8 269690.5     0.0 58032.0  12974.5 36931.2 40358.3
  1745 -1727.860   0.002   0.000   0.000 -1727.858  2786569.7 306005.9 201230.4     0.0 40775.6  10105.6  7401.5 27449.8

                 Carbon flux (ktC/yr)                    Water (dam3/yr)                Nitrogen (MgN/yr)
       --------------------------------------- ---------------------------------- --------------------------------
Spinup NEP     estab   harvest product NBP     transp     evap    interc  wd      nuptake ndemand  nlosses ninflux
------ ------- ------- ------- ------- ------- ---------- ------- ------- ------- ------- -------- ------- -------
  1746 773.679  -0.002   0.000   0.000 773.677  3367595.0 314645.3 260581.0     0.0 61614.6  14379.2 15452.6 38030.1
  1747 -1430.863   0.004   0.000   0.000 -1430.859  2799725.7 288579.6 186507.8     0.0 31146.8   9280.0 15948.3 31825.6
  1748 -1932.690   0.011   0.000   0.000 -1932.679  2394551.5 308725.2 154293.5     0.0 32930.0   4534.9 21341.5 34341.6
  1749 -1314.517   0.009   0.000   0.000 -1314.508  2192468.4 332342.0 99484.0     0.0 45473.4   3256.6 38223.2 33326.5
  1750 1216.354  -0.004   0.000   0.000 1216.350  3149955.2 289863.4 120277.7     0.0 75395.0   9715.3 37448.4 35989.1
  1751 755.853  -0.003   0.000   0.000 755.850  3081914.1 335530.1 158889.9     0.0 61134.6   7889.2 65867.1 41829.0
  1752 -1167.837   0.003   0.000   0.000 -1167.835  2563290.2 301868.0 117528.5     0.0 43882.7   8862.5 19424.7 29721.0
  1753 573.380  -0.002   0.000   0.000 573.377  3242222.1 324776.9 163415.3     0.0 67630.0  13191.0 56628.3 45694.8
  1754 1020.227  -0.004   0.000   0.000 1020.223  3440830.1 330068.7 208994.0     0.0 52312.2  12960.9 17285.6 38203.8
  1755 1224.220  -0.004   0.000   0.000 1224.216  3706633.5 282991.7 247160.8     0.0 68632.9  12186.4 38749.3 35075.9
  1756 587.202  -0.003   0.000   0.000 587.199  3702235.2 285134.1 277627.8     0.0 60113.6  11932.6 27478.0 30946.6
  1757 -57.366  -0.001   0.000   0.000 -57.368  3335376.5 295748.1 236795.9     0.0 52523.2  11450.2 26234.4 33500.3
  1758 -2058.062   0.008   0.000   0.000 -2058.055  2645516.4 265751.2 165426.3     0.0 32733.1   7378.1  9637.0 24277.1
  1759 511.556  -0.002   0.000   0.000 511.553  2956802.5 311539.4 184516.8     0.0 64162.7   9384.2 35878.7 37648.8
  1760 957.986  -0.002   0.000   0.000 957.984  3460086.2 327009.3 285882.7     0.0 61292.3  11117.3 92995.6 44581.7
  1761 -1002.092   0.001   0.000   0.000 -1002.090  3037394.9 255879.8 163477.0     0.0 39454.7  10293.0  8906.1 34754.1
  1762 -232.295  -0.000   0.000   0.000 -232.295  3108762.3 333652.7 218651.0     0.0 56945.4  10182.3 15948.3 34307.9
  1763 156.622  -0.001   0.000   0.000 156.622  3114621.9 337932.9 237942.8     0.0 60626.2   8754.9 23906.9 39634.9
  1764 1283.102  -0.002   0.000   0.000 1283.101  3917270.7 302566.6 329468.5     0.0 68008.5  17519.3 51573.6 42908.9
  1765 800.989  -0.001   0.000   0.000 800.989  3833482.4 321883.3 317632.5     0.0 56571.3  13475.4 18735.0 31632.2
  1766 483.603  -0.001   0.000   0.000 483.602  3620486.0 328154.5 332824.1     0.0 58238.8  14769.9 59245.0 48917.0
  1767 354.263  -0.000   0.000   0.000 354.263  3748202.4 319291.7 350093.1     0.0 58071.0  15354.5 34122.1 49500.4
  1768 -3423.054   0.036   0.000   0.000 -3423.018  2370496.3 269887.2 137795.6     0.0  8957.6   8876.3  7224.1 21347.0
  1769 -779.815  -0.011   0.000   0.000 -779.825  2399746.2 381113.2 140657.7     0.0 54103.0   4034.6 28445.1 37056.7
  1770 1974.817  -0.006   0.000   0.000 1974.811  3546899.2 336760.5 233280.8     0.0 77504.5  11615.2 51464.6 44735.5

                 Carbon flux (ktC/yr)                    Water (dam3/yr)                Nitrogen (MgN/yr)
       --------------------------------------- ---------------------------------- --------------------------------
Spinup NEP     estab   harvest product NBP     transp     evap    interc  wd      nuptake ndemand  nlosses ninflux
------ ------- ------- ------- ------- ------- ---------- ------- ------- ------- ------- -------- ------- -------
  1771 453.106  -0.002   0.000   0.000 453.105  3284417.1 286048.9 193288.8     0.0 51144.9  11948.7 46885.9 34127.8
  1772 708.271  -0.002   0.000   0.000 708.269  3595197.4 322408.7 277366.9     0.0 63795.5  14594.4 26579.3 39510.4
  1773 819.189  -0.002   0.000   0.000 819.187  3637479.1 324805.4 305313.3     0.0 59884.7  16129.5 64428.4 42839.7
  1774 -3635.927   0.053   0.000   0.000 -3635.874  2259009.7 270961.2 127580.4     0.0  3956.9   6845.5  7695.9 16778.7
  1775 1803.354  -0.027   0.000   0.000 1803.327  3038484.9 505754.0 167242.5     0.0 73242.1   6834.1 26323.9 38930.7
  1776 408.865  -0.002   0.000   0.000 408.863  3182616.7 298667.5 186613.6     0.0 54812.9  10140.1 24177.9 37037.2
  1777 693.566  -0.003   0.000   0.000 693.563  3553252.3 307662.4 253417.6     0.0 67027.9  15257.2 30181.9 32927.8
  1778  23.287  -0.001   0.000   0.000  23.286  3424102.7 315391.2 240603.0     0.0 49374.5  13719.7 25479.9 28971.2
  1779 330.972  -0.001   0.000   0.000 330.972  3509344.4 306654.7 288828.1     0.0 65459.7  12845.4 23848.3 31477.6
  1780 -390.141   0.000   0.000   0.000 -390.141  3341585.0 315334.1 261986.3     0.0 45609.6  13395.0 22516.3 28363.3
  1781 -891.785   0.002   0.000   0.000 -891.783  2973997.1 290281.4 240061.2     0.0 56372.5  10143.4 22995.0 25666.5
  1782 -359.166   0.000   0.000   0.000 -359.166  3189579.8 313667.3 238140.2     0.0 52579.4  11910.9 22047.6 30711.5
  1783 599.647  -0.001   0.000   0.000 599.645  3456744.8 314889.6 277451.7     0.0 63880.8  12082.6 32054.6 37283.9
  1784 616.762  -0.001   0.000   0.000 616.761  3586661.2 317156.4 307527.0     0.0 61431.1  12688.2 35096.5 34846.1
  1785 -1691.794   0.004   0.000   0.000 -1691.791  2800284.4 291645.4 234725.6     0.0 33313.9  10223.6 18990.5 25987.6
  1786 635.433  -0.002   0.000   0.000 635.431  3293879.2 335485.9 244595.2     0.0 65799.3  13137.2 35738.1 35531.1
  1787 -1783.882   0.007   0.000   0.000 -1783.876  2696063.1 259383.6 166612.1     0.0 30919.6   8050.8  9180.0 25890.8
  1788 -2258.556   0.011   0.000   0.000 -2258.546  2109851.2 326197.1 130215.6     0.0 32583.0   3464.3 30270.1 30646.8
  1789 711.171  -0.001   0.000   0.000 711.170  2863937.6 292356.5 112866.1     0.0 67984.9   8645.0 50420.9 44257.3
  1790 -1069.690   0.003   0.000   0.000 -1069.688  2489248.3 334025.2 101430.7     0.0 48801.9   9532.2  9433.7 34120.0
  1791 1166.845  -0.003   0.000   0.000 1166.842  3247544.6 329883.6 182828.6     0.0 68981.2  14228.4 102144.2 50911.9
  1792  83.629  -0.002   0.000   0.000  83.627  2990681.4 288304.7 159196.4     0.0 49883.5  11994.5 20365.0 33173.5
  1793 910.271  -0.004   0.000   0.000 910.267  3339333.5 287445.1 192051.2     0.0 62670.7  13486.7 30308.5 41436.6
  1794 511.518  -0.002   0.000   0.000 511.516  3368204.5 319191.1 234005.3     0.0 60987.8  12065.1 50268.0 36950.7
  1795 -990.207   0.001   0.000   0.000 -990.207  2878898.8 281592.9 205274.4     0.0 40235.8  11348.8 14648.6 29370.5

                 Carbon flux (ktC/yr)                    Water (dam3/yr)                Nitrogen (MgN/yr)
       --------------------------------------- ---------------------------------- --------------------------------
Spinup NEP     estab   harvest product NBP     transp     evap    interc  wd      nuptake ndemand  nlosses ninflux
------ ------- ------- ------- ------- ------- ---------- ------- ------- ------- ------- -------- ------- -------
  1796 1117.763  -0.004   0.000   0.000 1117.759  3651798.2 313453.6 266974.0     0.0 71994.6  17343.7 29127.5 39603.5
  1797 1530.567  -0.001   0.000   0.000 1530.566  3853218.9 323176.9 365711.8     0.0 65941.7  12697.2 32823.7 37504.3
  1798 -24.751  -0.000   0.000   0.000 -24.751  3609391.0 289503.1 278691.8     0.0 53255.5  14775.6 16146.6 34274.4
  1799 -4613.438   0.075   0.000   0.000 -4613.363  1956313.1 275661.0 125726.7     0.0 -3412.4   2131.3  9000.4 19870.5
  1800 2141.249  -0.037   0.000   0.000 2141.212  2905693.7 581084.5 105069.0     0.0 82271.6   7797.1 27346.2 39595.3
  1801 826.221  -0.004   0.000   0.000 826.217  3407399.1 319469.0 195004.5     0.0 55741.8  12118.9 30259.5 33925.0
  1802 -2296.978   0.010   0.000   0.000 -2296.968  2388349.9 318829.3 161358.4     0.0 34251.5   5596.7 11140.2 28294.6
  1803 1508.857  -0.005   0.000   0.000 1508.852  3297826.7 335607.7 189225.7     0.0 72456.2   9083.1 55915.8 44454.3
  1804 -1188.318   0.002   0.000   0.000 -1188.317  2642380.2 281159.0 133216.1     0.0 37896.0   9697.1 23366.7 27621.4
  1805 1029.196  -0.004   0.000   0.000 1029.192  3334672.4 313112.9 202590.8     0.0 65908.6  16665.3 20644.7 42211.4
  1806 -1254.877   0.002   0.000   0.000 -1254.875  2678721.2 280272.6 146289.3     0.0 38620.1   8942.8 24517.9 29247.1
  1807 1480.925  -0.004   0.000   0.000 1480.921  3548725.6 301331.1 221471.5     0.0 76241.1  16048.5 28300.9 39139.7
  1808 656.526  -0.003   0.000   0.000 656.523  3479748.8 313215.3 233148.2     0.0 57393.2  13328.7 86850.0 38202.8
  1809 -201.522   0.000   0.000   0.000 -201.522  3325986.9 318329.8 245125.6     0.0 49077.5  13873.6 14649.9 40881.2
  1810 -2122.200   0.011   0.000   0.000 -2122.190  2475829.8 263222.9 155775.4     0.0 28824.5   6261.3  9376.9 24410.8
  1811 1662.751  -0.007   0.000   0.000 1662.744  3262343.9 376611.9 234921.5     0.0 78109.6   9699.9 63727.1 40221.9
  1812 -271.421  -0.001   0.000   0.000 -271.422  3032863.4 282089.1 190119.6     0.0 41696.8  11526.1 18753.3 31261.0
  1813 1193.923  -0.002   0.000   0.000 1193.921  3734081.2 273407.4 269908.0     0.0 71907.6  15314.3 31676.6 36961.9
  1814 106.643   0.000   0.000   0.000 106.643  3304511.9 272680.4 262080.2     0.0 51572.1   8199.2 53993.6 28918.5
  1815 -1196.639   0.004   0.000   0.000 -1196.635  2985537.5 283483.0 194984.5     0.0 35055.5  12723.3  7932.2 29919.2
  1816 762.561  -0.002   0.000   0.000 762.558  3343234.5 330186.7 303620.2     0.0 67688.3   9717.0 114201.9 38508.8
  1817 1176.068  -0.001   0.000   0.000 1176.067  3798785.9 318140.4 307992.7     0.0 66033.7  15050.0 32113.9 44142.3
  1818 -246.632   0.000   0.000   0.000 -246.632  3363788.1 297583.5 263266.9     0.0 44521.2  13499.1 13583.8 33988.9
  1819 -570.187   0.001   0.000   0.000 -570.186  3279468.5 318442.3 274792.0     0.0 53954.4  15448.4 18349.0 33991.0
  1820 -691.773   0.002   0.000   0.000 -691.771  3032702.4 285083.2 225322.7     0.0 48489.6   9031.4 45455.1 34800.2

                 Carbon flux (ktC/yr)                    Water (dam3/yr)                Nitrogen (MgN/yr)
       --------------------------------------- ---------------------------------- --------------------------------
Spinup NEP     estab   harvest product NBP     transp     evap    interc  wd      nuptake ndemand  nlosses ninflux
------ ------- ------- ------- ------- ------- ---------- ------- ------- ------- ------- -------- ------- -------
  1821 684.220  -0.001   0.000   0.000 684.219  3468492.6 315283.2 328100.1     0.0 62377.9  15052.6 88992.5 45839.4
  1822 295.882  -0.001   0.000   0.000 295.882  3551648.4 315961.2 277703.8     0.0 57245.5  16292.0 11108.0 48965.6
  1823  64.570  -0.000   0.000   0.000  64.569  3356495.1 286038.0 262768.7     0.0 53890.2  13493.1 16360.5 48724.6
  1824 -664.510   0.002   0.000   0.000 -664.508  3160341.1 279420.5 241758.5     0.0 46075.5   9784.1 44254.4 39486.4
  1825 1019.610  -0.001   0.000   0.000 1019.609  3843579.0 302566.8 354844.4     0.0 69106.8  20046.7 45310.0 48422.7
  1826  47.830  -0.000   0.000   0.000  47.830  3408183.1 323250.2 299893.3     0.0 51389.8  11505.0 11130.9 39397.1
  1827 -572.089   0.001   0.000   0.000 -572.088  3210883.5 296632.2 273920.0     0.0 46776.0  13086.3  8385.3 36960.4
  1828 -245.749   0.000   0.000   0.000 -245.749  3330468.4 315340.3 289256.4     0.0 59050.8  13572.5 67134.3 38178.1
  1829 -4156.739   0.054   0.000   0.000 -4156.685  1931256.3 278973.2 123073.1     0.0 -3779.9   3155.6  5584.9 19274.1
  1830 -548.910  -0.015   0.000   0.000 -548.926  2151964.9 418554.7 77271.7     0.0 61019.5   3291.6 14924.3 33435.8
  1831 464.253  -0.001   0.000   0.000 464.252  2793415.3 309408.5 97924.4     0.0 60512.1   7039.9 58371.1 41484.0
  1832 297.784  -0.003   0.000   0.000 297.780  2985491.9 354796.3 131853.1     0.0 62972.2  11069.2 28635.5 45767.5
  1833 1256.683  -0.004   0.000   0.000 1256.679  3550289.3 311799.4 212829.7     0.0 63605.1  13996.3 77472.8 42715.4
  1834 925.922  -0.003   0.000   0.000 925.918  3370190.0 333654.9 219088.2     0.0 59338.6  10318.4 36206.1 33175.8
  1835 834.947  -0.004   0.000   0.000 834.944  3523264.8 331542.5 245441.2     0.0 59353.1  13106.5 33216.2 34133.0
  1836 -1177.551  -0.000   0.000   0.000 -1177.551  2886621.3 308460.4 173863.4     0.0 39725.4  11912.5 10342.3 23768.5
  1837 -1653.219   0.006   0.000   0.000 -1653.213  2640823.7 280830.9 162250.3     0.0 34290.1   8226.1 20848.6 33493.3
  1838 -1168.930   0.006   0.000   0.000 -1168.924  2282102.5 274375.5 114616.9     0.0 42751.2   5606.0 21947.7 27771.5
  1839 1246.813  -0.007   0.000   0.000 1246.806  3183028.2 353464.8 191175.3     0.0 74297.3   9254.8 53533.6 44272.8
  1840 1590.769  -0.004   0.000   0.000 1590.765  3576560.2 349085.9 265883.5     0.0 62780.2  12672.5 50462.4 36934.1
  1841 554.047  -0.002   0.000   0.000 554.046  3479076.0 348831.7 253362.9     0.0 51945.7  13456.3 31266.1 32714.0
  1842 624.162  -0.001   0.000   0.000 624.161  3683760.8 320960.7 300206.9     0.0 59696.9  14840.4 39570.9 37816.1
  1843 699.903  -0.000   0.000   0.000 699.902  3612523.2 277458.6 275919.2     0.0 60284.9  15018.3 40223.9 34400.4
  1844 1051.072  -0.000   0.000   0.000 1051.071  4095829.6 308565.2 375464.6     0.0 61581.4  17333.2 42686.0 45943.3
  1845 -12.386   0.000   0.000   0.000 -12.386  3624524.8 320790.6 345488.5     0.0 51530.2  11929.0 28268.5 37088.5

                 Carbon flux (ktC/yr)                    Water (dam3/yr)                Nitrogen (MgN/yr)
       --------------------------------------- ---------------------------------- --------------------------------
Spinup NEP     estab   harvest product NBP     transp     evap    interc  wd      nuptake ndemand  nlosses ninflux
------ ------- ------- ------- ------- ------- ---------- ------- ------- ------- ------- -------- ------- -------
  1846 -427.539   0.000   0.000   0.000 -427.539  3578025.5 323234.0 294349.2     0.0 49278.7  17869.5 13786.8 34102.0
  1847 -524.181   0.002   0.000   0.000 -524.179  3092669.9 283281.8 285753.2     0.0 53229.1   9544.9 40229.4 35790.2
  1848 832.210  -0.001   0.000   0.000 832.209  3880716.2 305736.9 365239.7     0.0 64710.5  20138.0 39162.7 47373.9
  1849 -1685.838   0.003   0.000   0.000 -1685.835  2859186.8 290012.9 245935.3     0.0 32362.3   9899.8  8095.3 28750.2
  1850 -72.959  -0.001   0.000   0.000 -72.960  3250533.5 286501.8 234868.6     0.0 59034.1  14794.1 13656.4 35268.2
  1851 -712.820   0.001   0.000   0.000 -712.819  2958841.1 269450.6 208396.7     0.0 46172.3  10190.8 11333.7 32158.5
  1852 -32.621  -0.001   0.000   0.000 -32.621  3128892.2 342221.4 246317.8     0.0 56395.4  13811.5 41406.5 33599.2
  1853 1164.879  -0.002   0.000   0.000 1164.877  3625771.8 337257.6 326221.7     0.0 67448.6  16964.0 50240.1 38317.9
  1854 -652.550   0.001   0.000   0.000 -652.549  3138155.2 291018.4 244622.9     0.0 44810.6  13565.9 28068.5 29822.5
  1855 -175.018  -0.000   0.000   0.000 -175.018  3279999.4 317228.0 263583.9     0.0 59872.1  17164.6 15337.2 34407.1
  1856 -813.168   0.002   0.000   0.000 -813.166  2974473.4 271467.6 222583.8     0.0 45858.3   9757.2 18750.5 33253.0
  1857 -278.545  -0.000   0.000   0.000 -278.545  3134394.9 316519.2 244781.1     0.0 50740.1  13769.3 21816.4 33339.2
  1858 511.010  -0.001   0.000   0.000 511.009  3280811.2 325354.9 326428.5     0.0 62207.3  10026.3 115915.3 39388.2
  1859 751.985  -0.001   0.000   0.000 751.984  3556727.9 285539.0 257444.0     0.0 63112.7  16904.6 14598.2 43899.5
  1860 -262.591   0.000   0.000   0.000 -262.590  3249216.8 296743.9 269094.1     0.0 47960.7  12372.2  8473.4 33136.2
  1861 -453.050   0.000   0.000   0.000 -453.050  3194631.4 287710.0 267909.7     0.0 57123.2  15151.7 16686.7 27096.6
  1862 502.033  -0.001   0.000   0.000 502.032  3537236.2 308934.8 315062.5     0.0 64289.2  18085.6 17002.5 39606.2
  1863 -1945.234   0.004   0.000   0.000 -1945.230  2655750.9 325940.0 213533.5     0.0 36286.8  10864.8  6240.8 25110.8
  1864 1398.512  -0.002   0.000   0.000 1398.510  3455660.2 337275.4 325140.1     0.0 69987.0  13070.9 55717.4 42773.0
  1865 1370.501  -0.002   0.000   0.000 1370.499  3719458.4 323901.1 354978.9     0.0 60887.8  15528.7 98554.2 46534.6
  1866 1533.462  -0.001   0.000   0.000 1533.461  3957399.5 329131.1 423259.6     0.0 68471.6  15310.4 25405.4 48089.2
  1867 653.398  -0.000   0.000   0.000 653.398  4004849.2 318951.5 382229.1     0.0 58607.9  18281.7 18808.3 43874.4
  1868 720.988  -0.000   0.000   0.000 720.987  3883532.2 345007.9 434308.6     0.0 58824.5  17360.1 37976.8 49129.1
  1869 -19.181   0.001   0.000   0.000 -19.181  3587948.5 332052.7 357910.7     0.0 54130.5  16556.3 14490.8 48910.3
  1870 -509.915   0.001   0.000   0.000 -509.914  3427812.0 291196.3 314246.1     0.0 50152.5  16772.6 20893.3 45443.3

                 Carbon flux (ktC/yr)                    Water (dam3/yr)                Nitrogen (MgN/yr)
       --------------------------------------- ---------------------------------- --------------------------------
Spinup NEP     estab   harvest product NBP     transp     evap    interc  wd      nuptake ndemand  nlosses ninflux
------ ------- ------- ------- ------- ------- ---------- ------- ------- ------- ------- -------- ------- -------
  1871 -1055.764   0.002   0.000   0.000 -1055.762  3115855.2 285252.4 271402.0     0.0 46214.2  11408.9 54199.3 37693.0
  1872 -224.325   0.000   0.000   0.000 -224.325  3260603.9 287345.3 272746.5     0.0 56312.9  17286.2 17821.3 45233.0
  1873 373.924  -0.001   0.000   0.000 373.923  3402342.7 326588.0 338579.4     0.0 60488.4  18352.7 91832.1 52013.3
  1874 612.050  -0.001   0.000   0.000 612.049  3566948.1 329853.7 354689.1     0.0 59838.1  18798.7 76922.1 53959.8
  1875  51.070  -0.000   0.000   0.000  51.070  3480354.8 347948.6 334320.9     0.0 53431.2  17136.1 23626.2 41865.7
  1876 382.959  -0.000   0.000   0.000 382.959  3802234.6 283101.6 376451.6     0.0 62683.5  19770.7 21209.6 45118.9
  1877 563.132  -0.000   0.000   0.000 563.132  3659348.3 329959.6 447639.1     0.0 59861.8  15515.0 33028.3 39778.4
  1878 -475.536   0.001   0.000   0.000 -475.536  3418345.4 275613.5 279940.9     0.0 50172.0  17220.6  6524.5 36678.7
  1879 -2228.600   0.006   0.000   0.000 -2228.594  2701556.9 297520.1 234695.3     0.0 31109.0  12220.4  5242.2 34555.3
  1880 948.452  -0.003   0.000   0.000 948.449  3311171.5 368567.7 313075.7     0.0 72225.0  12478.3 49773.0 40631.3
  1881 -1464.778   0.002   0.000   0.000 -1464.776  2801286.5 282163.9 195055.2     0.0 36503.3  10926.0 11692.0 26799.6
  1882 -551.751   0.002   0.000   0.000 -551.749  2892538.0 290576.1 206561.9     0.0 55784.6  12877.4 47051.6 37129.5
  1883 881.830  -0.002   0.000   0.000 881.828  3320770.3 325011.9 274057.1     0.0 68388.4  17808.4 99145.0 49419.3
  1884 -339.837   0.000   0.000   0.000 -339.837  3044302.3 286357.1 225161.4     0.0 46669.7  12651.7 13028.9 30057.9
  1885 943.396  -0.002   0.000   0.000 943.394  3501363.3 322125.0 305553.9     0.0 65910.4  17532.4 14182.4 35062.8
  1886 -1606.740   0.004   0.000   0.000 -1606.737  2710636.3 323705.6 211618.1     0.0 44113.2  10426.4  8670.5 27310.1
  1887  41.368  -0.000   0.000   0.000  41.368  3110505.3 318727.9 236856.0     0.0 55803.2  12223.0 35098.2 32320.0
  1888 -391.763   0.002   0.000   0.000 -391.762  2817511.2 294183.3 210295.0     0.0 53054.3   7124.5 58190.4 32599.9
  1889 347.237  -0.001   0.000   0.000 347.236  3240785.8 315104.8 247486.0     0.0 66189.3  15603.3 58476.9 36433.6
  1890 1089.821  -0.002   0.000   0.000 1089.819  3609709.4 309166.2 300044.1     0.0 63786.0  16541.4 12536.0 37813.7
  1891 1153.365  -0.002   0.000   0.000 1153.363  3568095.0 327669.7 334047.9     0.0 61276.1  15602.1 70516.5 50237.5
  1892 -3474.669   0.022   0.000   0.000 -3474.647  2235763.5 279484.3 141222.9     0.0  5168.3   7263.7  6799.9 19743.2
  1893 793.764  -0.009   0.000   0.000 793.755  2941713.3 316209.3 168460.5     0.0 73294.8   7302.4 27124.2 33065.3
  1894 725.322  -0.002   0.000   0.000 725.320  3188552.5 346582.2 213452.3     0.0 60776.2  10314.7 37613.0 35102.9
  1895 1579.678  -0.003   0.000   0.000 1579.675  3645633.6 328827.2 321755.8     0.0 73203.5  14945.2 39295.6 41169.6

                 Carbon flux (ktC/yr)                    Water (dam3/yr)                Nitrogen (MgN/yr)
       --------------------------------------- ---------------------------------- --------------------------------
Spinup NEP     estab   harvest product NBP     transp     evap    interc  wd      nuptake ndemand  nlosses ninflux
------ ------- ------- ------- ------- ------- ---------- ------- ------- ------- ------- -------- ------- -------
  1896 1978.121  -0.003   0.000   0.000 1978.118  3948219.1 330554.1 378175.9     0.0 71764.2  15508.6 31225.5 45550.1
  1897 439.607  -0.001   0.000   0.000 439.606  3617205.7 305636.0 295558.8     0.0 51615.5  13972.0  5408.0 41842.1
  1898  46.549  -0.000   0.000   0.000  46.548  3531499.3 326094.9 364839.1     0.0 52228.0  15538.2  6159.5 41294.4
  1899 -879.374   0.001   0.000   0.000 -879.373  3174482.5 301787.6 293409.0     0.0 51792.9  11109.7  6223.4 41244.0
  1900 403.440  -0.000   0.000   0.000 403.440  3436934.4 318212.1 369855.6     0.0 61581.5  11338.9 151258.6 44363.2

                 Carbon flux (ktC/yr)                    Water (dam3/yr)                Nitrogen (MgN/yr)
       --------------------------------------- ---------------------------------- --------------------------------
Year   NEP     estab   harvest product NBP     transp     evap    interc  wd      nuptake ndemand  nlosses ninflux
------ ------- ------- ------- ------- ------- ---------- ------- ------- ------- ------- -------- ------- -------
  1901 674.354  -0.001   0.000   0.000 674.353  3627614.2 288068.0 282948.8     0.0 65245.7  16871.8 15379.3 48216.7
  1902  83.240  -0.000   0.000   0.000  83.240  3547873.9 318302.8 321369.8     0.0 58834.5  13767.4 53765.6 37213.9
  1903 -148.001   0.001   0.000   0.000 -148.000  3326779.4 278779.4 317394.9     0.0 53898.4  10281.3 33606.3 35520.9
  1904 -1440.847   0.004   0.000   0.000 -1440.842  2933770.3 293622.0 231248.3     0.0 38613.2  14246.1  5546.0 34787.2
  1905  56.080  -0.001   0.000   0.000  56.079  2990924.7 314134.5 267978.3     0.0 62715.0   9501.9 48478.9 35703.0
  1906 1159.730  -0.001   0.000   0.000 1159.728  3636591.0 329710.0 377152.8     0.0 67707.1  15706.8 23510.2 38418.7
  1907 -367.882   0.000   0.000   0.000 -367.882  3250623.7 296290.6 262422.4     0.0 49579.4  14468.7 20774.8 40117.2
  1908 296.409  -0.001   0.000   0.000 296.409  3304614.5 325647.8 299384.2     0.0 62214.2  14385.8 13360.1 41780.6
  1909 457.666  -0.001   0.000   0.000 457.665  3518073.6 323878.1 349322.6     0.0 54579.6  18237.2  8191.2 35261.2
  1910 893.539  -0.001   0.000   0.000 893.538  3618255.4 329006.6 363573.5     0.0 67101.3  16793.9 89680.6 50746.7
  1911 1166.777  -0.000   0.000   0.000 1166.777  4106816.6 311200.1 434081.6     0.0 66056.7  19383.0 48708.8 46073.0
  1912 -830.966   0.002   0.000   0.000 -830.964  3296277.7 299988.3 323259.1     0.0 48209.5  14095.6  7805.0 31455.1
  1913 393.199  -0.000   0.000   0.000 393.199  3706503.6 283057.8 370601.0     0.0 64992.4  16913.3 20331.3 45607.4
  1914 140.531  -0.000   0.000   0.000 140.531  3551326.4 314506.8 372004.2     0.0 59089.1  16885.0  8301.2 40523.9
  1915 -1034.441   0.002   0.000   0.000 -1034.439  3105145.0 276057.8 271614.8     0.0 43940.2  12550.0  5595.2 31731.2
  1916 -2016.850   0.005   0.000   0.000 -2016.845  2570258.8 300485.4 248482.0     0.0 39522.4   8597.5 13880.4 28019.8
  1917 1430.476  -0.002   0.000   0.000 1430.474  3495976.2 338093.9 314563.5     0.0 76248.0  15945.1 69184.9 40704.6
  1918 505.421  -0.002   0.000   0.000 505.419  3440384.6 323824.1 279845.1     0.0 50291.4  14427.5 19757.9 27487.7
  1919 -2164.498   0.011   0.000   0.000 -2164.488  2489241.9 269814.3 187933.1     0.0 26519.8   6232.1  8369.0 19402.2
  1920 -1967.162   0.005   0.000   0.000 -1967.157  2147317.4 336312.1 138233.1     0.0 40322.7   4045.1 26757.5 28188.3
  1921 1535.231  -0.004   0.000   0.000 1535.227  3294214.5 318924.2 191890.7     0.0 74063.9  11376.8 65052.1 44131.0
  1922 1485.993  -0.004   0.000   0.000 1485.989  3478351.0 329156.6 267507.0     0.0 63741.6  13647.9 129331.9 44524.0
  1923 771.267  -0.003   0.000   0.000 771.265  3428174.4 323014.6 249408.1     0.0 60681.4  13300.6 14804.2 45912.5
  1924 -1470.718   0.003   0.000   0.000 -1470.715  2655779.7 315464.0 193650.1     0.0 42144.4  10576.5  7371.8 28996.0
  1925 1035.487  -0.003   0.000   0.000 1035.484  3378809.6 326355.6 268730.0     0.0 70237.6  11943.9 37334.1 38740.5

                 Carbon flux (ktC/yr)                    Water (dam3/yr)                Nitrogen (MgN/yr)
       --------------------------------------- ---------------------------------- --------------------------------
Year   NEP     estab   harvest product NBP     transp     evap    interc  wd      nuptake ndemand  nlosses ninflux
------ ------- ------- ------- ------- ------- ---------- ------- ------- ------- ------- -------- ------- -------
  1926 427.972  -0.001   0.000   0.000 427.971  3234201.0 297440.7 243022.2     0.0 53652.6  12670.9 14111.3 29185.4
  1927 -4112.156   0.056   0.000   0.000 -4112.100  1895931.6 281136.6 121554.3     0.0  -259.1   2630.7  7205.1 12995.5
  1928 1977.314  -0.025   0.000   0.000 1977.288  2783263.8 542686.4 123013.5     0.0 82200.0   5219.4 60792.0 35960.7
  1929 962.525  -0.003   0.000   0.000 962.522  3070970.7 291925.1 148431.7     0.0 59154.6  10424.6 50885.2 35405.1
  1930 1198.499  -0.005   0.000   0.000 1198.494  3473014.5 323484.9 227014.6     0.0 64652.1  13773.6 25839.7 35419.7
  1931 906.840  -0.004   0.000   0.000 906.836  3487153.3 304369.9 266817.7     0.0 55096.4  12712.2 46527.2 31459.8
  1932 1408.627  -0.002   0.000   0.000 1408.625  3736491.6 330238.5 286510.0     0.0 70422.3  14050.5 32634.7 34052.7
  1933 -587.247   0.000   0.000   0.000 -587.247  3228381.2 270091.3 245968.8     0.0 46702.8  10138.3 14472.3 26233.8
  1934 768.939  -0.002   0.000   0.000 768.938  3723210.1 310619.1 304106.5     0.0 72466.7  18500.2 23622.8 33706.2
  1935 569.858  -0.000   0.000   0.000 569.858  3520147.1 315727.9 373781.4     0.0 59199.7  11782.3 211572.2 46254.9
  1936 252.235  -0.000   0.000   0.000 252.235  3505919.7 313739.6 289027.7     0.0 57372.0  13854.4 20631.2 40794.1
  1937 -2581.365   0.007   0.000   0.000 -2581.357  2841217.5 283986.1 256647.1     0.0 28048.7   6814.8 16084.0 27394.5
  1938 1230.333  -0.003   0.000   0.000 1230.330  3473143.3 317060.8 260396.3     0.0 70222.8  15962.8 18353.0 32504.2
  1939 1410.901  -0.002   0.000   0.000 1410.899  3832174.6 353624.9 320681.1     0.0 65606.7  15902.4 20777.6 27322.4
  1940 -122.156  -0.001   0.000   0.000 -122.156  3432479.5 315766.3 292796.0     0.0 48428.8  13430.6 17445.6 24409.5
  1941 -1103.234   0.002   0.000   0.000 -1103.232  2970191.9 280396.7 240792.1     0.0 44063.7   8104.1 24920.1 22932.2
  1942 -595.540   0.001   0.000   0.000 -595.539  3034375.8 298315.8 236146.6     0.0 55568.8  11710.0 16645.5 27491.8
  1943 247.469  -0.001   0.000   0.000 247.468  3201016.4 331627.5 277471.9     0.0 59512.1  13662.9 27532.9 28812.0
  1944 483.573  -0.001   0.000   0.000 483.572  3519333.5 316572.3 276399.5     0.0 63388.7  16094.5 48634.2 30245.7
  1945 -2537.541   0.016   0.000   0.000 -2537.525  2522207.6 251953.8 178194.4     0.0 28422.6   6317.1 14633.8 28369.3
  1946 -1016.221   0.000   0.000   0.000 -1016.221  2527137.7 346203.0 149648.8     0.0 40699.7   5703.5 20556.9 27695.2
  1947 536.591  -0.001   0.000   0.000 536.590  2810648.7 357206.9 152699.8     0.0 70129.7   9375.8 21542.2 36077.3
  1948 355.791  -0.001   0.000   0.000 355.789  2913730.4 309220.9 185424.1     0.0 59199.4  10946.1 56574.5 34522.5
  1949 -2890.280   0.019   0.000   0.000 -2890.261  2139112.7 292950.4 116975.7     0.0 18238.5   1597.3 21279.6 22550.3
  1950 1404.910  -0.008   0.000   0.000 1404.902  3013371.6 355635.5 149904.4     0.0 77392.0   6710.3 52111.0 42345.0

                 Carbon flux (ktC/yr)                    Water (dam3/yr)                Nitrogen (MgN/yr)
       --------------------------------------- ---------------------------------- --------------------------------
Year   NEP     estab   harvest product NBP     transp     evap    interc  wd      nuptake ndemand  nlosses ninflux
------ ------- ------- ------- ------- ------- ---------- ------- ------- ------- ------- -------- ------- -------
  1951 920.332  -0.004   0.000   0.000 920.329  3224090.5 283733.9 154179.5     0.0 56117.1  13029.2 50919.9 38896.8
  1952 879.301  -0.003   0.000   0.000 879.298  3241497.7 303602.1 198586.2     0.0 63990.0  11752.1 63793.0 36760.3
  1953 507.972  -0.004   0.000   0.000 507.967  3293040.4 325337.7 259826.4     0.0 58592.9  10948.3 73056.0 36004.4
  1954 512.420  -0.003   0.000   0.000 512.418  3210157.6 285195.2 188128.5     0.0 61669.6  13619.5 18747.1 34525.9
  1955 -956.239   0.002   0.000   0.000 -956.238  2819232.0 293141.8 184534.9     0.0 42537.8  10111.6 12338.4 30075.4
  1956 -246.036   0.001   0.000   0.000 -246.036  2907528.0 299264.0 209555.5     0.0 55971.2   7231.5 34817.6 40116.1
  1957 -670.720   0.001   0.000   0.000 -670.719  2890681.1 246487.0 171971.2     0.0 38872.9  13628.3 15359.5 23363.1
  1958 350.317  -0.000   0.000   0.000 350.317  3021035.9 303461.9 201385.2     0.0 70267.6   9617.5 28678.0 33238.6
  1959 692.101  -0.001   0.000   0.000 692.100  3354321.2 312453.0 254175.4     0.0 62726.7  14291.8 30926.2 31373.2
  1960 -854.122   0.003   0.000   0.000 -854.118  2976150.6 298628.2 232767.5     0.0 45110.1   9105.3  7999.5 27327.4
  1961 -90.337   0.001   0.000   0.000 -90.336  3029615.5 290355.7 204968.1     0.0 50910.0  10610.5 14653.6 32705.0
  1962 -915.352   0.003   0.000   0.000 -915.349  2653851.4 296663.9 187669.4     0.0 48443.6   7002.1 19147.8 25871.1
  1963 1217.293  -0.003   0.000   0.000 1217.291  3421084.7 355808.5 288311.7     0.0 71480.6  15793.8 82854.8 40743.4
  1964 574.221  -0.001   0.000   0.000 574.219  3361381.8 298455.4 229703.4     0.0 58271.0  13313.3 20708.2 29408.7
  1965 -734.161   0.002   0.000   0.000 -734.159  2920167.2 288722.6 238800.8     0.0 42693.5   6138.4 20595.4 29065.4
  1966 -1382.958   0.005   0.000   0.000 -1382.953  2633505.2 280710.4 168996.5     0.0 42405.3  10104.4  9124.9 23611.9
  1967  36.774  -0.001   0.000   0.000  36.772  2953874.8 284461.4 191313.0     0.0 58751.6  10985.6 89192.3 34461.9
  1968 -42.917  -0.001   0.000   0.000 -42.918  2860184.0 245938.7 164774.6     0.0 55099.6   9630.9 42156.1 29662.7
  1969 -677.272   0.001   0.000   0.000 -677.271  2829833.3 308828.7 183003.6     0.0 45768.5  11224.6  8050.5 27307.9
  1970 -614.050   0.003   0.000   0.000 -614.047  2743083.9 312067.7 243276.7     0.0 48438.8   4616.9 63631.5 42905.2
  1971 1596.787  -0.003   0.000   0.000 1596.784  3543539.5 315640.9 259069.8     0.0 76477.7  18367.4 45510.5 48787.3
  1972 -198.470  -0.001   0.000   0.000 -198.471  3035487.3 248275.6 194481.6     0.0 35537.4  12493.3 10423.9 33391.2
  1973 -442.553   0.001   0.000   0.000 -442.552  2780389.0 318674.3 233427.6     0.0 52703.2   7250.9 13962.8 27668.4
  1974 1655.542  -0.002   0.000   0.000 1655.540  3670670.4 328494.4 391071.1     0.0 79223.1  16223.8 137426.9 53477.0
  1975 670.499  -0.000   0.000   0.000 670.499  3439412.5 302235.4 280637.0     0.0 51868.7  14266.2 27561.3 33947.8

                 Carbon flux (ktC/yr)                    Water (dam3/yr)                Nitrogen (MgN/yr)
       --------------------------------------- ---------------------------------- --------------------------------
Year   NEP     estab   harvest product NBP     transp     evap    interc  wd      nuptake ndemand  nlosses ninflux
------ ------- ------- ------- ------- ------- ---------- ------- ------- ------- ------- -------- ------- -------
  1976 1345.187  -0.000   0.000   0.000 1345.187  3958900.3 324500.9 372901.8     0.0 69951.3  18053.0 33354.7 49675.5
  1977 822.845  -0.000   0.000   0.000 822.845  3787688.6 335375.0 380355.0     0.0 58926.5  16627.2 28017.5 51976.3
  1978 605.188   0.000   0.000   0.000 605.188  3689580.7 300856.5 314047.3     0.0 61365.4  17523.8 27357.1 45168.9
  1979 -37.634   0.000   0.000   0.000 -37.633  3739831.3 326310.3 340864.0     0.0 52576.4  19677.2 139398.6 36551.4
  1980 -1117.105   0.002   0.000   0.000 -1117.103  3088682.8 319811.7 274511.2     0.0 43875.4  12502.8 42381.4 31232.8
  1981 818.031  -0.001   0.000   0.000 818.030  3645193.7 315017.1 335069.5     0.0 64595.4  18997.4 76009.5 38735.5
  1982 -699.818   0.001   0.000   0.000 -699.817  3167076.9 282524.7 230547.6     0.0 45882.2  14944.4 22473.8 29657.2
  1983 -1142.149   0.002   0.000   0.000 -1142.147  2860342.6 313389.3 248828.2     0.0 42201.8   6748.5 41916.8 24137.2
  1984 -706.816   0.002   0.000   0.000 -706.814  2960518.7 302197.5 203508.9     0.0 53655.6  15279.3 12197.0 25127.3
  1985 185.998   0.000   0.000   0.000 185.998  3095032.9 325771.3 307300.6     0.0 56669.7  13152.1 66424.9 27621.2
  1986 1225.251  -0.001   0.000   0.000 1225.249  3591504.4 298294.1 285466.9     0.0 67018.2  18023.9 16901.8 38666.7
  1987 -541.195   0.000   0.000   0.000 -541.195  3019870.6 275015.8 221816.3     0.0 47020.6  12959.4  9930.7 23973.1
  1988 302.157  -0.000   0.000   0.000 302.156  3187650.6 328111.8 302070.2     0.0 60100.3  14031.3 20775.9 37895.7
  1989 488.598  -0.000   0.000   0.000 488.598  3397845.0 306434.4 296428.1     0.0 61441.9  16069.8 61504.5 30392.2
  1990 -216.226   0.001   0.000   0.000 -216.225  3351139.3 311270.3 270107.2     0.0 57900.9  18337.5  6988.0 34125.5
  1991 -2021.056   0.006   0.000   0.000 -2021.050  2684370.7 290218.4 259748.7     0.0 32241.6   4812.9 17831.3 25397.9
  1992 -938.840   0.002   0.000   0.000 -938.838  2654506.6 274503.4 156521.3     0.0 47922.9   8527.8 15996.6 22216.3
  1993 518.520  -0.001   0.000   0.000 518.520  2985831.7 343195.4 211340.1     0.0 66703.7  10146.4 45718.9 31135.0
  1994 1102.294  -0.002   0.000   0.000 1102.291  3340843.8 287408.9 258477.5     0.0 65228.1  16404.1 27523.4 31868.0
  1995 1519.793  -0.002   0.000   0.000 1519.791  3538553.0 325219.8 264970.2     0.0 66030.4  15405.3 14858.1 35082.0
  1996 -69.128  -0.000   0.000   0.000 -69.129  2972763.1 322335.7 300457.9     0.0 44606.0  11631.2 36416.9 21969.3
  1997 774.974  -0.001   0.000   0.000 774.973  3510949.5 334240.3 277934.7     0.0 71981.8  16269.4 33797.9 32945.9
  1998 -332.269   0.001   0.000   0.000 -332.269  3106767.5 311752.3 288863.5     0.0 48110.0  10826.1  7392.3 24227.0
  1999 -2265.697   0.006   0.000   0.000 -2265.691  2440088.5 272453.9 177814.1     0.0 35877.2   8802.8  6859.1 16088.2
  2000 1603.169  -0.003   0.000   0.000 1603.166  3266885.1 299571.4 270094.5     0.0 81158.9  15348.6 33236.7 33965.4

                 Carbon flux (ktC/yr)                    Water (dam3/yr)                Nitrogen (MgN/yr)
       --------------------------------------- ---------------------------------- --------------------------------
Year   NEP     estab   harvest product NBP     transp     evap    interc  wd      nuptake ndemand  nlosses ninflux
------ ------- ------- ------- ------- ------- ---------- ------- ------- ------- ------- -------- ------- -------
  2001 1837.747  -0.003   0.000   0.000 1837.745  3527345.5 308255.6 303446.6     0.0 64680.6  12979.7  8773.2 31748.8
  2002 1228.095  -0.001   0.000   0.000 1228.094  3619327.9 316704.3 321663.4     0.0 62638.1  14520.4 94465.7 37227.3
  2003 -504.659   0.001   0.000   0.000 -504.658  3375507.0 297144.1 275721.6     0.0 53792.5  12783.2 22134.0 26836.0
  2004 -194.163   0.001   0.000   0.000 -194.163  3170898.0 305583.8 308466.6     0.0 56942.5  12645.1 17799.5 25890.8
  2005  90.010   0.000   0.000   0.000  90.010  3457472.3 301115.7 326413.2     0.0 60629.3  19180.6 14692.5 29978.0
  2006 1299.829  -0.001   0.000   0.000 1299.828  3649676.1 340312.4 354875.6     0.0 71136.9  18647.8 45144.3 42903.2
  2007 537.373  -0.000   0.000   0.000 537.372  3568721.8 357163.8 333245.6     0.0 57075.0  16331.8  9303.0 31947.4
  2008 -1607.118   0.004   0.000   0.000 -1607.114  3000764.8 329834.3 307316.6     0.0 40195.2  14214.7  5133.9 26823.5
  2009 -892.536   0.001   0.000   0.000 -892.535  2762005.7 372996.5 254973.8     0.0 53356.6  10065.8  6028.5 22649.2
  2010 -469.120   0.002   0.000   0.000 -469.118  2769861.5 295097.9 249377.3     0.0 50584.4   6938.5 17027.6 24181.4
  2011 1433.649  -0.002   0.000   0.000 1433.646  3337699.7 314977.8 280046.7     0.0 73266.8  16256.0 93419.5 38233.2
  2012 1503.880  -0.002   0.000   0.000 1503.878  3564197.3 312442.1 337252.5     0.0 66734.0  15855.5 22947.4 39374.6
  2013 241.273  -0.000   0.000   0.000 241.273  3326604.1 318167.2 292538.0     0.0 51247.0  14122.6  6912.1 23334.0
  2014 184.784  -0.000   0.000   0.000 184.784  3311260.0 315933.6 327439.3     0.0 57943.4  15488.2  7940.6 30320.0
  2015 771.010  -0.000   0.000   0.000 771.010  3726622.2 365656.1 361188.0     0.0 69768.3  17900.7 47776.0 37441.8
  2016 -1123.536   0.002   0.000   0.000 -1123.534  3124786.5 336942.9 283173.3     0.0 44942.4  12881.5  5368.6 21579.6
  2017 -83.809   0.000   0.000   0.000 -83.809  3056614.6 356094.1 286589.6     0.0 59868.6  14291.9  7385.7 27547.5
  2018 -431.118   0.001   0.000   0.000 -431.117  3129518.9 285310.4 258746.4     0.0 56652.1  18141.2  5523.6 21531.7
  2019 -3114.946   0.015   0.000   0.000 -3114.931  2216329.3 355625.6 177873.0     0.0 19919.4   5876.3  6146.0 10471.0
Simulation ended.
lpjml successfully terminated, 68 grid cells processed.
Wall clock time:	326 sec, 0.016 sec/cell/year.
Total wall clock time:	335 sec (00:05:35).
