--------------------------------------
Running config: /home/druijsch/LPJmL5/dev15oct2025/config_files/2026_04_08_run_for_10_locations/temperate_broadleaved_evergreen_tree/spinup/configs/temperate_broadleaved_evergreen_tree_patch3_config_restart_MM.cjson
SLURM task ID: 0
Node: tcn81.local.snellius.surf.nl
--------------------------------------
******************************************************************************
****        _     ____     _           _       ____        _  ___         ****
****       | |   |  _ \   | |_ __ ___ | |     | ___|      / |/ _ \        ****
****       | |   | |_) |  | | '_ ` _ \| |     |___ \      | | | | |       ****
****       | |___|  __/ |_| | | | | | | |___   ___) |  _  | | |_| |       ****
****       |_____|_|   \___/|_| |_| |_|_____| |____/  (_) |_|\___/        ****
****                                                                      ****
****                 lpjml C Version 5.10.1 (Apr 14 2026)                 ****
****    Dynamic global vegetation model with natural and managed land     ****
****                     Compiled for Linux with MPI                      ****
****       (C) Potsdam Institute for Climate Impact Research (PIK),       ****
****                          see COPYRIGHT file                          ****
****              Authors, and contributors see AUTHORS file              ****
**** This version of LPJmL is licensed under GNU AGPL Version 3 or later  ****
****        See LICENSE file or go to http://www.gnu.org/licenses/        ****
****                 or invoke lpjml -l to print license                  ****
****      https://gitlab.pik-potsdam.de/lpjml/wur_team/lpjml-wur.git      ****
****          GIT hash: 5e6f8e1bb5c5d5f3357da68b6c43e9517864f3c2          ****
****                                                                      ****
******************************************************************************

Running for user druijsch on tcn81.local.snellius.surf.nl at Wed Apr 15 09:25:00 2026
Reading configuration from '/home/druijsch/LPJmL5/dev15oct2025/config_files/2026_04_08_run_for_10_locations/temperate_broadleaved_evergreen_tree/spinup/configs/temperate_broadleaved_evergreen_tree_patch3_config_restart_MM.cjson'.
==============================================================================
/----------------------------------------------------------\
|institution: Potsdam Institute for Climate Impact Research|
|contact:                                                  |
|comment:                                                  |
\----------------------------------------------------------/
Simulation "LPJmL Run" running on 50 tasks
Simulation with shuffle spinup climate, nitrogen limitation, permafrost, 
Johansen conductivity, with monthly mortality, percolation heattransfer, 
GSI phenology, NPP controlled BNF, land use, potential irrigation, 
others to crop "maize" and "temperate cereals", land-use change timber, 
fixed residue remove, with auto fertilizer, pft.cjson LAImax, 
livestock grazing, bondau2007 crop PHU option, separate harvests.
Cultivation types: none, biomass, annual crop
Working directory: /gpfs/home5/druijsch
cpp processed configuration file written to `/projects/prjs2023/chapter3/lpjml_output/2026_04_08_run_for_10_locations/temperate_broadleaved_evergreen_tree/patch_3/`.
Starting from restart file '/home/druijsch/LPJmL5/dev15oct2025/restart/2026_04_08_run_for_10_locations/temperate_broadleaved_evergreen_tree/patch_3/restart_1901_nv_stdfire.lpj'.
Input files:
Variable     Fmt  Varname  Filename
------------ ---- -------- ---------------------------------------------------
soil         cdf  soilcode /projects/prjs2023/chapter3/lpjml_input/run_for_10_locations/temperate_broadleaved_evergreen_tree/patch_3/soil.nc
temp         cdf  tas      /projects/prjs2023/chapter3/lpjml_input/run_for_10_locations/temperate_broadleaved_evergreen_tree/patch_3/temp.nc
prec         cdf  pr       /projects/prjs2023/chapter3/lpjml_input/run_for_10_locations/temperate_broadleaved_evergreen_tree/patch_3/prec.nc
lwdown       cdf  rlds     /projects/prjs2023/chapter3/lpjml_input/run_for_10_locations/temperate_broadleaved_evergreen_tree/patch_3/lwdown.nc
swdown       cdf  rsds     /projects/prjs2023/chapter3/lpjml_input/run_for_10_locations/temperate_broadleaved_evergreen_tree/patch_3/swdown.nc
no3_depo     cdf  noy      /projects/prjs2023/chapter3/lpjml_input/ndep-noy_histsoc_monthly_1901_2021_units.nc
nh4_depo     cdf  nhx      /projects/prjs2023/chapter3/lpjml_input/ndep-nhx_histsoc_monthly_1901_2021_units.nc
soilpH       cdf  soil_ph  /projects/prjs2023/chapter3/lpjml_input/hwsd_soil_data_all_land_oceanfilled.nc
co2          txt           /projects/prjs2023/chapter3/lpjml_input/co2_1832-2023.dat
windspeed    cdf  sfcwind  /projects/prjs2023/chapter3/lpjml_input/run_for_10_locations/temperate_broadleaved_evergreen_tree/patch_3/wind.nc
countries    cdf  country  /projects/prjs2023/chapter3/lpjml_input/regridded_cow_full_2018_5min_reduced_filled.nc
landuse      cdf  CFTfrac  /projects/prjs2023/chapter3/lpjml_input/MAPSPAM_2020_crops_filled_ESA_01deg_v7.nc
------------ ---- -------- ---------------------------------------------------
Writing restart file '/home/druijsch/LPJmL5/dev15oct2025/restart/2026_04_08_run_for_10_locations/temperate_broadleaved_evergreen_tree/patch_3/restart_1960_crop_stdfire.lpj' after year 1960.
Reading random seeds from restart file.
Number of output files:       65
Output written in year:       1901
Byte order in output files:   little endian

Compression level for NetCDF: 3
Missing value in NetCDF:      -1e+32
Base year in NetCDF:          1901
NetCDF grid:                  local
Variable            Fmt  Unit        Type   tstep nbd Filename
------------------- ---- ----------- ------ ----- --- -------------------------
albedo              cdf  -           float  month   1 /projects/prjs2023/chapter3/lpjml_output/2026_04_08_run_for_10_locations/temperate_broadleaved_evergreen_tree/patch_3/output/malbedo.nc + .json
cftfrac             cdf  -           float  year   32 /projects/prjs2023/chapter3/lpjml_output/2026_04_08_run_for_10_locations/temperate_broadleaved_evergreen_tree/patch_3/output/cftfrac.nc + .json
discharge           cdf  hm3/day     float  month   1 /projects/prjs2023/chapter3/lpjml_output/2026_04_08_run_for_10_locations/temperate_broadleaved_evergreen_tree/patch_3/output/mdischarge.nc + .json
evap                cdf  mm/month    float  month   1 /projects/prjs2023/chapter3/lpjml_output/2026_04_08_run_for_10_locations/temperate_broadleaved_evergreen_tree/patch_3/output/mevap.nc + .json
fapar               cdf  -           float  month   1 /projects/prjs2023/chapter3/lpjml_output/2026_04_08_run_for_10_locations/temperate_broadleaved_evergreen_tree/patch_3/output/mfapar.nc + .json
firec               cdf  gC/m2/yr    float  year    1 /projects/prjs2023/chapter3/lpjml_output/2026_04_08_run_for_10_locations/temperate_broadleaved_evergreen_tree/patch_3/output/firec.nc + .json
firef               cdf  1           float  year    1 /projects/prjs2023/chapter3/lpjml_output/2026_04_08_run_for_10_locations/temperate_broadleaved_evergreen_tree/patch_3/output/firef.nc + .json
flux_estabc         cdf  gC/m2/yr    float  year    1 /projects/prjs2023/chapter3/lpjml_output/2026_04_08_run_for_10_locations/temperate_broadleaved_evergreen_tree/patch_3/output/flux_estab.nc + .json
fpc                 cdf  -           float  month  12 /projects/prjs2023/chapter3/lpjml_output/2026_04_08_run_for_10_locations/temperate_broadleaved_evergreen_tree/patch_3/output/fpc.nc + .json
globalflux          txt  -           float  year    1 /projects/prjs2023/chapter3/lpjml_output/2026_04_08_run_for_10_locations/temperate_broadleaved_evergreen_tree/patch_3/output/globalflux.csv + .json
gpp                 cdf  gC/m2/month float  month   1 /projects/prjs2023/chapter3/lpjml_output/2026_04_08_run_for_10_locations/temperate_broadleaved_evergreen_tree/patch_3/output/mgpp.nc + .json
litc                cdf  gC/m2       float  year    1 /projects/prjs2023/chapter3/lpjml_output/2026_04_08_run_for_10_locations/temperate_broadleaved_evergreen_tree/patch_3/output/litc.nc + .json
litn                cdf  gN/m2       float  year    1 /projects/prjs2023/chapter3/lpjml_output/2026_04_08_run_for_10_locations/temperate_broadleaved_evergreen_tree/patch_3/output/litn.nc + .json
npp                 cdf  gC/m2/month float  month   1 /projects/prjs2023/chapter3/lpjml_output/2026_04_08_run_for_10_locations/temperate_broadleaved_evergreen_tree/patch_3/output/mnpp.nc + .json
nuptake             cdf  gN/m2/month float  month   1 /projects/prjs2023/chapter3/lpjml_output/2026_04_08_run_for_10_locations/temperate_broadleaved_evergreen_tree/patch_3/output/mnuptake.nc + .json
pet                 cdf  mm/month    float  month   1 /projects/prjs2023/chapter3/lpjml_output/2026_04_08_run_for_10_locations/temperate_broadleaved_evergreen_tree/patch_3/output/mpet.nc + .json
pft_chawo           cdf  gC/m2       float  year   43 /projects/prjs2023/chapter3/lpjml_output/2026_04_08_run_for_10_locations/temperate_broadleaved_evergreen_tree/patch_3/output/pft_chawo.nc + .json
pft_cleaf           cdf  gC/m2       float  year   43 /projects/prjs2023/chapter3/lpjml_output/2026_04_08_run_for_10_locations/temperate_broadleaved_evergreen_tree/patch_3/output/pft_cleaf.nc + .json
pft_croot           cdf  gC/m2       float  year   43 /projects/prjs2023/chapter3/lpjml_output/2026_04_08_run_for_10_locations/temperate_broadleaved_evergreen_tree/patch_3/output/pft_croot.nc + .json
pft_csapw           cdf  gC/m2       float  year   43 /projects/prjs2023/chapter3/lpjml_output/2026_04_08_run_for_10_locations/temperate_broadleaved_evergreen_tree/patch_3/output/pft_csapw.nc + .json
pft_fpar            cdf  -           float  month  43 /projects/prjs2023/chapter3/lpjml_output/2026_04_08_run_for_10_locations/temperate_broadleaved_evergreen_tree/patch_3/output/pft_fpar.nc + .json
pft_gpp             cdf  gC/m2/month float  month  43 /projects/prjs2023/chapter3/lpjml_output/2026_04_08_run_for_10_locations/temperate_broadleaved_evergreen_tree/patch_3/output/pft_gpp.nc + .json
pft_laimax          cdf  m2/m2       float  year   43 /projects/prjs2023/chapter3/lpjml_output/2026_04_08_run_for_10_locations/temperate_broadleaved_evergreen_tree/patch_3/output/pft_laimax.nc + .json
pft_mort            cdf  1/month     float  month  11 /projects/prjs2023/chapter3/lpjml_output/2026_04_08_run_for_10_locations/temperate_broadleaved_evergreen_tree/patch_3/output/pft_mort.nc + .json
pft_mort_background cdf  1/month     float  month  11 /projects/prjs2023/chapter3/lpjml_output/2026_04_08_run_for_10_locations/temperate_broadleaved_evergreen_tree/patch_3/output/pft_mort_background.nc + .json
pft_mort_drought    cdf  1/month     float  month  11 /projects/prjs2023/chapter3/lpjml_output/2026_04_08_run_for_10_locations/temperate_broadleaved_evergreen_tree/patch_3/output/pft_mort_drought.nc + .json
pft_mort_heat       cdf  1/month     float  month  11 /projects/prjs2023/chapter3/lpjml_output/2026_04_08_run_for_10_locations/temperate_broadleaved_evergreen_tree/patch_3/output/pft_mort_heat.nc + .json
pft_nind            cdf  ind/m²     float  month  11 /projects/prjs2023/chapter3/lpjml_output/2026_04_08_run_for_10_locations/temperate_broadleaved_evergreen_tree/patch_3/output/pft_nind.nc + .json
pft_nleaf           cdf  gN/m2       float  year   43 /projects/prjs2023/chapter3/lpjml_output/2026_04_08_run_for_10_locations/temperate_broadleaved_evergreen_tree/patch_3/output/pft_nleaf.nc + .json
pft_npp             cdf  gC/m2/yr    float  year   43 /projects/prjs2023/chapter3/lpjml_output/2026_04_08_run_for_10_locations/temperate_broadleaved_evergreen_tree/patch_3/output/pft_npp.nc + .json
pft_nroot           cdf  gN/m2       float  year   43 /projects/prjs2023/chapter3/lpjml_output/2026_04_08_run_for_10_locations/temperate_broadleaved_evergreen_tree/patch_3/output/pft_nroot.nc + .json
pft_nuptake         cdf  gN/m2/yr    float  year   43 /projects/prjs2023/chapter3/lpjml_output/2026_04_08_run_for_10_locations/temperate_broadleaved_evergreen_tree/patch_3/output/pft_nuptake.nc + .json
pft_phen            cdf  -           float  month  43 /projects/prjs2023/chapter3/lpjml_output/2026_04_08_run_for_10_locations/temperate_broadleaved_evergreen_tree/patch_3/output/pft_phen.nc + .json
pft_survive_frac    cdf  -           float  month  43 /projects/prjs2023/chapter3/lpjml_output/2026_04_08_run_for_10_locations/temperate_broadleaved_evergreen_tree/patch_3/output/pft_survive_frac.nc + .json
pft_vegc            cdf  gC/m2       float  year   43 /projects/prjs2023/chapter3/lpjml_output/2026_04_08_run_for_10_locations/temperate_broadleaved_evergreen_tree/patch_3/output/pft_vegc.nc + .json
pft_vegn            cdf  gN/m2       float  year   43 /projects/prjs2023/chapter3/lpjml_output/2026_04_08_run_for_10_locations/temperate_broadleaved_evergreen_tree/patch_3/output/pft_vegn.nc + .json
pft_water_demand    cdf  mm/yr       float  year   43 /projects/prjs2023/chapter3/lpjml_output/2026_04_08_run_for_10_locations/temperate_broadleaved_evergreen_tree/patch_3/output/pft_water_demand.nc + .json
phen_light          cdf  -           float  month   1 /projects/prjs2023/chapter3/lpjml_output/2026_04_08_run_for_10_locations/temperate_broadleaved_evergreen_tree/patch_3/output/mphen_light.nc + .json
phen_tmax           cdf  -           float  month   1 /projects/prjs2023/chapter3/lpjml_output/2026_04_08_run_for_10_locations/temperate_broadleaved_evergreen_tree/patch_3/output/mphen_tmax.nc + .json
phen_tmin           cdf  -           float  month   1 /projects/prjs2023/chapter3/lpjml_output/2026_04_08_run_for_10_locations/temperate_broadleaved_evergreen_tree/patch_3/output/mphen_tmin.nc + .json
phen_water          cdf  -           float  month   1 /projects/prjs2023/chapter3/lpjml_output/2026_04_08_run_for_10_locations/temperate_broadleaved_evergreen_tree/patch_3/output/mphen_water.nc + .json
rd                  cdf  gC/m2/month float  month   1 /projects/prjs2023/chapter3/lpjml_output/2026_04_08_run_for_10_locations/temperate_broadleaved_evergreen_tree/patch_3/output/rd.nc + .json
rh                  cdf  gC/m2/month float  month   1 /projects/prjs2023/chapter3/lpjml_output/2026_04_08_run_for_10_locations/temperate_broadleaved_evergreen_tree/patch_3/output/mrh.nc + .json
runoff              cdf  mm/month    float  month   1 /projects/prjs2023/chapter3/lpjml_output/2026_04_08_run_for_10_locations/temperate_broadleaved_evergreen_tree/patch_3/output/mrunoff.nc + .json
soilc               cdf  gC/m2       float  year    1 /projects/prjs2023/chapter3/lpjml_output/2026_04_08_run_for_10_locations/temperate_broadleaved_evergreen_tree/patch_3/output/soilc.nc + .json
soilc_layer         cdf  gC/m2       float  year    5 /projects/prjs2023/chapter3/lpjml_output/2026_04_08_run_for_10_locations/temperate_broadleaved_evergreen_tree/patch_3/output/soilc_layer.nc + .json
soiln               cdf  gN/m2       float  year    1 /projects/prjs2023/chapter3/lpjml_output/2026_04_08_run_for_10_locations/temperate_broadleaved_evergreen_tree/patch_3/output/soiln.nc + .json
soiln_layer         cdf  gN/m2       float  year    5 /projects/prjs2023/chapter3/lpjml_output/2026_04_08_run_for_10_locations/temperate_broadleaved_evergreen_tree/patch_3/output/soiln_layer.nc + .json
soilnh4             cdf  gN/m2       float  year    1 /projects/prjs2023/chapter3/lpjml_output/2026_04_08_run_for_10_locations/temperate_broadleaved_evergreen_tree/patch_3/output/soilnh4.nc + .json
soilnh4_layer       cdf  gN/m2       float  year    5 /projects/prjs2023/chapter3/lpjml_output/2026_04_08_run_for_10_locations/temperate_broadleaved_evergreen_tree/patch_3/output/soilnh4_layer.nc + .json
soilno3             cdf  gN/m2       float  year    1 /projects/prjs2023/chapter3/lpjml_output/2026_04_08_run_for_10_locations/temperate_broadleaved_evergreen_tree/patch_3/output/soilno3.nc + .json
soilno3_layer       cdf  gN/m2       float  year    5 /projects/prjs2023/chapter3/lpjml_output/2026_04_08_run_for_10_locations/temperate_broadleaved_evergreen_tree/patch_3/output/soilno3_layer.nc + .json
soiltemp1           cdf  Celsius     float  month   1 /projects/prjs2023/chapter3/lpjml_output/2026_04_08_run_for_10_locations/temperate_broadleaved_evergreen_tree/patch_3/output/msoiltemp1.nc + .json
soiltemp2           cdf  Celsius     float  month   1 /projects/prjs2023/chapter3/lpjml_output/2026_04_08_run_for_10_locations/temperate_broadleaved_evergreen_tree/patch_3/output/msoiltemp2.nc + .json
soiltemp3           cdf  Celsius     float  month   1 /projects/prjs2023/chapter3/lpjml_output/2026_04_08_run_for_10_locations/temperate_broadleaved_evergreen_tree/patch_3/output/msoiltemp3.nc + .json
swc1                cdf  1           float  month   1 /projects/prjs2023/chapter3/lpjml_output/2026_04_08_run_for_10_locations/temperate_broadleaved_evergreen_tree/patch_3/output/mswc1.nc + .json
swc2                cdf  1           float  month   1 /projects/prjs2023/chapter3/lpjml_output/2026_04_08_run_for_10_locations/temperate_broadleaved_evergreen_tree/patch_3/output/mswc2.nc + .json
swc3                cdf  1           float  month   1 /projects/prjs2023/chapter3/lpjml_output/2026_04_08_run_for_10_locations/temperate_broadleaved_evergreen_tree/patch_3/output/mswc3.nc + .json
swc4                cdf  1           float  month   1 /projects/prjs2023/chapter3/lpjml_output/2026_04_08_run_for_10_locations/temperate_broadleaved_evergreen_tree/patch_3/output/mswc4.nc + .json
swc5                cdf  1           float  month   1 /projects/prjs2023/chapter3/lpjml_output/2026_04_08_run_for_10_locations/temperate_broadleaved_evergreen_tree/patch_3/output/mswc5.nc + .json
transp              cdf  mm/month    float  month   1 /projects/prjs2023/chapter3/lpjml_output/2026_04_08_run_for_10_locations/temperate_broadleaved_evergreen_tree/patch_3/output/mtransp.nc + .json
vegc                cdf  gC/m2       float  year    1 /projects/prjs2023/chapter3/lpjml_output/2026_04_08_run_for_10_locations/temperate_broadleaved_evergreen_tree/patch_3/output/vegc.nc + .json
vegn                cdf  gN/m2       float  year    1 /projects/prjs2023/chapter3/lpjml_output/2026_04_08_run_for_10_locations/temperate_broadleaved_evergreen_tree/patch_3/output/vegn.nc + .json
wateramount         cdf  hm3         float  month   1 /projects/prjs2023/chapter3/lpjml_output/2026_04_08_run_for_10_locations/temperate_broadleaved_evergreen_tree/patch_3/output/mwateramount.nc + .json
wscal               cdf  -           float  month   1 /projects/prjs2023/chapter3/lpjml_output/2026_04_08_run_for_10_locations/temperate_broadleaved_evergreen_tree/patch_3/output/wscal.nc + .json
------------------- ---- ----------- ------ ----- --- -------------------------
Spinup years:                   180
Cycle length during spinup:      30
First year:                    1901
Last year:                     2019
Number of grid cells:            63
==============================================================================
Memory allocated for output: 7,096 bytes/cell
Simulation begins...
Spinup using climate starting from year 1901

                 Carbon flux (ktC/yr)                    Water (dam3/yr)                Nitrogen (MgN/yr)
       --------------------------------------- ---------------------------------- --------------------------------
Spinup NEP     estab   harvest product NBP     transp     evap    interc  wd      nuptake ndemand  nlosses ninflux
------ ------- ------- ------- ------- ------- ---------- ------- ------- ------- ------- -------- ------- -------
  1721 -871.992   0.783  14.749   0.000 -885.959  4278319.8 961218.7 588501.4     0.0 56635.3   7060.3  8549.3  8269.9
  1722 -672.362   0.567  15.736   0.000 -687.530  4293081.2 796283.7 649671.3     0.0 69410.2   9434.6 11429.6 27157.5
  1723 1260.353   0.656  13.566   0.000 1247.443  4968329.2 313549.7 725457.2     0.0 92140.6  10778.1 20754.4 34170.0
  1724 524.770   0.669  16.852   0.000 508.586  4917368.7 342786.5 763958.6     0.0 70649.4   5631.5 22406.8 32207.3
  1725 869.553   0.669  15.880   0.000 854.342  5058182.5 344396.3 816474.9     0.0 81480.0  10177.4 19447.8 34780.8
  1726 -27.416   0.669  16.615   0.000 -43.362  4972118.8 343385.0 859535.1     0.0 64264.2   6311.8 22727.0 24287.2
  1727 833.378   0.668  14.797   0.000 819.249  4985329.9 308595.2 785302.5     0.0 80710.2  11775.6 15271.6 42839.8
  1728 420.512   0.668  16.234   0.000 404.947  5157167.2 353013.9 748003.1     0.0 71884.2   8308.3 13286.3 28414.5
  1729 100.951   0.669  17.005   0.000  84.615  4912877.0 319141.1 817671.3     0.0 65787.8   7538.9 19716.9 32342.2
  1730 -1261.442   0.671  14.307   0.000 -1275.078  4498421.4 328331.4 649403.7     0.0 51419.1   3106.7 17154.1 30782.7
  1731 755.808   0.668  16.309   0.000 740.167  4879022.3 356097.9 791195.2     0.0 89398.8  12358.1 26097.2 39139.5
  1732  13.478   0.668  16.303   0.000  -2.156  4745533.3 369098.4 759860.0     0.0 59027.5   8314.8 17965.3 43379.8
  1733 669.932   0.668  16.065   0.000 654.535  4818708.6 392360.1 876001.0     0.0 79824.8   9835.4 31153.2 45769.3
  1734 1016.843   0.668  15.842   0.000 1001.669  5083909.3 357358.7 788753.5     0.0 80587.1   8245.3 32300.4 39968.9
  1735 -633.204   0.669  13.180   0.000 -645.715  4732392.0 316791.4 679662.3     0.0 51816.9   7094.5 22149.4 29501.4
  1736 965.990   0.668  15.294   0.000 951.364  5235688.7 388935.9 938813.4     0.0 92753.2  10399.1 35091.0 40418.1
  1737 826.886   0.668  14.736   0.000 812.818  5101494.9 309301.3 811773.5     0.0 70820.6   9876.1 17609.7 50358.6
  1738 342.344   0.669  15.139   0.000 327.874  5115289.8 327565.6 735584.7     0.0 70640.7   9247.8 14996.7 34869.4
  1739 706.686   0.669  15.198   0.000 692.156  5239911.9 353928.9 953642.8     0.0 82145.0  11960.1 36272.3 45945.5
  1740 -1861.461   0.672  14.213   0.000 -1875.003  4488516.1 329119.3 693464.4     0.0 34513.2   1439.4 17402.2 31892.7
  1741 1187.182   0.668  15.746   0.000 1172.104  4940765.8 372495.7 694664.3     0.0 88484.3   9316.7 42601.1 39213.9
  1742 608.320   0.668  13.997   0.000 594.991  4820889.0 335520.7 835268.0     0.0 69364.5   8811.9 34665.3 30962.8
  1743 577.945   0.668  15.736   0.000 562.878  4968102.1 359278.9 764409.6     0.0 77180.3   9989.4 19344.4 41158.8
  1744 -387.362   0.669  15.942   0.000 -402.636  4683490.8 388596.9 913050.9     0.0 54217.3   8436.2 27246.1 29162.2
  1745 1064.403   0.668  15.194   0.000 1049.877  5136373.6 362004.2 849236.1     0.0 93669.8  12008.4 28164.7 40351.5

                 Carbon flux (ktC/yr)                    Water (dam3/yr)                Nitrogen (MgN/yr)
       --------------------------------------- ---------------------------------- --------------------------------
Spinup NEP     estab   harvest product NBP     transp     evap    interc  wd      nuptake ndemand  nlosses ninflux
------ ------- ------- ------- ------- ------- ---------- ------- ------- ------- ------- -------- ------- -------
  1746 -1241.973   0.670  15.648   0.000 -1256.951  4552819.4 331194.6 784043.4     0.0 43220.4   6169.6 16623.6 37451.9
  1747 669.461   0.669  17.606   0.000 652.524  4802813.4 344913.5 633134.6     0.0 81462.2   6078.9 23499.1 37383.8
  1748 414.116   0.668  17.727   0.000 397.058  4838614.5 334422.1 660396.8     0.0 66675.3   7092.7 24204.8 38077.9
  1749 746.204   0.668  14.721   0.000 732.150  4950264.0 314732.0 746020.7     0.0 78207.9  11526.1 30261.0 43209.9
  1750 849.981   0.668  15.348   0.000 835.301  5319638.1 396244.9 956252.5     0.0 79703.2  10313.1 45233.3 35542.4
  1751 -360.010   0.669  16.123   0.000 -375.464  4832860.3 387826.4 989944.5     0.0 49326.4   8000.9 28144.6 37077.8
  1752 912.989   0.669  14.650   0.000 899.008  5074693.1 317262.4 795314.0     0.0 91934.8  10072.4 26904.0 39361.4
  1753 -696.237   0.669  13.174   0.000 -708.742  4874875.0 321561.1 714551.0     0.0 52152.3   8799.9 21230.8 26416.9
  1754 -557.300   0.670  15.647   0.000 -572.278  4675640.4 333380.8 792117.1     0.0 69779.6   8831.0 23394.3 32197.7
  1755 486.434   0.669  14.987   0.000 472.116  4899276.5 332871.9 665885.5     0.0 81743.9  10760.5 17138.2 31281.3
  1756 512.459   0.668  15.106   0.000 498.021  5020758.9 332091.4 682564.5     0.0 72885.3  10424.6 16974.9 29505.6
  1757 1028.938   0.668  16.718   0.000 1012.889  5036703.0 356987.2 919757.2     0.0 79155.6  13318.1 35020.3 40451.9
  1758 362.427   0.668  16.254   0.000 346.841  5186550.0 364462.7 972882.5     0.0 71141.3   8986.9 22796.1 32024.9
  1759 975.312   0.668  16.729   0.000 959.252  5152438.6 348536.3 986738.2     0.0 75821.1  12521.4 29552.9 44021.5
  1760 -442.797   0.669  16.627   0.000 -458.755  5068162.3 350782.6 935594.1     0.0 59987.0   5500.4 25036.9 25348.7
  1761  -5.949   0.669  16.315   0.000 -21.594  5044119.5 366464.5 986333.4     0.0 77437.3  10977.8 22796.6 29171.8
  1762 244.406   0.669  16.996   0.000 228.078  5099822.7 347404.9 837621.9     0.0 75689.0  10501.8 18462.5 27944.6
  1763 -623.298   0.669  14.338   0.000 -636.966  4861773.2 349564.3 761742.0     0.0 53125.9   7564.3 17044.9 25069.3
  1764 -1657.097   0.671  14.990   0.000 -1671.415  4346174.1 351848.4 677009.4     0.0 49608.1   3000.8 19134.8 14424.8
  1765 638.170   0.668  13.625   0.000 625.213  4706725.5 341275.8 669025.2     0.0 84285.6  12864.8 26937.0 34909.0
  1766 474.221   0.668  17.614   0.000 457.274  4608751.6 330138.6 709041.5     0.0 64961.7   8418.0 28163.3 28320.1
  1767 121.086   0.668  16.199   0.000 105.556  4803581.9 364125.8 658883.8     0.0 74689.3   7912.0 16101.0 18814.4
  1768 -609.214   0.670  16.862   0.000 -625.406  4623782.9 281988.6 486658.2     0.0 55977.7   6696.2  8548.1 19542.0
  1769 -648.958   0.671  14.114   0.000 -662.401  4462144.8 329485.3 550695.3     0.0 66186.8   5234.4 21497.4 25812.4
  1770  33.634   0.669  16.764   0.000  17.539  4597785.7 350841.4 617271.6     0.0 77184.1  10245.1 28797.9 32519.3

                 Carbon flux (ktC/yr)                    Water (dam3/yr)                Nitrogen (MgN/yr)
       --------------------------------------- ---------------------------------- --------------------------------
Spinup NEP     estab   harvest product NBP     transp     evap    interc  wd      nuptake ndemand  nlosses ninflux
------ ------- ------- ------- ------- ------- ---------- ------- ------- ------- ------- -------- ------- -------
  1771 -132.499   0.668  16.922   0.000 -148.752  4746979.4 344686.5 654795.5     0.0 72040.1   8833.4 24825.6 27827.0
  1772  29.161   0.668  16.366   0.000  13.463  4703835.0 360328.1 708316.0     0.0 68161.7   9789.1 20661.4 29846.4
  1773 433.072   0.668  17.640   0.000 416.100  4626772.0 317398.4 689477.6     0.0 70322.6   8689.7 30871.5 27843.5
  1774 -748.781   0.670  16.799   0.000 -764.910  4526371.8 270994.9 457874.6     0.0 57413.6   5882.5 11113.8 18459.7
  1775 -449.181   0.669  15.584   0.000 -464.096  4430585.0 324931.4 626502.7     0.0 72794.4  10013.2 26004.0 29927.9
  1776 829.664   0.667  16.137   0.000 814.195  4770924.6 308705.6 692281.7     0.0 86343.4  12685.2 34470.0 36342.2
  1777 643.513   0.667  16.237   0.000 627.943  5065547.5 356490.9 650330.5     0.0 70926.3   9657.8 14067.3 32570.7
  1778 847.888   0.667  17.038   0.000 831.518  5176749.5 335283.7 733090.8     0.0 80178.4   9698.7 26077.7 25923.3
  1779 317.644   0.668  16.263   0.000 302.050  5162337.2 355673.2 735823.8     0.0 66625.3   9470.7 14673.0 31663.1
  1780 513.562   0.668  17.045   0.000 497.185  5238138.4 333253.2 799330.7     0.0 79691.7   9930.3 26619.2 24921.9
  1781 649.332   0.668  15.363   0.000 634.638  5450627.6 384612.8 1014986.8     0.0 78348.0  10531.9 31522.8 30578.4
  1782 303.515   0.669  17.063   0.000 287.121  5320026.2 333163.5 855996.0     0.0 70179.3   8798.2 16841.6 27622.5
  1783 -142.381   0.669  13.639   0.000 -155.351  5030095.9 323574.4 866598.9     0.0 57806.0  10873.1 21887.3 32649.0
  1784 -628.982   0.670  16.266   0.000 -644.579  4901840.8 353132.6 901819.3     0.0 63322.1   7099.7 26931.8 26771.9
  1785 -357.011   0.670  14.149   0.000 -370.490  4911120.8 316964.2 674830.2     0.0 70789.7   7119.3 21011.2 27451.3
  1786 288.905   0.669  14.018   0.000 275.556  4850799.8 327428.5 911483.4     0.0 83589.8  13630.3 35700.6 31283.2
  1787 127.135   0.669  16.157   0.000 111.647  5028857.6 347438.8 908709.5     0.0 73391.6  11731.8 18626.9 27738.6
  1788 671.196   0.668  14.565   0.000 657.299  5060304.4 309830.1 791927.1     0.0 76269.2  11688.1 18639.8 33652.6
  1789 -1257.595   0.670  16.935   0.000 -1273.860  4612227.1 310482.2 685278.2     0.0 42606.2   5163.4 18021.2 18291.5
  1790 1087.471   0.668  15.149   0.000 1072.990  5090043.7 356153.0 801730.4     0.0 91738.3  11139.6 37098.0 33477.1
  1791 -348.233   0.669  17.633   0.000 -365.197  4476645.0 321484.3 752816.5     0.0 48129.1   7150.8 27586.0 30789.7
  1792 -884.902   0.670  14.148   0.000 -898.379  4508565.7 330124.1 588994.4     0.0 65020.0   5497.3 20445.6 24827.0
  1793 670.664   0.668  16.670   0.000 654.661  4744621.2 349153.5 778841.9     0.0 86914.3  14843.8 34427.4 38626.9
  1794 -205.883   0.668  13.114   0.000 -218.329  4746297.2 321889.3 616799.6     0.0 63087.6   9310.2 18478.9 28948.3
  1795 -551.767   0.670  14.113   0.000 -565.210  4640529.5 326559.6 590807.7     0.0 60844.6   6119.6 19020.0 25018.6

                 Carbon flux (ktC/yr)                    Water (dam3/yr)                Nitrogen (MgN/yr)
       --------------------------------------- ---------------------------------- --------------------------------
Spinup NEP     estab   harvest product NBP     transp     evap    interc  wd      nuptake ndemand  nlosses ninflux
------ ------- ------- ------- ------- ------- ---------- ------- ------- ------- ------- -------- ------- -------
  1796 296.797   0.668  13.506   0.000 283.959  4724867.5 339172.5 695378.0     0.0 76831.6  12240.6 31421.9 32392.9
  1797 127.105   0.668  17.044   0.000 110.729  4772758.4 354258.9 749985.6     0.0 66359.4  10628.6 28674.8 30414.1
  1798 1015.221   0.667  15.224   0.000 1000.664  5242078.6 393200.0 906213.1     0.0 89406.7   9610.9 35400.4 32305.4
  1799 -1239.645   0.671  16.851   0.000 -1255.826  4605129.9 274550.3 524698.3     0.0 36993.2   4895.8  9697.0 18550.0
  1800 -165.991   0.669  15.567   0.000 -180.888  4533791.4 324537.2 677776.3     0.0 74588.3   7275.7 28476.1 26620.2
  1801 636.047   0.668  16.864   0.000 619.851  4920303.4 342595.0 671607.5     0.0 85144.5  10568.6 28787.2 26145.0
  1802 899.205   0.667  15.183   0.000 884.689  5116200.5 352589.9 833462.8     0.0 77628.1  11882.1 31571.1 30598.1
  1803 -711.001   0.669  16.287   0.000 -726.619  4724004.6 358893.2 815539.1     0.0 50848.6   7326.3 19969.8 28638.5
  1804 800.265   0.668  14.587   0.000 786.347  4958844.4 313073.6 753749.3     0.0 92257.3  11106.7 27801.7 31936.7
  1805 -433.766   0.669  15.670   0.000 -448.768  4804426.9 330948.0 787497.4     0.0 58824.6   9692.0 19901.2 28825.9
  1806 727.910   0.668  14.484   0.000 714.095  4964105.0 313547.2 769392.1     0.0 85006.8  11019.6 27318.1 30532.7
  1807 217.609   0.668  16.201   0.000 202.076  5136965.0 365694.1 753081.2     0.0 64445.7   9109.4 18389.6 29474.3
  1808 -655.092   0.669  13.139   0.000 -667.562  4861559.4 316039.0 706204.8     0.0 60090.5   9004.7 28317.4 25413.2
  1809 -81.968   0.669  16.912   0.000 -98.210  4779434.2 324404.6 785688.1     0.0 73245.0   7605.5 32354.8 18663.6
  1810 137.183   0.669  16.215   0.000 121.637  4998728.5 352200.1 908477.6     0.0 80043.0  11812.3 24091.4 24335.2
  1811 -411.804   0.669  16.708   0.000 -427.843  4727402.0 350786.1 771797.2     0.0 60517.3   6946.4 24692.7 28752.9
  1812 -1041.059   0.671  14.136   0.000 -1054.525  4543355.9 326939.8 611718.8     0.0 54118.5   3868.8 20120.0 23731.3
  1813 404.173   0.669  15.059   0.000 389.782  4820343.2 325084.8 590022.1     0.0 84558.7  13110.1 19993.5 26918.5
  1814 648.289   0.668  15.722   0.000 633.235  4902790.2 359561.4 731480.8     0.0 75677.8  10540.5 31254.1 30088.8
  1815 113.367   0.668  17.598   0.000  96.437  4773544.1 338328.7 671137.3     0.0 66195.9   7484.2 20905.3 27459.0
  1816  55.485   0.668  16.602   0.000  39.552  4993743.4 338784.2 797214.3     0.0 73852.1   9575.9 28724.4 21435.0
  1817 -498.465   0.669  16.376   0.000 -514.172  4750772.2 357976.9 801969.6     0.0 61020.5   9365.1 20548.2 26475.3
  1818 609.378   0.668  16.211   0.000 593.835  4872707.2 310884.1 803063.1     0.0 86662.8  11932.2 37169.5 33677.8
  1819 -268.853   0.669  16.940   0.000 -285.123  4738465.8 328859.4 761605.6     0.0 60781.5   7049.9 23183.9 18878.2
  1820 -630.569   0.669  16.902   0.000 -646.802  4767849.6 350004.4 743376.0     0.0 69373.8   7903.7 23437.6 23119.7

                 Carbon flux (ktC/yr)                    Water (dam3/yr)                Nitrogen (MgN/yr)
       --------------------------------------- ---------------------------------- --------------------------------
Spinup NEP     estab   harvest product NBP     transp     evap    interc  wd      nuptake ndemand  nlosses ninflux
------ ------- ------- ------- ------- ------- ---------- ------- ------- ------- ------- -------- ------- -------
  1821 119.833   0.669  16.606   0.000 103.896  4969349.2 334220.6 782285.6     0.0 77819.3   9953.8 21831.4 22213.4
  1822  30.588   0.669  16.991   0.000  14.266  4774358.3 321353.6 737035.0     0.0 68889.6   8386.0 19374.4 19084.7
  1823 570.629   0.668  16.718   0.000 554.579  4801415.2 349264.2 855434.5     0.0 80694.8  14307.1 24611.9 35103.9
  1824 -429.516   0.669  16.900   0.000 -445.748  4925643.6 350323.3 770493.8     0.0 64811.0   7039.1 20870.2 25323.9
  1825 -1165.033   0.670  15.035   0.000 -1179.398  4595459.1 333634.8 649102.6     0.0 54414.7   4410.7 16268.2 14147.6
  1826 -243.512   0.670  14.266   0.000 -257.109  4731293.0 342197.8 612183.6     0.0 74253.1   9500.1 23563.3 25266.8
  1827 527.441   0.668  16.184   0.000 511.925  4746269.6 311335.6 745253.7     0.0 82621.1  12581.1 34940.7 34404.1
  1828 -269.480   0.668  13.078   0.000 -281.889  4699852.1 316358.5 621368.0     0.0 63576.0   8377.7 20762.2 26069.2
  1829 -624.383   0.670  16.668   0.000 -640.381  4568301.3 273040.7 471166.2     0.0 60444.8   6514.7 11489.6 17442.7
  1830 678.705   0.668  15.060   0.000 664.313  4890143.4 354485.8 761086.8     0.0 91094.1  13219.0 39255.6 30999.4
  1831 -1429.227   0.671  16.851   0.000 -1445.407  4215948.4 313004.6 584366.8     0.0 43744.1   3366.5 16636.7 18179.9
  1832 260.107   0.668  14.229   0.000 246.547  4676627.4 352315.2 516244.4     0.0 75305.5   8211.4 25475.8 24573.2
  1833 -701.586   0.669  14.946   0.000 -715.864  4382713.2 344046.2 518453.0     0.0 60200.4   4604.1 18876.5 14514.0
  1834 -92.646   0.668  16.355   0.000 -108.333  4501576.4 373398.9 611977.7     0.0 77743.2  10684.3 28653.9 29718.2
  1835 206.536   0.667  16.291   0.000 190.912  4650691.0 366996.5 650367.9     0.0 72763.2   9536.6 26950.8 28092.7
  1836 1277.273   0.666  15.075   0.000 1262.865  5073232.8 352897.6 749243.5     0.0 88942.3  11487.9 34898.0 31778.6
  1837  80.304   0.668  17.642   0.000  63.330  4830075.0 333046.8 663007.5     0.0 63007.2   6525.4 16223.6 29963.0
  1838 445.783   0.668  16.209   0.000 430.242  5078659.8 347018.2 863651.4     0.0 81659.4  11174.4 29471.2 25610.8
  1839 -554.918   0.669  16.288   0.000 -570.536  4867416.3 352730.0 818219.0     0.0 55289.3   8416.0 23285.3 26111.1
  1840 132.080   0.669  16.721   0.000 116.028  4876487.6 343674.6 741111.0     0.0 77879.9   7517.4 31059.4 28807.7
  1841  90.810   0.669  14.023   0.000  77.455  4846865.7 324056.1 891278.7     0.0 73063.1   9778.8 35317.0 25681.5
  1842 -547.548   0.669  16.114   0.000 -562.993  4779037.6 349596.9 682348.6     0.0 65139.6   6688.8 16371.7 17058.6
  1843 610.680   0.668  15.790   0.000 595.559  5024736.4 343828.7 764024.3     0.0 81625.5  10881.4 25579.6 30145.5
  1844 -1505.223   0.670  14.865   0.000 -1519.418  4465814.4 340620.8 647921.6     0.0 40569.5   2980.0 20519.7 12719.8
  1845 689.634   0.668  16.187   0.000 674.114  5009696.8 350194.2 604581.4     0.0 85554.6   8941.2 20669.7 18906.5

                 Carbon flux (ktC/yr)                    Water (dam3/yr)                Nitrogen (MgN/yr)
       --------------------------------------- ---------------------------------- --------------------------------
Spinup NEP     estab   harvest product NBP     transp     evap    interc  wd      nuptake ndemand  nlosses ninflux
------ ------- ------- ------- ------- ------- ---------- ------- ------- ------- ------- -------- ------- -------
  1846 902.266   0.667  17.000   0.000 885.933  5122873.4 335431.2 699387.3     0.0 79654.4   9833.2 22570.7 25942.8
  1847 641.344   0.668  15.808   0.000 626.204  5107385.0 346365.7 788670.1     0.0 71790.0   9295.1 24894.4 28122.9
  1848 -1582.152   0.670  14.883   0.000 -1596.365  4472529.7 340703.2 668736.9     0.0 40801.2   3175.9 21010.9 12377.2
  1849 134.489   0.669  14.191   0.000 120.967  4789728.9 316194.5 557118.7     0.0 74283.2   7323.1 21596.0 27292.4
  1850 797.019   0.667  15.202   0.000 782.485  5122002.2 386057.9 851150.8     0.0 85932.9  11455.7 40706.6 30814.1
  1851 801.333   0.667  15.555   0.000 786.446  5163366.6 346636.5 747129.3     0.0 72826.0  11241.8 19014.6 34493.9
  1852 730.676   0.668  14.105   0.000 717.239  5115525.7 329084.4 933607.5     0.0 77016.7  10521.3 34948.5 28171.1
  1853 -1363.735   0.671  16.666   0.000 -1379.730  4464078.7 358588.0 770911.5     0.0 42656.9   2604.3 28580.0 28903.7
  1854 -1097.193   0.672  16.891   0.000 -1113.412  4278347.3 303120.2 569234.8     0.0 52164.4   4344.1 23884.3 18421.8
  1855 554.098   0.668  16.997   0.000 537.769  4670951.5 317698.8 599259.4     0.0 82300.6   9219.8 33158.5 21985.9
  1856 837.186   0.667  15.688   0.000 822.164  4947780.9 353774.9 645328.5     0.0 78590.7  12219.6 21491.5 33908.4
  1857 921.089   0.667  17.035   0.000 904.721  5149326.8 337381.5 703546.6     0.0 76569.5   9288.2 25943.8 24182.4
  1858 250.125   0.668  16.653   0.000 234.140  5174332.2 339303.7 820992.2     0.0 68491.2   7428.9 25364.3 19774.9
  1859 852.590   0.668  16.768   0.000 836.490  5102057.6 342778.0 908314.1     0.0 77737.2  13437.0 27945.1 35853.7
  1860 349.892   0.668  16.247   0.000 334.313  5086821.8 310279.1 874941.7     0.0 67161.4  10385.9 29208.6 32184.0
  1861 659.781   0.668  15.350   0.000 645.099  5443137.7 390464.9 1018382.3     0.0 80466.7   9806.4 31987.6 29654.0
  1862   8.327   0.669  16.300   0.000  -7.304  5211556.2 359228.0 811578.9     0.0 58935.9   8817.9 11732.9 32035.6
  1863 527.623   0.669  15.212   0.000 513.079  5291207.0 346682.3 983631.0     0.0 82059.5  12288.6 35778.3 28134.7
  1864 -703.251   0.670  17.155   0.000 -719.736  4909194.1 349482.7 918416.2     0.0 51306.4  11270.1 18960.1 30078.6
  1865 -661.506   0.670  16.501   0.000 -677.337  4807361.6 348310.5 868413.8     0.0 69285.9   4407.6 32000.1 19777.0
  1866 -350.834   0.669  17.232   0.000 -367.397  4705334.3 352894.3 815404.5     0.0 63670.7  12812.7 23043.1 30177.8
  1867 229.461   0.669  16.179   0.000 213.951  4900043.4 372447.5 709932.9     0.0 79808.3  10747.1 16664.5 33149.9
  1868 -18.059   0.669  16.847   0.000 -34.238  4788629.7 350921.3 764098.1     0.0 65862.5   7975.0 32634.6 27580.1
  1869 -530.598   0.669  14.264   0.000 -544.193  4732352.6 343139.0 690894.4     0.0 60824.5   9063.5 21718.0 23535.7
  1870 617.969   0.668  16.733   0.000 601.904  4769546.9 344708.1 861595.5     0.0 84323.1  14628.5 35375.3 36244.3

                 Carbon flux (ktC/yr)                    Water (dam3/yr)                Nitrogen (MgN/yr)
       --------------------------------------- ---------------------------------- --------------------------------
Spinup NEP     estab   harvest product NBP     transp     evap    interc  wd      nuptake ndemand  nlosses ninflux
------ ------- ------- ------- ------- ------- ---------- ------- ------- ------- ------- -------- ------- -------
  1871 -411.765   0.669  16.935   0.000 -428.031  4871906.9 345160.8 775678.2     0.0 65129.4   8281.3 24555.0 25741.4
  1872 757.559   0.668  16.753   0.000 741.474  4871078.0 344661.4 881182.0     0.0 82030.0  15019.3 29997.5 41476.8
  1873 -144.547   0.669  17.666   0.000 -161.544  4608325.2 317399.8 800470.7     0.0 53076.9   8546.4 30001.7 27193.2
  1874 -378.857   0.670  17.680   0.000 -395.867  4455721.4 319457.4 775842.6     0.0 66494.6   9662.1 31030.6 26703.0
  1875 -240.056   0.669  14.148   0.000 -253.534  4544387.1 329258.5 881362.7     0.0 78671.3  12269.6 30026.7 27228.3
  1876 -178.733   0.669  15.076   0.000 -193.140  4672803.4 322399.1 647285.8     0.0 71611.9  11357.4 11326.3 27714.5
  1877 -259.342   0.668  17.182   0.000 -275.855  4645443.1 352978.0 769043.7     0.0 64124.2  12552.4 21147.8 30343.6
  1878 617.311   0.668  15.631   0.000 602.347  4887407.9 357237.3 734952.3     0.0 83660.1  11768.4 23279.9 35792.0
  1879 105.865   0.669  17.769   0.000  88.765  4818157.2 335472.9 713521.6     0.0 67025.1   7657.4 23395.5 27693.7
  1880 -513.261   0.669  16.824   0.000 -529.415  4577404.3 353052.9 764885.4     0.0 63907.2   8479.4 32576.6 29192.8
  1881 150.643   0.669  14.772   0.000 136.539  4678567.9 312286.0 758177.4     0.0 81496.2  13297.8 25525.3 32178.8
  1882 -917.203   0.670  17.041   0.000 -933.574  4499503.9 311224.0 647782.1     0.0 56336.8   7561.1 18199.4 18256.6
  1883 101.116   0.669  17.734   0.000  84.051  4463399.7 324110.1 707603.5     0.0 70858.6  10631.3 36703.9 27364.3
  1884 -567.697   0.669  14.306   0.000 -581.334  4514860.0 328541.2 580512.8     0.0 62872.0   6503.1 18421.2 24060.1
  1885 -225.764   0.669  15.755   0.000 -240.850  4504537.7 332541.7 676305.8     0.0 77291.3  12371.9 23259.2 31235.2
  1886 943.839   0.667  15.250   0.000 929.256  4879915.5 355061.1 794767.6     0.0 84844.7  13080.7 34771.7 32413.7
  1887 674.164   0.667  17.095   0.000 657.736  4972909.0 342357.6 743512.7     0.0 76254.1  10084.5 18163.0 28119.0
  1888 -115.193   0.669  17.066   0.000 -131.590  4940988.7 347704.2 795874.9     0.0 68027.9   7576.2 24919.2 23852.7
  1889 -384.543   0.669  13.345   0.000 -397.220  4732925.1 311834.5 682471.7     0.0 68386.7   9759.8 19106.0 26838.7
  1890 157.448   0.669  16.287   0.000 141.829  4914580.3 358307.9 735015.2     0.0 78202.8  11344.7 17158.1 30972.9
  1891  88.096   0.669  17.787   0.000  70.978  4634765.4 316138.9 805821.0     0.0 63522.2   9606.9 37553.9 25408.4
  1892 -991.122   0.671  16.931   0.000 -1007.382  4499305.9 272365.8 520543.2     0.0 57091.4   5795.6 11407.3 16446.8
  1893 673.724   0.668  15.433   0.000 658.959  5001057.8 386508.8 874178.5     0.0 92364.7  12335.6 41033.5 29238.0
  1894 668.221   0.668  14.342   0.000 654.547  4837145.2 326803.8 900307.1     0.0 75431.9  10594.2 26912.9 29167.7
  1895 -136.635   0.668  17.207   0.000 -153.173  4769041.4 348660.0 825766.4     0.0 60475.4  11678.1 16440.1 29916.3

                 Carbon flux (ktC/yr)                    Water (dam3/yr)                Nitrogen (MgN/yr)
       --------------------------------------- ---------------------------------- --------------------------------
Spinup NEP     estab   harvest product NBP     transp     evap    interc  wd      nuptake ndemand  nlosses ninflux
------ ------- ------- ------- ------- ------- ---------- ------- ------- ------- ------- -------- ------- -------
  1896 139.359   0.668  17.172   0.000 122.856  4790722.2 348233.1 821831.6     0.0 73740.0  10751.3 23334.4 30351.6
  1897 801.138   0.668  16.290   0.000 785.515  4940375.5 309965.0 848292.2     0.0 83706.4  10487.8 36220.0 32745.4
  1898 -877.579   0.669  15.769   0.000 -892.679  4606706.4 331076.5 827614.1     0.0 54116.9   8176.2 21971.8 28845.3
  1899 851.543   0.668  16.248   0.000 835.964  4897595.6 313026.4 831902.6     0.0 87100.7  11523.8 39963.8 33104.4
  1900  18.799   0.668  16.715   0.000   2.752  4999874.4 345172.3 874533.7     0.0 66272.4   6751.4 26804.0 20068.2

                 Carbon flux (ktC/yr)                    Water (dam3/yr)                Nitrogen (MgN/yr)
       --------------------------------------- ---------------------------------- --------------------------------
Year   NEP     estab   harvest product NBP     transp     evap    interc  wd      nuptake ndemand  nlosses ninflux
------ ------- ------- ------- ------- ------- ---------- ------- ------- ------- ------- -------- ------- -------
  1901 814.776   0.668  16.877   0.000 798.567  4921853.4 349551.7 949437.6     0.0 84077.7  14891.2 26468.5 36029.2
  1902 -675.742   0.669  13.347   0.000 -688.421  4789443.9 322298.1 729738.6     0.0 58433.1   8795.1 18108.3 27060.3
  1903 548.487   0.669  15.870   0.000 533.285  4973009.5 359132.0 854231.1     0.0 81576.6  10933.3 30062.5 28246.6
  1904  -8.634   0.669  17.767   0.000 -25.733  4822633.3 335859.4 765924.9     0.0 65031.8   7472.0 20394.6 24596.3
  1905 -332.540   0.669  16.186   0.000 -348.057  4643919.6 390039.6 1007934.7     0.0 65054.5  11492.8 31194.8 24783.4
  1906 -204.131   0.669  17.278   0.000 -220.740  4716388.7 356028.5 854582.6     0.0 71510.6  12230.6 25001.9 28631.9
  1907 -1603.797   0.671  16.987   0.000 -1620.113  4082182.9 319575.7 658105.3     0.0 46745.3   2510.4 21227.9 16923.4
  1908 307.185   0.669  14.487   0.000 293.367  4623907.5 367557.7 568797.5     0.0 79827.6   9277.1 27236.1 24630.4
  1909 113.373   0.668  15.833   0.000  98.207  4454295.3 332593.0 664193.9     0.0 70278.8   9754.1 24045.8 28701.8
  1910 454.981   0.668  17.694   0.000 437.956  4421515.7 326627.9 693024.8     0.0 67456.0   9094.0 35212.4 25144.4
  1911 -852.915   0.669  15.227   0.000 -867.472  4397546.8 344438.2 611979.7     0.0 59153.8   4433.8 19377.0 13297.6
  1912 786.998   0.668  15.575   0.000 772.090  4856606.3 403919.2 850727.3     0.0 91743.0  12154.8 38741.5 30043.8
  1913 831.972   0.668  15.392   0.000 817.248  4864707.4 332761.9 659272.9     0.0 76207.8  11225.9 10882.0 25950.8
  1914 687.756   0.668  16.377   0.000 672.047  5021415.1 376445.3 739478.4     0.0 72345.2  10338.1 15703.2 28376.9
  1915 904.168   0.668  15.899   0.000 888.937  5126273.0 359199.7 830924.2     0.0 76832.9  11326.9 26926.1 31085.7
  1916 -380.819   0.670  14.558   0.000 -394.707  4853959.8 332955.4 718637.8     0.0 56276.2   6819.2 20406.3 22892.6
  1917 -26.737   0.669  16.963   0.000 -43.031  4738707.5 355709.3 814243.9     0.0 72093.7   8833.5 35504.6 25813.7
  1918 423.030   0.668  17.272   0.000 406.426  4943664.4 337219.3 813426.5     0.0 79918.6  12260.9 23834.1 24122.8
  1919 526.357   0.668  16.494   0.000 510.531  5027751.7 350866.7 984221.7     0.0 77703.8  12112.2 26035.2 23777.9
  1920 818.840   0.668  14.958   0.000 804.550  5038706.3 313675.9 856322.1     0.0 76533.0  12279.0 19925.5 30231.9
  1921 201.916   0.669  16.440   0.000 186.144  5133148.5 356982.7 819936.8     0.0 69192.1   9078.6 16086.4 15345.7
  1922 208.507   0.669  16.894   0.000 192.282  5159412.7 339622.9 974051.1     0.0 73480.7   9096.3 22290.3 19846.3
  1923 -320.157   0.669  17.168   0.000 -336.656  4751463.9 324904.5 886589.2     0.0 64968.4   8563.0 20005.8 16873.5
  1924 338.309   0.669  15.634   0.000 323.344  4945020.2 359683.4 978416.7     0.0 82080.2  14275.0 22866.6 29336.1
  1925 -816.837   0.670  16.484   0.000 -832.651  4617035.2 366051.8 916660.7     0.0 58407.6   9037.7 16735.6 26820.0

                 Carbon flux (ktC/yr)                    Water (dam3/yr)                Nitrogen (MgN/yr)
       --------------------------------------- ---------------------------------- --------------------------------
Year   NEP     estab   harvest product NBP     transp     evap    interc  wd      nuptake ndemand  nlosses ninflux
------ ------- ------- ------- ------- ------- ---------- ------- ------- ------- ------- -------- ------- -------
  1926 770.816   0.668  16.429   0.000 755.056  4775748.2 320137.7 883883.3     0.0 85940.9  13210.1 31892.6 30845.2
  1927 -1170.334   0.670  17.044   0.000 -1186.707  4480048.1 283561.9 563616.3     0.0 42164.8   4796.3  8888.0 14795.4
  1928 533.862   0.669  14.393   0.000 520.138  4578528.0 333049.1 865795.9     0.0 83055.8  10222.1 37370.9 23775.3
  1929 -484.969   0.669  17.069   0.000 -501.369  4605531.9 350586.5 758660.5     0.0 67158.5   8417.0 18957.8 22193.9
  1930 469.007   0.668  14.067   0.000 455.608  4644855.7 332952.2 758588.5     0.0 77248.3  14445.3 17548.7 31565.9
  1931 136.367   0.668  12.027   0.000 125.008  4616161.5 306938.0 689692.8     0.0 65540.6  12469.3 19476.8 28803.5
  1932 -284.876   0.669  13.704   0.000 -297.912  4748863.7 322882.4 660426.6     0.0 70642.4   5364.2 17082.9 19478.7
  1933 692.436   0.668  16.200   0.000 676.904  4901937.0 362753.5 982420.1     0.0 88142.0  13337.8 28982.4 23274.7
  1934 505.111   0.668  14.698   0.000 491.081  4714373.3 362908.3 1011785.6     0.0 73515.3  12540.6 23967.2 31291.2
  1935 -548.868   0.669  17.371   0.000 -565.570  4448803.1 337224.7 829155.9     0.0 59109.1   7296.3 18652.2 22088.0
  1936 452.554   0.668  14.399   0.000 438.823  4820779.9 379534.8 819719.4     0.0 83024.3  11941.1 24623.5 30743.2
  1937 1204.240   0.668  16.498   0.000 1188.409  5068589.1 368355.9 912227.8     0.0 84237.1  12640.6 19314.9 29433.2
  1938 -401.079   0.669  16.834   0.000 -417.244  4677872.9 345050.0 794642.4     0.0 55381.5   6187.0 19441.3 18032.6
  1939 -993.375   0.670  16.647   0.000 -1009.353  4499539.5 396982.1 932128.5     0.0 61946.7   6052.4 29799.0 17209.5
  1940 -934.593   0.670  15.444   0.000 -949.367  4236690.1 363830.7 682287.3     0.0 64659.1  11984.5 17125.9 26980.5
  1941 863.111   0.668  14.982   0.000 848.797  4744001.8 356673.7 859208.1     0.0 93108.1  14049.0 34496.1 28053.4
  1942 240.510   0.668  16.108   0.000 225.070  4751471.6 343350.3 766129.3     0.0 63708.1  10297.1 19948.4 28346.7
  1943 406.743   0.668  16.253   0.000 391.158  4674060.9 371187.7 870768.1     0.0 76802.0   9565.6 28446.6 26861.8
  1944   9.303   0.669  15.274   0.000  -5.303  4845097.8 369755.9 788209.1     0.0 70154.4   9063.3 21271.0 22355.7
  1945 -1423.764   0.670  16.458   0.000 -1439.551  4134744.7 320892.3 935782.1     0.0 46348.0   5161.6 42299.1 22768.4
  1946 831.203   0.668  16.869   0.000 815.001  4926268.6 408860.7 814035.0     0.0 91475.6  11924.7 24988.6 24314.5
  1947 688.620   0.668  16.903   0.000 672.384  4872064.3 393871.9 1030183.7     0.0 76270.0   9918.4 31481.1 29168.8
  1948 -497.770   0.669  15.934   0.000 -513.035  4691658.0 381075.2 845717.0     0.0 58753.1   7425.1 22685.4 15132.3
  1949 -678.016   0.670  15.958   0.000 -693.304  4413775.1 356800.8 846402.4     0.0 63954.0   5082.4 26600.0 14411.8
  1950 -193.846   0.669  15.341   0.000 -208.519  4551053.7 311478.9 685812.3     0.0 72912.6   8754.5 21456.4 21235.3

                 Carbon flux (ktC/yr)                    Water (dam3/yr)                Nitrogen (MgN/yr)
       --------------------------------------- ---------------------------------- --------------------------------
Year   NEP     estab   harvest product NBP     transp     evap    interc  wd      nuptake ndemand  nlosses ninflux
------ ------- ------- ------- ------- ------- ---------- ------- ------- ------- ------- -------- ------- -------
  1951 397.994   0.668  15.208   0.000 383.454  4743172.7 371839.6 751362.9     0.0 80483.1  12408.6 17108.2 23728.5
  1952 784.269   0.668  14.703   0.000 770.233  4889188.2 361770.1 781105.1     0.0 75171.1  11994.5 17547.6 24904.4
  1953 872.574   0.668  15.917   0.000 857.325  5031672.6 379918.4 1104748.5     0.0 79804.9  11384.9 31633.4 22641.9
  1954 -70.547   0.669  15.093   0.000 -84.971  4822248.0 327150.1 737782.2     0.0 63038.8   8970.7 12753.8 23527.8
  1955 540.194   0.669  16.450   0.000 524.412  5020176.0 330101.8 781147.5     0.0 80310.1  11564.0 15476.4 22069.3
  1956 171.778   0.669  14.419   0.000 158.027  4855014.7 327332.4 835532.0     0.0 69509.2   9518.1 21319.2 17636.1
  1957 525.530   0.669  15.400   0.000 510.799  4980010.1 401678.3 1164268.8     0.0 80537.3  12631.2 21753.4 21206.8
  1958 705.793   0.668  14.793   0.000 691.669  5155645.9 371683.6 868396.8     0.0 79355.8  13360.9 17575.6 31175.2
  1959 1154.100   0.668  15.848   0.000 1138.921  5178349.1 418820.7 1463661.6     0.0 80230.1  12335.6 35768.2 28394.9
  1960 567.299   0.669  16.239   0.000 551.729  5038944.0 354671.8 1222960.8     0.0 64496.5  12187.2 25631.7 29566.5
  1961 -1471.702   0.670  15.825   0.000 -1486.856  4532181.4 339758.8 727911.2     0.0 52027.6   8550.6  6985.5 28033.8
  1962  98.225   0.669  16.322   0.000  82.572  4768732.9 375643.9 873980.2     0.0 76457.7  10284.6 25355.5 27848.1
  1963  -2.311   0.669  15.743   0.000 -17.385  4693409.7 378824.4 823960.5     0.0 65994.1  10531.9 20870.5 29312.0
  1964 436.625   0.668  15.715   0.000 421.578  4838797.9 364922.3 915969.0     0.0 81135.1  12853.2 34705.2 27169.7
  1965 -56.515   0.669  16.866   0.000 -72.712  4683211.0 332891.7 893096.7     0.0 67857.7  10591.4 25132.7 21648.7
  1966 218.545   0.668  14.495   0.000 204.718  4547799.3 354432.1 940865.7     0.0 76707.1  13814.1 28713.7 31240.0
  1967 -1695.903   0.670  17.172   0.000 -1712.404  4080972.6 332975.2 781215.8     0.0 47486.2   7169.4 26573.7 18629.4
  1968 338.432   0.669  14.367   0.000 324.734  4299661.5 344571.9 780512.1     0.0 77511.3   9871.5 34509.3 32565.7
  1969 731.443   0.668  15.059   0.000 717.052  4712588.0 398117.8 847064.1     0.0 71177.1  12302.3 34625.8 30619.7
  1970 1043.461   0.668  14.695   0.000 1029.434  4927859.0 341454.7 703905.4     0.0 77853.8   9892.7 15293.8 25367.7
  1971 974.691   0.668  15.756   0.000 959.602  5018398.3 355457.7 880340.1     0.0 78785.6  11400.8 20310.7 23882.2
  1972 191.837   0.668  15.824   0.000 176.682  4945789.3 343791.6 795754.4     0.0 69422.8   9862.2 12375.8 19971.1
  1973 640.916   0.668  16.306   0.000 625.279  5021646.2 353703.3 971957.8     0.0 82771.2  13172.1 23941.2 26719.5
  1974 -536.807   0.670  16.623   0.000 -552.760  4672235.0 335209.6 957932.8     0.0 60340.3   9150.9 24245.8 18740.8
  1975 -38.139   0.669  15.051   0.000 -52.521  4728534.1 360818.5 936317.1     0.0 75377.8  11012.6 21901.0 22194.9

                 Carbon flux (ktC/yr)                    Water (dam3/yr)                Nitrogen (MgN/yr)
       --------------------------------------- ---------------------------------- --------------------------------
Year   NEP     estab   harvest product NBP     transp     evap    interc  wd      nuptake ndemand  nlosses ninflux
------ ------- ------- ------- ------- ------- ---------- ------- ------- ------- ------- -------- ------- -------
  1976  70.844   0.669  16.510   0.000  55.003  4511536.3 378224.0 1018416.0     0.0 72900.4  10539.3 21925.6 26828.1
  1977 -827.274   0.669  11.600   0.000 -838.204  4271914.8 328596.4 760542.2     0.0 58462.6   8277.2 23234.8 28864.3
  1978 112.447   0.669  16.238   0.000  96.878  4509038.3 339544.6 801098.4     0.0 76678.8  12940.7 23141.6 20279.9
  1979 1204.569   0.668  15.811   0.000 1189.426  4719705.5 328770.6 952967.9     0.0 86612.9  14739.3 31586.8 29138.1
  1980 1359.644   0.668  15.728   0.000 1344.584  5060201.0 350410.2 787945.9     0.0 80217.9  12994.6  4155.5 36951.9
  1981 283.002   0.668  15.561   0.000 268.109  4801195.2 338912.2 855557.4     0.0 60446.8   9598.8 21031.2 32936.0
  1982 1196.231   0.668  16.441   0.000 1180.458  5039634.6 345444.5 1156698.2     0.0 91519.5  13464.4 37212.5 24185.8
  1983 675.811   0.669  14.637   0.000 661.843  4830754.2 362466.6 1135977.6     0.0 70799.8  12950.7 27038.4 35873.4
  1984 916.780   0.669  16.818   0.000 900.631  4955661.7 355245.5 944879.1     0.0 82852.2  13873.7 14674.5 29548.6
  1985 -962.865   0.670  15.972   0.000 -978.167  4542357.4 350228.9 977205.0     0.0 55196.5   8338.4 20855.7 26240.3
  1986 -30.191   0.669  14.978   0.000 -44.500  4719378.9 345067.9 934342.8     0.0 67111.0  12647.5 20441.6 22544.1
  1987 943.400   0.668  16.576   0.000 927.492  4776262.5 340789.0 867808.2     0.0 89550.3  14125.2 26344.2 27439.2
  1988 679.201   0.668  16.252   0.000 663.617  4783990.2 379575.7 915751.9     0.0 73880.1  13882.7 22692.6 30278.0
  1989 132.547   0.669  16.166   0.000 117.050  4810324.3 334595.0 952793.5     0.0 71976.0  12009.2 11747.9 23892.1
  1990 305.031   0.669  16.054   0.000 289.647  4977341.9 381882.8 872727.3     0.0 80297.2  14706.2 10229.6 20536.4
  1991 294.957   0.669  16.532   0.000 279.094  4801477.8 373532.0 1092565.9     0.0 79355.8  14466.2 16882.7 24496.3
  1992 616.676   0.669  14.923   0.000 602.422  4602712.3 354272.3 1099052.3     0.0 80903.1  15770.7 22009.4 35834.2
  1993 687.691   0.668  14.757   0.000 673.603  4787320.9 345054.2 924076.0     0.0 78744.2  14900.2 10719.4 28168.5
  1994 337.192   0.668  15.087   0.000 322.773  4826624.7 360078.4 1237654.4     0.0 75501.5  12090.4 32823.2 19553.7
  1995 571.686   0.669  14.218   0.000 558.136  4823791.1 369962.5 1031591.4     0.0 77283.1  14276.9 18413.2 28671.2
  1996 906.152   0.668  14.253   0.000 892.568  4932671.2 356952.7 907367.8     0.0 83022.0  14412.3 12293.3 30496.8
  1997 227.307   0.669  16.448   0.000 211.528  4810290.7 393195.5 952917.8     0.0 75181.3  13543.3 20899.8 29778.9
  1998 -1784.782   0.670  12.703   0.000 -1796.815  4236041.4 355534.7 922167.3     0.0 52300.9  10064.5 26569.8 19206.6
  1999 550.272   0.669  15.747   0.000 535.194  4575846.4 374695.3 807092.8     0.0 83620.7  12659.8 11858.8 23361.4
  2000 -1388.985   0.670  15.282   0.000 -1403.597  4025398.9 359591.3 636395.0     0.0 44652.9   6952.3 13501.8 19905.7

                 Carbon flux (ktC/yr)                    Water (dam3/yr)                Nitrogen (MgN/yr)
       --------------------------------------- ---------------------------------- --------------------------------
Year   NEP     estab   harvest product NBP     transp     evap    interc  wd      nuptake ndemand  nlosses ninflux
------ ------- ------- ------- ------- ------- ---------- ------- ------- ------- ------- -------- ------- -------
  2001 488.985   0.669  15.203   0.000 474.451  4263326.9 335294.7 783068.1     0.0 82403.7  12207.2 34429.2 23787.4
  2002 772.810   0.667  16.041   0.000 757.437  4574883.8 360126.0 1000676.6     0.0 83346.7  13297.4 31897.4 32273.3
  2003 1645.873   0.667  15.550   0.000 1630.990  4747120.2 342744.7 1070081.0     0.0 86359.2  14668.8 17337.7 31517.9
  2004 1273.689   0.668  16.501   0.000 1257.856  4864504.1 376293.6 944232.8     0.0 77658.1  14724.6 17753.7 30942.1
  2005 1265.759   0.668  15.066   0.000 1251.361  4868548.0 351435.4 1046118.9     0.0 84315.3  14845.3 20140.6 31207.4
  2006  13.360   0.669  16.531   0.000  -2.502  4613677.5 343370.6 801087.3     0.0 63802.4  11523.3 10646.6 25567.6
  2007 524.839   0.669  16.555   0.000 508.953  4820581.2 336388.0 881450.6     0.0 82054.9  14507.4 11020.5 21639.2
  2008 740.464   0.669  16.332   0.000 724.800  4759770.1 336885.8 999688.9     0.0 80997.7  15140.8 20366.5 29356.0
  2009 -86.147   0.669  15.199   0.000 -100.677  4540283.9 366181.7 961444.8     0.0 68336.1  13266.0 15474.0 25662.4
  2010 913.123   0.669  13.678   0.000 900.114  4693152.9 362974.1 990874.2     0.0 85374.9  17418.9 21808.0 40134.3
  2011  68.633   0.669  13.635   0.000  55.667  4733327.4 373254.5 914827.9     0.0 73129.4  13549.0 19726.3 27295.1
  2012 -578.845   0.669  14.637   0.000 -592.813  4234522.3 352887.9 998273.0     0.0 67660.2  11768.1 25958.0 22167.8
  2013 300.054   0.669  16.849   0.000 283.873  4384153.5 380603.8 1002279.4     0.0 78133.4  17454.5 19956.2 23088.1
  2014 1133.351   0.668  15.870   0.000 1118.150  4769851.6 394323.9 1140793.1     0.0 88356.1  17319.3 18118.6 31517.7
  2015 827.215   0.668  13.988   0.000 813.895  4833227.8 420705.3 1108312.6     0.0 79785.3  15680.0 16272.6 22764.1
  2016 671.353   0.668  12.891   0.000 659.130  4800474.0 380543.9 1001804.6     0.0 81728.4  15862.5 11629.9 25306.1
  2017 -1210.396   0.670  15.866   0.000 -1225.592  4322574.7 394676.3 944205.9     0.0 59084.5   8888.9 20295.3 17284.8
  2018 735.648   0.669  16.091   0.000 720.225  4558462.5 397293.9 1113468.1     0.0 84621.8  15910.4 19005.3 24772.8
  2019 1008.396   0.668  14.666   0.000 994.397  4861428.7 400584.8 1156236.0     0.0 85293.6  14598.1 15186.6 23754.8
Simulation ended.
lpjml successfully terminated, 63 grid cells processed.
Wall clock time:	328 sec, 0.017 sec/cell/year.
Total wall clock time:	338 sec (00:05:38).
