--------------------------------------
Running config: /home/druijsch/LPJmL5/dev15oct2025/config_files/2026_04_08_run_for_10_locations/boreal_needleleaved_summergreen_tree/spinup/configs/boreal_needleleaved_summergreen_tree_patch8_config_restart_MM.cjson
SLURM task ID: 9
Node: tcn415.local.snellius.surf.nl
--------------------------------------
******************************************************************************
****        _     ____     _           _       ____        _  ___         ****
****       | |   |  _ \   | |_ __ ___ | |     | ___|      / |/ _ \        ****
****       | |   | |_) |  | | '_ ` _ \| |     |___ \      | | | | |       ****
****       | |___|  __/ |_| | | | | | | |___   ___) |  _  | | |_| |       ****
****       |_____|_|   \___/|_| |_| |_|_____| |____/  (_) |_|\___/        ****
****                                                                      ****
****                 lpjml C Version 5.10.1 (Apr 14 2026)                 ****
****    Dynamic global vegetation model with natural and managed land     ****
****                     Compiled for Linux with MPI                      ****
****       (C) Potsdam Institute for Climate Impact Research (PIK),       ****
****                          see COPYRIGHT file                          ****
****              Authors, and contributors see AUTHORS file              ****
**** This version of LPJmL is licensed under GNU AGPL Version 3 or later  ****
****        See LICENSE file or go to http://www.gnu.org/licenses/        ****
****                 or invoke lpjml -l to print license                  ****
****      https://gitlab.pik-potsdam.de/lpjml/wur_team/lpjml-wur.git      ****
****          GIT hash: 5e6f8e1bb5c5d5f3357da68b6c43e9517864f3c2          ****
****                                                                      ****
******************************************************************************

Running for user druijsch on tcn415.local.snellius.surf.nl at Wed Apr 15 09:43:26 2026
Reading configuration from '/home/druijsch/LPJmL5/dev15oct2025/config_files/2026_04_08_run_for_10_locations/boreal_needleleaved_summergreen_tree/spinup/configs/boreal_needleleaved_summergreen_tree_patch8_config_restart_MM.cjson'.
==============================================================================
/----------------------------------------------------------\
|institution: Potsdam Institute for Climate Impact Research|
|contact:                                                  |
|comment:                                                  |
\----------------------------------------------------------/
Simulation "LPJmL Run" running on 50 tasks
Simulation with shuffle spinup climate, nitrogen limitation, permafrost, 
Johansen conductivity, with monthly mortality, percolation heattransfer, 
GSI phenology, NPP controlled BNF, land use, potential irrigation, 
others to crop "maize" and "temperate cereals", land-use change timber, 
fixed residue remove, with auto fertilizer, pft.cjson LAImax, 
livestock grazing, bondau2007 crop PHU option, separate harvests.
Cultivation types: none, biomass, annual crop
Working directory: /gpfs/home5/druijsch
cpp processed configuration file written to `/projects/prjs2023/chapter3/lpjml_output/2026_04_08_run_for_10_locations/boreal_needleleaved_summergreen_tree/patch_8/`.
Starting from restart file '/home/druijsch/LPJmL5/dev15oct2025/restart/2026_04_08_run_for_10_locations/boreal_needleleaved_summergreen_tree/patch_8/restart_1901_nv_stdfire.lpj'.
Input files:
Variable     Fmt  Varname  Filename
------------ ---- -------- ---------------------------------------------------
soil         cdf  soilcode /projects/prjs2023/chapter3/lpjml_input/run_for_10_locations/boreal_needleleaved_summergreen_tree/patch_8/soil.nc
temp         cdf  tas      /projects/prjs2023/chapter3/lpjml_input/run_for_10_locations/boreal_needleleaved_summergreen_tree/patch_8/temp.nc
prec         cdf  pr       /projects/prjs2023/chapter3/lpjml_input/run_for_10_locations/boreal_needleleaved_summergreen_tree/patch_8/prec.nc
lwdown       cdf  rlds     /projects/prjs2023/chapter3/lpjml_input/run_for_10_locations/boreal_needleleaved_summergreen_tree/patch_8/lwdown.nc
swdown       cdf  rsds     /projects/prjs2023/chapter3/lpjml_input/run_for_10_locations/boreal_needleleaved_summergreen_tree/patch_8/swdown.nc
no3_depo     cdf  noy      /projects/prjs2023/chapter3/lpjml_input/ndep-noy_histsoc_monthly_1901_2021_units.nc
nh4_depo     cdf  nhx      /projects/prjs2023/chapter3/lpjml_input/ndep-nhx_histsoc_monthly_1901_2021_units.nc
soilpH       cdf  soil_ph  /projects/prjs2023/chapter3/lpjml_input/hwsd_soil_data_all_land_oceanfilled.nc
co2          txt           /projects/prjs2023/chapter3/lpjml_input/co2_1832-2023.dat
windspeed    cdf  sfcwind  /projects/prjs2023/chapter3/lpjml_input/run_for_10_locations/boreal_needleleaved_summergreen_tree/patch_8/wind.nc
countries    cdf  country  /projects/prjs2023/chapter3/lpjml_input/regridded_cow_full_2018_5min_reduced_filled.nc
landuse      cdf  CFTfrac  /projects/prjs2023/chapter3/lpjml_input/MAPSPAM_2020_crops_filled_ESA_01deg_v7.nc
------------ ---- -------- ---------------------------------------------------
Writing restart file '/home/druijsch/LPJmL5/dev15oct2025/restart/2026_04_08_run_for_10_locations/boreal_needleleaved_summergreen_tree/patch_8/restart_1960_crop_stdfire.lpj' after year 1960.
Reading random seeds from restart file.
Number of output files:       65
Output written in year:       1901
Byte order in output files:   little endian

Compression level for NetCDF: 3
Missing value in NetCDF:      -1e+32
Base year in NetCDF:          1901
NetCDF grid:                  local
Variable            Fmt  Unit        Type   tstep nbd Filename
------------------- ---- ----------- ------ ----- --- -------------------------
albedo              cdf  -           float  month   1 /projects/prjs2023/chapter3/lpjml_output/2026_04_08_run_for_10_locations/boreal_needleleaved_summergreen_tree/patch_8/output/malbedo.nc + .json
cftfrac             cdf  -           float  year   32 /projects/prjs2023/chapter3/lpjml_output/2026_04_08_run_for_10_locations/boreal_needleleaved_summergreen_tree/patch_8/output/cftfrac.nc + .json
discharge           cdf  hm3/day     float  month   1 /projects/prjs2023/chapter3/lpjml_output/2026_04_08_run_for_10_locations/boreal_needleleaved_summergreen_tree/patch_8/output/mdischarge.nc + .json
evap                cdf  mm/month    float  month   1 /projects/prjs2023/chapter3/lpjml_output/2026_04_08_run_for_10_locations/boreal_needleleaved_summergreen_tree/patch_8/output/mevap.nc + .json
fapar               cdf  -           float  month   1 /projects/prjs2023/chapter3/lpjml_output/2026_04_08_run_for_10_locations/boreal_needleleaved_summergreen_tree/patch_8/output/mfapar.nc + .json
firec               cdf  gC/m2/yr    float  year    1 /projects/prjs2023/chapter3/lpjml_output/2026_04_08_run_for_10_locations/boreal_needleleaved_summergreen_tree/patch_8/output/firec.nc + .json
firef               cdf  1           float  year    1 /projects/prjs2023/chapter3/lpjml_output/2026_04_08_run_for_10_locations/boreal_needleleaved_summergreen_tree/patch_8/output/firef.nc + .json
flux_estabc         cdf  gC/m2/yr    float  year    1 /projects/prjs2023/chapter3/lpjml_output/2026_04_08_run_for_10_locations/boreal_needleleaved_summergreen_tree/patch_8/output/flux_estab.nc + .json
fpc                 cdf  -           float  month  12 /projects/prjs2023/chapter3/lpjml_output/2026_04_08_run_for_10_locations/boreal_needleleaved_summergreen_tree/patch_8/output/fpc.nc + .json
globalflux          txt  -           float  year    1 /projects/prjs2023/chapter3/lpjml_output/2026_04_08_run_for_10_locations/boreal_needleleaved_summergreen_tree/patch_8/output/globalflux.csv + .json
gpp                 cdf  gC/m2/month float  month   1 /projects/prjs2023/chapter3/lpjml_output/2026_04_08_run_for_10_locations/boreal_needleleaved_summergreen_tree/patch_8/output/mgpp.nc + .json
litc                cdf  gC/m2       float  year    1 /projects/prjs2023/chapter3/lpjml_output/2026_04_08_run_for_10_locations/boreal_needleleaved_summergreen_tree/patch_8/output/litc.nc + .json
litn                cdf  gN/m2       float  year    1 /projects/prjs2023/chapter3/lpjml_output/2026_04_08_run_for_10_locations/boreal_needleleaved_summergreen_tree/patch_8/output/litn.nc + .json
npp                 cdf  gC/m2/month float  month   1 /projects/prjs2023/chapter3/lpjml_output/2026_04_08_run_for_10_locations/boreal_needleleaved_summergreen_tree/patch_8/output/mnpp.nc + .json
nuptake             cdf  gN/m2/month float  month   1 /projects/prjs2023/chapter3/lpjml_output/2026_04_08_run_for_10_locations/boreal_needleleaved_summergreen_tree/patch_8/output/mnuptake.nc + .json
pet                 cdf  mm/month    float  month   1 /projects/prjs2023/chapter3/lpjml_output/2026_04_08_run_for_10_locations/boreal_needleleaved_summergreen_tree/patch_8/output/mpet.nc + .json
pft_chawo           cdf  gC/m2       float  year   43 /projects/prjs2023/chapter3/lpjml_output/2026_04_08_run_for_10_locations/boreal_needleleaved_summergreen_tree/patch_8/output/pft_chawo.nc + .json
pft_cleaf           cdf  gC/m2       float  year   43 /projects/prjs2023/chapter3/lpjml_output/2026_04_08_run_for_10_locations/boreal_needleleaved_summergreen_tree/patch_8/output/pft_cleaf.nc + .json
pft_croot           cdf  gC/m2       float  year   43 /projects/prjs2023/chapter3/lpjml_output/2026_04_08_run_for_10_locations/boreal_needleleaved_summergreen_tree/patch_8/output/pft_croot.nc + .json
pft_csapw           cdf  gC/m2       float  year   43 /projects/prjs2023/chapter3/lpjml_output/2026_04_08_run_for_10_locations/boreal_needleleaved_summergreen_tree/patch_8/output/pft_csapw.nc + .json
pft_fpar            cdf  -           float  month  43 /projects/prjs2023/chapter3/lpjml_output/2026_04_08_run_for_10_locations/boreal_needleleaved_summergreen_tree/patch_8/output/pft_fpar.nc + .json
pft_gpp             cdf  gC/m2/month float  month  43 /projects/prjs2023/chapter3/lpjml_output/2026_04_08_run_for_10_locations/boreal_needleleaved_summergreen_tree/patch_8/output/pft_gpp.nc + .json
pft_laimax          cdf  m2/m2       float  year   43 /projects/prjs2023/chapter3/lpjml_output/2026_04_08_run_for_10_locations/boreal_needleleaved_summergreen_tree/patch_8/output/pft_laimax.nc + .json
pft_mort            cdf  1/month     float  month  11 /projects/prjs2023/chapter3/lpjml_output/2026_04_08_run_for_10_locations/boreal_needleleaved_summergreen_tree/patch_8/output/pft_mort.nc + .json
pft_mort_background cdf  1/month     float  month  11 /projects/prjs2023/chapter3/lpjml_output/2026_04_08_run_for_10_locations/boreal_needleleaved_summergreen_tree/patch_8/output/pft_mort_background.nc + .json
pft_mort_drought    cdf  1/month     float  month  11 /projects/prjs2023/chapter3/lpjml_output/2026_04_08_run_for_10_locations/boreal_needleleaved_summergreen_tree/patch_8/output/pft_mort_drought.nc + .json
pft_mort_heat       cdf  1/month     float  month  11 /projects/prjs2023/chapter3/lpjml_output/2026_04_08_run_for_10_locations/boreal_needleleaved_summergreen_tree/patch_8/output/pft_mort_heat.nc + .json
pft_nind            cdf  ind/m²     float  month  11 /projects/prjs2023/chapter3/lpjml_output/2026_04_08_run_for_10_locations/boreal_needleleaved_summergreen_tree/patch_8/output/pft_nind.nc + .json
pft_nleaf           cdf  gN/m2       float  year   43 /projects/prjs2023/chapter3/lpjml_output/2026_04_08_run_for_10_locations/boreal_needleleaved_summergreen_tree/patch_8/output/pft_nleaf.nc + .json
pft_npp             cdf  gC/m2/yr    float  year   43 /projects/prjs2023/chapter3/lpjml_output/2026_04_08_run_for_10_locations/boreal_needleleaved_summergreen_tree/patch_8/output/pft_npp.nc + .json
pft_nroot           cdf  gN/m2       float  year   43 /projects/prjs2023/chapter3/lpjml_output/2026_04_08_run_for_10_locations/boreal_needleleaved_summergreen_tree/patch_8/output/pft_nroot.nc + .json
pft_nuptake         cdf  gN/m2/yr    float  year   43 /projects/prjs2023/chapter3/lpjml_output/2026_04_08_run_for_10_locations/boreal_needleleaved_summergreen_tree/patch_8/output/pft_nuptake.nc + .json
pft_phen            cdf  -           float  month  43 /projects/prjs2023/chapter3/lpjml_output/2026_04_08_run_for_10_locations/boreal_needleleaved_summergreen_tree/patch_8/output/pft_phen.nc + .json
pft_survive_frac    cdf  -           float  month  43 /projects/prjs2023/chapter3/lpjml_output/2026_04_08_run_for_10_locations/boreal_needleleaved_summergreen_tree/patch_8/output/pft_survive_frac.nc + .json
pft_vegc            cdf  gC/m2       float  year   43 /projects/prjs2023/chapter3/lpjml_output/2026_04_08_run_for_10_locations/boreal_needleleaved_summergreen_tree/patch_8/output/pft_vegc.nc + .json
pft_vegn            cdf  gN/m2       float  year   43 /projects/prjs2023/chapter3/lpjml_output/2026_04_08_run_for_10_locations/boreal_needleleaved_summergreen_tree/patch_8/output/pft_vegn.nc + .json
pft_water_demand    cdf  mm/yr       float  year   43 /projects/prjs2023/chapter3/lpjml_output/2026_04_08_run_for_10_locations/boreal_needleleaved_summergreen_tree/patch_8/output/pft_water_demand.nc + .json
phen_light          cdf  -           float  month   1 /projects/prjs2023/chapter3/lpjml_output/2026_04_08_run_for_10_locations/boreal_needleleaved_summergreen_tree/patch_8/output/mphen_light.nc + .json
phen_tmax           cdf  -           float  month   1 /projects/prjs2023/chapter3/lpjml_output/2026_04_08_run_for_10_locations/boreal_needleleaved_summergreen_tree/patch_8/output/mphen_tmax.nc + .json
phen_tmin           cdf  -           float  month   1 /projects/prjs2023/chapter3/lpjml_output/2026_04_08_run_for_10_locations/boreal_needleleaved_summergreen_tree/patch_8/output/mphen_tmin.nc + .json
phen_water          cdf  -           float  month   1 /projects/prjs2023/chapter3/lpjml_output/2026_04_08_run_for_10_locations/boreal_needleleaved_summergreen_tree/patch_8/output/mphen_water.nc + .json
rd                  cdf  gC/m2/month float  month   1 /projects/prjs2023/chapter3/lpjml_output/2026_04_08_run_for_10_locations/boreal_needleleaved_summergreen_tree/patch_8/output/rd.nc + .json
rh                  cdf  gC/m2/month float  month   1 /projects/prjs2023/chapter3/lpjml_output/2026_04_08_run_for_10_locations/boreal_needleleaved_summergreen_tree/patch_8/output/mrh.nc + .json
runoff              cdf  mm/month    float  month   1 /projects/prjs2023/chapter3/lpjml_output/2026_04_08_run_for_10_locations/boreal_needleleaved_summergreen_tree/patch_8/output/mrunoff.nc + .json
soilc               cdf  gC/m2       float  year    1 /projects/prjs2023/chapter3/lpjml_output/2026_04_08_run_for_10_locations/boreal_needleleaved_summergreen_tree/patch_8/output/soilc.nc + .json
soilc_layer         cdf  gC/m2       float  year    5 /projects/prjs2023/chapter3/lpjml_output/2026_04_08_run_for_10_locations/boreal_needleleaved_summergreen_tree/patch_8/output/soilc_layer.nc + .json
soiln               cdf  gN/m2       float  year    1 /projects/prjs2023/chapter3/lpjml_output/2026_04_08_run_for_10_locations/boreal_needleleaved_summergreen_tree/patch_8/output/soiln.nc + .json
soiln_layer         cdf  gN/m2       float  year    5 /projects/prjs2023/chapter3/lpjml_output/2026_04_08_run_for_10_locations/boreal_needleleaved_summergreen_tree/patch_8/output/soiln_layer.nc + .json
soilnh4             cdf  gN/m2       float  year    1 /projects/prjs2023/chapter3/lpjml_output/2026_04_08_run_for_10_locations/boreal_needleleaved_summergreen_tree/patch_8/output/soilnh4.nc + .json
soilnh4_layer       cdf  gN/m2       float  year    5 /projects/prjs2023/chapter3/lpjml_output/2026_04_08_run_for_10_locations/boreal_needleleaved_summergreen_tree/patch_8/output/soilnh4_layer.nc + .json
soilno3             cdf  gN/m2       float  year    1 /projects/prjs2023/chapter3/lpjml_output/2026_04_08_run_for_10_locations/boreal_needleleaved_summergreen_tree/patch_8/output/soilno3.nc + .json
soilno3_layer       cdf  gN/m2       float  year    5 /projects/prjs2023/chapter3/lpjml_output/2026_04_08_run_for_10_locations/boreal_needleleaved_summergreen_tree/patch_8/output/soilno3_layer.nc + .json
soiltemp1           cdf  Celsius     float  month   1 /projects/prjs2023/chapter3/lpjml_output/2026_04_08_run_for_10_locations/boreal_needleleaved_summergreen_tree/patch_8/output/msoiltemp1.nc + .json
soiltemp2           cdf  Celsius     float  month   1 /projects/prjs2023/chapter3/lpjml_output/2026_04_08_run_for_10_locations/boreal_needleleaved_summergreen_tree/patch_8/output/msoiltemp2.nc + .json
soiltemp3           cdf  Celsius     float  month   1 /projects/prjs2023/chapter3/lpjml_output/2026_04_08_run_for_10_locations/boreal_needleleaved_summergreen_tree/patch_8/output/msoiltemp3.nc + .json
swc1                cdf  1           float  month   1 /projects/prjs2023/chapter3/lpjml_output/2026_04_08_run_for_10_locations/boreal_needleleaved_summergreen_tree/patch_8/output/mswc1.nc + .json
swc2                cdf  1           float  month   1 /projects/prjs2023/chapter3/lpjml_output/2026_04_08_run_for_10_locations/boreal_needleleaved_summergreen_tree/patch_8/output/mswc2.nc + .json
swc3                cdf  1           float  month   1 /projects/prjs2023/chapter3/lpjml_output/2026_04_08_run_for_10_locations/boreal_needleleaved_summergreen_tree/patch_8/output/mswc3.nc + .json
swc4                cdf  1           float  month   1 /projects/prjs2023/chapter3/lpjml_output/2026_04_08_run_for_10_locations/boreal_needleleaved_summergreen_tree/patch_8/output/mswc4.nc + .json
swc5                cdf  1           float  month   1 /projects/prjs2023/chapter3/lpjml_output/2026_04_08_run_for_10_locations/boreal_needleleaved_summergreen_tree/patch_8/output/mswc5.nc + .json
transp              cdf  mm/month    float  month   1 /projects/prjs2023/chapter3/lpjml_output/2026_04_08_run_for_10_locations/boreal_needleleaved_summergreen_tree/patch_8/output/mtransp.nc + .json
vegc                cdf  gC/m2       float  year    1 /projects/prjs2023/chapter3/lpjml_output/2026_04_08_run_for_10_locations/boreal_needleleaved_summergreen_tree/patch_8/output/vegc.nc + .json
vegn                cdf  gN/m2       float  year    1 /projects/prjs2023/chapter3/lpjml_output/2026_04_08_run_for_10_locations/boreal_needleleaved_summergreen_tree/patch_8/output/vegn.nc + .json
wateramount         cdf  hm3         float  month   1 /projects/prjs2023/chapter3/lpjml_output/2026_04_08_run_for_10_locations/boreal_needleleaved_summergreen_tree/patch_8/output/mwateramount.nc + .json
wscal               cdf  -           float  month   1 /projects/prjs2023/chapter3/lpjml_output/2026_04_08_run_for_10_locations/boreal_needleleaved_summergreen_tree/patch_8/output/wscal.nc + .json
------------------- ---- ----------- ------ ----- --- -------------------------
Spinup years:                   180
Cycle length during spinup:      30
First year:                    1901
Last year:                     2019
Number of grid cells:            63
==============================================================================
Memory allocated for output: 7,096 bytes/cell
Simulation begins...
Spinup using climate starting from year 1901

                 Carbon flux (ktC/yr)                    Water (dam3/yr)                Nitrogen (MgN/yr)
       --------------------------------------- ---------------------------------- --------------------------------
Spinup NEP     estab   harvest product NBP     transp     evap    interc  wd      nuptake ndemand  nlosses ninflux
------ ------- ------- ------- ------- ------- ---------- ------- ------- ------- ------- -------- ------- -------
  1721 -268.154  -0.000   0.004   0.000 -268.158   227387.7 167566.9 27047.5     0.0 18993.5    486.7   770.8   459.7
  1722 -339.843   0.000   0.004   0.000 -339.847   234716.0 161079.2 27989.8     0.0 18045.8    809.8   760.3   838.1
  1723  41.847   0.000   0.005   0.000  41.843   273884.2 160620.5 29291.7     0.0 25213.9    464.9   798.3   465.8
  1724  -7.866  -0.001   0.004   0.000  -7.871   244209.7 149605.9 17544.0     0.0 11013.0    581.5   747.3   666.1
  1725 115.128   0.001   0.003   0.000 115.126   269318.5 140537.5 18520.6     0.0 20347.0    400.7   675.3   375.3
  1726 -184.216  -0.000   0.001   0.000 -184.217   236066.7 169117.5 48157.5     0.0 19092.2    772.8  1279.4  1018.5
  1727 121.885   0.001   0.004   0.000 121.882   297497.8 172437.2 25933.5     0.0 23067.4    745.8   744.0   856.9
  1728 165.520  -0.000   0.005   0.000 165.515   348983.3 164250.1 34269.9     0.0 25352.8    887.7   800.3   930.2
  1729 170.115  -0.000   0.006   0.000 170.108   293935.3 149732.6 24460.4     0.0 19191.7    776.8   757.3   642.9
  1730 -118.854  -0.001   0.002   0.000 -118.857   248181.7 157061.3 30387.9     0.0 14428.3    485.8   727.6   461.1
  1731 234.712   0.001   0.005   0.000 234.708   298654.9 140908.3 23149.1     0.0 22731.5    795.3   698.2   803.6
  1732 -13.516   0.001   0.004   0.000 -13.519   230554.6 158664.1 30389.1     0.0 16374.1    673.0   655.3   512.5
  1733 112.915   0.000   0.005   0.000 112.910   308923.3 161927.5 42648.5     0.0 20234.7    901.0   650.5   902.3
  1734 -289.045   0.003   0.003   0.000 -289.045   187912.2 137127.6 22604.9     0.0  2914.9    306.4   667.9   267.7
  1735 -323.110   0.001   0.000   0.000 -323.109   162870.7 129599.0 16770.5     0.0 11133.8    327.3  1220.9   342.7
  1736  78.968   0.001   0.002   0.000  78.966   251203.1 141872.5 18699.1     0.0 23950.5    539.0   580.1   788.8
  1737 113.699  -0.001   0.005   0.000 113.693   276015.2 174583.2 20115.8     0.0 15104.7    443.4   594.6   567.9
  1738  63.755   0.001   0.003   0.000  63.753   276221.6 136788.7 28747.5     0.0 23697.2    586.0   776.1   730.2
  1739 309.782  -0.000   0.004   0.000 309.778   330552.8 160045.5 23785.9     0.0 26244.1    560.1   617.9   589.0
  1740 -36.001  -0.000   0.005   0.000 -36.007   265799.8 163540.6 27221.9     0.0 14982.9    472.1   701.6   503.1
  1741 181.018   0.001   0.005   0.000 181.014   299837.0 136055.8 20588.5     0.0 19841.9    920.9   566.2   932.1
  1742 -43.379  -0.000   0.000   0.000 -43.380   230578.9 128553.2 24879.4     0.0 15081.5    856.4   534.8   788.6
  1743 -161.271   0.002   0.004   0.000 -161.273   202992.2 138653.7 18852.5     0.0  7286.8    525.2   554.5   419.9
  1744  45.744  -0.001   0.004   0.000  45.740   285467.9 154380.6 34857.5     0.0 20330.3    739.9   526.6   958.9
  1745 -87.809  -0.001   0.002   0.000 -87.812   223626.6 158638.8 24948.1     0.0 16972.7    447.9   511.5   458.2

                 Carbon flux (ktC/yr)                    Water (dam3/yr)                Nitrogen (MgN/yr)
       --------------------------------------- ---------------------------------- --------------------------------
Spinup NEP     estab   harvest product NBP     transp     evap    interc  wd      nuptake ndemand  nlosses ninflux
------ ------- ------- ------- ------- ------- ---------- ------- ------- ------- ------- -------- ------- -------
  1746 -501.476   0.003   0.005   0.000 -501.478   188723.6 159244.7 31269.5     0.0 12119.7    433.1   649.5   362.3
  1747  61.040   0.000   0.004   0.000  61.035   280115.8 163036.3 32788.9     0.0 21304.1    410.2  2294.1   512.7
  1748 177.818   0.000   0.006   0.000 177.811   317781.5 173404.4 38194.8     0.0 18836.2    293.7 50982.6   359.0
  1749 118.049  -0.000   0.006   0.000 118.043   314039.7 185749.4 28515.0     0.0 20756.0    308.3  8628.6   392.1
  1750 -32.077   0.000   0.006   0.000 -32.083   276706.1 137959.8 32556.7     0.0 21684.4    899.4  5045.3  1002.1
  1751 281.409  -0.002   0.006   0.000 281.401   358911.1 164766.4 45160.5     0.0 23093.3    859.3  3659.6  1045.3
  1752  66.503  -0.001   0.005   0.000  66.497   266283.5 174624.2 34156.7     0.0 12464.6    285.7  2478.3   298.2
  1753 -144.421   0.002   0.000   0.000 -144.419   238244.4 135416.0 22311.6     0.0 16183.9    694.3  1847.4   688.7
  1754 -209.372   0.001   0.003   0.000 -209.373   260675.4 163020.5 32836.8     0.0 18365.9    975.1  1687.5   984.0
  1755 212.140  -0.000   0.005   0.000 212.135   309096.6 140179.9 34293.1     0.0 20158.5    631.0  3757.2   617.6
  1756 280.715  -0.001   0.003   0.000 280.711   316869.4 136771.1 38264.1     0.0 24029.7    424.5  9656.3   360.1
  1757 243.652  -0.000   0.005   0.000 243.646   258917.2 140434.0 13737.6     0.0  7468.6    312.9  5347.9   299.0
  1758 -112.395   0.002   0.005   0.000 -112.398   205140.7 142869.7 24400.0     0.0 14295.3    428.9  3843.6   403.9
  1759 -316.283   0.013   0.004   0.000 -316.273   130996.6 140521.6 10154.9     0.0   524.9    513.1  2548.9   380.9
  1760 -408.063  -0.005   0.001   0.000 -408.068   183221.5 179495.5 24363.2     0.0 18003.4    567.3  6560.6   948.2
  1761  79.570  -0.001   0.004   0.000  79.565   281544.1 143185.4 11805.0     0.0 23266.8    741.0  5025.6  1068.3
  1762 153.654  -0.002   0.005   0.000 153.647   238370.4 143672.5 13642.7     0.0 18564.5    676.4  3556.9  1028.2
  1763  94.880   0.001   0.005   0.000  94.876   232337.1 123474.4 17144.2     0.0 18625.7    431.8  2663.4   604.6
  1764 -255.914   0.000   0.002   0.000 -255.915   187918.2 119737.8 26960.3     0.0  9636.4    675.4  1992.7   616.3
  1765 -64.624   0.001   0.004   0.000 -64.627   258976.5 159525.6 24894.4     0.0 27509.8    780.5  1640.9   884.9
  1766 328.195  -0.002   0.005   0.000 328.189   305941.8 156660.0 27730.9     0.0 17438.1   1146.8  1286.9  1471.5
  1767  26.192  -0.000   0.005   0.000  26.186   306580.8 164270.9 33235.0     0.0 22514.4    679.0  1023.1   695.0
  1768 -113.874   0.001   0.002   0.000 -113.875   250734.0 150308.4 28544.1     0.0 15766.3    848.4   887.3   910.1
  1769  12.564   0.001   0.004   0.000  12.561   281325.6 157963.9 25714.5     0.0 22594.5    927.3   858.4  1107.4
  1770 131.387   0.001   0.005   0.000 131.383   285189.7 145779.8 19845.5     0.0 13924.2    900.7   875.0  1130.2

                 Carbon flux (ktC/yr)                    Water (dam3/yr)                Nitrogen (MgN/yr)
       --------------------------------------- ---------------------------------- --------------------------------
Spinup NEP     estab   harvest product NBP     transp     evap    interc  wd      nuptake ndemand  nlosses ninflux
------ ------- ------- ------- ------- ------- ---------- ------- ------- ------- ------- -------- ------- -------
  1771 128.553   0.000   0.001   0.000 128.552   300997.7 146194.7 28082.8     0.0 26765.5    651.7   823.2   651.7
  1772 155.272  -0.000   0.005   0.000 155.267   304357.2 162161.8 32467.3     0.0 22854.7    878.0   764.2   780.1
  1773 178.815  -0.001   0.005   0.000 178.809   278593.8 157412.8 40416.8     0.0 13417.9   1216.6   677.6  1113.1
  1774 -317.930   0.004   0.002   0.000 -317.928   201911.1 149893.0 31564.5     0.0 11993.4    709.8   634.8   599.1
  1775 -242.278  -0.000   0.004   0.000 -242.283   234037.2 158322.2 29523.7     0.0 16264.1    942.4   643.5   874.7
  1776 216.460   0.000   0.005   0.000 216.455   283728.3 142441.0 22141.0     0.0 17237.9    664.3   656.5   785.6
  1777 102.882   0.001   0.005   0.000 102.878   299080.0 149487.7 25451.4     0.0 25006.8    464.2   640.6   481.2
  1778 248.151  -0.000   0.001   0.000 248.150   251753.6 141624.3 20303.8     0.0 19571.8    551.0   598.1   632.7
  1779 -206.668   0.002   0.005   0.000 -206.671   227782.9 144883.1 28244.7     0.0 16156.1    708.9   559.0   520.7
  1780  91.852  -0.000   0.004   0.000  91.848   220111.8 140874.0 18602.9     0.0 19940.3    915.8   537.0  1039.9
  1781 -421.620   0.004   0.004   0.000 -421.620   165098.7 131613.6 29276.5     0.0  7584.3    630.0   610.1   309.8
  1782 103.475  -0.002   0.001   0.000 103.473   215813.2 142511.9 13852.5     0.0 23100.8    967.3   643.1  1163.8
  1783 -149.307   0.003   0.004   0.000 -149.309   211287.9 154177.3 25575.7     0.0 14883.9    849.4   557.3   799.9
  1784  13.189  -0.000   0.005   0.000  13.184   246452.7 156660.6 20343.4     0.0 24261.7    883.1   503.9   960.5
  1785 -160.184  -0.001   0.002   0.000 -160.187   231690.9 158307.4 21257.8     0.0 13802.6    763.6   546.1   831.4
  1786 174.195  -0.000   0.002   0.000 174.192   275705.8 141887.1 18667.7     0.0 25131.6    803.9   478.6   921.9
  1787  72.264   0.000   0.004   0.000  72.260   242597.1 139508.6 19922.4     0.0 16341.1    698.5   504.1   591.2
  1788 -75.278   0.000   0.004   0.000 -75.282   205653.5 171619.2 25046.4     0.0 13926.5    507.2   536.7   395.2
  1789 -147.315   0.001   0.000   0.000 -147.315   228992.3 145137.2 21860.0     0.0 13041.7    895.1   471.6   987.1
  1790  34.313   0.000   0.004   0.000  34.309   255998.1 157477.0 21337.2     0.0 25972.9    671.1   465.9   753.4
  1791 138.979  -0.000   0.004   0.000 138.974   244510.8 156453.8 29602.5     0.0 14441.8    815.3   460.8   834.4
  1792 -255.693  -0.000   0.002   0.000 -255.695   213658.1 157710.1 24034.1     0.0 14750.6    674.9   470.1   732.7
  1793  17.246   0.008   0.004   0.000  17.250   212612.5 140947.9 10006.4     0.0 12371.4    585.7   480.9   644.7
  1794 -450.824   0.008   0.002   0.000 -450.818   145335.0 139561.7 16928.9     0.0  8254.4    343.0   741.8   366.1
  1795  41.013  -0.003   0.001   0.000  41.009   260205.2 166113.8 11906.6     0.0 24032.3    640.9   717.3   926.9

                 Carbon flux (ktC/yr)                    Water (dam3/yr)                Nitrogen (MgN/yr)
       --------------------------------------- ---------------------------------- --------------------------------
Spinup NEP     estab   harvest product NBP     transp     evap    interc  wd      nuptake ndemand  nlosses ninflux
------ ------- ------- ------- ------- ------- ---------- ------- ------- ------- ------- -------- ------- -------
  1796 140.017   0.000   0.008   0.000 140.010   280835.5 161509.3 22191.5     0.0 19443.3    514.8   725.7   553.8
  1797  87.785  -0.002   0.004   0.000  87.778   292734.0 137696.2 18666.1     0.0 23158.1    447.5   586.7   548.9
  1798 -224.255  -0.003   0.003   0.000 -224.261   200262.2 140035.1 27357.3     0.0 13215.0    457.4   579.0   435.0
  1799 -45.902  -0.000   0.002   0.000 -45.904   236864.0 151721.6 21617.6     0.0 20850.4    493.8   559.5   585.5
  1800 -120.646   0.001   0.004   0.000 -120.649   254970.3 154204.5 29768.0     0.0 17883.4    707.1   538.9   670.9
  1801 372.515  -0.000   0.003   0.000 372.512   285672.8 142680.2 17754.7     0.0 26458.1    458.9   559.6   626.8
  1802 -17.272   0.001   0.002   0.000 -17.273   234691.2 153894.8 26637.0     0.0 13953.1    577.3   492.2   492.4
  1803 -50.637   0.002   0.005   0.000 -50.640   227329.1 158103.2 25980.9     0.0 20341.0    542.5   523.6   435.9
  1804 -47.193   0.000   0.004   0.000 -47.197   228941.1 170238.7 26039.3     0.0 16405.2    654.9   550.8   586.4
  1805 -242.539   0.001   0.004   0.000 -242.542   233274.2 156266.4 31788.5     0.0 15955.6    699.5   488.9   577.7
  1806 147.438   0.000   0.005   0.000 147.433   281052.1 170874.1 25168.8     0.0 23063.7    457.8   539.5   501.1
  1807  63.428   0.001   0.005   0.000  63.424   293840.6 150438.3 25088.4     0.0 23415.3    758.5   490.5   918.3
  1808 -113.912   0.001   0.000   0.000 -113.910   219789.0 132967.0 21505.3     0.0 11501.2    392.3   613.2   355.8
  1809 197.507   0.001   0.003   0.000 197.506   273274.1 151986.2 18088.8     0.0 24357.0    741.2   484.9   795.6
  1810  66.143  -0.001   0.004   0.000  66.138   236801.4 139012.2 21838.2     0.0 14649.7    621.3   472.4   543.2
  1811 -352.894   0.003   0.003   0.000 -352.894   157305.7 150696.2 17758.9     0.0  7462.6    353.4   581.2   342.8
  1812  15.115   0.001   0.002   0.000  15.114   254241.0 164577.5 16572.7     0.0 25916.6    517.4   528.0   722.1
  1813 210.203   0.000   0.005   0.000 210.198   296743.2 137564.1 27443.6     0.0 21706.8    744.7   538.1   904.9
  1814 356.977  -0.000   0.005   0.000 356.972   303975.1 138254.6 18067.1     0.0 14739.0    429.3   563.5   429.3
  1815   3.143  -0.002   0.006   0.000   3.135   263812.7 154474.0 44010.2     0.0 13580.3    426.5  2566.7   524.7
  1816  23.030  -0.001   0.001   0.000  23.028   301573.7 186458.4 50719.5     0.0 28933.8    480.8 27487.5   647.4
  1817 149.843   0.000   0.006   0.000 149.837   319642.4 159298.7 30740.7     0.0 23260.0   1193.7  4485.1  1424.2
  1818   0.436  -0.000   0.005   0.000   0.431   263489.7 145386.7 29210.4     0.0  5925.4   1068.4  2563.9  1005.5
  1819   2.700   0.001   0.006   0.000   2.696   243058.1 148666.0 23798.2     0.0 23094.7    643.0  1711.9   534.9
  1820 -310.865   0.001   0.000   0.000 -310.865   211041.6 140801.2 27791.1     0.0 15639.4   1107.2  1226.4   872.8

                 Carbon flux (ktC/yr)                    Water (dam3/yr)                Nitrogen (MgN/yr)
       --------------------------------------- ---------------------------------- --------------------------------
Spinup NEP     estab   harvest product NBP     transp     evap    interc  wd      nuptake ndemand  nlosses ninflux
------ ------- ------- ------- ------- ------- ---------- ------- ------- ------- ------- -------- ------- -------
  1821 -108.155   0.001   0.004   0.000 -108.158   255673.7 178942.5 44964.3     0.0 23699.0    916.9  4409.1  1171.2
  1822 324.190   0.001   0.005   0.000 324.186   321819.9 148830.3 20883.2     0.0 26197.9   1139.1  3416.8  1119.0
  1823 -78.789   0.007   0.005   0.000 -78.787   192700.3 142114.5 13685.0     0.0 -1670.7    394.0  1852.8   349.3
  1824 -583.201   0.006   0.000   0.000 -583.195   153081.2 145599.0 21052.1     0.0  8723.1    288.3  1727.8   341.3
  1825  99.439  -0.002   0.003   0.000  99.434   257098.0 135363.7 18466.5     0.0 20967.6    336.6  1722.0   480.8
  1826 330.050  -0.001   0.005   0.000 330.045   299072.9 129852.4 15145.8     0.0 24055.0    321.9  1024.2   600.1
  1827 -158.864   0.001   0.005   0.000 -158.867   200647.7 138806.9 20111.3     0.0  6979.4    545.4   955.0   642.9
  1828 -90.055   0.002   0.000   0.000 -90.054   225133.0 130966.8 16404.2     0.0 21048.2    485.2   828.3   539.1
  1829 -41.362   0.001   0.003   0.000 -41.363   247608.9 151940.0 19072.1     0.0 22338.1    791.0   704.8  1096.1
  1830 163.532  -0.000   0.005   0.000 163.526   306982.8 159128.4 20719.6     0.0 24819.0    987.1   660.1  1226.1
  1831  21.252  -0.000   0.000   0.000  21.251   270117.0 152082.5 24816.9     0.0  8292.9    600.7   697.7   559.0
  1832 202.896  -0.001   0.006   0.000 202.889   272903.0 131926.9 21770.5     0.0 26055.2    381.6   633.4   476.2
  1833 -319.710   0.001   0.003   0.000 -319.712   186889.2 119070.3 33754.7     0.0  4950.8    512.5   591.3   388.9
  1834 129.488   0.000   0.005   0.000 129.483   276176.2 157899.7 20874.9     0.0 27838.8    683.7   535.1   809.4
  1835   3.313   0.000   0.004   0.000   3.309   256116.0 157452.9 24627.2     0.0 17520.6   1035.4   512.4  1153.1
  1836 -25.801  -0.000   0.000   0.000 -25.802   249728.5 158290.7 24654.4     0.0 19787.2    706.8   507.7   690.1
  1837 -183.988   0.001   0.004   0.000 -183.991   239756.1 166385.6 41333.6     0.0  9901.3    473.9   890.1   422.7
  1838 259.327  -0.000   0.005   0.000 259.322   335566.7 148482.7 20399.2     0.0 31150.2    527.3   952.7   582.2
  1839  84.782  -0.000   0.006   0.000  84.776   258680.8 158242.5 29694.1     0.0 17123.8    756.2   717.8   620.7
  1840 -177.559  -0.000   0.004   0.000 -177.562   212072.7 148976.9 20304.9     0.0 10120.8    615.7   658.3   592.9
  1841 109.727   0.000   0.001   0.000 109.727   262666.7 145106.3 21152.3     0.0 25192.0    559.8   623.9   545.7
  1842   9.460   0.000   0.004   0.000   9.456   294361.1 165792.1 32956.5     0.0 23576.0    769.2   608.4   570.8
  1843  12.678   0.001   0.005   0.000  12.674   259072.0 138759.8 20667.0     0.0  8956.1    795.6   572.9   627.7
  1844 -96.595   0.000   0.002   0.000 -96.597   223012.4 102903.1 34142.5     0.0 16695.5    583.6   552.9   542.4
  1845 131.743   0.000   0.005   0.000 131.738   327629.2 166341.1 31984.1     0.0 32807.5    692.4   524.0   769.7

                 Carbon flux (ktC/yr)                    Water (dam3/yr)                Nitrogen (MgN/yr)
       --------------------------------------- ---------------------------------- --------------------------------
Spinup NEP     estab   harvest product NBP     transp     evap    interc  wd      nuptake ndemand  nlosses ninflux
------ ------- ------- ------- ------- ------- ---------- ------- ------- ------- ------- -------- ------- -------
  1846 237.640   0.000   0.003   0.000 237.638   269115.8 146239.4 20359.6     0.0 16991.2   1001.6   536.1  1207.7
  1847 -194.799   0.004   0.004   0.000 -194.799   192271.5 132312.6 21964.9     0.0  3678.1    483.3   507.6   325.8
  1848 -104.661   0.000   0.001   0.000 -104.662   210834.9 104352.8 27332.0     0.0 14652.2    613.7   504.8   637.1
  1849  35.696  -0.000   0.005   0.000  35.691   268803.5 159615.0 20510.0     0.0 25205.4    608.7   500.7   826.4
  1850  94.126   0.001   0.005   0.000  94.122   278147.2 138293.9 27126.3     0.0 21691.5    859.0   500.2  1004.6
  1851 217.915   0.000   0.005   0.000 217.910   300306.7 133179.2 16645.0     0.0 13149.7    729.4   504.6   834.4
  1852   6.014   0.000   0.000   0.000   6.014   243977.1 142058.7 23945.4     0.0 19087.3    635.2   462.1   677.2
  1853 -241.785   0.002   0.003   0.000 -241.786   188427.7 150642.7 18691.4     0.0 10842.5    436.1   505.4   397.2
  1854 -63.366   0.001   0.003   0.000 -63.368   245366.1 152454.9 22131.5     0.0 17711.3    570.1   558.5   592.5
  1855 -114.572   0.001   0.004   0.000 -114.575   221142.6 148636.7 18526.4     0.0 21904.9    637.6   542.0   628.7
  1856 -79.086  -0.000   0.003   0.000 -79.089   222424.6 127194.3 15482.0     0.0  9554.7    664.8   494.0   716.2
  1857  15.030  -0.000   0.001   0.000  15.029   206441.1 141519.3 16630.2     0.0 23186.1    721.7   500.1   982.5
  1858 -255.491   0.002   0.004   0.000 -255.494   201646.6 167704.0 41490.2     0.0 17353.3    983.7   459.2  1165.1
  1859   4.443   0.011   0.005   0.000   4.449   213489.3 145662.6  8941.7     0.0 12562.4    629.4   517.4   757.2
  1860 -211.081  -0.003   0.005   0.000 -211.089   186261.1 144519.8 17632.8     0.0  7541.7    378.8   787.4   473.3
  1861  23.874   0.001   0.004   0.000  23.872   234862.2 137164.6 20711.7     0.0 24962.3    506.1   703.2   681.8
  1862  26.562  -0.003   0.005   0.000  26.554   274232.0 153217.4 18551.5     0.0 23869.5    599.3   678.4   794.4
  1863 156.596  -0.001   0.000   0.000 156.594   268122.9 161102.9 21714.3     0.0 21502.0    520.3   523.7   569.5
  1864 -187.265   0.003   0.005   0.000 -187.267   230277.8 137685.9 22275.1     0.0 16285.9    367.2   645.3   360.4
  1865 -182.562  -0.002   0.002   0.000 -182.566   219292.8 176543.7 41331.8     0.0 19446.1    539.6   905.6   724.5
  1866 136.905   0.002   0.007   0.000 136.901   309779.1 134716.0 21364.6     0.0 27876.4    605.9   664.5   677.7
  1867  15.668  -0.001   0.005   0.000  15.663   269748.3 151297.5 26166.0     0.0 18352.7    693.3   690.7   577.4
  1868   5.806   0.000   0.004   0.000   5.803   227614.5 146015.5 19894.8     0.0 12454.8    398.9   600.5   367.6
  1869 306.538   0.001   0.004   0.000 306.535   288591.4 135672.2 22513.7     0.0 30331.0    416.1   575.7   547.8
  1870 -332.893   0.022   0.002   0.000 -332.873   132463.7 136772.7 13465.7     0.0 -5613.2    405.0   599.6   270.3

                 Carbon flux (ktC/yr)                    Water (dam3/yr)                Nitrogen (MgN/yr)
       --------------------------------------- ---------------------------------- --------------------------------
Spinup NEP     estab   harvest product NBP     transp     evap    interc  wd      nuptake ndemand  nlosses ninflux
------ ------- ------- ------- ------- ------- ---------- ------- ------- ------- ------- -------- ------- -------
  1871 -614.289   0.000   0.000   0.000 -614.289   124967.5 147111.5 14279.9     0.0  9493.3    212.8  1250.5   306.1
  1872  22.066  -0.002   0.002   0.000  22.062   188478.1 139239.6  5154.6     0.0 17292.4    254.1  1485.3   348.0
  1873 211.866  -0.003   0.003   0.000 211.860   219127.0 154963.9 15754.8     0.0 21109.6    339.9   564.2   496.3
  1874 135.835  -0.004   0.002   0.000 135.828   243650.3 156415.7 19523.1     0.0 19216.4    725.1   529.3  1125.0
  1875 -163.767  -0.000   0.003   0.000 -163.770   202148.0 142456.7 16035.4     0.0 15576.8    779.6   503.3   977.5
  1876 -144.043   0.002   0.003   0.000 -144.044   212016.8 137517.1 24041.2     0.0 18014.8    551.7   548.8   611.5
  1877 231.380   0.001   0.005   0.000 231.376   304610.5 133071.2 18187.3     0.0 28574.7    391.7   599.4   466.3
  1878  10.980  -0.001   0.004   0.000  10.975   235032.5 133207.9 16013.2     0.0  8171.9    614.7   559.4   682.7
  1879 -37.248  -0.000   0.005   0.000 -37.253   253015.9 158762.6 38402.8     0.0 17815.5    494.4   838.9   710.0
  1880 266.967   0.000   0.006   0.000 266.962   306475.4 157874.4 17792.9     0.0 23015.7    382.5   919.2   444.5
  1881 191.341   0.000   0.005   0.000 191.336   312665.4 177370.5 29388.0     0.0 19693.6    375.5   795.6   420.7
  1882 -49.849   0.001   0.001   0.000 -49.849   272678.1 148409.6 29448.4     0.0 10777.3    864.0   639.5   991.6
  1883 200.042   0.000   0.004   0.000 200.038   292223.6 158247.4 35094.7     0.0 22671.2   1101.4   587.7  1350.1
  1884 -222.702  -0.000   0.005   0.000 -222.707   230307.6 159082.6 27909.1     0.0 13272.7    895.6   562.5   953.7
  1885 -130.476   0.001   0.005   0.000 -130.480   263889.1 158442.1 33225.8     0.0 17643.7    877.7   564.9   865.0
  1886 306.710   0.000   0.001   0.000 306.710   328632.2 160744.8 26154.0     0.0 29395.3    581.4   582.4   601.4
  1887 246.705   0.000   0.006   0.000 246.700   254674.6 147545.6 23447.0     0.0 18080.2    544.6   599.0   580.7
  1888 -445.021   0.005   0.005   0.000 -445.020   179420.6 137254.2 29498.7     0.0  8971.3    478.4   554.4   359.2
  1889 -81.690  -0.000   0.000   0.000 -81.690   221108.5 146284.4 16641.1     0.0 20071.5    705.8   585.8   694.2
  1890  69.875  -0.001   0.004   0.000  69.870   294031.1 152913.1 20041.7     0.0 25889.4   1071.1   546.7  1248.0
  1891 483.405  -0.003   0.005   0.000 483.397   307163.2 152200.7 31583.7     0.0 14596.6    983.1   515.9  1162.4
  1892 -141.536   0.000   0.002   0.000 -141.537   220100.6 149208.3 28433.8     0.0 13645.9    487.6   497.3   492.3
  1893  -4.256   0.001   0.005   0.000  -4.259   249727.1 135810.4 28834.8     0.0 18647.2    801.5   478.0   901.6
  1894  98.231  -0.000   0.003   0.000  98.228   255293.1 142684.0 21939.7     0.0 20865.6    724.6   472.8   765.9
  1895 -188.621   0.003   0.004   0.000 -188.622   227620.0 133150.1 24614.6     0.0 16978.3    493.5   559.5   410.9

                 Carbon flux (ktC/yr)                    Water (dam3/yr)                Nitrogen (MgN/yr)
       --------------------------------------- ---------------------------------- --------------------------------
Spinup NEP     estab   harvest product NBP     transp     evap    interc  wd      nuptake ndemand  nlosses ninflux
------ ------- ------- ------- ------- ------- ---------- ------- ------- ------- ------- -------- ------- -------
  1896 -471.466   0.006   0.003   0.000 -471.463   177642.1 132906.3 22951.8     0.0  9655.6    384.6   634.8   256.6
  1897 -381.533  -0.001   0.004   0.000 -381.537   154520.1 138117.7 15297.3     0.0  5837.7    584.5   879.5   447.8
  1898 -195.651   0.002   0.003   0.000 -195.653   212243.2 155079.9 17508.6     0.0 21465.2    413.8   652.2   480.9
  1899 275.371  -0.000   0.005   0.000 275.365   266265.5 141295.0 15000.0     0.0 20660.4    486.6   589.7   747.1
  1900  36.131   0.001   0.001   0.000  36.132   260665.6 172206.9 37371.9     0.0 21111.4    440.3   606.8   711.0

                 Carbon flux (ktC/yr)                    Water (dam3/yr)                Nitrogen (MgN/yr)
       --------------------------------------- ---------------------------------- --------------------------------
Year   NEP     estab   harvest product NBP     transp     evap    interc  wd      nuptake ndemand  nlosses ninflux
------ ------- ------- ------- ------- ------- ---------- ------- ------- ------- ------- -------- ------- -------
  1901  80.668   0.012   0.004   0.000  80.675   224953.2 144864.6  9331.4     0.0 10436.5    465.0   718.2   623.4
  1902 -305.273  -0.001   0.004   0.000 -305.278   166132.3 142694.3 17107.0     0.0 12251.7    437.0  1260.1   499.9
  1903 183.330  -0.000   0.005   0.000 183.324   275908.6 141044.0 12102.1     0.0 21265.2    880.9  1402.0  1153.6
  1904  95.071  -0.003   0.005   0.000  95.063   262913.6 153479.2 33724.0     0.0 14312.5    415.5  8853.2   655.3
  1905 396.362  -0.002   0.007   0.000 396.354   375712.1 169662.2 35843.3     0.0 32662.0    470.7  4653.9   486.3
  1906  45.591  -0.001   0.004   0.000  45.586   294612.4 137211.5 27610.8     0.0 16300.0    451.9  2228.4   452.0
  1907 -127.106  -0.000   0.000   0.000 -127.107   243034.4 150622.9 30200.8     0.0 11819.9    712.3  1249.3   719.0
  1908  97.447   0.001   0.005   0.000  97.444   260445.0 132164.6 23062.0     0.0 23841.0    662.0   956.0   847.5
  1909 -587.172   0.011   0.003   0.000 -587.164   158877.8 155235.7 34769.6     0.0  3942.5    465.4   978.5   317.9
  1910 404.908  -0.004   0.003   0.000 404.902   279080.7 162369.6 19982.1     0.0 30306.7    874.9   756.0  1132.5
  1911  96.124  -0.000   0.005   0.000  96.119   254529.5 122095.5 29432.6     0.0  8134.8    842.1   708.6   860.1
  1912  76.681  -0.001   0.004   0.000  76.676   262391.6 136162.6 28728.0     0.0 24018.6    646.3   631.1   773.4
  1913 148.570  -0.003   0.005   0.000 148.563   289799.0 138459.7 34902.8     0.0 19345.3    636.7   660.1   697.6
  1914 303.646   0.000   0.006   0.000 303.641   341929.5 149767.6 27676.7     0.0 28223.1    455.9   843.8   421.6
  1915 216.438   0.000   0.004   0.000 216.434   291257.2 131404.5 19728.0     0.0  6986.9    609.0   734.6   533.1
  1916 -145.303   0.001   0.002   0.000 -145.304   242465.6 160123.1 30403.2     0.0 19594.0    746.2   635.1   746.0
  1917  79.815   0.001   0.007   0.000  79.809   268893.0 147209.4 19662.1     0.0 17922.1   1060.0   604.1  1299.2
  1918 366.193   0.000   0.001   0.000 366.192   287730.4 146971.5 20189.7     0.0 26866.6    645.2   627.7   782.9
  1919 -37.842   0.002   0.005   0.000 -37.846   211501.8 134659.2 25863.3     0.0 10001.2    775.5   548.1   471.6
  1920 -88.544   0.000   0.004   0.000 -88.548   199262.7 174038.0 25112.3     0.0 10573.0    613.5   532.9   485.1
  1921 -26.498  -0.000   0.005   0.000 -26.504   291705.6 162851.2 27875.9     0.0 27756.9   1069.2   495.0  1231.4
  1922 -46.275  -0.001   0.001   0.000 -46.277   266239.4 174818.5 47051.2     0.0 18128.7   1082.0   686.2  1271.4
  1923 379.474  -0.000   0.005   0.000 379.469   325336.5 147278.1 21953.5     0.0 27815.1    970.1   911.4   960.4
  1924 123.278  -0.000   0.005   0.000 123.272   277948.9 157390.0 31143.8     0.0 15493.5    752.6   711.1   654.4
  1925  -9.868   0.001   0.005   0.000  -9.872   239042.6 159758.6 33517.9     0.0 22293.2    590.2   651.0   394.3

                 Carbon flux (ktC/yr)                    Water (dam3/yr)                Nitrogen (MgN/yr)
       --------------------------------------- ---------------------------------- --------------------------------
Year   NEP     estab   harvest product NBP     transp     evap    interc  wd      nuptake ndemand  nlosses ninflux
------ ------- ------- ------- ------- ------- ---------- ------- ------- ------- ------- -------- ------- -------
  1926 -211.027   0.002   0.004   0.000 -211.030   213116.6 143797.5 28076.9     0.0  5851.7   1127.8   572.7   794.2
  1927 -127.188   0.001   0.002   0.000 -127.189   213087.3 147822.6 24567.5     0.0 20360.4    583.2   557.4   555.7
  1928  89.238   0.001   0.002   0.000  89.237   246001.4 140473.7 19971.1     0.0 22646.9   1213.6   521.8  1251.8
  1929 -121.128   0.000   0.004   0.000 -121.132   217289.0 141978.0 24727.2     0.0 17404.9    864.6   529.8   705.4
  1930   0.760  -0.000   0.005   0.000   0.755   250236.4 165516.1 32483.8     0.0 24069.4    655.4   646.3   542.6
  1931 -303.817  -0.003   0.001   0.000 -303.820   283551.2 158184.6 40649.2     0.0 11219.8    741.9   572.9   656.7
  1932 -17.623  -0.000   0.005   0.000 -17.628   312869.2 169326.0 44300.3     0.0 30114.5    245.4   881.9   225.6
  1933 175.905  -0.000   0.005   0.000 175.899   321744.9 164154.3 41043.2     0.0 18670.0    620.4   671.6   666.8
  1934 279.638   0.001   0.001   0.000 279.638   290080.1 146885.5 37388.6     0.0 18879.4    522.7   593.9   531.2
  1935 -89.910   0.001   0.006   0.000 -89.914   268379.2 173424.8 42209.6     0.0 21531.7   1140.6   549.2   990.9
  1936 269.875   0.001   0.005   0.000 269.870   340702.7 157545.1 30558.4     0.0 20317.9    863.8   602.7   805.3
  1937  72.582  -0.000   0.007   0.000  72.576   312596.4 168506.5 36272.8     0.0 19497.1    228.6   655.7   184.9
  1938 -29.354  -0.000   0.004   0.000 -29.358   253488.6 154506.8 28058.4     0.0 20925.0    489.3   599.5   304.8
  1939 -261.158   0.000   0.000   0.000 -261.158   213483.1 143973.6 25900.6     0.0  9548.1    923.5   573.6   622.6
  1940 -74.913   0.002   0.004   0.000 -74.915   258444.0 134917.7 17163.9     0.0 19190.3    660.0   637.0   644.3
  1941 213.840  -0.001   0.005   0.000 213.834   316577.4 180620.9 32217.8     0.0 29121.0    418.8   990.9   467.3
  1942 -270.832   0.000   0.006   0.000 -270.838   317930.7 189272.7 46143.5     0.0 23299.4    467.5  1547.8   434.5
  1943 140.857  -0.002   0.007   0.000 140.848   371980.6 173045.9 50569.7     0.0 24523.4    584.3  1014.1   404.9
  1944  -1.904  -0.000   0.006   0.000  -1.910   310278.0 206160.8 55962.0     0.0 17369.6    526.2  1093.8   438.4
  1945 -59.930   0.001   0.007   0.000 -59.936   340586.9 178873.9 85575.1     0.0 27635.1    764.9  8391.1   835.3
  1946 326.944   0.001   0.006   0.000 326.939   341977.9 150416.2 43585.6     0.0 25518.8    719.1  2577.8   537.2
  1947  11.277   0.001   0.000   0.000  11.277   251612.9 164836.3 45112.3     0.0 14855.7    960.7  1728.9   695.9
  1948  77.256   0.001   0.005   0.000  77.252   334503.0 182528.5 51578.6     0.0 30384.3   1014.4  1491.2  1042.6
  1949 -217.649   0.001   0.006   0.000 -217.654   259911.3 177746.4 74023.0     0.0 15926.0    524.1  8136.0   408.7
  1950 251.382   0.000   0.003   0.000 251.379   312998.2 163248.8 27657.8     0.0 29465.4    474.6  2555.9   274.2

                 Carbon flux (ktC/yr)                    Water (dam3/yr)                Nitrogen (MgN/yr)
       --------------------------------------- ---------------------------------- --------------------------------
Year   NEP     estab   harvest product NBP     transp     evap    interc  wd      nuptake ndemand  nlosses ninflux
------ ------- ------- ------- ------- ------- ---------- ------- ------- ------- ------- -------- ------- -------
  1951 -30.290   0.000   0.005   0.000 -30.295   298273.6 155122.4 51416.2     0.0 17777.9    906.1  1761.3   694.3
  1952 -22.053   0.000   0.003   0.000 -22.056   265400.5 174489.8 48942.0     0.0 21743.7    453.1  2811.3   329.4
  1953 291.696  -0.000   0.003   0.000 291.693   360888.2 156206.3 33852.0     0.0 29326.5    904.0  2175.2   678.4
  1954 -182.579   0.001   0.006   0.000 -182.583   286535.2 169318.5 47572.9     0.0 15719.3    533.6  1647.8   332.4
  1955 152.787  -0.001   0.003   0.000 152.783   327324.4 170615.4 63840.3     0.0 32033.1    615.8  1547.2   410.4
  1956  72.287   0.000   0.003   0.000  72.284   288363.7 160855.2 51523.4     0.0 15159.9    562.4  2751.3   592.4
  1957 125.573   0.002   0.005   0.000 125.569   294206.8 173417.4 35086.7     0.0 23383.4    692.0  2032.9   556.7
  1958 267.089   0.000   0.006   0.000 267.084   348880.1 162677.4 41080.0     0.0 33265.9    871.3  1531.0   595.1
  1959 -224.369  -0.003   0.000   0.000 -224.371   213884.9 165700.6 42860.1     0.0  7567.0    546.9  1493.2   376.2
  1960 174.880   0.004   0.005   0.000 174.879   333069.6 175305.3 43831.1     0.0 29252.5    369.1  1461.2   318.3
  1961 209.815   0.002   0.005   0.000 209.812   342065.0 155855.0 51153.8     0.0 25063.9    519.2  1224.8   461.3
  1962 -12.176  -0.001   0.006   0.000 -12.183   304015.1 176885.8 52645.8     0.0 21196.4    425.2  1073.2   429.6
  1963  96.825   0.001   0.007   0.000  96.819   322880.7 168616.9 53342.5     0.0 28747.5    900.0   924.7   881.1
  1964  77.671   0.001   0.001   0.000  77.671   237656.2 164103.8 43034.9     0.0 14095.1    545.8   857.0   343.8
  1965 -51.547   0.002   0.004   0.000 -51.549   264338.6 171761.5 47131.9     0.0 12751.0    683.8   801.2   704.6
  1966 -94.512   0.001   0.005   0.000 -94.516   236889.6 163108.2 34020.8     0.0 17601.6    553.8   751.9   586.1
  1967 -39.173   0.001   0.001   0.000 -39.173   248773.9 180405.2 49070.1     0.0 22794.9    871.2   711.9  1068.1
  1968 295.002   0.001   0.005   0.000 294.997   264698.3 156059.9 19651.5     0.0 27325.7   1089.6   678.5  1043.5
  1969 -379.201  -0.000   0.005   0.000 -379.206   209755.9 171721.4 68090.6     0.0 12852.6    494.3  1700.7   360.9
  1970 244.469  -0.002   0.004   0.000 244.463   351481.2 181546.9 49659.3     0.0 26386.1    628.5  1785.4   625.3
  1971 -33.956  -0.001   0.006   0.000 -33.963   311793.9 177683.7 56964.2     0.0 24046.0    471.9  4130.1   475.2
  1972 270.027   0.000   0.003   0.000 270.024   273098.4 160147.6 22495.2     0.0 17648.8    316.4  2456.9   396.8
  1973 -86.659   0.002   0.006   0.000 -86.663   234125.6 156694.6 31127.8     0.0 23260.6    741.2  1642.9   605.4
  1974 -46.054  -0.001   0.002   0.000 -46.058   262969.6 187344.4 58805.6     0.0 25319.3    854.6  1689.6   910.4
  1975 377.146   0.002   0.006   0.000 377.142   344526.4 168617.5 33351.2     0.0 34171.3   1732.6  1527.0  1808.4

                 Carbon flux (ktC/yr)                    Water (dam3/yr)                Nitrogen (MgN/yr)
       --------------------------------------- ---------------------------------- --------------------------------
Year   NEP     estab   harvest product NBP     transp     evap    interc  wd      nuptake ndemand  nlosses ninflux
------ ------- ------- ------- ------- ------- ---------- ------- ------- ------- ------- -------- ------- -------
  1976 -33.558  -0.000   0.005   0.000 -33.563   270907.5 161791.1 27051.0     0.0 12906.8    807.7   975.6   556.1
  1977 240.557  -0.001   0.006   0.000 240.550   339998.0 158793.1 33772.5     0.0 31819.5    720.7   841.2   740.6
  1978  58.983  -0.001   0.001   0.000  58.982   237558.5 174437.2 53203.0     0.0 15287.9    814.9   781.0   704.3
  1979  36.205   0.002   0.005   0.000  36.202   296467.9 171900.1 43668.5     0.0 22321.0    615.0   757.1   630.1
  1980 298.731  -0.000   0.005   0.000 298.725   330232.9 174717.1 49355.3     0.0 22010.8    749.5   749.5   744.6
  1981  48.198   0.000   0.007   0.000  48.191   368178.3 197321.6 89399.7     0.0 37576.7    463.0  1096.1   498.7
  1982 237.817  -0.000   0.007   0.000 237.810   342963.2 161585.2 47047.6     0.0 22617.3    295.5  1028.3   404.3
  1983 169.568   0.001   0.006   0.000 169.563   297225.5 174751.5 56296.4     0.0 26768.5    595.6   823.3   542.1
  1984  29.992   0.001   0.003   0.000  29.990   281705.4 183701.6 63836.9     0.0 27295.6    875.3   797.7   780.8
  1985 105.098   0.001   0.004   0.000 105.095   301194.8 197477.0 62861.5     0.0 24244.7    823.8   717.4   833.3
  1986 202.041   0.000   0.006   0.000 202.036   243498.2 170143.9 28222.1     0.0 22845.0    587.6   685.8   497.9
  1987 -260.379   0.001   0.005   0.000 -260.384   212249.7 152362.0 25287.4     0.0 10223.0    872.4   663.7   707.3
  1988  29.763   0.000   0.007   0.000  29.756   327082.7 174643.4 48369.3     0.0 37695.7   1075.7   847.6  1247.8
  1989 187.706  -0.000   0.006   0.000 187.700   392939.7 172434.3 51380.2     0.0 17377.5    623.5   781.1   639.5
  1990  99.273  -0.001   0.006   0.000  99.265   322871.6 181445.3 60169.9     0.0 24095.6    275.6   914.8   353.5
  1991 -56.246   0.000   0.001   0.000 -56.247   313523.6 195931.4 46376.0     0.0 28959.6    555.4   739.3   611.7
  1992 395.676   0.001   0.006   0.000 395.671   276363.4 159195.1 29676.9     0.0 19563.6    988.6   714.0  1127.7
  1993 -160.186   0.001   0.005   0.000 -160.189   194227.7 169485.6 38311.0     0.0 13793.8    355.6   711.0   377.3
  1994 -60.128   0.001   0.007   0.000 -60.135   325007.8 169008.0 50690.6     0.0 38773.8   1241.7   739.6  1437.6
  1995 -87.205   0.005   0.007   0.000 -87.206   277134.8 185237.7 49702.7     0.0 18499.5   1334.2   937.3  1448.1
  1996 -16.825  -0.003   0.007   0.000 -16.835   318769.3 191737.8 64025.1     0.0 27498.1    963.3  1387.9  1025.4
  1997  68.542   0.001   0.006   0.000  68.537   337810.6 190937.9 51321.3     0.0 27231.1   1360.3  1351.5  1307.2
  1998  27.967  -0.001   0.005   0.000  27.961   359821.9 162892.3 50771.9     0.0 26279.5   1772.3  1283.6  1561.6
  1999  -4.692  -0.001   0.004   0.000  -4.697   241766.9 154855.9 38738.1     0.0 12399.2    562.7  1061.1   586.9
  2000 -145.069   0.001   0.005   0.000 -145.073   253830.1 184115.8 55266.8     0.0 23005.3    615.4  1154.7   726.1

                 Carbon flux (ktC/yr)                    Water (dam3/yr)                Nitrogen (MgN/yr)
       --------------------------------------- ---------------------------------- --------------------------------
Year   NEP     estab   harvest product NBP     transp     evap    interc  wd      nuptake ndemand  nlosses ninflux
------ ------- ------- ------- ------- ------- ---------- ------- ------- ------- ------- -------- ------- -------
  2001 -52.566   0.001   0.006   0.000 -52.570   288315.4 174880.0 36603.2     0.0 29857.5    727.8  1114.7   821.5
  2002  29.306  -0.000   0.003   0.000  29.303   345705.2 201529.2 73134.8     0.0 16041.2    669.3  1366.7   780.7
  2003 337.000  -0.001   0.007   0.000 336.992   355856.1 182188.4 53982.3     0.0 27424.6    525.0  1261.5   613.6
  2004 242.715  -0.001   0.005   0.000 242.710   261276.6 153167.9 37329.5     0.0 19932.7    433.9  1114.9   489.1
  2005 -229.513   0.001   0.000   0.000 -229.513   245472.2 178968.3 46607.1     0.0 13520.5    940.2  1053.7  1127.7
  2006 224.247   0.001   0.006   0.000 224.243   351503.7 163154.9 51047.6     0.0 44130.8   1395.5  1053.9  1173.3
  2007 -290.919   0.001   0.005   0.000 -290.923   199657.1 145397.2 38415.8     0.0  4289.8    616.6  1054.1   503.6
  2008 -202.939  -0.001   0.001   0.000 -202.941   234616.5 192593.0 46521.8     0.0 16007.1    711.0  1095.4   874.7
  2009 196.714  -0.000   0.009   0.000 196.705   361371.6 178676.7 62001.0     0.0 37191.2   1068.9  1016.3  1290.0
  2010 325.446   0.000   0.007   0.000 325.440   380335.4 163536.7 54766.5     0.0 27221.4   1551.9   982.5  1648.6
  2011  85.583  -0.001   0.007   0.000  85.576   335711.4 172273.3 63417.3     0.0 23267.3   1232.6   978.1  1322.1
  2012 248.205  -0.001   0.006   0.000 248.198   354171.4 163389.7 66384.9     0.0 31218.4   1530.6  1112.0  1367.5
  2013  12.204   0.000   0.007   0.000  12.197   390213.8 178406.5 67957.9     0.0 13149.6   1473.6  1006.7  1458.4
  2014  81.134   0.000   0.007   0.000  81.127   314955.8 187117.0 69347.8     0.0 31373.6    611.0  1182.6   615.8
  2015 -125.528   0.001   0.007   0.000 -125.534   329201.8 180142.7 80882.5     0.0 32958.7   1019.5  3168.8  1110.0
  2016 103.277   0.000   0.007   0.000 103.270   418021.4 209640.0 86945.7     0.0 33936.8   1126.5  1558.6   800.7
  2017 254.397  -0.000   0.007   0.000 254.389   390020.2 184546.5 87444.2     0.0 17826.3   1345.2  1314.8  1129.6
  2018  56.324   0.000   0.007   0.000  56.317   294753.0 173382.6 95372.3     0.0 25367.5    280.5  1251.7   463.5
  2019 222.177   0.001   0.008   0.000 222.170   384139.6 177107.7 99191.2     0.0 32416.8   1802.0  1239.7  1949.5
Simulation ended.
lpjml successfully terminated, 63 grid cells processed.
Wall clock time:	527 sec, 0.028 sec/cell/year.
Total wall clock time:	534 sec (00:08:54).
