--------------------------------------
Running config: /home/druijsch/LPJmL5/dev15oct2025/config_files/2026_04_08_run_for_10_locations/boreal_needleleaved_summergreen_tree/spinup/configs/boreal_needleleaved_summergreen_tree_patch10_config_restart_MM.cjson
SLURM task ID: 3
Node: tcn32.local.snellius.surf.nl
--------------------------------------
******************************************************************************
****        _     ____     _           _       ____        _  ___         ****
****       | |   |  _ \   | |_ __ ___ | |     | ___|      / |/ _ \        ****
****       | |   | |_) |  | | '_ ` _ \| |     |___ \      | | | | |       ****
****       | |___|  __/ |_| | | | | | | |___   ___) |  _  | | |_| |       ****
****       |_____|_|   \___/|_| |_| |_|_____| |____/  (_) |_|\___/        ****
****                                                                      ****
****                 lpjml C Version 5.10.1 (Apr 14 2026)                 ****
****    Dynamic global vegetation model with natural and managed land     ****
****                     Compiled for Linux with MPI                      ****
****       (C) Potsdam Institute for Climate Impact Research (PIK),       ****
****                          see COPYRIGHT file                          ****
****              Authors, and contributors see AUTHORS file              ****
**** This version of LPJmL is licensed under GNU AGPL Version 3 or later  ****
****        See LICENSE file or go to http://www.gnu.org/licenses/        ****
****                 or invoke lpjml -l to print license                  ****
****      https://gitlab.pik-potsdam.de/lpjml/wur_team/lpjml-wur.git      ****
****          GIT hash: 5e6f8e1bb5c5d5f3357da68b6c43e9517864f3c2          ****
****                                                                      ****
******************************************************************************

Running for user druijsch on tcn32.local.snellius.surf.nl at Wed Apr 15 09:25:28 2026
Reading configuration from '/home/druijsch/LPJmL5/dev15oct2025/config_files/2026_04_08_run_for_10_locations/boreal_needleleaved_summergreen_tree/spinup/configs/boreal_needleleaved_summergreen_tree_patch10_config_restart_MM.cjson'.
==============================================================================
/----------------------------------------------------------\
|institution: Potsdam Institute for Climate Impact Research|
|contact:                                                  |
|comment:                                                  |
\----------------------------------------------------------/
Simulation "LPJmL Run" running on 50 tasks
Simulation with shuffle spinup climate, nitrogen limitation, permafrost, 
Johansen conductivity, with monthly mortality, percolation heattransfer, 
GSI phenology, NPP controlled BNF, land use, potential irrigation, 
others to crop "maize" and "temperate cereals", land-use change timber, 
fixed residue remove, with auto fertilizer, pft.cjson LAImax, 
livestock grazing, bondau2007 crop PHU option, separate harvests.
Cultivation types: none, biomass, annual crop
Working directory: /gpfs/home5/druijsch
cpp processed configuration file written to `/projects/prjs2023/chapter3/lpjml_output/2026_04_08_run_for_10_locations/boreal_needleleaved_summergreen_tree/patch_10/`.
Starting from restart file '/home/druijsch/LPJmL5/dev15oct2025/restart/2026_04_08_run_for_10_locations/boreal_needleleaved_summergreen_tree/patch_10/restart_1901_nv_stdfire.lpj'.
Input files:
Variable     Fmt  Varname  Filename
------------ ---- -------- ---------------------------------------------------
soil         cdf  soilcode /projects/prjs2023/chapter3/lpjml_input/run_for_10_locations/boreal_needleleaved_summergreen_tree/patch_10/soil.nc
temp         cdf  tas      /projects/prjs2023/chapter3/lpjml_input/run_for_10_locations/boreal_needleleaved_summergreen_tree/patch_10/temp.nc
prec         cdf  pr       /projects/prjs2023/chapter3/lpjml_input/run_for_10_locations/boreal_needleleaved_summergreen_tree/patch_10/prec.nc
lwdown       cdf  rlds     /projects/prjs2023/chapter3/lpjml_input/run_for_10_locations/boreal_needleleaved_summergreen_tree/patch_10/lwdown.nc
swdown       cdf  rsds     /projects/prjs2023/chapter3/lpjml_input/run_for_10_locations/boreal_needleleaved_summergreen_tree/patch_10/swdown.nc
no3_depo     cdf  noy      /projects/prjs2023/chapter3/lpjml_input/ndep-noy_histsoc_monthly_1901_2021_units.nc
nh4_depo     cdf  nhx      /projects/prjs2023/chapter3/lpjml_input/ndep-nhx_histsoc_monthly_1901_2021_units.nc
soilpH       cdf  soil_ph  /projects/prjs2023/chapter3/lpjml_input/hwsd_soil_data_all_land_oceanfilled.nc
co2          txt           /projects/prjs2023/chapter3/lpjml_input/co2_1832-2023.dat
windspeed    cdf  sfcwind  /projects/prjs2023/chapter3/lpjml_input/run_for_10_locations/boreal_needleleaved_summergreen_tree/patch_10/wind.nc
countries    cdf  country  /projects/prjs2023/chapter3/lpjml_input/regridded_cow_full_2018_5min_reduced_filled.nc
landuse      cdf  CFTfrac  /projects/prjs2023/chapter3/lpjml_input/MAPSPAM_2020_crops_filled_ESA_01deg_v7.nc
------------ ---- -------- ---------------------------------------------------
Writing restart file '/home/druijsch/LPJmL5/dev15oct2025/restart/2026_04_08_run_for_10_locations/boreal_needleleaved_summergreen_tree/patch_10/restart_1960_crop_stdfire.lpj' after year 1960.
Reading random seeds from restart file.
Number of output files:       65
Output written in year:       1901
Byte order in output files:   little endian

Compression level for NetCDF: 3
Missing value in NetCDF:      -1e+32
Base year in NetCDF:          1901
NetCDF grid:                  local
Variable            Fmt  Unit        Type   tstep nbd Filename
------------------- ---- ----------- ------ ----- --- -------------------------
albedo              cdf  -           float  month   1 /projects/prjs2023/chapter3/lpjml_output/2026_04_08_run_for_10_locations/boreal_needleleaved_summergreen_tree/patch_10/output/malbedo.nc + .json
cftfrac             cdf  -           float  year   32 /projects/prjs2023/chapter3/lpjml_output/2026_04_08_run_for_10_locations/boreal_needleleaved_summergreen_tree/patch_10/output/cftfrac.nc + .json
discharge           cdf  hm3/day     float  month   1 /projects/prjs2023/chapter3/lpjml_output/2026_04_08_run_for_10_locations/boreal_needleleaved_summergreen_tree/patch_10/output/mdischarge.nc + .json
evap                cdf  mm/month    float  month   1 /projects/prjs2023/chapter3/lpjml_output/2026_04_08_run_for_10_locations/boreal_needleleaved_summergreen_tree/patch_10/output/mevap.nc + .json
fapar               cdf  -           float  month   1 /projects/prjs2023/chapter3/lpjml_output/2026_04_08_run_for_10_locations/boreal_needleleaved_summergreen_tree/patch_10/output/mfapar.nc + .json
firec               cdf  gC/m2/yr    float  year    1 /projects/prjs2023/chapter3/lpjml_output/2026_04_08_run_for_10_locations/boreal_needleleaved_summergreen_tree/patch_10/output/firec.nc + .json
firef               cdf  1           float  year    1 /projects/prjs2023/chapter3/lpjml_output/2026_04_08_run_for_10_locations/boreal_needleleaved_summergreen_tree/patch_10/output/firef.nc + .json
flux_estabc         cdf  gC/m2/yr    float  year    1 /projects/prjs2023/chapter3/lpjml_output/2026_04_08_run_for_10_locations/boreal_needleleaved_summergreen_tree/patch_10/output/flux_estab.nc + .json
fpc                 cdf  -           float  month  12 /projects/prjs2023/chapter3/lpjml_output/2026_04_08_run_for_10_locations/boreal_needleleaved_summergreen_tree/patch_10/output/fpc.nc + .json
globalflux          txt  -           float  year    1 /projects/prjs2023/chapter3/lpjml_output/2026_04_08_run_for_10_locations/boreal_needleleaved_summergreen_tree/patch_10/output/globalflux.csv + .json
gpp                 cdf  gC/m2/month float  month   1 /projects/prjs2023/chapter3/lpjml_output/2026_04_08_run_for_10_locations/boreal_needleleaved_summergreen_tree/patch_10/output/mgpp.nc + .json
litc                cdf  gC/m2       float  year    1 /projects/prjs2023/chapter3/lpjml_output/2026_04_08_run_for_10_locations/boreal_needleleaved_summergreen_tree/patch_10/output/litc.nc + .json
litn                cdf  gN/m2       float  year    1 /projects/prjs2023/chapter3/lpjml_output/2026_04_08_run_for_10_locations/boreal_needleleaved_summergreen_tree/patch_10/output/litn.nc + .json
npp                 cdf  gC/m2/month float  month   1 /projects/prjs2023/chapter3/lpjml_output/2026_04_08_run_for_10_locations/boreal_needleleaved_summergreen_tree/patch_10/output/mnpp.nc + .json
nuptake             cdf  gN/m2/month float  month   1 /projects/prjs2023/chapter3/lpjml_output/2026_04_08_run_for_10_locations/boreal_needleleaved_summergreen_tree/patch_10/output/mnuptake.nc + .json
pet                 cdf  mm/month    float  month   1 /projects/prjs2023/chapter3/lpjml_output/2026_04_08_run_for_10_locations/boreal_needleleaved_summergreen_tree/patch_10/output/mpet.nc + .json
pft_chawo           cdf  gC/m2       float  year   43 /projects/prjs2023/chapter3/lpjml_output/2026_04_08_run_for_10_locations/boreal_needleleaved_summergreen_tree/patch_10/output/pft_chawo.nc + .json
pft_cleaf           cdf  gC/m2       float  year   43 /projects/prjs2023/chapter3/lpjml_output/2026_04_08_run_for_10_locations/boreal_needleleaved_summergreen_tree/patch_10/output/pft_cleaf.nc + .json
pft_croot           cdf  gC/m2       float  year   43 /projects/prjs2023/chapter3/lpjml_output/2026_04_08_run_for_10_locations/boreal_needleleaved_summergreen_tree/patch_10/output/pft_croot.nc + .json
pft_csapw           cdf  gC/m2       float  year   43 /projects/prjs2023/chapter3/lpjml_output/2026_04_08_run_for_10_locations/boreal_needleleaved_summergreen_tree/patch_10/output/pft_csapw.nc + .json
pft_fpar            cdf  -           float  month  43 /projects/prjs2023/chapter3/lpjml_output/2026_04_08_run_for_10_locations/boreal_needleleaved_summergreen_tree/patch_10/output/pft_fpar.nc + .json
pft_gpp             cdf  gC/m2/month float  month  43 /projects/prjs2023/chapter3/lpjml_output/2026_04_08_run_for_10_locations/boreal_needleleaved_summergreen_tree/patch_10/output/pft_gpp.nc + .json
pft_laimax          cdf  m2/m2       float  year   43 /projects/prjs2023/chapter3/lpjml_output/2026_04_08_run_for_10_locations/boreal_needleleaved_summergreen_tree/patch_10/output/pft_laimax.nc + .json
pft_mort            cdf  1/month     float  month  11 /projects/prjs2023/chapter3/lpjml_output/2026_04_08_run_for_10_locations/boreal_needleleaved_summergreen_tree/patch_10/output/pft_mort.nc + .json
pft_mort_background cdf  1/month     float  month  11 /projects/prjs2023/chapter3/lpjml_output/2026_04_08_run_for_10_locations/boreal_needleleaved_summergreen_tree/patch_10/output/pft_mort_background.nc + .json
pft_mort_drought    cdf  1/month     float  month  11 /projects/prjs2023/chapter3/lpjml_output/2026_04_08_run_for_10_locations/boreal_needleleaved_summergreen_tree/patch_10/output/pft_mort_drought.nc + .json
pft_mort_heat       cdf  1/month     float  month  11 /projects/prjs2023/chapter3/lpjml_output/2026_04_08_run_for_10_locations/boreal_needleleaved_summergreen_tree/patch_10/output/pft_mort_heat.nc + .json
pft_nind            cdf  ind/m²     float  month  11 /projects/prjs2023/chapter3/lpjml_output/2026_04_08_run_for_10_locations/boreal_needleleaved_summergreen_tree/patch_10/output/pft_nind.nc + .json
pft_nleaf           cdf  gN/m2       float  year   43 /projects/prjs2023/chapter3/lpjml_output/2026_04_08_run_for_10_locations/boreal_needleleaved_summergreen_tree/patch_10/output/pft_nleaf.nc + .json
pft_npp             cdf  gC/m2/yr    float  year   43 /projects/prjs2023/chapter3/lpjml_output/2026_04_08_run_for_10_locations/boreal_needleleaved_summergreen_tree/patch_10/output/pft_npp.nc + .json
pft_nroot           cdf  gN/m2       float  year   43 /projects/prjs2023/chapter3/lpjml_output/2026_04_08_run_for_10_locations/boreal_needleleaved_summergreen_tree/patch_10/output/pft_nroot.nc + .json
pft_nuptake         cdf  gN/m2/yr    float  year   43 /projects/prjs2023/chapter3/lpjml_output/2026_04_08_run_for_10_locations/boreal_needleleaved_summergreen_tree/patch_10/output/pft_nuptake.nc + .json
pft_phen            cdf  -           float  month  43 /projects/prjs2023/chapter3/lpjml_output/2026_04_08_run_for_10_locations/boreal_needleleaved_summergreen_tree/patch_10/output/pft_phen.nc + .json
pft_survive_frac    cdf  -           float  month  43 /projects/prjs2023/chapter3/lpjml_output/2026_04_08_run_for_10_locations/boreal_needleleaved_summergreen_tree/patch_10/output/pft_survive_frac.nc + .json
pft_vegc            cdf  gC/m2       float  year   43 /projects/prjs2023/chapter3/lpjml_output/2026_04_08_run_for_10_locations/boreal_needleleaved_summergreen_tree/patch_10/output/pft_vegc.nc + .json
pft_vegn            cdf  gN/m2       float  year   43 /projects/prjs2023/chapter3/lpjml_output/2026_04_08_run_for_10_locations/boreal_needleleaved_summergreen_tree/patch_10/output/pft_vegn.nc + .json
pft_water_demand    cdf  mm/yr       float  year   43 /projects/prjs2023/chapter3/lpjml_output/2026_04_08_run_for_10_locations/boreal_needleleaved_summergreen_tree/patch_10/output/pft_water_demand.nc + .json
phen_light          cdf  -           float  month   1 /projects/prjs2023/chapter3/lpjml_output/2026_04_08_run_for_10_locations/boreal_needleleaved_summergreen_tree/patch_10/output/mphen_light.nc + .json
phen_tmax           cdf  -           float  month   1 /projects/prjs2023/chapter3/lpjml_output/2026_04_08_run_for_10_locations/boreal_needleleaved_summergreen_tree/patch_10/output/mphen_tmax.nc + .json
phen_tmin           cdf  -           float  month   1 /projects/prjs2023/chapter3/lpjml_output/2026_04_08_run_for_10_locations/boreal_needleleaved_summergreen_tree/patch_10/output/mphen_tmin.nc + .json
phen_water          cdf  -           float  month   1 /projects/prjs2023/chapter3/lpjml_output/2026_04_08_run_for_10_locations/boreal_needleleaved_summergreen_tree/patch_10/output/mphen_water.nc + .json
rd                  cdf  gC/m2/month float  month   1 /projects/prjs2023/chapter3/lpjml_output/2026_04_08_run_for_10_locations/boreal_needleleaved_summergreen_tree/patch_10/output/rd.nc + .json
rh                  cdf  gC/m2/month float  month   1 /projects/prjs2023/chapter3/lpjml_output/2026_04_08_run_for_10_locations/boreal_needleleaved_summergreen_tree/patch_10/output/mrh.nc + .json
runoff              cdf  mm/month    float  month   1 /projects/prjs2023/chapter3/lpjml_output/2026_04_08_run_for_10_locations/boreal_needleleaved_summergreen_tree/patch_10/output/mrunoff.nc + .json
soilc               cdf  gC/m2       float  year    1 /projects/prjs2023/chapter3/lpjml_output/2026_04_08_run_for_10_locations/boreal_needleleaved_summergreen_tree/patch_10/output/soilc.nc + .json
soilc_layer         cdf  gC/m2       float  year    5 /projects/prjs2023/chapter3/lpjml_output/2026_04_08_run_for_10_locations/boreal_needleleaved_summergreen_tree/patch_10/output/soilc_layer.nc + .json
soiln               cdf  gN/m2       float  year    1 /projects/prjs2023/chapter3/lpjml_output/2026_04_08_run_for_10_locations/boreal_needleleaved_summergreen_tree/patch_10/output/soiln.nc + .json
soiln_layer         cdf  gN/m2       float  year    5 /projects/prjs2023/chapter3/lpjml_output/2026_04_08_run_for_10_locations/boreal_needleleaved_summergreen_tree/patch_10/output/soiln_layer.nc + .json
soilnh4             cdf  gN/m2       float  year    1 /projects/prjs2023/chapter3/lpjml_output/2026_04_08_run_for_10_locations/boreal_needleleaved_summergreen_tree/patch_10/output/soilnh4.nc + .json
soilnh4_layer       cdf  gN/m2       float  year    5 /projects/prjs2023/chapter3/lpjml_output/2026_04_08_run_for_10_locations/boreal_needleleaved_summergreen_tree/patch_10/output/soilnh4_layer.nc + .json
soilno3             cdf  gN/m2       float  year    1 /projects/prjs2023/chapter3/lpjml_output/2026_04_08_run_for_10_locations/boreal_needleleaved_summergreen_tree/patch_10/output/soilno3.nc + .json
soilno3_layer       cdf  gN/m2       float  year    5 /projects/prjs2023/chapter3/lpjml_output/2026_04_08_run_for_10_locations/boreal_needleleaved_summergreen_tree/patch_10/output/soilno3_layer.nc + .json
soiltemp1           cdf  Celsius     float  month   1 /projects/prjs2023/chapter3/lpjml_output/2026_04_08_run_for_10_locations/boreal_needleleaved_summergreen_tree/patch_10/output/msoiltemp1.nc + .json
soiltemp2           cdf  Celsius     float  month   1 /projects/prjs2023/chapter3/lpjml_output/2026_04_08_run_for_10_locations/boreal_needleleaved_summergreen_tree/patch_10/output/msoiltemp2.nc + .json
soiltemp3           cdf  Celsius     float  month   1 /projects/prjs2023/chapter3/lpjml_output/2026_04_08_run_for_10_locations/boreal_needleleaved_summergreen_tree/patch_10/output/msoiltemp3.nc + .json
swc1                cdf  1           float  month   1 /projects/prjs2023/chapter3/lpjml_output/2026_04_08_run_for_10_locations/boreal_needleleaved_summergreen_tree/patch_10/output/mswc1.nc + .json
swc2                cdf  1           float  month   1 /projects/prjs2023/chapter3/lpjml_output/2026_04_08_run_for_10_locations/boreal_needleleaved_summergreen_tree/patch_10/output/mswc2.nc + .json
swc3                cdf  1           float  month   1 /projects/prjs2023/chapter3/lpjml_output/2026_04_08_run_for_10_locations/boreal_needleleaved_summergreen_tree/patch_10/output/mswc3.nc + .json
swc4                cdf  1           float  month   1 /projects/prjs2023/chapter3/lpjml_output/2026_04_08_run_for_10_locations/boreal_needleleaved_summergreen_tree/patch_10/output/mswc4.nc + .json
swc5                cdf  1           float  month   1 /projects/prjs2023/chapter3/lpjml_output/2026_04_08_run_for_10_locations/boreal_needleleaved_summergreen_tree/patch_10/output/mswc5.nc + .json
transp              cdf  mm/month    float  month   1 /projects/prjs2023/chapter3/lpjml_output/2026_04_08_run_for_10_locations/boreal_needleleaved_summergreen_tree/patch_10/output/mtransp.nc + .json
vegc                cdf  gC/m2       float  year    1 /projects/prjs2023/chapter3/lpjml_output/2026_04_08_run_for_10_locations/boreal_needleleaved_summergreen_tree/patch_10/output/vegc.nc + .json
vegn                cdf  gN/m2       float  year    1 /projects/prjs2023/chapter3/lpjml_output/2026_04_08_run_for_10_locations/boreal_needleleaved_summergreen_tree/patch_10/output/vegn.nc + .json
wateramount         cdf  hm3         float  month   1 /projects/prjs2023/chapter3/lpjml_output/2026_04_08_run_for_10_locations/boreal_needleleaved_summergreen_tree/patch_10/output/mwateramount.nc + .json
wscal               cdf  -           float  month   1 /projects/prjs2023/chapter3/lpjml_output/2026_04_08_run_for_10_locations/boreal_needleleaved_summergreen_tree/patch_10/output/wscal.nc + .json
------------------- ---- ----------- ------ ----- --- -------------------------
Spinup years:                   180
Cycle length during spinup:      30
First year:                    1901
Last year:                     2019
Number of grid cells:            63
==============================================================================
Memory allocated for output: 7,096 bytes/cell
Simulation begins...
Spinup using climate starting from year 1901

                 Carbon flux (ktC/yr)                    Water (dam3/yr)                Nitrogen (MgN/yr)
       --------------------------------------- ---------------------------------- --------------------------------
Spinup NEP     estab   harvest product NBP     transp     evap    interc  wd      nuptake ndemand  nlosses ninflux
------ ------- ------- ------- ------- ------- ---------- ------- ------- ------- ------- -------- ------- -------
  1721 -334.023   0.002   0.040   0.000 -334.061   223887.5 167597.3 27262.1     0.0 19719.8    508.2   620.2   452.1
  1722 -232.679   0.004   0.052   0.000 -232.727   254782.9 173583.0 44128.3     0.0 25027.9    965.4  4443.5   876.2
  1723  10.262   0.004   0.053   0.000  10.212   277325.2 165650.5 35637.6     0.0 16280.7    970.1  1445.6   864.5
  1724  44.687   0.003   0.052   0.000  44.638   294222.9 145917.8 16034.1     0.0 24888.5    734.5  2348.2   761.9
  1725 154.594   0.004   0.045   0.000 154.554   303026.1 141153.2 29344.7     0.0 19778.9   1292.4   859.2   938.7
  1726 -111.745   0.004   0.052   0.000 -111.793   281938.8 171619.9 56270.0     0.0 20937.8   2049.7  5557.7  1083.0
  1727  51.798   0.005   0.070   0.000  51.734   307548.2 160644.2 37724.7     0.0 17941.3   1313.1   833.9  1072.4
  1728 -295.112   0.005   0.047   0.000 -295.154   291681.1 171115.2 37577.6     0.0 22699.7   1473.3   707.0  1420.0
  1729 135.186   0.004   0.048   0.000 135.142   304391.4 155537.8 26401.9     0.0 15078.8   2865.8   583.4  1251.9
  1730 -267.086   0.004   0.026   0.000 -267.108   241127.8 158884.4 44090.9     0.0  5446.8    879.2   844.8   656.4
  1731 243.107   0.005   0.068   0.000 243.043   314529.6 151573.2 30020.2     0.0 28356.3    666.5   809.1   637.7
  1732  36.642   0.005   0.032   0.000  36.615   239570.5 139603.2 29388.4     0.0 10517.4    862.9   668.0   626.8
  1733 -16.423   0.004   0.052   0.000 -16.471   322290.4 177263.3 58529.9     0.0 25153.8   1313.6   590.7  1213.8
  1734  99.126   0.004   0.040   0.000  99.090   272685.5 138833.9 27806.2     0.0  9749.1    710.5   573.0   401.7
  1735 -180.107   0.005   0.029   0.000 -180.131   219865.1 147908.9 31029.3     0.0 13945.8    543.8   575.8   457.1
  1736 -31.713   0.005   0.057   0.000 -31.766   272289.7 143312.4 22357.1     0.0 18960.8    955.5   488.4   931.5
  1737  84.598   0.004   0.050   0.000  84.552   298323.8 164295.5 33455.1     0.0 19641.2    578.2   514.9   618.5
  1738 -255.397   0.005   0.029   0.000 -255.421   250243.0 150085.4 42472.6     0.0 18356.7   1393.7  1840.4  1286.8
  1739 -28.783   0.004   0.059   0.000 -28.837   324812.8 156100.1 35203.1     0.0 26940.8   2511.9   655.8  1141.1
  1740 -84.470   0.004   0.036   0.000 -84.502   288643.6 167057.6 41600.9     0.0 11237.3    962.7  4395.0   756.3
  1741 278.931   0.005   0.054   0.000 278.882   302668.3 134323.5 27105.4     0.0 18115.0    662.6   816.5   391.9
  1742 -51.764   0.005   0.044   0.000 -51.803   252146.5 145563.0 40164.5     0.0 17880.4    738.9   668.4   779.4
  1743 -123.090   0.006   0.024   0.000 -123.108   219955.7 137796.7 25921.5     0.0  9744.7    884.5   650.4   530.5
  1744 -11.800   0.003   0.057   0.000 -11.854   307977.9 172462.8 52185.9     0.0 23980.4   1255.1   558.1  1202.2
  1745 -46.624   0.002   0.051   0.000 -46.672   305956.8 166718.8 36733.6     0.0 20151.0    811.4   493.1   802.6

                 Carbon flux (ktC/yr)                    Water (dam3/yr)                Nitrogen (MgN/yr)
       --------------------------------------- ---------------------------------- --------------------------------
Spinup NEP     estab   harvest product NBP     transp     evap    interc  wd      nuptake ndemand  nlosses ninflux
------ ------- ------- ------- ------- ------- ---------- ------- ------- ------- ------- -------- ------- -------
  1746 -196.124   0.003   0.037   0.000 -196.157   264972.7 176602.7 54188.5     0.0 22234.1    505.4  1639.0   386.1
  1747 -39.254   0.003   0.064   0.000 -39.315   288432.5 153112.6 49077.0     0.0 15094.2    858.6  8672.3   852.6
  1748 -16.137   0.004   0.072   0.000 -16.205   309501.0 169120.2 50459.2     0.0 19249.6    472.9  8172.4   432.1
  1749 132.518   0.004   0.077   0.000 132.445   335169.8 175069.8 40905.6     0.0 19275.5    364.1   630.0   415.1
  1750 -116.742   0.004   0.045   0.000 -116.783   270098.2 140352.2 28066.3     0.0 15308.7    921.6   471.5   736.8
  1751 227.270   0.003   0.068   0.000 227.204   370509.8 181309.9 64935.9     0.0 27930.5    877.3   476.8   790.8
  1752 180.588   0.002   0.063   0.000 180.527   308411.1 166237.7 43375.2     0.0 12971.0    323.6   517.4   349.4
  1753 -323.730   0.008   0.024   0.000 -323.746   223960.5 155051.6 38277.4     0.0 20172.3   1010.5   434.1   872.8
  1754 -175.079   0.005   0.055   0.000 -175.130   263354.6 174597.3 46913.2     0.0 24857.3   2142.4  2471.7  1194.2
  1755  47.515   0.004   0.054   0.000  47.466   279220.3 146241.7 36984.7     0.0  8054.0   1455.5  1692.4  1242.8
  1756  76.678   0.003   0.051   0.000  76.630   280532.9 145867.3 38801.4     0.0 17840.2    803.2  1440.8   703.2
  1757 177.285   0.005   0.053   0.000 177.237   239569.6 146991.6 17989.8     0.0 12901.0    418.0   646.0   336.0
  1758  10.728   0.004   0.050   0.000  10.681   240674.7 150354.4 27621.9     0.0 21064.6    730.7   515.1   643.8
  1759 -274.584   0.016   0.022   0.000 -274.591   150839.5 147489.5 14672.1     0.0  2762.5    541.3   510.9   350.9
  1760 -322.923  -0.001   0.040   0.000 -322.963   201522.6 180473.2 28343.2     0.0 18686.8    737.1  2544.5   938.9
  1761 178.020   0.003   0.066   0.000 177.957   294318.6 153216.1 18048.1     0.0 23540.9    671.2   548.1   816.2
  1762  42.810   0.003   0.037   0.000  42.776   219640.3 150219.9 13852.3     0.0 15689.1    739.4   505.5   889.1
  1763 -16.917   0.004   0.032   0.000 -16.945   210805.4 119762.1 20309.2     0.0 18782.3    987.2   484.3   945.2
  1764 -362.578   0.003   0.036   0.000 -362.610   202211.4 140572.7 35888.8     0.0 15029.3   2091.0   471.8   936.9
  1765 -69.972   0.003   0.045   0.000 -70.015   262585.3 166134.7 27329.1     0.0 19370.8   1373.3   463.3  1153.9
  1766 166.183   0.002   0.087   0.000 166.098   337908.3 171926.9 45442.5     0.0 24745.7   1119.1  1727.1  1436.5
  1767  53.393   0.004   0.051   0.000  53.346   320309.0 168492.3 28953.2     0.0 18086.3    627.3   709.7   694.1
  1768 111.135   0.005   0.048   0.000 111.092   297654.0 149009.8 37814.3     0.0 16394.7    507.9   632.7   512.9
  1769  22.052   0.004   0.040   0.000  22.016   291904.1 160801.5 43352.8     0.0 16313.9    723.6  1856.5   641.6
  1770  76.435   0.005   0.060   0.000  76.380   306021.1 144877.5 18352.5     0.0 26460.3    608.6  1015.9   682.6

                 Carbon flux (ktC/yr)                    Water (dam3/yr)                Nitrogen (MgN/yr)
       --------------------------------------- ---------------------------------- --------------------------------
Spinup NEP     estab   harvest product NBP     transp     evap    interc  wd      nuptake ndemand  nlosses ninflux
------ ------- ------- ------- ------- ------- ---------- ------- ------- ------- ------- -------- ------- -------
  1771 -78.498   0.004   0.064   0.000 -78.558   316755.3 168353.0 42103.2     0.0 32983.7   1648.5   539.3  1422.7
  1772 243.611   0.004   0.039   0.000 243.575   323608.0 144299.8 34168.3     0.0 18383.5   2220.3   507.0   993.0
  1773 226.685   0.003   0.068   0.000 226.620   352676.5 168252.7 69821.4     0.0 23007.0   1448.0   440.2  1113.4
  1774  31.825   0.003   0.049   0.000  31.779   293063.5 146354.2 46512.6     0.0  6222.9    916.8   421.4   687.6
  1775 -101.695   0.005   0.042   0.000 -101.732   274677.6 167136.2 61506.2     0.0 26328.9    559.0  1107.5   381.3
  1776  92.416   0.005   0.058   0.000  92.364   307123.4 151436.6 47673.9     0.0 16563.4   1375.9   950.9  1187.8
  1777   2.838   0.005   0.051   0.000   2.792   312971.1 166633.5 45713.7     0.0 18659.0    703.2   751.5   532.4
  1778 285.956   0.004   0.056   0.000 285.903   279934.9 154340.6 22209.1     0.0 22313.7    557.2   496.6   588.5
  1779 -318.044   0.005   0.039   0.000 -318.077   241495.4 164008.4 50084.2     0.0 18355.8    934.5   516.8   647.4
  1780 192.259   0.004   0.050   0.000 192.213   260175.9 151136.1 19314.7     0.0 23380.9   1950.8   468.5  1046.6
  1781 -356.786   0.007   0.030   0.000 -356.809   202054.8 134221.1 27468.9     0.0  8459.2   1214.4   508.0   707.5
  1782  49.644   0.002   0.036   0.000  49.610   228282.9 149231.6 16285.8     0.0 20929.3   1241.6   525.4   957.2
  1783 -257.242   0.005   0.032   0.000 -257.268   222397.8 161341.0 37300.3     0.0 15262.0   1228.3   456.0   877.7
  1784 123.272   0.005   0.042   0.000 123.235   275379.7 140040.2 23252.3     0.0 22598.0   1640.6   418.8  1187.8
  1785 -285.932   0.004   0.025   0.000 -285.953   226489.6 161871.8 36545.6     0.0  1599.1    767.0   650.2   700.6
  1786 133.667   0.005   0.060   0.000 133.611   288477.7 157639.9 32053.7     0.0 26902.4    601.5   608.0   775.7
  1787 200.421   0.004   0.045   0.000 200.381   288000.5 154884.9 28492.9     0.0 22077.3    700.8   498.4   691.9
  1788 -13.708   0.004   0.034   0.000 -13.738   233367.3 159155.9 34638.8     0.0 11856.4    565.4   499.2   547.4
  1789 -375.168   0.005   0.035   0.000 -375.198   216654.5 161640.3 31479.4     0.0 16990.0   1137.4   454.3  1053.2
  1790 -142.305   0.004   0.038   0.000 -142.339   285909.1 158824.2 30042.4     0.0 26897.7   2053.0   413.0  1243.0
  1791 256.689   0.001   0.071   0.000 256.619   354133.7 173447.1 54512.3     0.0 23178.5   1204.2   441.0  1146.1
  1792  63.966   0.002   0.048   0.000  63.920   293484.9 165786.8 43364.5     0.0 10161.5    702.6  1087.0   632.0
  1793  72.411   0.009   0.057   0.000  72.363   226377.4 154059.5 18274.7     0.0 13835.9    351.1   583.6   328.2
  1794 -252.151   0.011   0.022   0.000 -252.163   190873.8 153294.3 26607.8     0.0 12478.9    452.2  1059.0   403.9
  1795 -86.415   0.002   0.056   0.000 -86.469   264028.9 172075.8 27952.7     0.0 20748.0    863.4  1976.1  1095.0

                 Carbon flux (ktC/yr)                    Water (dam3/yr)                Nitrogen (MgN/yr)
       --------------------------------------- ---------------------------------- --------------------------------
Spinup NEP     estab   harvest product NBP     transp     evap    interc  wd      nuptake ndemand  nlosses ninflux
------ ------- ------- ------- ------- ------- ---------- ------- ------- ------- ------- -------- ------- -------
  1796  79.594   0.004   0.059   0.000  79.539   279802.8 168401.8 31641.8     0.0 19806.5    451.3   702.7   446.1
  1797  32.259   0.003   0.055   0.000  32.207   318462.0 150004.2 28419.6     0.0 25826.4    522.7   510.6   602.3
  1798 -139.280   0.000   0.032   0.000 -139.312   238479.6 141073.2 23941.9     0.0  9839.9    510.2   514.1   395.9
  1799 -51.699   0.004   0.034   0.000 -51.729   259235.9 151369.4 34669.2     0.0 17927.6    517.4   483.1   606.2
  1800 -116.500   0.005   0.039   0.000 -116.534   258185.4 167345.0 50077.3     0.0 23432.4    571.9  1454.4   520.1
  1801 208.513   0.005   0.054   0.000 208.464   264386.9 150676.0 18789.8     0.0 21786.2    849.3   517.0   945.2
  1802 -123.267   0.005   0.039   0.000 -123.301   253343.5 153663.4 42279.3     0.0 24742.7    940.1   495.0   738.9
  1803  97.073   0.004   0.035   0.000  97.043   266912.8 143508.6 28204.0     0.0 21022.9   1348.4   481.0   691.5
  1804 -37.453   0.004   0.035   0.000 -37.484   243332.7 159539.7 35476.7     0.0  7863.5    626.2   542.0   501.7
  1805 -369.889   0.006   0.032   0.000 -369.915   225544.3 171014.5 49283.0     0.0 20717.9    869.1   725.5   659.7
  1806 124.281   0.005   0.063   0.000 124.223   294440.2 161106.5 30862.5     0.0 22450.5    919.1   559.4   955.5
  1807 -152.073   0.005   0.044   0.000 -152.112   285889.6 167526.0 43313.7     0.0 22194.7   1198.3   619.2  1084.1
  1808  83.407   0.007   0.036   0.000  83.378   271010.1 151874.3 30507.9     0.0 19774.2   1008.8  1227.7   529.4
  1809 186.601   0.003   0.057   0.000 186.547   289392.7 159507.6 26172.1     0.0 17200.8   1925.8   498.4  1144.8
  1810 122.892   0.003   0.042   0.000 122.853   264720.4 147073.3 33361.2     0.0 17266.5    781.5   460.3   624.2
  1811 -298.193   0.006   0.024   0.000 -298.211   201924.2 144008.4 17267.8     0.0 15280.2    662.8   516.9   563.3
  1812 -123.890   0.005   0.046   0.000 -123.931   271767.1 171943.1 37339.7     0.0 24734.8   1245.4  1343.8  1266.7
  1813 153.944   0.004   0.058   0.000 153.890   291945.3 146221.6 36026.2     0.0 19618.3   1772.1  1016.5   780.5
  1814 302.178   0.004   0.053   0.000 302.129   294850.8 133925.1 25323.8     0.0  9991.1    724.7   558.3   502.0
  1815 -129.129   0.005   0.054   0.000 -129.178   267126.1 141383.6 48847.0     0.0 14502.5    556.7  2442.4   600.5
  1816   5.059   0.004   0.081   0.000   4.981   312262.4 190292.3 53714.1     0.0 26268.2    487.7  1619.9   665.5
  1817 283.576   0.004   0.068   0.000 283.512   301143.0 140873.9 31266.4     0.0 17748.7    690.7   420.1   693.4
  1818 -86.533   0.003   0.046   0.000 -86.576   265820.7 154257.2 46988.0     0.0 12103.1    655.2   441.9   641.7
  1819 127.866   0.005   0.045   0.000 127.826   273539.7 158975.5 27697.4     0.0 21267.1    854.5   410.3   767.8
  1820 -124.944   0.004   0.037   0.000 -124.976   259813.0 154910.9 38349.3     0.0 23817.3    738.2   402.5   586.0

                 Carbon flux (ktC/yr)                    Water (dam3/yr)                Nitrogen (MgN/yr)
       --------------------------------------- ---------------------------------- --------------------------------
Spinup NEP     estab   harvest product NBP     transp     evap    interc  wd      nuptake ndemand  nlosses ninflux
------ ------- ------- ------- ------- ------- ---------- ------- ------- ------- ------- -------- ------- -------
  1821 -99.261   0.005   0.049   0.000 -99.305   280111.7 181251.8 55379.6     0.0 19666.1    918.9  1368.8  1011.4
  1822 229.544   0.005   0.066   0.000 229.482   295832.7 157746.7 28308.5     0.0 16791.2    956.8   425.6   768.6
  1823 -188.811   0.013   0.028   0.000 -188.826   172206.0 151530.9 19027.7     0.0  4471.9    411.3   516.4   313.4
  1824 -356.350   0.003   0.035   0.000 -356.382   203165.8 159763.3 26611.1     0.0 19321.2    540.4   455.9   521.7
  1825 -60.980   0.004   0.048   0.000 -61.024   283718.5 153713.7 36996.0     0.0 20646.2    880.7   497.8  1060.3
  1826 440.253   0.004   0.040   0.000 440.217   301231.2 125200.9 19546.0     0.0 19580.1    474.5   447.0   662.6
  1827 -323.129   0.006   0.037   0.000 -323.160   214435.8 150300.3 37972.4     0.0  7257.2    600.3   460.2   625.4
  1828 -29.576   0.007   0.028   0.000 -29.597   252270.8 152831.5 23389.3     0.0 19586.4    517.2  1455.3   657.8
  1829 -39.346   0.004   0.051   0.000 -39.393   265652.4 151588.4 29668.0     0.0 17802.9    683.3   959.6   919.1
  1830  65.279   0.003   0.045   0.000  65.237   322128.2 156860.6 31781.8     0.0 24601.8    637.9   582.3   731.4
  1831 -47.284   0.003   0.042   0.000 -47.323   280974.5 165923.1 30025.2     0.0 13718.8    462.5   618.0   465.8
  1832 325.098   0.003   0.034   0.000 325.067   296585.4 129694.0 24049.0     0.0 23634.5    548.6   501.4   660.3
  1833 -334.515   0.004   0.033   0.000 -334.544   214279.9 141655.1 53163.4     0.0  7990.0    559.0   479.1   514.1
  1834 230.587   0.004   0.038   0.000 230.553   276232.7 140497.7 25357.3     0.0 22962.2    634.2   426.5   656.8
  1835  -2.355   0.004   0.026   0.000  -2.377   232823.0 142466.1 27636.6     0.0 12160.2    623.5   418.2   538.3
  1836 -242.392   0.004   0.030   0.000 -242.418   239666.8 159678.6 34391.0     0.0 22002.5    652.9   410.6   609.3
  1837 -271.258   0.003   0.045   0.000 -271.300   259749.7 158248.7 43800.5     0.0 14664.5    638.0  5262.5   623.2
  1838 311.052   0.002   0.074   0.000 310.981   349229.3 162768.0 28647.5     0.0 31799.8    484.9   586.7   465.4
  1839  86.537   0.004   0.037   0.000  86.504   249317.7 139422.3 30237.8     0.0  7925.5    605.3   475.2   432.7
  1840 -270.148   0.005   0.030   0.000 -270.174   212374.5 148503.9 17189.4     0.0 20314.4    431.2   528.9   381.7
  1841  30.438   0.005   0.053   0.000  30.390   288414.1 166585.1 36752.3     0.0 31855.9   1278.1   437.4  1330.0
  1842 -77.713   0.004   0.037   0.000 -77.746   293621.2 166238.8 31783.1     0.0 21198.6   1724.7   516.3   928.7
  1843 232.763   0.004   0.038   0.000 232.728   294769.9 134930.7 26573.2     0.0  9743.8   1018.2   474.3   616.6
  1844  23.574   0.003   0.049   0.000  23.528   283691.7 129161.6 53660.9     0.0 18470.8    709.9   431.4   637.2
  1845  85.684   0.002   0.047   0.000  85.640   319603.8 168193.7 34805.5     0.0 24946.5    532.6   419.1   510.9

                 Carbon flux (ktC/yr)                    Water (dam3/yr)                Nitrogen (MgN/yr)
       --------------------------------------- ---------------------------------- --------------------------------
Spinup NEP     estab   harvest product NBP     transp     evap    interc  wd      nuptake ndemand  nlosses ninflux
------ ------- ------- ------- ------- ------- ---------- ------- ------- ------- ------- -------- ------- -------
  1846 266.546   0.005   0.051   0.000 266.500   282562.3 154639.3 21663.4     0.0 20926.2    693.8   425.8   697.2
  1847 -178.485   0.012   0.021   0.000 -178.494   207884.6 129903.2 31956.9     0.0  9888.2    787.1   420.8   450.5
  1848 -54.071   0.002   0.048   0.000 -54.117   258928.5 132912.2 42948.5     0.0 25105.3   1674.5   415.7   856.1
  1849  -6.561   0.003   0.041   0.000  -6.598   277216.1 162777.8 37366.2     0.0  9984.9   1055.7   588.4   858.1
  1850  92.765   0.005   0.058   0.000  92.712   287170.9 138287.4 24012.0     0.0 18295.1    715.7   485.8   592.9
  1851 228.259   0.005   0.028   0.000 228.236   297324.1 141086.3 21024.4     0.0 16651.6    692.7   490.3   722.5
  1852 -75.293   0.005   0.030   0.000 -75.318   245795.5 155476.1 39081.0     0.0 19101.2    734.8   461.0   732.2
  1853 -214.371   0.005   0.029   0.000 -214.395   224661.9 150867.3 16494.0     0.0 19940.5    708.4   469.9   623.1
  1854 -168.381   0.005   0.047   0.000 -168.424   271282.3 168253.2 31968.4     0.0 22670.5   1155.9   449.4  1125.8
  1855  59.484   0.004   0.030   0.000  59.458   279500.2 155107.8 25474.7     0.0 17929.8   2510.4   441.8  1224.0
  1856 -70.148   0.005   0.013   0.000 -70.156   239394.4 132817.4 20918.6     0.0  4865.7    795.5   471.6   684.1
  1857 -39.632   0.004   0.028   0.000 -39.656   205156.1 149798.6 16977.4     0.0 17768.4    644.1   435.5   727.2
  1858 -305.128   0.005   0.035   0.000 -305.158   205887.5 169975.2 46766.9     0.0 21608.3    928.4  1103.2  1015.7
  1859 215.907   0.005   0.054   0.000 215.857   249632.8 140379.2 15320.4     0.0 20746.3   1522.8   569.5   896.1
  1860 -123.987   0.003   0.043   0.000 -124.027   247784.7 147437.5 36486.4     0.0  7460.3    834.9   568.2   828.7
  1861  81.678   0.002   0.040   0.000  81.640   275432.9 136908.4 21668.9     0.0 21441.8    735.3   514.2   727.7
  1862  -9.219   0.002   0.044   0.000  -9.262   302714.0 168405.3 36949.6     0.0 20618.7    571.7   636.7   618.6
  1863 178.833   0.004   0.051   0.000 178.786   336187.4 158988.3 38080.4     0.0 24165.7    515.0   503.8   525.1
  1864  42.121   0.005   0.036   0.000  42.089   320132.2 154449.8 37007.7     0.0 23007.6    392.0   504.7   326.4
  1865 -165.286   0.003   0.036   0.000 -165.320   255007.1 176211.8 60437.5     0.0 15708.8    543.7  2465.5   585.3
  1866  82.494   0.006   0.062   0.000  82.439   335137.4 149624.2 35955.6     0.0 30885.5    655.4   555.2   577.8
  1867 -194.476   0.003   0.044   0.000 -194.517   272894.1 166183.6 46606.8     0.0  8704.2    662.3   802.6   480.0
  1868 135.684   0.005   0.048   0.000 135.640   296518.2 149304.5 18443.3     0.0 29613.3    448.5   512.6   427.7
  1869 379.857   0.005   0.053   0.000 379.809   317791.5 138173.1 30438.4     0.0 27703.4   1159.7   494.1  1078.3
  1870 -255.792   0.031   0.023   0.000 -255.784   165636.8 141888.8 23514.8     0.0  -412.9    653.5   466.9   299.6

                 Carbon flux (ktC/yr)                    Water (dam3/yr)                Nitrogen (MgN/yr)
       --------------------------------------- ---------------------------------- --------------------------------
Spinup NEP     estab   harvest product NBP     transp     evap    interc  wd      nuptake ndemand  nlosses ninflux
------ ------- ------- ------- ------- ------- ---------- ------- ------- ------- ------- -------- ------- -------
  1871 -371.939  -0.006   0.030   0.000 -371.976   185917.8 162679.4 26093.2     0.0 22229.2   1023.0   468.8   534.6
  1872 -30.241   0.009   0.032   0.000 -30.264   207483.0 151404.5 15380.4     0.0  5851.7    609.8   607.8   521.8
  1873 148.490  -0.001   0.068   0.000 148.420   305210.3 173967.2 42078.7     0.0 30635.3    718.6   799.7   804.5
  1874 244.943   0.002   0.084   0.000 244.860   341501.6 174150.8 49259.5     0.0 20387.2   1024.0  1042.8  1203.2
  1875 149.901   0.004   0.055   0.000 149.850   286834.1 163884.1 34361.7     0.0 18074.2    648.9   548.8   751.8
  1876 -85.334   0.005   0.032   0.000 -85.361   253644.3 151120.9 37332.5     0.0 15247.4    673.2  1187.3   526.5
  1877  43.047   0.005   0.053   0.000  43.000   314573.9 147480.9 31621.1     0.0 29607.8    664.9   624.9   606.1
  1878  67.041   0.002   0.018   0.000  67.024   261219.1 143234.1 20284.9     0.0  8823.4    745.6   583.4   644.8
  1879 -340.331   0.010   0.042   0.000 -340.363   226939.9 164928.6 40256.7     0.0 14543.0    526.8  4174.9   602.8
  1880  33.108   0.000   0.068   0.000  33.040   297893.6 160908.0 13959.4     0.0 28607.8    464.8  2034.9   585.0
  1881  59.678   0.005   0.068   0.000  59.615   307963.2 170415.9 38095.7     0.0 26395.8    857.3   589.5   850.3
  1882 -197.321   0.004   0.047   0.000 -197.364   265231.2 164051.9 30457.6     0.0 16521.3   1445.4   526.1  1042.4
  1883 138.902   0.003   0.082   0.000 138.823   347754.6 173648.5 55440.7     0.0 31154.9   1871.0  1516.7  1361.9
  1884  -1.146   0.003   0.048   0.000  -1.191   290548.6 165192.8 42366.6     0.0  4468.0   1047.2  1203.1  1000.6
  1885 -25.435   0.004   0.060   0.000 -25.490   277233.6 169898.1 55484.5     0.0 26438.8    459.4  1642.4   363.9
  1886  87.433   0.004   0.067   0.000  87.370   324987.0 158895.1 40460.6     0.0 23858.5   1133.3   519.6  1056.0
  1887 221.882   0.004   0.047   0.000 221.840   271852.1 156540.8 22072.6     0.0 19101.8    591.1   554.4   505.8
  1888 -327.626   0.005   0.038   0.000 -327.658   227559.1 155133.6 41018.4     0.0 20888.2    742.0   476.0   447.4
  1889 -61.375   0.004   0.029   0.000 -61.399   249021.8 153967.4 28479.5     0.0 18965.7   1478.1  1134.9   775.3
  1890 -26.942   0.004   0.062   0.000 -27.000   309981.0 166927.7 36304.6     0.0 18110.4   1233.7   726.0  1144.0
  1891 448.209   0.003   0.093   0.000 448.119   377398.8 169340.1 60816.4     0.0 26853.2    780.2   697.2   838.8
  1892 128.355   0.004   0.054   0.000 128.304   295346.5 145929.2 44161.7     0.0  7896.4    553.1   518.2   473.4
  1893 123.989   0.005   0.045   0.000 123.948   291359.7 137233.6 28660.1     0.0 21694.5    704.3   502.0   487.2
  1894 117.908   0.005   0.041   0.000 117.872   281646.2 160190.6 42726.4     0.0 23768.1    741.8   465.7   667.7
  1895 -161.555   0.006   0.034   0.000 -161.583   273504.7 151665.4 37345.7     0.0 20359.5    843.3   440.2   625.4

                 Carbon flux (ktC/yr)                    Water (dam3/yr)                Nitrogen (MgN/yr)
       --------------------------------------- ---------------------------------- --------------------------------
Spinup NEP     estab   harvest product NBP     transp     evap    interc  wd      nuptake ndemand  nlosses ninflux
------ ------- ------- ------- ------- ------- ---------- ------- ------- ------- ------- -------- ------- -------
  1896 -330.156   0.005   0.031   0.000 -330.182   231937.5 148848.2 36183.7     0.0 14666.2    551.2   518.3   339.2
  1897 -228.109   0.003   0.034   0.000 -228.140   229134.2 152282.0 38645.4     0.0 11562.1    788.8   472.6   651.4
  1898 -106.193   0.005   0.037   0.000 -106.225   253410.8 171169.6 46753.6     0.0 27502.8    743.7   937.9   657.9
  1899 170.939   0.004   0.060   0.000 170.883   296200.7 149833.3 39512.3     0.0 15292.6   1022.8   861.5  1084.7
  1900  94.582   0.004   0.051   0.000  94.535   293332.7 175278.5 53297.2     0.0 18043.8    498.4  1916.0   602.8

                 Carbon flux (ktC/yr)                    Water (dam3/yr)                Nitrogen (MgN/yr)
       --------------------------------------- ---------------------------------- --------------------------------
Year   NEP     estab   harvest product NBP     transp     evap    interc  wd      nuptake ndemand  nlosses ninflux
------ ------- ------- ------- ------- ------- ---------- ------- ------- ------- ------- -------- ------- -------
  1901 141.418   0.006   0.058   0.000 141.367   237780.9 148570.0 18781.3     0.0 12192.5    500.2   494.6   533.4
  1902 -253.406   0.008   0.031   0.000 -253.429   190164.0 152076.9 27719.3     0.0 13032.4    503.1   853.7   490.1
  1903 209.379   0.002   0.052   0.000 209.328   279497.6 138667.6 18512.7     0.0 20195.9    858.2   522.5   945.9
  1904 -56.523   0.002   0.055   0.000 -56.575   266466.1 142136.4 40205.4     0.0 14832.6    491.5  2740.3   621.7
  1905 342.851   0.001   0.085   0.000 342.767   404564.3 187031.8 54336.7     0.0 40053.1    536.7   555.3   515.9
  1906  85.282   0.003   0.064   0.000  85.221   338535.9 155105.8 37511.2     0.0 16589.4    529.7   482.2   557.3
  1907 -129.294   0.003   0.046   0.000 -129.337   261683.8 164183.1 36778.0     0.0 10974.9    506.1   472.8   466.7
  1908 186.842   0.005   0.041   0.000 186.807   272998.7 132024.6 26379.0     0.0 21587.1    725.7   436.6   868.3
  1909 -714.413   0.024   0.027   0.000 -714.417   161302.8 169806.4 54736.0     0.0  6006.2    350.5   632.2   317.6
  1910 181.226  -0.005   0.089   0.000 181.131   295726.1 186654.0 37099.0     0.0 31024.6    965.8  1183.6  1077.0
  1911 176.263   0.003   0.068   0.000 176.199   304381.3 147813.2 43158.7     0.0 10371.3    999.2   955.2  1084.6
  1912 163.734   0.002   0.056   0.000 163.680   286153.0 137309.7 24103.7     0.0 16858.8    562.9   519.5   504.1
  1913  85.135   0.002   0.038   0.000  85.100   284249.8 148448.1 40951.4     0.0 22313.7    638.2  1037.8   597.7
  1914  87.367   0.004   0.062   0.000  87.309   319924.8 163322.0 42902.2     0.0 21744.4    592.5   722.3   530.7
  1915 367.885   0.004   0.037   0.000 367.852   316580.4 139320.7 23350.5     0.0 14879.4    648.6   520.6   575.0
  1916 -175.741   0.005   0.030   0.000 -175.767   248597.3 163500.7 47828.4     0.0 13292.6    782.1   969.1   611.3
  1917  74.712   0.004   0.061   0.000  74.655   296642.1 146791.8 18014.7     0.0 27921.6    671.9   906.7   687.2
  1918 141.667   0.005   0.066   0.000 141.606   273002.5 160042.0 24160.7     0.0 27038.6   1161.9   496.6  1199.5
  1919  78.456   0.005   0.040   0.000  78.421   246105.1 147529.7 34362.0     0.0 20242.6   1200.5   455.9   760.3
  1920 -41.316   0.005   0.040   0.000 -41.352   227043.2 157052.5 35287.9     0.0 10597.5   1101.7   478.8   717.4
  1921 -301.696   0.004   0.038   0.000 -301.730   253738.8 168277.4 33534.8     0.0 23285.3   1464.2   434.5  1333.0
  1922   0.841   0.003   0.054   0.000   0.789   294183.2 175911.7 50541.9     0.0 19143.1   1880.1  1381.6  1265.6
  1923 302.791   0.003   0.066   0.000 302.729   301873.8 154274.8 27015.5     0.0 11512.8   1121.4   425.9   782.3
  1924   1.001   0.003   0.045   0.000   0.959   279357.6 153157.8 42592.1     0.0 18304.1    622.7   429.7   520.8
  1925 124.435   0.003   0.041   0.000 124.397   255595.2 147902.5 32927.8     0.0 20140.7    606.7   428.6   409.4

                 Carbon flux (ktC/yr)                    Water (dam3/yr)                Nitrogen (MgN/yr)
       --------------------------------------- ---------------------------------- --------------------------------
Year   NEP     estab   harvest product NBP     transp     evap    interc  wd      nuptake ndemand  nlosses ninflux
------ ------- ------- ------- ------- ------- ---------- ------- ------- ------- ------- -------- ------- -------
  1926 -148.351   0.004   0.039   0.000 -148.387   245034.6 153650.4 46722.3     0.0 12867.1    812.3   423.7   650.5
  1927  62.507   0.006   0.038   0.000  62.474   265984.7 144080.3 38768.4     0.0 21110.0    720.0   406.2   633.8
  1928 186.263   0.004   0.044   0.000 186.223   280384.4 156469.2 39164.5     0.0 22964.9    842.4   401.6   818.8
  1929 -156.237   0.005   0.035   0.000 -156.268   260241.0 162875.6 38129.5     0.0 22491.2   1414.3   386.3  1190.8
  1930 -13.116   0.004   0.041   0.000 -13.152   270584.9 170961.9 42884.3     0.0 20082.4   1132.4   497.5   834.7
  1931 -84.135   0.003   0.060   0.000 -84.193   327188.9 160302.0 42765.2     0.0 20727.1   1193.0   479.2  1000.2
  1932 -27.001   0.003   0.071   0.000 -27.070   312811.2 174809.1 61075.0     0.0 19014.0    650.3  2665.6   490.7
  1933 170.602   0.004   0.066   0.000 170.540   318296.5 183714.5 47948.6     0.0 19991.7    619.4   546.0   633.8
  1934 179.712   0.005   0.069   0.000 179.648   299121.0 171913.3 54124.2     0.0 31538.5   1040.5   488.0   976.0
  1935 -231.189   0.005   0.047   0.000 -231.231   278760.9 173072.1 57352.0     0.0 22275.4   1786.3   998.9  1359.7
  1936 113.997   0.004   0.076   0.000 113.925   347886.2 163608.3 47834.9     0.0 17142.7   2037.9   469.1   952.8
  1937 114.641   0.003   0.067   0.000 114.577   367447.6 171957.6 46714.3     0.0 18990.3    692.2   479.8   485.0
  1938 -15.204   0.003   0.060   0.000 -15.260   339820.5 178099.7 65020.9     0.0 26967.5    426.5   536.6   283.1
  1939 260.550   0.003   0.070   0.000 260.483   359219.0 155964.6 49444.0     0.0 19747.5    775.7   492.4   670.3
  1940  28.868   0.004   0.053   0.000  28.819   291476.8 157873.0 46585.4     0.0 18631.7    396.9   488.4   253.0
  1941 181.226   0.003   0.061   0.000 181.168   356028.7 190516.2 63423.0     0.0 33301.2    816.9   442.4   812.0
  1942 -304.055   0.003   0.062   0.000 -304.114   353913.8 210165.4 85894.8     0.0 26577.6    627.2  7236.5   443.7
  1943  50.460   0.003   0.082   0.000  50.382   386796.9 182575.4 96577.7     0.0 17423.6    807.4  2983.4   384.4
  1944 148.231   0.003   0.089   0.000 148.145   367746.8 201026.2 93356.2     0.0 25720.3    403.9   929.4   250.6
  1945 -105.762   0.004   0.056   0.000 -105.814   280183.3 177233.5 76809.8     0.0 13516.8    526.1   730.7   316.6
  1946 173.555   0.005   0.054   0.000 173.506   319166.1 171610.0 55315.6     0.0 30761.6    392.5   572.1   214.0
  1947 179.178   0.002   0.003   0.000 179.176   255482.8 173017.9 44496.3     0.0 17787.4   1022.3   506.8   828.5
  1948 -485.041   0.005   0.067   0.000 -485.103   281416.2 186177.7 65057.4     0.0 30444.7   1299.4   506.4  1130.9
  1949 -285.051   0.005   0.062   0.000 -285.107   299263.4 208778.1 49425.1     0.0 24604.6   1128.4  2734.8   528.2
  1950  17.939   0.004   0.059   0.000  17.883   280570.1 166123.2 37360.8     0.0 17673.7    624.4   576.8   340.6

                 Carbon flux (ktC/yr)                    Water (dam3/yr)                Nitrogen (MgN/yr)
       --------------------------------------- ---------------------------------- --------------------------------
Year   NEP     estab   harvest product NBP     transp     evap    interc  wd      nuptake ndemand  nlosses ninflux
------ ------- ------- ------- ------- ------- ---------- ------- ------- ------- ------- -------- ------- -------
  1951 -72.858   0.004   0.049   0.000 -72.903   320171.1 172223.9 60857.8     0.0 24694.0    677.1   800.4   473.6
  1952 -13.644   0.003   0.073   0.000 -13.713   322371.9 192615.2 80750.3     0.0 21838.7    437.4  4759.4   254.5
  1953  91.571   0.002   0.074   0.000  91.499   374338.1 177057.2 62125.5     0.0 28495.5    819.7  1211.7   691.6
  1954  87.993   0.004   0.064   0.000  87.934   370472.2 169574.3 61895.8     0.0 24547.4    441.0   825.7   283.8
  1955 175.326   0.003   0.058   0.000 175.271   325494.1 175413.0 66733.1     0.0 28259.9    537.6   590.6   262.6
  1956 190.927   0.004   0.067   0.000 190.864   311888.1 174768.6 66838.5     0.0 22186.5    457.3   550.7   383.6
  1957 182.234   0.005   0.047   0.000 182.193   321040.9 172459.9 41512.1     0.0 29051.1    969.3   499.7   711.7
  1958  37.460   0.004   0.030   0.000  37.434   293035.0 176087.5 65155.5     0.0 23034.8   1474.2   494.2   675.7
  1959 -132.965   0.001   0.004   0.000 -132.968   224330.7 187116.3 43529.4     0.0 14299.5    682.8  1729.0   459.7
  1960 -218.236   0.005   0.049   0.000 -218.280   315738.1 214479.1 83977.7     0.0 37574.1   1219.8  4566.3   947.1
  1961 -26.730   0.003   0.076   0.000 -26.803   379543.2 179257.6 82931.1     0.0 29440.3   1624.3  2396.4   785.3
  1962 -42.354   0.003   0.092   0.000 -42.443   389828.8 195620.6 89336.4     0.0 22906.2    495.5   738.1   318.8
  1963 145.784   0.003   0.076   0.000 145.711   395597.6 191119.8 69660.8     0.0 26914.1    541.6   698.3   398.8
  1964 246.815   0.002   0.066   0.000 246.750   327026.3 189848.0 75005.1     0.0 16696.4    347.4   601.7   237.2
  1965 -59.809   0.006   0.051   0.000 -59.854   280483.8 183575.9 63163.6     0.0 19798.3    687.5   598.2   635.4
  1966 -86.146   0.007   0.056   0.000 -86.195   310779.8 195205.4 58978.6     0.0 26655.0    918.7   611.0   757.1
  1967  98.303   0.001   0.040   0.000  98.264   305678.9 189842.3 82222.6     0.0 22881.8    772.7   636.2   786.7
  1968 188.346   0.006   0.067   0.000 188.285   271069.1 163292.1 29639.7     0.0 24157.8   1049.6   535.7   759.8
  1969 -183.933   0.003   0.058   0.000 -183.988   257396.1 192221.9 91365.5     0.0 24887.3    902.4   573.8   694.1
  1970 128.090   0.004   0.080   0.000 128.014   347382.8 192655.8 87507.4     0.0 21879.9   1585.4  1138.7  1420.9
  1971  -9.873   0.004   0.080   0.000  -9.950   356354.2 195889.8 85022.5     0.0 29075.3    600.0  3026.9   612.1
  1972 168.014   0.002   0.079   0.000 167.937   293004.1 186990.3 43099.5     0.0 13960.0    346.0   561.5   385.9
  1973 -100.060   0.005   0.038   0.000 -100.094   294222.3 186765.8 59714.5     0.0 25409.2    608.8   551.5   503.8
  1974 103.945   0.002   0.067   0.000 103.880   291796.3 193405.5 100933.8     0.0 27592.1    735.5   633.0   609.3
  1975 339.954   0.005   0.063   0.000 339.895   346571.8 180960.6 50882.3     0.0 32982.7   1377.8   534.9  1027.5

                 Carbon flux (ktC/yr)                    Water (dam3/yr)                Nitrogen (MgN/yr)
       --------------------------------------- ---------------------------------- --------------------------------
Year   NEP     estab   harvest product NBP     transp     evap    interc  wd      nuptake ndemand  nlosses ninflux
------ ------- ------- ------- ------- ------- ---------- ------- ------- ------- ------- -------- ------- -------
  1976 -65.266   0.005   0.054   0.000 -65.316   277668.5 170263.8 44579.5     0.0  4823.1    944.5   557.6   602.9
  1977 387.591   0.004   0.056   0.000 387.538   327782.2 154915.4 44819.3     0.0 32427.4    812.1   528.8   647.5
  1978 -41.187  -0.000   0.054   0.000 -41.240   237130.5 181072.8 71708.4     0.0 15742.0    912.0   505.2   746.0
  1979 -12.237   0.007   0.042   0.000 -12.272   277080.8 174779.4 43310.8     0.0 18481.9   1157.5   592.9  1101.7
  1980 113.982   0.005   0.054   0.000 113.933   305934.1 202611.8 58541.3     0.0 27083.8   1170.2   536.6  1237.4
  1981 -224.462   0.004   0.093   0.000 -224.551   370643.7 194074.3 88154.2     0.0 29532.6   1892.9  2648.1  1996.6
  1982  77.772   0.003   0.074   0.000  77.700   332172.2 183875.8 63262.7     0.0 16684.4    755.0  1083.7   738.9
  1983 369.148   0.003   0.052   0.000 369.100   293064.0 161823.7 34773.2     0.0 27623.0    858.7   489.5   796.7
  1984 -206.495   0.003   0.042   0.000 -206.534   272511.1 181468.0 62606.9     0.0 22390.3   1453.6   543.7  1277.9
  1985  83.831   0.001   0.070   0.000  83.762   275906.9 203777.9 55182.6     0.0 23846.5   2372.6   462.7  1684.4
  1986 -55.189   0.006   0.021   0.000 -55.203   207150.4 182980.0 31961.7     0.0 15178.5   1698.2   466.6  1394.2
  1987 -362.124   0.004   0.039   0.000 -362.158   241240.8 166745.0 43060.2     0.0 17984.9   2820.1   461.9  2138.7
  1988 -254.881   0.003   0.075   0.000 -254.953   325962.0 176520.8 51795.3     0.0 27697.1   4470.4  3756.4  2492.5
  1989 115.011   0.002   0.076   0.000 114.937   401641.6 176674.0 58695.3     0.0 20102.3   2000.2   503.5  2033.3
  1990 231.756  -0.000   0.055   0.000 231.701   308964.0 176952.7 58253.6     0.0 18148.2    762.3   523.7   910.8
  1991 -45.723   0.003   0.061   0.000 -45.781   323283.2 182211.0 43079.1     0.0 30184.2    846.8   509.3   868.3
  1992 410.844   0.003   0.069   0.000 410.779   318665.4 166994.5 56039.5     0.0 22377.0   1628.8   514.1  1645.5
  1993 -14.037   0.003   0.043   0.000 -14.076   251121.4 178089.8 52154.9     0.0 16738.5   1048.2   490.6  1009.8
  1994 -178.970   0.004   0.094   0.000 -179.061   377021.7 185757.1 88077.6     0.0 33492.6   2355.3   785.4  2421.5
  1995 131.060   0.001   0.059   0.000 131.002   301262.7 163484.3 61984.6     0.0 18411.4   2065.2   502.6  1808.8
  1996 121.862   0.003   0.073   0.000 121.792   353710.7 199087.4 69641.0     0.0 26470.0   1825.3   516.5  1557.6
  1997 -85.675   0.004   0.076   0.000 -85.747   375105.5 186739.4 94597.0     0.0 32208.7   2055.0   646.0  1634.5
  1998  68.335   0.005   0.055   0.000  68.285   384340.8 178322.1 65525.3     0.0 25980.3   2037.2  1105.7  1459.0
  1999 204.720   0.002   0.059   0.000 204.663   297436.0 167489.5 71415.4     0.0 16100.3   1015.5   577.9   856.7
  2000  20.489   0.005   0.046   0.000  20.448   285553.1 183854.8 39803.5     0.0 25452.0    704.3   578.6   590.4

                 Carbon flux (ktC/yr)                    Water (dam3/yr)                Nitrogen (MgN/yr)
       --------------------------------------- ---------------------------------- --------------------------------
Year   NEP     estab   harvest product NBP     transp     evap    interc  wd      nuptake ndemand  nlosses ninflux
------ ------- ------- ------- ------- ------- ---------- ------- ------- ------- ------- -------- ------- -------
  2001 173.455   0.004   0.054   0.000 173.405   298556.8 183451.1 52866.5     0.0 31710.6   1738.4   573.5  1154.6
  2002  15.538   0.002   0.071   0.000  15.469   305699.4 182575.0 65104.2     0.0 11045.4   2514.7   546.7  1897.6
  2003 -133.153   0.002   0.055   0.000 -133.205   293033.0 185545.5 63306.3     0.0 27017.1   2212.6   971.1  2057.1
  2004 180.737   0.003   0.061   0.000 180.679   294252.4 166107.0 41184.7     0.0 26104.0   1960.4   533.7  1849.6
  2005  33.598   0.003   0.044   0.000  33.556   249033.0 179551.2 32487.0     0.0 13584.7   2139.4   535.2  1728.2
  2006   8.617   0.004   0.045   0.000   8.577   323188.2 171766.4 55871.9     0.0 28520.7   2966.1   582.4  2267.9
  2007 -529.762   0.007   0.019   0.000 -529.773   175990.9 156072.5 50025.8     0.0  3963.0    459.7   618.4   469.8
  2008 -20.527   0.002   0.075   0.000 -20.600   315526.0 224076.3 49634.9     0.0 27888.2   1145.7   857.0  1447.5
  2009 277.836   0.003   0.101   0.000 277.737   360523.0 181283.6 73690.6     0.0 28587.4    873.6  1011.4  1131.7
  2010 232.812   0.002   0.067   0.000 232.748   378832.4 178395.4 67969.8     0.0 20281.0   1247.2   760.2  1265.5
  2011 154.725   0.001   0.062   0.000 154.665   340116.8 177288.0 64889.6     0.0 21725.4    572.5  1979.9   598.7
  2012 444.951   0.003   0.073   0.000 444.880   403504.3 167964.4 80627.6     0.0 37644.6    795.5  1611.9   635.8
  2013 132.237   0.003   0.074   0.000 132.167   383740.4 179714.7 66443.5     0.0 16553.7    988.7   663.2   875.0
  2014 195.239   0.003   0.061   0.000 195.181   344336.2 197370.2 80973.1     0.0 35801.3    629.0   653.6   502.7
  2015 -84.691   0.004   0.081   0.000 -84.768   351781.5 184526.5 88251.5     0.0 26346.3   1609.2  3417.2  1298.2
  2016 192.906   0.003   0.076   0.000 192.833   405785.3 200679.1 88846.7     0.0 36609.8   1923.8   661.3  1517.9
  2017 -27.645   0.003   0.073   0.000 -27.714   340131.5 194050.4 95340.3     0.0 17169.2   1979.2  1102.7  1325.3
  2018 134.569   0.002   0.072   0.000 134.498   316692.8 188202.4 89783.2     0.0 20029.2   1317.4   698.7   864.5
  2019  10.496   0.004   0.081   0.000  10.419   339143.2 188402.1 98837.7     0.0 27258.4   1979.0   669.0  1507.4
Simulation ended.
lpjml successfully terminated, 63 grid cells processed.
Wall clock time:	321 sec, 0.017 sec/cell/year.
Total wall clock time:	331 sec (00:05:31).
