WARNING036: 'soilmap' not defined for soil type 'clay (light)'.
sh: line 1: /projects/prjs2023/chapter3/lpjml_output/2026_04_08_run_for_10_locations/boreal_needleleaved_summergreen_tree/patch_4/: Is a directory
ERROR263: Cannot write '/projects/prjs2023/chapter3/lpjml_output/2026_04_08_run_for_10_locations/boreal_needleleaved_summergreen_tree/patch_4/', rc=256.
WARNING405: Incompatible resolution 0.5 for longitude in '/projects/prjs2023/chapter3/lpjml_input/hwsd_soil_data_all_land_oceanfilled.nc', not 0.1.
WARNING406: Incompatible resolution 0.5 for latitude in '/projects/prjs2023/chapter3/lpjml_input/hwsd_soil_data_all_land_oceanfilled.nc', not 0.1.
WARNING401: Invalid conversion for tas from Ð to celsius in '/projects/prjs2023/chapter3/lpjml_input/run_for_10_locations/boreal_needleleaved_summergreen_tree/patch_4/temp.nc', assume none.
WARNING405: Incompatible resolution 0.5 for longitude in '/projects/prjs2023/chapter3/lpjml_input/run_for_10_locations/boreal_needleleaved_summergreen_tree/patch_4/temp.nc',not 0.1.
WARNING406: Incompatible resolution 0.5 for latitude in '/projects/prjs2023/chapter3/lpjml_input/run_for_10_locations/boreal_needleleaved_summergreen_tree/patch_4/temp.nc', not 0.1.
WARNING405: Incompatible resolution 0.5 for longitude in '/projects/prjs2023/chapter3/lpjml_input/run_for_10_locations/boreal_needleleaved_summergreen_tree/patch_4/vpd.nc',not 0.1.
WARNING406: Incompatible resolution 0.5 for latitude in '/projects/prjs2023/chapter3/lpjml_input/run_for_10_locations/boreal_needleleaved_summergreen_tree/patch_4/vpd.nc', not 0.1.
WARNING405: Incompatible resolution 0.5 for longitude in '/projects/prjs2023/chapter3/lpjml_input/run_for_10_locations/boreal_needleleaved_summergreen_tree/patch_4/prec.nc',not 0.1.
WARNING406: Incompatible resolution 0.5 for latitude in '/projects/prjs2023/chapter3/lpjml_input/run_for_10_locations/boreal_needleleaved_summergreen_tree/patch_4/prec.nc', not 0.1.
WARNING405: Incompatible resolution 0.5 for longitude in '/projects/prjs2023/chapter3/lpjml_input/run_for_10_locations/boreal_needleleaved_summergreen_tree/patch_4/lwdown.nc',not 0.1.
WARNING406: Incompatible resolution 0.5 for latitude in '/projects/prjs2023/chapter3/lpjml_input/run_for_10_locations/boreal_needleleaved_summergreen_tree/patch_4/lwdown.nc', not 0.1.
WARNING405: Incompatible resolution 0.5 for longitude in '/projects/prjs2023/chapter3/lpjml_input/run_for_10_locations/boreal_needleleaved_summergreen_tree/patch_4/swdown.nc',not 0.1.
WARNING406: Incompatible resolution 0.5 for latitude in '/projects/prjs2023/chapter3/lpjml_input/run_for_10_locations/boreal_needleleaved_summergreen_tree/patch_4/swdown.nc', not 0.1.
WARNING405: Incompatible resolution 0.5 for longitude in '/projects/prjs2023/chapter3/lpjml_input/ndep-noy_histsoc_monthly_1901_2021_units.nc',not 0.1.
WARNING406: Incompatible resolution 0.5 for latitude in '/projects/prjs2023/chapter3/lpjml_input/ndep-noy_histsoc_monthly_1901_2021_units.nc', not 0.1.
WARNING405: Incompatible resolution 0.5 for longitude in '/projects/prjs2023/chapter3/lpjml_input/ndep-nhx_histsoc_monthly_1901_2021_units.nc',not 0.1.
WARNING406: Incompatible resolution 0.5 for latitude in '/projects/prjs2023/chapter3/lpjml_input/ndep-nhx_histsoc_monthly_1901_2021_units.nc', not 0.1.
WARNING405: Incompatible resolution 0.5 for longitude in '/projects/prjs2023/chapter3/lpjml_input/run_for_10_locations/boreal_needleleaved_summergreen_tree/patch_4/wind.nc',not 0.1.
WARNING406: Incompatible resolution 0.5 for latitude in '/projects/prjs2023/chapter3/lpjml_input/run_for_10_locations/boreal_needleleaved_summergreen_tree/patch_4/wind.nc', not 0.1.
WARNING001: First year in CO2 data file '/projects/prjs2023/chapter3/lpjml_input/co2_1832-2023.dat'=1832 greater than first simulation year 1721,
            value=284.3 ppm of year 1832 is used.
WARNING024: Land-use input does not include irrigation systems, suboptimal country values are used.
WARNING024: Last year in land-use data file=1901 is less than last simulation year 2019, data from last year used.
