--------------------------------------
Running config: /home/druijsch/LPJmL5/dev15oct2025/config_files/2026_04_08_run_for_10_locations/boreal_needleleaved_summergreen_tree/spinup/configs/boreal_needleleaved_summergreen_tree_patch7_config_restart_MM.cjson
SLURM task ID: 7
Node: tcn446.local.snellius.surf.nl
--------------------------------------
******************************************************************************
****        _     ____     _           _       ____        _  ___         ****
****       | |   |  _ \   | |_ __ ___ | |     | ___|      / |/ _ \        ****
****       | |   | |_) |  | | '_ ` _ \| |     |___ \      | | | | |       ****
****       | |___|  __/ |_| | | | | | | |___   ___) |  _  | | |_| |       ****
****       |_____|_|   \___/|_| |_| |_|_____| |____/  (_) |_|\___/        ****
****                                                                      ****
****                 lpjml C Version 5.10.1 (Apr 14 2026)                 ****
****    Dynamic global vegetation model with natural and managed land     ****
****                     Compiled for Linux with MPI                      ****
****       (C) Potsdam Institute for Climate Impact Research (PIK),       ****
****                          see COPYRIGHT file                          ****
****              Authors, and contributors see AUTHORS file              ****
**** This version of LPJmL is licensed under GNU AGPL Version 3 or later  ****
****        See LICENSE file or go to http://www.gnu.org/licenses/        ****
****                 or invoke lpjml -l to print license                  ****
****      https://gitlab.pik-potsdam.de/lpjml/wur_team/lpjml-wur.git      ****
****          GIT hash: 5e6f8e1bb5c5d5f3357da68b6c43e9517864f3c2          ****
****                                                                      ****
******************************************************************************

Running for user druijsch on tcn446.local.snellius.surf.nl at Wed Apr 15 09:37:29 2026
Reading configuration from '/home/druijsch/LPJmL5/dev15oct2025/config_files/2026_04_08_run_for_10_locations/boreal_needleleaved_summergreen_tree/spinup/configs/boreal_needleleaved_summergreen_tree_patch7_config_restart_MM.cjson'.
==============================================================================
/----------------------------------------------------------\
|institution: Potsdam Institute for Climate Impact Research|
|contact:                                                  |
|comment:                                                  |
\----------------------------------------------------------/
Simulation "LPJmL Run" running on 50 tasks
Simulation with shuffle spinup climate, nitrogen limitation, permafrost, 
Johansen conductivity, with monthly mortality, percolation heattransfer, 
GSI phenology, NPP controlled BNF, land use, potential irrigation, 
others to crop "maize" and "temperate cereals", land-use change timber, 
fixed residue remove, with auto fertilizer, pft.cjson LAImax, 
livestock grazing, bondau2007 crop PHU option, separate harvests.
Cultivation types: none, biomass, annual crop
Working directory: /gpfs/home5/druijsch
cpp processed configuration file written to `/projects/prjs2023/chapter3/lpjml_output/2026_04_08_run_for_10_locations/boreal_needleleaved_summergreen_tree/patch_7/`.
Starting from restart file '/home/druijsch/LPJmL5/dev15oct2025/restart/2026_04_08_run_for_10_locations/boreal_needleleaved_summergreen_tree/patch_7/restart_1901_nv_stdfire.lpj'.
Input files:
Variable     Fmt  Varname  Filename
------------ ---- -------- ---------------------------------------------------
soil         cdf  soilcode /projects/prjs2023/chapter3/lpjml_input/run_for_10_locations/boreal_needleleaved_summergreen_tree/patch_7/soil.nc
temp         cdf  tas      /projects/prjs2023/chapter3/lpjml_input/run_for_10_locations/boreal_needleleaved_summergreen_tree/patch_7/temp.nc
prec         cdf  pr       /projects/prjs2023/chapter3/lpjml_input/run_for_10_locations/boreal_needleleaved_summergreen_tree/patch_7/prec.nc
lwdown       cdf  rlds     /projects/prjs2023/chapter3/lpjml_input/run_for_10_locations/boreal_needleleaved_summergreen_tree/patch_7/lwdown.nc
swdown       cdf  rsds     /projects/prjs2023/chapter3/lpjml_input/run_for_10_locations/boreal_needleleaved_summergreen_tree/patch_7/swdown.nc
no3_depo     cdf  noy      /projects/prjs2023/chapter3/lpjml_input/ndep-noy_histsoc_monthly_1901_2021_units.nc
nh4_depo     cdf  nhx      /projects/prjs2023/chapter3/lpjml_input/ndep-nhx_histsoc_monthly_1901_2021_units.nc
soilpH       cdf  soil_ph  /projects/prjs2023/chapter3/lpjml_input/hwsd_soil_data_all_land_oceanfilled.nc
co2          txt           /projects/prjs2023/chapter3/lpjml_input/co2_1832-2023.dat
windspeed    cdf  sfcwind  /projects/prjs2023/chapter3/lpjml_input/run_for_10_locations/boreal_needleleaved_summergreen_tree/patch_7/wind.nc
countries    cdf  country  /projects/prjs2023/chapter3/lpjml_input/regridded_cow_full_2018_5min_reduced_filled.nc
landuse      cdf  CFTfrac  /projects/prjs2023/chapter3/lpjml_input/MAPSPAM_2020_crops_filled_ESA_01deg_v7.nc
------------ ---- -------- ---------------------------------------------------
Writing restart file '/home/druijsch/LPJmL5/dev15oct2025/restart/2026_04_08_run_for_10_locations/boreal_needleleaved_summergreen_tree/patch_7/restart_1960_crop_stdfire.lpj' after year 1960.
Reading random seeds from restart file.
Number of output files:       65
Output written in year:       1901
Byte order in output files:   little endian

Compression level for NetCDF: 3
Missing value in NetCDF:      -1e+32
Base year in NetCDF:          1901
NetCDF grid:                  local
Variable            Fmt  Unit        Type   tstep nbd Filename
------------------- ---- ----------- ------ ----- --- -------------------------
albedo              cdf  -           float  month   1 /projects/prjs2023/chapter3/lpjml_output/2026_04_08_run_for_10_locations/boreal_needleleaved_summergreen_tree/patch_7/output/malbedo.nc + .json
cftfrac             cdf  -           float  year   32 /projects/prjs2023/chapter3/lpjml_output/2026_04_08_run_for_10_locations/boreal_needleleaved_summergreen_tree/patch_7/output/cftfrac.nc + .json
discharge           cdf  hm3/day     float  month   1 /projects/prjs2023/chapter3/lpjml_output/2026_04_08_run_for_10_locations/boreal_needleleaved_summergreen_tree/patch_7/output/mdischarge.nc + .json
evap                cdf  mm/month    float  month   1 /projects/prjs2023/chapter3/lpjml_output/2026_04_08_run_for_10_locations/boreal_needleleaved_summergreen_tree/patch_7/output/mevap.nc + .json
fapar               cdf  -           float  month   1 /projects/prjs2023/chapter3/lpjml_output/2026_04_08_run_for_10_locations/boreal_needleleaved_summergreen_tree/patch_7/output/mfapar.nc + .json
firec               cdf  gC/m2/yr    float  year    1 /projects/prjs2023/chapter3/lpjml_output/2026_04_08_run_for_10_locations/boreal_needleleaved_summergreen_tree/patch_7/output/firec.nc + .json
firef               cdf  1           float  year    1 /projects/prjs2023/chapter3/lpjml_output/2026_04_08_run_for_10_locations/boreal_needleleaved_summergreen_tree/patch_7/output/firef.nc + .json
flux_estabc         cdf  gC/m2/yr    float  year    1 /projects/prjs2023/chapter3/lpjml_output/2026_04_08_run_for_10_locations/boreal_needleleaved_summergreen_tree/patch_7/output/flux_estab.nc + .json
fpc                 cdf  -           float  month  12 /projects/prjs2023/chapter3/lpjml_output/2026_04_08_run_for_10_locations/boreal_needleleaved_summergreen_tree/patch_7/output/fpc.nc + .json
globalflux          txt  -           float  year    1 /projects/prjs2023/chapter3/lpjml_output/2026_04_08_run_for_10_locations/boreal_needleleaved_summergreen_tree/patch_7/output/globalflux.csv + .json
gpp                 cdf  gC/m2/month float  month   1 /projects/prjs2023/chapter3/lpjml_output/2026_04_08_run_for_10_locations/boreal_needleleaved_summergreen_tree/patch_7/output/mgpp.nc + .json
litc                cdf  gC/m2       float  year    1 /projects/prjs2023/chapter3/lpjml_output/2026_04_08_run_for_10_locations/boreal_needleleaved_summergreen_tree/patch_7/output/litc.nc + .json
litn                cdf  gN/m2       float  year    1 /projects/prjs2023/chapter3/lpjml_output/2026_04_08_run_for_10_locations/boreal_needleleaved_summergreen_tree/patch_7/output/litn.nc + .json
npp                 cdf  gC/m2/month float  month   1 /projects/prjs2023/chapter3/lpjml_output/2026_04_08_run_for_10_locations/boreal_needleleaved_summergreen_tree/patch_7/output/mnpp.nc + .json
nuptake             cdf  gN/m2/month float  month   1 /projects/prjs2023/chapter3/lpjml_output/2026_04_08_run_for_10_locations/boreal_needleleaved_summergreen_tree/patch_7/output/mnuptake.nc + .json
pet                 cdf  mm/month    float  month   1 /projects/prjs2023/chapter3/lpjml_output/2026_04_08_run_for_10_locations/boreal_needleleaved_summergreen_tree/patch_7/output/mpet.nc + .json
pft_chawo           cdf  gC/m2       float  year   43 /projects/prjs2023/chapter3/lpjml_output/2026_04_08_run_for_10_locations/boreal_needleleaved_summergreen_tree/patch_7/output/pft_chawo.nc + .json
pft_cleaf           cdf  gC/m2       float  year   43 /projects/prjs2023/chapter3/lpjml_output/2026_04_08_run_for_10_locations/boreal_needleleaved_summergreen_tree/patch_7/output/pft_cleaf.nc + .json
pft_croot           cdf  gC/m2       float  year   43 /projects/prjs2023/chapter3/lpjml_output/2026_04_08_run_for_10_locations/boreal_needleleaved_summergreen_tree/patch_7/output/pft_croot.nc + .json
pft_csapw           cdf  gC/m2       float  year   43 /projects/prjs2023/chapter3/lpjml_output/2026_04_08_run_for_10_locations/boreal_needleleaved_summergreen_tree/patch_7/output/pft_csapw.nc + .json
pft_fpar            cdf  -           float  month  43 /projects/prjs2023/chapter3/lpjml_output/2026_04_08_run_for_10_locations/boreal_needleleaved_summergreen_tree/patch_7/output/pft_fpar.nc + .json
pft_gpp             cdf  gC/m2/month float  month  43 /projects/prjs2023/chapter3/lpjml_output/2026_04_08_run_for_10_locations/boreal_needleleaved_summergreen_tree/patch_7/output/pft_gpp.nc + .json
pft_laimax          cdf  m2/m2       float  year   43 /projects/prjs2023/chapter3/lpjml_output/2026_04_08_run_for_10_locations/boreal_needleleaved_summergreen_tree/patch_7/output/pft_laimax.nc + .json
pft_mort            cdf  1/month     float  month  11 /projects/prjs2023/chapter3/lpjml_output/2026_04_08_run_for_10_locations/boreal_needleleaved_summergreen_tree/patch_7/output/pft_mort.nc + .json
pft_mort_background cdf  1/month     float  month  11 /projects/prjs2023/chapter3/lpjml_output/2026_04_08_run_for_10_locations/boreal_needleleaved_summergreen_tree/patch_7/output/pft_mort_background.nc + .json
pft_mort_drought    cdf  1/month     float  month  11 /projects/prjs2023/chapter3/lpjml_output/2026_04_08_run_for_10_locations/boreal_needleleaved_summergreen_tree/patch_7/output/pft_mort_drought.nc + .json
pft_mort_heat       cdf  1/month     float  month  11 /projects/prjs2023/chapter3/lpjml_output/2026_04_08_run_for_10_locations/boreal_needleleaved_summergreen_tree/patch_7/output/pft_mort_heat.nc + .json
pft_nind            cdf  ind/m²     float  month  11 /projects/prjs2023/chapter3/lpjml_output/2026_04_08_run_for_10_locations/boreal_needleleaved_summergreen_tree/patch_7/output/pft_nind.nc + .json
pft_nleaf           cdf  gN/m2       float  year   43 /projects/prjs2023/chapter3/lpjml_output/2026_04_08_run_for_10_locations/boreal_needleleaved_summergreen_tree/patch_7/output/pft_nleaf.nc + .json
pft_npp             cdf  gC/m2/yr    float  year   43 /projects/prjs2023/chapter3/lpjml_output/2026_04_08_run_for_10_locations/boreal_needleleaved_summergreen_tree/patch_7/output/pft_npp.nc + .json
pft_nroot           cdf  gN/m2       float  year   43 /projects/prjs2023/chapter3/lpjml_output/2026_04_08_run_for_10_locations/boreal_needleleaved_summergreen_tree/patch_7/output/pft_nroot.nc + .json
pft_nuptake         cdf  gN/m2/yr    float  year   43 /projects/prjs2023/chapter3/lpjml_output/2026_04_08_run_for_10_locations/boreal_needleleaved_summergreen_tree/patch_7/output/pft_nuptake.nc + .json
pft_phen            cdf  -           float  month  43 /projects/prjs2023/chapter3/lpjml_output/2026_04_08_run_for_10_locations/boreal_needleleaved_summergreen_tree/patch_7/output/pft_phen.nc + .json
pft_survive_frac    cdf  -           float  month  43 /projects/prjs2023/chapter3/lpjml_output/2026_04_08_run_for_10_locations/boreal_needleleaved_summergreen_tree/patch_7/output/pft_survive_frac.nc + .json
pft_vegc            cdf  gC/m2       float  year   43 /projects/prjs2023/chapter3/lpjml_output/2026_04_08_run_for_10_locations/boreal_needleleaved_summergreen_tree/patch_7/output/pft_vegc.nc + .json
pft_vegn            cdf  gN/m2       float  year   43 /projects/prjs2023/chapter3/lpjml_output/2026_04_08_run_for_10_locations/boreal_needleleaved_summergreen_tree/patch_7/output/pft_vegn.nc + .json
pft_water_demand    cdf  mm/yr       float  year   43 /projects/prjs2023/chapter3/lpjml_output/2026_04_08_run_for_10_locations/boreal_needleleaved_summergreen_tree/patch_7/output/pft_water_demand.nc + .json
phen_light          cdf  -           float  month   1 /projects/prjs2023/chapter3/lpjml_output/2026_04_08_run_for_10_locations/boreal_needleleaved_summergreen_tree/patch_7/output/mphen_light.nc + .json
phen_tmax           cdf  -           float  month   1 /projects/prjs2023/chapter3/lpjml_output/2026_04_08_run_for_10_locations/boreal_needleleaved_summergreen_tree/patch_7/output/mphen_tmax.nc + .json
phen_tmin           cdf  -           float  month   1 /projects/prjs2023/chapter3/lpjml_output/2026_04_08_run_for_10_locations/boreal_needleleaved_summergreen_tree/patch_7/output/mphen_tmin.nc + .json
phen_water          cdf  -           float  month   1 /projects/prjs2023/chapter3/lpjml_output/2026_04_08_run_for_10_locations/boreal_needleleaved_summergreen_tree/patch_7/output/mphen_water.nc + .json
rd                  cdf  gC/m2/month float  month   1 /projects/prjs2023/chapter3/lpjml_output/2026_04_08_run_for_10_locations/boreal_needleleaved_summergreen_tree/patch_7/output/rd.nc + .json
rh                  cdf  gC/m2/month float  month   1 /projects/prjs2023/chapter3/lpjml_output/2026_04_08_run_for_10_locations/boreal_needleleaved_summergreen_tree/patch_7/output/mrh.nc + .json
runoff              cdf  mm/month    float  month   1 /projects/prjs2023/chapter3/lpjml_output/2026_04_08_run_for_10_locations/boreal_needleleaved_summergreen_tree/patch_7/output/mrunoff.nc + .json
soilc               cdf  gC/m2       float  year    1 /projects/prjs2023/chapter3/lpjml_output/2026_04_08_run_for_10_locations/boreal_needleleaved_summergreen_tree/patch_7/output/soilc.nc + .json
soilc_layer         cdf  gC/m2       float  year    5 /projects/prjs2023/chapter3/lpjml_output/2026_04_08_run_for_10_locations/boreal_needleleaved_summergreen_tree/patch_7/output/soilc_layer.nc + .json
soiln               cdf  gN/m2       float  year    1 /projects/prjs2023/chapter3/lpjml_output/2026_04_08_run_for_10_locations/boreal_needleleaved_summergreen_tree/patch_7/output/soiln.nc + .json
soiln_layer         cdf  gN/m2       float  year    5 /projects/prjs2023/chapter3/lpjml_output/2026_04_08_run_for_10_locations/boreal_needleleaved_summergreen_tree/patch_7/output/soiln_layer.nc + .json
soilnh4             cdf  gN/m2       float  year    1 /projects/prjs2023/chapter3/lpjml_output/2026_04_08_run_for_10_locations/boreal_needleleaved_summergreen_tree/patch_7/output/soilnh4.nc + .json
soilnh4_layer       cdf  gN/m2       float  year    5 /projects/prjs2023/chapter3/lpjml_output/2026_04_08_run_for_10_locations/boreal_needleleaved_summergreen_tree/patch_7/output/soilnh4_layer.nc + .json
soilno3             cdf  gN/m2       float  year    1 /projects/prjs2023/chapter3/lpjml_output/2026_04_08_run_for_10_locations/boreal_needleleaved_summergreen_tree/patch_7/output/soilno3.nc + .json
soilno3_layer       cdf  gN/m2       float  year    5 /projects/prjs2023/chapter3/lpjml_output/2026_04_08_run_for_10_locations/boreal_needleleaved_summergreen_tree/patch_7/output/soilno3_layer.nc + .json
soiltemp1           cdf  Celsius     float  month   1 /projects/prjs2023/chapter3/lpjml_output/2026_04_08_run_for_10_locations/boreal_needleleaved_summergreen_tree/patch_7/output/msoiltemp1.nc + .json
soiltemp2           cdf  Celsius     float  month   1 /projects/prjs2023/chapter3/lpjml_output/2026_04_08_run_for_10_locations/boreal_needleleaved_summergreen_tree/patch_7/output/msoiltemp2.nc + .json
soiltemp3           cdf  Celsius     float  month   1 /projects/prjs2023/chapter3/lpjml_output/2026_04_08_run_for_10_locations/boreal_needleleaved_summergreen_tree/patch_7/output/msoiltemp3.nc + .json
swc1                cdf  1           float  month   1 /projects/prjs2023/chapter3/lpjml_output/2026_04_08_run_for_10_locations/boreal_needleleaved_summergreen_tree/patch_7/output/mswc1.nc + .json
swc2                cdf  1           float  month   1 /projects/prjs2023/chapter3/lpjml_output/2026_04_08_run_for_10_locations/boreal_needleleaved_summergreen_tree/patch_7/output/mswc2.nc + .json
swc3                cdf  1           float  month   1 /projects/prjs2023/chapter3/lpjml_output/2026_04_08_run_for_10_locations/boreal_needleleaved_summergreen_tree/patch_7/output/mswc3.nc + .json
swc4                cdf  1           float  month   1 /projects/prjs2023/chapter3/lpjml_output/2026_04_08_run_for_10_locations/boreal_needleleaved_summergreen_tree/patch_7/output/mswc4.nc + .json
swc5                cdf  1           float  month   1 /projects/prjs2023/chapter3/lpjml_output/2026_04_08_run_for_10_locations/boreal_needleleaved_summergreen_tree/patch_7/output/mswc5.nc + .json
transp              cdf  mm/month    float  month   1 /projects/prjs2023/chapter3/lpjml_output/2026_04_08_run_for_10_locations/boreal_needleleaved_summergreen_tree/patch_7/output/mtransp.nc + .json
vegc                cdf  gC/m2       float  year    1 /projects/prjs2023/chapter3/lpjml_output/2026_04_08_run_for_10_locations/boreal_needleleaved_summergreen_tree/patch_7/output/vegc.nc + .json
vegn                cdf  gN/m2       float  year    1 /projects/prjs2023/chapter3/lpjml_output/2026_04_08_run_for_10_locations/boreal_needleleaved_summergreen_tree/patch_7/output/vegn.nc + .json
wateramount         cdf  hm3         float  month   1 /projects/prjs2023/chapter3/lpjml_output/2026_04_08_run_for_10_locations/boreal_needleleaved_summergreen_tree/patch_7/output/mwateramount.nc + .json
wscal               cdf  -           float  month   1 /projects/prjs2023/chapter3/lpjml_output/2026_04_08_run_for_10_locations/boreal_needleleaved_summergreen_tree/patch_7/output/wscal.nc + .json
------------------- ---- ----------- ------ ----- --- -------------------------
Spinup years:                   180
Cycle length during spinup:      30
First year:                    1901
Last year:                     2019
Number of grid cells:            72
==============================================================================
Memory allocated for output: 7,096 bytes/cell
Simulation begins...
Spinup using climate starting from year 1901

                 Carbon flux (ktC/yr)                    Water (dam3/yr)                Nitrogen (MgN/yr)
       --------------------------------------- ---------------------------------- --------------------------------
Spinup NEP     estab   harvest product NBP     transp     evap    interc  wd      nuptake ndemand  nlosses ninflux
------ ------- ------- ------- ------- ------- ---------- ------- ------- ------- ------- -------- ------- -------
  1721 -75.296   0.032   0.000   0.000 -75.265   225189.5 216982.3  9563.7     0.0 14289.0    500.6   325.6   548.0
  1722 -89.556   0.023   0.000   0.000 -89.533   203622.1 220343.8 10987.5     0.0 10595.6    319.0   365.1   309.1
  1723 -64.293   0.007   0.000   0.000 -64.286   196222.4 210961.7 10118.3     0.0 13766.9    274.1   451.9  1954.3
  1724  72.174  -0.008   0.000   0.000  72.166   201997.3 166119.7  6666.4     0.0 13351.8    699.6   412.7  5154.3
  1725 108.481   0.005   0.000   0.000 108.485   224740.6 180845.1 12292.5     0.0 15974.2    900.6   548.2  2518.0
  1726 -51.791   0.015   0.000   0.000 -51.776   196870.8 192424.5 10044.0     0.0 13733.2    599.2   703.5  2222.7
  1727 -70.506   0.017   0.000   0.000 -70.489   199557.2 181588.6 12048.5     0.0 13343.2    614.9   468.8  1935.6
  1728 -19.085   0.012   0.000   0.000 -19.072   236813.0 199321.6 10088.6     0.0 15441.6    611.9   355.5  1797.2
  1729 -25.284   0.012   0.000   0.000 -25.272   202243.9 179533.1 14446.1     0.0 12179.0    335.8  2285.6  1867.1
  1730 143.968   0.015   0.000   0.000 143.983   233922.4 195239.1 12019.8     0.0 15509.3    412.1   328.2  2625.9
  1731 -45.870   0.013   0.000   0.000 -45.857   217107.3 213738.3 16405.7     0.0 12953.6    385.3  1048.2  1561.7
  1732 -88.446   0.014   0.000   0.000 -88.432   207718.9 171453.4 12369.5     0.0 12638.7    180.4  1064.5  1165.7
  1733 135.039   0.017   0.000   0.000 135.056   249786.2 215915.1 16182.1     0.0 18659.7    426.5  1156.6  1824.3
  1734 234.026   0.017   0.000   0.000 234.042   256018.1 188896.8 15832.1     0.0 16877.6    677.5  1325.3  1687.6
  1735  63.344   0.015   0.000   0.000  63.359   233450.0 219049.8 16255.8     0.0 13906.1    548.6   329.3  2199.9
  1736 -108.839   0.010   0.000   0.000 -108.830   224166.2 200432.2 15551.0     0.0 13085.8    294.4   528.0  1284.6
  1737 -36.805   0.013   0.000   0.000 -36.792   209079.4 188347.4 13253.1     0.0 14683.2    307.2   536.5  1472.8
  1738  81.532   0.017   0.000   0.000  81.549   229598.3 228197.2 19944.5     0.0 15069.8    329.5   821.7  1610.0
  1739 164.382   0.013   0.000   0.000 164.395   250811.5 192946.0 16377.2     0.0 19553.5    651.1   493.2  1694.8
  1740  47.567   0.012   0.000   0.000  47.578   226320.1 197209.7 13589.8     0.0 10991.2    479.9   317.7  2026.6
  1741 160.805   0.006   0.000   0.000 160.811   239185.7 184717.7 14786.1     0.0 16108.6    587.7   594.8  1683.9
  1742  13.817   0.014   0.000   0.000  13.831   225208.5 210790.4 13105.9     0.0 11607.7    608.8   318.8  1325.9
  1743 119.002   0.016   0.000   0.000 119.018   237442.6 189927.5 14885.9     0.0 16045.1    767.5   598.3  1866.7
  1744 -69.056   0.013   0.000   0.000 -69.043   226117.6 218925.2 16472.6     0.0 12864.4    743.3   967.3  2137.4
  1745  98.235   0.012   0.000   0.000  98.247   248680.8 192865.6 16370.9     0.0 19479.4    901.8   511.7  2032.8

                 Carbon flux (ktC/yr)                    Water (dam3/yr)                Nitrogen (MgN/yr)
       --------------------------------------- ---------------------------------- --------------------------------
Spinup NEP     estab   harvest product NBP     transp     evap    interc  wd      nuptake ndemand  nlosses ninflux
------ ------- ------- ------- ------- ------- ---------- ------- ------- ------- ------- -------- ------- -------
  1746 -80.133   0.009   0.000   0.000 -80.124   225078.9 214148.9 13361.6     0.0  9495.8    450.2   347.0  2079.9
  1747 -174.580   0.016   0.000   0.000 -174.564   172993.2 207854.2  6754.5     0.0  6890.4    151.1   431.6  1559.2
  1748 -137.602   0.022   0.000   0.000 -137.580   155405.3 202457.9  4459.6     0.0  8562.9    186.1   463.7  2555.1
  1749 -106.101   0.016   0.000   0.000 -106.085   164731.3 174922.8  8115.5     0.0 14008.6    311.5   847.8  3024.4
  1750 -74.989   0.016   0.000   0.000 -74.973   228329.8 193795.1 10986.9     0.0 16635.8    357.8  1814.7  2275.0
  1751  34.092   0.010   0.000   0.000  34.103   240379.9 218087.5 12119.4     0.0 17528.6    356.3  1456.0  1978.2
  1752 100.552   0.005   0.000   0.000 100.557   227020.2 182562.7 11499.7     0.0 17321.0    279.2   828.2  1560.4
  1753 119.099   0.013   0.000   0.000 119.113   240046.0 216608.3 13390.8     0.0 15616.7    337.5   436.4  2343.1
  1754 -53.921   0.011   0.000   0.000 -53.910   215899.5 211691.3 11955.8     0.0 10616.2    220.7   439.0  2188.8
  1755  36.286   0.008   0.000   0.000  36.294   218466.1 228518.1 19077.2     0.0 14533.5    275.5   768.9  1621.7
  1756  43.196   0.013   0.000   0.000  43.209   224381.3 229832.7 19545.6     0.0 14998.0    436.1  1780.2  1685.9
  1757   6.302   0.011   0.000   0.000   6.313   220256.3 204915.6 11634.3     0.0 13541.3    598.5   645.6  1508.2
  1758 -98.809   0.012   0.000   0.000 -98.797   212829.2 221768.4 16417.7     0.0 12718.2    396.4  1420.6  1437.0
  1759  92.884   0.014   0.000   0.000  92.898   233034.9 203307.0 12474.1     0.0 15868.2    462.1   382.8  1358.2
  1760  30.228   0.015   0.000   0.000  30.243   211093.4 195379.7 11700.1     0.0 16773.3    324.3   938.9  1461.1
  1761 -99.092   0.019   0.000   0.000 -99.074   215594.1 219852.1 17334.7     0.0 12189.2    381.6  1229.5  1485.3
  1762 105.312   0.015   0.000   0.000 105.327   252499.7 187036.2 13079.1     0.0 18345.6    441.9   739.3  1065.4
  1763 159.018   0.014   0.000   0.000 159.032   238273.2 168895.1  8940.0     0.0 12327.3    204.5   514.9  1078.8
  1764 -42.475   0.019   0.000   0.000 -42.456   164489.2 162259.9  5924.9     0.0  6586.4    164.1   542.2  1252.6
  1765 -115.891   0.019   0.000   0.000 -115.872   160555.7 203461.5  7716.7     0.0 10117.9    171.6   490.8  1846.3
  1766 -167.197   0.016   0.000   0.000 -167.181   226996.2 187917.5  9286.8     0.0 15953.0    368.1   835.1  2698.3
  1767   5.209   0.010   0.000   0.000   5.219   249688.4 197647.1  8338.2     0.0 17856.4    307.0   544.7  1724.4
  1768  41.163   0.002   0.000   0.000  41.165   235331.6 230207.4 19689.7     0.0 15313.9    180.9  4818.0  1474.2
  1769 196.120   0.010   0.000   0.000 196.130   238926.0 194319.2 11393.8     0.0 15527.1    228.1   378.1  1797.0
  1770 160.173   0.012   0.000   0.000 160.185   215751.3 166946.9  7973.4     0.0 12689.8    449.8   405.1  1520.0

                 Carbon flux (ktC/yr)                    Water (dam3/yr)                Nitrogen (MgN/yr)
       --------------------------------------- ---------------------------------- --------------------------------
Spinup NEP     estab   harvest product NBP     transp     evap    interc  wd      nuptake ndemand  nlosses ninflux
------ ------- ------- ------- ------- ------- ---------- ------- ------- ------- ------- -------- ------- -------
  1771 -30.676   0.016   0.000   0.000 -30.660   170382.8 178098.3 11006.4     0.0  9470.7    202.8   398.0  1141.8
  1772 -169.542   0.018   0.000   0.000 -169.525   196109.7 170872.8  9327.5     0.0 12712.9    263.3  1316.9  2101.8
  1773 -43.157   0.014   0.000   0.000 -43.142   262945.3 193544.6 11566.8     0.0 18163.4    417.1   582.8  2078.3
  1774  12.375   0.012   0.000   0.000  12.387   252104.2 239655.1 21864.9     0.0 16948.9    273.2  3856.2  1469.6
  1775  48.698   0.009   0.000   0.000  48.707   241581.2 210372.1 12648.1     0.0 12850.2    188.5   471.1  1772.6
  1776  83.145   0.005   0.000   0.000  83.150   230584.5 194589.1 14285.6     0.0 17711.8    315.5   396.2   739.1
  1777  87.832   0.014   0.000   0.000  87.846   196883.3 182925.3  6001.7     0.0 11726.1    190.5   430.7  1259.9
  1778 -224.915   0.018   0.000   0.000 -224.896   179634.2 179625.3 10349.5     0.0  7220.0    377.0   896.5  2236.3
  1779 151.111   0.017   0.000   0.000 151.127   211175.1 184471.5  4184.8     0.0 16991.4    197.5   999.5  2060.3
  1780 -173.870   0.019   0.000   0.000 -173.851   190169.1 178916.9  9476.5     0.0  9327.9    464.3   973.9  2485.2
  1781 -47.782   0.017   0.000   0.000 -47.765   241068.4 199041.0 11704.0     0.0 18970.0    206.1  2129.6  1981.9
  1782  21.255   0.015   0.000   0.000  21.270   250392.1 189405.1 10924.1     0.0 16626.1    481.0   713.4  1528.9
  1783  64.262   0.013   0.000   0.000  64.275   237269.8 209576.2 11781.6     0.0 15948.0     97.4   762.5   776.5
  1784 -186.736   0.015   0.000   0.000 -186.722   193520.2 173547.4 12083.5     0.0  9503.0    119.5  1194.2  1609.0
  1785 141.609   0.017   0.000   0.000 141.626   235989.6 191741.5 11277.6     0.0 16217.8    266.4   509.1  2487.7
  1786  87.655   0.017   0.000   0.000  87.672   227934.3 205904.5 12109.1     0.0 13532.5    381.4   386.5  1325.6
  1787 -80.847   0.015   0.000   0.000 -80.832   212004.2 219327.5 16431.0     0.0 13522.1    278.3  1266.2  1505.3
  1788  74.503   0.006   0.000   0.000  74.508   217369.3 181927.0 12836.9     0.0 16939.2    251.7   695.9  1307.0
  1789  16.211   0.006   0.000   0.000  16.217   243017.6 206117.2 15671.5     0.0 15446.0    308.7   477.4   941.6
  1790 177.058   0.013   0.000   0.000 177.071   250240.2 192402.8 17514.7     0.0 19788.3    401.9   477.6  1297.8
  1791 -109.084   0.013   0.000   0.000 -109.070   258416.6 196039.7 15053.4     0.0 13709.5    364.9   458.9  1555.6
  1792  53.405   0.013   0.000   0.000  53.419   234845.8 199956.2 13435.9     0.0 14834.7    281.8   440.3  1982.0
  1793  -0.585   0.011   0.000   0.000  -0.574   212693.5 205550.1 12499.8     0.0 12117.2    348.4   426.8  1754.9
  1794  12.890   0.009   0.000   0.000  12.898   216516.2 223272.3 13926.5     0.0 13854.1    330.8   498.0  2557.5
  1795  14.666   0.010   0.000   0.000  14.676   213677.7 196338.6 12286.8     0.0 11585.7    362.6   419.1  2563.6

                 Carbon flux (ktC/yr)                    Water (dam3/yr)                Nitrogen (MgN/yr)
       --------------------------------------- ---------------------------------- --------------------------------
Spinup NEP     estab   harvest product NBP     transp     evap    interc  wd      nuptake ndemand  nlosses ninflux
------ ------- ------- ------- ------- ------- ---------- ------- ------- ------- ------- -------- ------- -------
  1796 -13.644   0.014   0.000   0.000 -13.629   213799.9 200769.3 10789.6     0.0 13610.9    215.1   464.3  1479.0
  1797 -87.138   0.015   0.000   0.000 -87.123   217594.1 161885.6  7538.4     0.0 14583.2    368.5   481.8  3241.2
  1798 -99.076   0.014   0.000   0.000 -99.062   229977.4 196296.3 13245.8     0.0 15695.5    457.9  1740.6  2257.1
  1799 -14.622   0.014   0.000   0.000 -14.607   241839.9 239939.1 20756.3     0.0 15626.1    386.6  5603.5  1685.2
  1800  45.179   0.016   0.000   0.000  45.194   239147.0 211003.9 11873.4     0.0 13199.5    239.3   493.4  1867.3
  1801  27.513   0.012   0.000   0.000  27.525   237618.3 184917.6 12441.1     0.0 16010.0    420.8   831.9  1190.8
  1802 219.562   0.009   0.000   0.000 219.570   267871.1 194533.0 17547.2     0.0 22934.5    312.5   978.3  1484.7
  1803 -181.021   0.009   0.000   0.000 -181.012   202439.5 179478.7 13831.5     0.0  7839.6    137.5  1318.7  1139.4
  1804  74.101   0.014   0.000   0.000  74.115   221706.1 185735.7 13142.3     0.0 16432.4    181.2   827.6  1230.4
  1805 -20.305   0.018   0.000   0.000 -20.287   224194.0 210994.5 12883.8     0.0 12193.4    268.5   506.7  2092.1
  1806 -48.143   0.011   0.000   0.000 -48.132   196198.0 184189.9 12727.2     0.0 14210.7    316.2   717.5  1475.8
  1807 118.228   0.009   0.000   0.000 118.237   203968.0 183291.0  5022.1     0.0 13773.0    309.7   701.5  2009.7
  1808 -51.351   0.020   0.000   0.000 -51.331   192139.9 209140.1 11044.3     0.0 11419.9    431.3   410.9  2996.0
  1809 -134.548   0.019   0.000   0.000 -134.529   186659.7 181486.5 11272.3     0.0 12710.7    382.2  4104.4  3233.8
  1810 -89.616   0.016   0.000   0.000 -89.600   216306.8 221338.2 13417.6     0.0 14493.3    367.9  1826.0  1928.3
  1811 255.056   0.011   0.000   0.000 255.067   242086.6 169624.1  7308.0     0.0 16938.9    417.8   463.7  1544.1
  1812  72.073   0.010   0.000   0.000  72.083   206138.5 185229.4 12407.7     0.0 12036.9    270.1   390.2  2267.3
  1813  33.475   0.016   0.000   0.000  33.491   218815.4 222427.4 19111.0     0.0 14794.4    348.1   689.7  1660.3
  1814 106.921   0.014   0.000   0.000 106.935   241416.3 189440.1 13797.2     0.0 15799.0    832.7  2167.2  2028.8
  1815 -124.435   0.016   0.000   0.000 -124.420   190184.4 208283.2  6742.6     0.0  8927.7    305.9   410.9  1620.0
  1816 -69.535   0.019   0.000   0.000 -69.516   185743.2 191348.8  9147.3     0.0 15105.7    309.8   900.8  2278.6
  1817 -212.780   0.018   0.000   0.000 -212.762   193316.6 175805.0 10015.9     0.0 11371.3    256.1  1421.9  2088.2
  1818 121.170   0.009   0.000   0.000 121.179   242832.3 192856.2 11233.2     0.0 20732.7    366.1   757.3  1138.0
  1819 -33.396   0.009   0.000   0.000 -33.387   208343.6 184194.3 14284.9     0.0 12483.7    282.6  3075.8  1588.1
  1820 145.826   0.013   0.000   0.000 145.838   220206.5 186876.4 10943.6     0.0 15473.6    179.6   421.1   791.5

                 Carbon flux (ktC/yr)                    Water (dam3/yr)                Nitrogen (MgN/yr)
       --------------------------------------- ---------------------------------- --------------------------------
Spinup NEP     estab   harvest product NBP     transp     evap    interc  wd      nuptake ndemand  nlosses ninflux
------ ------- ------- ------- ------- ------- ---------- ------- ------- ------- ------- -------- ------- -------
  1821  49.513   0.019   0.000   0.000  49.532   216832.1 197027.8 10928.7     0.0 18334.7    253.7   992.7  1313.8
  1822 -47.303   0.017   0.000   0.000 -47.285   208226.9 185582.2 15089.6     0.0 12183.3    287.2  2078.8  1463.4
  1823  82.990   0.011   0.000   0.000  83.001   233539.6 205011.6 12400.8     0.0 15884.7    373.1   395.0  1422.1
  1824 102.087   0.007   0.000   0.000 102.094   217235.0 186632.2 12098.5     0.0 13715.4    248.9   396.0   750.5
  1825  52.423   0.019   0.000   0.000  52.442   202092.7 166274.2  5991.3     0.0 11436.5    220.3   533.7   776.0
  1826 -90.974   0.030   0.000   0.000 -90.944   162665.9 159158.0  6907.3     0.0  5344.6    204.6   450.7  1740.4
  1827 -15.535   0.008   0.000   0.000 -15.528   199069.9 191784.4  7657.4     0.0 17277.8    385.8   473.9  2120.6
  1828  28.279   0.011   0.000   0.000  28.290   229168.2 211350.7 10186.4     0.0 15479.1    476.0   428.6  3241.0
  1829 -37.421   0.006   0.000   0.000 -37.415   230033.5 233544.2 18287.8     0.0 14969.7    349.6  3580.8  1662.2
  1830 213.461   0.010   0.000   0.000 213.472   259249.7 192682.9 14741.8     0.0 21764.2    403.9   513.6  1277.9
  1831 -13.604   0.015   0.000   0.000 -13.589   247657.9 209067.4 16007.0     0.0 13331.1    300.3   389.8   693.8
  1832  72.852   0.014   0.000   0.000  72.866   217529.8 167897.7  8305.5     0.0 10403.1    233.9   363.9  1158.7
  1833 -77.519   0.024   0.000   0.000 -77.495   161160.5 161916.3  5069.3     0.0  6651.6    169.6   525.9  1342.7
  1834 -297.548   0.019   0.000   0.000 -297.529   146135.8 169963.6  7127.6     0.0  7241.5    206.6  2003.6  2664.3
  1835 -329.600   0.017   0.000   0.000 -329.583   170102.4 182849.3  5596.3     0.0 11433.4    119.8  2866.7  2268.6
  1836 156.699   0.008   0.000   0.000 156.707   250867.8 198648.3  8941.9     0.0 22210.4    287.4  1487.0  1763.6
  1837 -16.380   0.012   0.000   0.000 -16.368   214123.9 209878.6  4386.9     0.0 10543.0    144.7   479.6  1362.2
  1838 -91.316   0.018   0.000   0.000 -91.297   206295.1 219653.8 10620.3     0.0 12945.0    193.1  1561.9  2271.8
  1839 -116.032   0.017   0.000   0.000 -116.015   205220.3 174409.7  7680.3     0.0 13122.3     63.8  1646.5  1431.7
  1840 293.385   0.015   0.000   0.000 293.399   243873.1 172061.6  4835.7     0.0 18241.3    187.5   686.7  1418.5
  1841 103.470   0.017   0.000   0.000 103.487   221832.2 207726.4  8656.7     0.0 13912.7    225.6   361.1  1314.1
  1842  12.966   0.012   0.000   0.000  12.978   231766.5 203410.3  7744.2     0.0 16140.4    286.0   407.6  1299.5
  1843 199.108   0.010   0.000   0.000 199.118   236566.2 182888.2  9915.3     0.0 17041.9    392.0  1111.5  1630.9
  1844  -9.606   0.012   0.000   0.000  -9.594   182081.1 164802.4  4404.9     0.0  9519.1    273.5   478.5  1031.1
  1845 -174.992   0.016   0.000   0.000 -174.977   183937.5 194395.1  7812.2     0.0 10880.7    338.4   415.7  1728.6

                 Carbon flux (ktC/yr)                    Water (dam3/yr)                Nitrogen (MgN/yr)
       --------------------------------------- ---------------------------------- --------------------------------
Spinup NEP     estab   harvest product NBP     transp     evap    interc  wd      nuptake ndemand  nlosses ninflux
------ ------- ------- ------- ------- ------- ---------- ------- ------- ------- ------- -------- ------- -------
  1846 -83.119   0.018   0.000   0.000 -83.101   215873.2 177918.2  9138.0     0.0 15104.6    719.3   872.4  2771.3
  1847 144.586   0.013   0.000   0.000 144.599   249952.0 190347.6 11218.1     0.0 17140.7    652.8  2388.7  2024.5
  1848  -0.184   0.009   0.000   0.000  -0.175   195640.9 165363.3  5181.4     0.0 10134.0    295.1   446.2  1010.3
  1849 -40.217   0.020   0.000   0.000 -40.198   186218.3 185381.4  9767.9     0.0 10644.2    405.3   356.8  2599.7
  1850 -103.921   0.020   0.000   0.000 -103.901   219152.9 192304.9 11459.4     0.0 14743.3    460.2   982.6  2068.5
  1851 -23.723   0.017   0.000   0.000 -23.706   231464.2 193419.4 12973.0     0.0 14899.7    588.4   793.3  2325.7
  1852  71.352   0.017   0.000   0.000  71.369   242304.0 207826.9 10991.6     0.0 13962.8    554.1   956.1  1523.2
  1853 125.308   0.014   0.000   0.000 125.322   222434.9 169108.2  7789.1     0.0 13269.0    497.2   399.8  1641.4
  1854 -32.178   0.012   0.000   0.000 -32.167   225832.6 201419.6 14667.0     0.0 14582.3    354.6   426.2  1313.7
  1855 -46.466   0.009   0.000   0.000 -46.457   205083.4 182935.5 13913.7     0.0 13435.7    354.9  3717.5  2140.4
  1856  60.690   0.015   0.000   0.000  60.705   241526.7 194521.8 15575.9     0.0 16027.9    429.4   836.4  1643.2
  1857  81.488   0.014   0.000   0.000  81.502   261122.3 187372.4 12790.5     0.0 17064.4    673.0   883.9  1192.3
  1858  76.339   0.014   0.000   0.000  76.354   230958.9 196707.8 12515.9     0.0 17313.9    200.9  1054.8   881.3
  1859  12.717   0.016   0.000   0.000  12.733   227795.2 203454.2 14250.7     0.0 12118.3    454.0   321.6  1161.0
  1860  71.537   0.016   0.000   0.000  71.554   232622.1 199403.8 14593.1     0.0 16178.2    362.2   426.3   890.6
  1861 -70.162   0.015   0.000   0.000 -70.147   231123.7 201396.4 15559.4     0.0 14025.2    249.6   889.4  1383.9
  1862  60.096   0.021   0.000   0.000  60.117   206052.9 187995.9  5947.4     0.0 12345.7    147.3   475.8  1423.4
  1863 -11.899   0.016   0.000   0.000 -11.883   198441.8 186726.8 12718.1     0.0 13869.7    337.5   640.6  1939.2
  1864 -72.067   0.014   0.000   0.000 -72.053   226840.0 169829.9  6406.5     0.0 15251.0    353.6   505.7  2635.1
  1865  -8.191   0.009   0.000   0.000  -8.182   204734.8 196226.9  9143.6     0.0 15534.8    297.5  1209.6  2273.3
  1866 -82.393   0.016   0.000   0.000 -82.378   224561.4 168827.6  7362.3     0.0 14410.1    331.3   457.6  2277.0
  1867 108.041   0.017   0.000   0.000 108.059   204564.3 185709.4  4939.6     0.0 13484.2    205.7   623.8  2063.6
  1868  -7.014   0.017   0.000   0.000  -6.997   156876.9 162841.3  6212.4     0.0  7245.0    333.5   447.3  2483.3
  1869 -108.571   0.019   0.000   0.000 -108.552   153685.0 155392.7  5446.7     0.0  6254.3    202.0   590.7  4102.8
  1870 -124.583   0.011   0.000   0.000 -124.573   177630.4 192529.7  6680.2     0.0 13011.4    436.4   551.0  3815.3

                 Carbon flux (ktC/yr)                    Water (dam3/yr)                Nitrogen (MgN/yr)
       --------------------------------------- ---------------------------------- --------------------------------
Spinup NEP     estab   harvest product NBP     transp     evap    interc  wd      nuptake ndemand  nlosses ninflux
------ ------- ------- ------- ------- ------- ---------- ------- ------- ------- ------- -------- ------- -------
  1871  -9.291   0.015   0.000   0.000  -9.276   190918.1 180845.8  6637.0     0.0 14039.8    386.0   666.9  2042.0
  1872  -7.073   0.018   0.000   0.000  -7.055   215341.0 200052.8  7887.9     0.0 15451.8    547.5   875.4  2891.6
  1873 -109.695   0.018   0.000   0.000 -109.677   246347.8 193652.4 10867.9     0.0 15551.8    501.3   635.8  2304.4
  1874 -93.042   0.013   0.000   0.000 -93.029   266486.9 195142.4 11722.9     0.0 18302.3    336.0   808.8  1985.7
  1875  80.809   0.007   0.000   0.000  80.815   246623.8 210882.4 11410.4     0.0 14912.5    210.2   583.3  1194.4
  1876  86.818   0.006   0.000   0.000  86.824   230040.8 231339.5 20320.2     0.0 15309.9    155.8  1660.5  1235.6
  1877 -19.067   0.010   0.000   0.000 -19.057   232203.8 168749.2  8559.7     0.0 15259.9    351.2   743.1  1750.3
  1878  21.145   0.012   0.000   0.000  21.157   228355.3 196195.6 15724.7     0.0 14539.3    501.9  1557.7  2089.7
  1879 -47.832   0.018   0.000   0.000 -47.814   198236.1 211021.3  6631.0     0.0 10046.6    215.6  2666.5  1510.5
  1880 112.449   0.016   0.000   0.000 112.465   201449.0 167475.2  7166.5     0.0 13124.0    393.9   465.9  2033.1
  1881 -52.886   0.012   0.000   0.000 -52.874   170051.3 175335.9 11481.3     0.0 12855.9    266.6  1298.4  2050.6
  1882   5.378   0.012   0.000   0.000   5.390   236863.6 203986.7 12645.1     0.0 17088.1    426.5   659.0  1596.8
  1883 -62.663   0.008   0.000   0.000 -62.655   252032.0 192745.4 12754.6     0.0 15189.4    458.5   601.3  1835.4
  1884 109.856   0.012   0.000   0.000 109.867   237152.0 197982.0 11982.2     0.0 16345.4    245.0   562.1  2068.5
  1885 -20.309   0.013   0.000   0.000 -20.296   212971.1 208276.9 12016.7     0.0 11048.4    216.4   524.6  2346.5
  1886 133.490   0.013   0.000   0.000 133.503   232226.9 190094.3 15391.1     0.0 19824.3    398.2  1133.8  2119.3
  1887   6.893   0.013   0.000   0.000   6.906   238013.1 188829.4 12477.7     0.0 14632.2    581.7  1830.3  1845.0
  1888  83.447   0.012   0.000   0.000  83.459   215332.0 190875.5 11729.5     0.0 12875.6    165.2   963.0  1124.9
  1889 112.913   0.019   0.000   0.000 112.931   238059.3 219273.6 14568.6     0.0 17523.2    335.5   611.2  2329.0
  1890  78.857   0.020   0.000   0.000  78.878   198983.4 186032.7  6006.7     0.0 10927.6    197.8   484.0  1294.7
  1891 -302.803   0.021   0.000   0.000 -302.782   187451.7 189771.8 10499.2     0.0  7776.1    266.1   981.3  2109.6
  1892 -29.634   0.014   0.000   0.000 -29.620   233982.2 242765.6 15085.7     0.0 17380.9    194.6 14096.2  1887.3
  1893   2.159   0.013   0.000   0.000   2.172   243994.9 200414.1 11900.9     0.0 16730.8    170.6  1699.8  1288.5
  1894 112.853   0.017   0.000   0.000 112.869   242192.6 212502.8 10901.9     0.0 15551.5    191.4   440.1   695.7
  1895 -21.329   0.016   0.000   0.000 -21.313   228151.5 167598.0  8354.0     0.0 16094.1    186.2   562.7  1434.3

                 Carbon flux (ktC/yr)                    Water (dam3/yr)                Nitrogen (MgN/yr)
       --------------------------------------- ---------------------------------- --------------------------------
Spinup NEP     estab   harvest product NBP     transp     evap    interc  wd      nuptake ndemand  nlosses ninflux
------ ------- ------- ------- ------- ------- ---------- ------- ------- ------- ------- -------- ------- -------
  1896 -30.552   0.013   0.000   0.000 -30.539   226162.9 169999.2  7935.7     0.0 15097.3    285.5   555.1  2056.7
  1897  79.485   0.007   0.000   0.000  79.492   228087.4 201569.1 12237.2     0.0 17938.1    407.6   502.8  1440.9
  1898 -53.697   0.007   0.000   0.000 -53.690   212724.6 211659.5 11814.6     0.0 10148.6    262.3   510.0  2358.8
  1899  50.968   0.011   0.000   0.000  50.979   216240.5 196293.3 12306.2     0.0 17616.9    367.3   486.5  1209.5
  1900 -10.575   0.012   0.000   0.000 -10.563   196724.9 194822.9 10952.2     0.0 14881.1    315.8  1459.6  1586.7

                 Carbon flux (ktC/yr)                    Water (dam3/yr)                Nitrogen (MgN/yr)
       --------------------------------------- ---------------------------------- --------------------------------
Year   NEP     estab   harvest product NBP     transp     evap    interc  wd      nuptake ndemand  nlosses ninflux
------ ------- ------- ------- ------- ------- ---------- ------- ------- ------- ------- -------- ------- -------
  1901 -10.551   0.017   0.000   0.000 -10.533   212383.1 202985.2 11900.1     0.0 12917.8    543.1   386.1  1837.7
  1902  70.085   0.018   0.000   0.000  70.103   224505.8 218850.7 13874.4     0.0 16257.5    433.8   462.9  2566.7
  1903 173.245   0.013   0.000   0.000 173.258   237360.3 190317.7 14658.2     0.0 16068.9    524.5   974.2  1604.9
  1904 -125.289   0.013   0.000   0.000 -125.276   181137.1 209596.0  7070.9     0.0  7680.1    181.4   518.3  1405.3
  1905 -10.412   0.017   0.000   0.000 -10.394   202304.5 212687.2 12111.9     0.0 14650.0    375.3  2777.5  2436.9
  1906   2.668   0.017   0.000   0.000   2.685   233100.0 167742.4  6978.8     0.0 17488.7    410.4   782.4  2246.1
  1907   3.521   0.014   0.000   0.000   3.535   235662.7 208519.9 13505.9     0.0 14689.4    391.9   509.0  1103.4
  1908  89.139   0.009   0.000   0.000  89.148   211627.3 167220.8  7378.3     0.0 11039.7    302.7   436.5  1930.9
  1909 -72.100   0.011   0.000   0.000 -72.089   194697.6 207081.3  9738.4     0.0 10770.2    248.5   512.3  3073.5
  1910 -131.010   0.014   0.000   0.000 -130.997   226664.9 190947.2 11383.5     0.0 15183.9    366.5   668.1  2118.0
  1911  27.270   0.014   0.000   0.000  27.283   196798.7 172952.3  4927.9     0.0 13408.7    190.1   691.1  1083.0
  1912 -77.699   0.019   0.000   0.000 -77.679   211569.1 195456.1 12509.7     0.0 16200.9    221.8   543.0  1657.0
  1913  57.207   0.017   0.000   0.000  57.224   227147.9 231199.4 17505.3     0.0 16331.9    284.9  1334.6  1318.9
  1914 146.955   0.015   0.000   0.000 146.970   207818.9 186060.6  5101.9     0.0 13848.0    305.5  2066.9  1636.2
  1915 -54.720   0.017   0.000   0.000 -54.703   196572.8 182942.0 13970.9     0.0 11199.0    403.0  1563.0  2497.8
  1916  99.309   0.015   0.000   0.000  99.325   231062.0 193769.5 10117.9     0.0 16088.6    567.5   739.8  2691.3
  1917 116.132   0.013   0.000   0.000 116.146   212063.2 166178.4  7591.9     0.0 11612.8    745.7   449.3  2003.4
  1918 -101.990   0.011   0.000   0.000 -101.979   205588.5 182540.0 11852.0     0.0 12743.8    631.1  1741.9  1971.3
  1919 -71.161   0.005   0.000   0.000 -71.157   221454.8 220842.4 15548.6     0.0 16105.8    431.1  3792.6  1827.0
  1920 123.775   0.004   0.000   0.000 123.779   223148.8 182072.1 13162.9     0.0 17403.3    337.0  1126.1  1198.0
  1921  59.942   0.006   0.000   0.000  59.949   241521.0 204304.0 11430.1     0.0 15784.0    462.2   578.4  1198.3
  1922  56.437   0.013   0.000   0.000  56.450   203697.0 193396.9 12149.8     0.0 16002.9    268.3  1569.8  1287.7
  1923 -47.578   0.019   0.000   0.000 -47.559   197943.6 186261.9 15670.9     0.0 12728.7    340.8  5721.8  1419.8
  1924 214.944   0.016   0.000   0.000 214.960   253690.5 194111.7 16984.4     0.0 22733.3    542.1   893.2  1418.2
  1925 -151.645   0.016   0.000   0.000 -151.629   201720.4 178167.9 13860.3     0.0  8648.0    234.5  1681.7  1024.3

                 Carbon flux (ktC/yr)                    Water (dam3/yr)                Nitrogen (MgN/yr)
       --------------------------------------- ---------------------------------- --------------------------------
Year   NEP     estab   harvest product NBP     transp     evap    interc  wd      nuptake ndemand  nlosses ninflux
------ ------- ------- ------- ------- ------- ---------- ------- ------- ------- ------- -------- ------- -------
  1926 153.174   0.015   0.000   0.000 153.189   236212.1 195269.7 14137.7     0.0 19462.8    269.8   768.5   669.8
  1927  34.458   0.014   0.000   0.000  34.472   234549.4 235366.6 27176.3     0.0 14690.7    291.1  4093.3  1032.4
  1928 158.219   0.014   0.000   0.000 158.233   235669.1 212448.6 14647.8     0.0 15075.3    305.4   412.6   646.9
  1929  68.268   0.011   0.000   0.000  68.279   200285.7 187605.6 13181.6     0.0 12948.7    213.6   401.9   552.4
  1930  26.606   0.018   0.000   0.000  26.624   216412.3 211445.5 11475.6     0.0 15320.3    314.4   445.0   736.4
  1931 -112.921   0.012   0.000   0.000 -112.909   224470.9 202511.4 16704.9     0.0 13802.0    393.7  1074.2  1257.8
  1932 120.039   0.012   0.000   0.000 120.051   228869.6 172651.2  7918.9     0.0 13278.5    317.6   548.1  1610.0
  1933   5.826   0.009   0.000   0.000   5.835   249027.7 221663.4 16199.0     0.0 18249.6    685.3   422.6  1940.6
  1934 -141.458   0.012   0.000   0.000 -141.446   259267.4 234174.0 22721.5     0.0 13855.7    684.2  2024.6  2147.5
  1935  94.816   0.009   0.000   0.000  94.826   283543.4 221911.7 17757.0     0.0 20501.3    516.6   541.7  1436.1
  1936  -9.793   0.008   0.000   0.000  -9.785   245772.5 201912.8 15803.8     0.0 12996.8    262.1   447.5   652.6
  1937 -38.945   0.009   0.000   0.000 -38.936   231366.8 215396.3 22433.9     0.0 16304.6    215.4  1409.9  1626.0
  1938 -24.428   0.014   0.000   0.000 -24.413   201809.7 195530.4 11585.2     0.0 11835.5    132.3  1025.2   768.3
  1939 155.060   0.013   0.000   0.000 155.072   252606.7 195031.6 17833.1     0.0 20066.6    433.4   662.0  1306.5
  1940 -146.575   0.018   0.000   0.000 -146.558   197997.6 231892.0 19067.8     0.0 11661.0    100.7  1201.7   777.0
  1941  48.439   0.018   0.000   0.000  48.457   246134.1 210094.2 14816.9     0.0 16335.3    286.4   625.9  1625.7
  1942 -39.564   0.018   0.000   0.000 -39.546   229430.4 225424.7 19790.0     0.0 14585.1    201.0   787.1  1281.5
  1943 122.783   0.010   0.000   0.000 122.793   256903.3 223495.2 17228.7     0.0 20042.7    518.7  1005.8   995.7
  1944  53.182   0.001   0.000   0.000  53.183   287868.6 219745.8 23517.2     0.0 20117.7    349.7   819.7   931.7
  1945  53.856   0.007   0.000   0.000  53.863   290952.3 242592.0 27840.8     0.0 18736.8    188.9   904.0   714.9
  1946 230.613   0.011   0.000   0.000 230.624   261315.6 226578.5 24309.8     0.0 19139.2    339.4   555.8   844.5
  1947 -40.983   0.011   0.000   0.000 -40.972   221299.0 232154.0 21240.8     0.0  9623.3    173.6   656.6   520.6
  1948 230.145   0.008   0.000   0.000 230.152   266365.8 206324.1 18455.5     0.0 20912.8    418.1   511.4  1879.2
  1949  94.268   0.015   0.000   0.000  94.283   224723.8 231834.4 23639.1     0.0 14224.3    340.1   512.6  1503.4
  1950 -11.457  -6.249   0.000   0.000 -17.706   192194.3 239261.8 29257.1     0.0  9883.6    334.0  1036.3  1833.7

                 Carbon flux (ktC/yr)                    Water (dam3/yr)                Nitrogen (MgN/yr)
       --------------------------------------- ---------------------------------- --------------------------------
Year   NEP     estab   harvest product NBP     transp     evap    interc  wd      nuptake ndemand  nlosses ninflux
------ ------- ------- ------- ------- ------- ---------- ------- ------- ------- ------- -------- ------- -------
  1951  48.050   0.017   0.000   0.000  48.067   266088.4 210754.8 12926.1     0.0 18401.6    483.9  1013.2  2330.1
  1952 -161.604   0.018   0.000   0.000 -161.586   264210.3 211305.7 19451.4     0.0 14560.6    301.6   432.8  2331.8
  1953 -129.897   0.011   0.000   0.000 -129.886   298184.3 219597.5 22471.5     0.0 20338.4    526.9   383.1  2457.6
  1954  18.071   0.007   0.000   0.000  18.078   250130.7 235033.0 24131.9     0.0 16477.9    379.8   503.9  2825.3
  1955  78.531   0.009   0.000   0.000  78.540   252950.7 223624.2 23472.5     0.0 15879.7    476.4   421.0  2638.8
  1956 -17.519   0.011   0.000   0.000 -17.508   219474.3 206185.5 12633.7     0.0 10657.5    344.8   463.1  2910.6
  1957 -32.167   0.016   0.000   0.000 -32.151   265301.3 229917.2 27040.4     0.0 17814.6    714.1   432.6  3148.6
  1958 187.377   0.017   0.000   0.000 187.395   273380.7 204876.1 15963.1     0.0 18517.0    670.5   465.2  2556.3
  1959 -107.839   0.014   0.000   0.000 -107.825   258688.0 198801.1 25507.4     0.0 13585.5    777.0   351.1  3460.1
  1960 -150.542   0.010   0.000   0.000 -150.531   245810.2 207884.2 15691.2     0.0 11633.5    438.8   455.8  2209.6
  1961 -191.060   0.013   0.000   0.000 -191.047   221815.4 201382.6 14666.2     0.0 13813.0    347.2   486.8  2335.3
  1962 258.794   0.015   0.000   0.000 258.810   269888.1 210598.5 16602.3     0.0 20822.0    812.9   401.6  2301.6
  1963 -160.422   0.017   0.000   0.000 -160.405   219262.7 243710.9 24576.8     0.0  8519.5    466.1   574.4  1113.9
  1964  42.266   0.015   0.000   0.000  42.281   234298.4 220890.1 18471.5     0.0 15137.0    459.1   507.3  1314.9
  1965 123.207   0.014   0.000   0.000 123.221   236931.3 158472.6  9008.4     0.0 13913.7    501.8   474.9  1436.6
  1966  37.282   0.011   0.000   0.000  37.293   259685.5 217007.1 16423.3     0.0 18709.7    598.1   483.9  2535.3
  1967 127.940   0.007   0.000   0.000 127.948   243201.1 229152.3 17468.2     0.0 16916.6    770.5   394.8  1557.7
  1968 -61.063   0.001   0.000   0.000 -61.061   276396.9 234598.3 32379.7     0.0 17312.0    836.9  1132.4  1634.0
  1969 137.347   0.009   0.000   0.000 137.356   269331.9 195907.4 13024.8     0.0 16182.8    650.3   506.6   778.6
  1970  64.279   0.007   0.000   0.000  64.287   237871.7 202549.8 16328.5     0.0 13256.7    613.8   404.1  1423.7
  1971 -61.612   0.007   0.000   0.000 -61.605   220695.5 169718.6 13291.1     0.0 11119.1    577.0   369.8  1302.7
  1972 -170.341   0.009   0.000   0.000 -170.332   175495.6 219323.4 13924.8     0.0  7980.5    254.0   895.2  2479.9
  1973 -71.329   0.016   0.000   0.000 -71.313   249583.8 202165.7 11390.0     0.0 20038.2    516.7   481.7  1636.5
  1974 -76.442   0.013   0.000   0.000 -76.428   285673.5 205902.4 16847.4     0.0 16389.0    554.7   450.6  1427.2
  1975 -61.034   0.012   0.000   0.000 -61.022   226361.6 243389.8 19683.6     0.0 12646.1    318.1  1055.5  1846.5

                 Carbon flux (ktC/yr)                    Water (dam3/yr)                Nitrogen (MgN/yr)
       --------------------------------------- ---------------------------------- --------------------------------
Year   NEP     estab   harvest product NBP     transp     evap    interc  wd      nuptake ndemand  nlosses ninflux
------ ------- ------- ------- ------- ------- ---------- ------- ------- ------- ------- -------- ------- -------
  1976 168.489   0.006   0.000   0.000 168.495   260256.8 218958.3 17929.2     0.0 19170.3    585.0   456.6  1153.6
  1977 -68.363   0.005   0.000   0.000 -68.359   261858.6 225003.1 28557.8     0.0 14395.7    629.0  4999.2  1244.7
  1978 -66.632   0.012   0.000   0.000 -66.620   227906.0 228367.0 18855.9     0.0 12407.6    260.1  1754.3  1015.4
  1979 157.103   0.018   0.000   0.000 157.121   230723.0 246856.6 17902.2     0.0 16512.3    389.7   638.6  1013.9
  1980 140.522   0.013   0.000   0.000 140.535   285884.6 224645.4 17608.5     0.0 19611.9    832.7   438.1  1559.0
  1981  49.377   0.010   0.000   0.000  49.388   276272.0 232160.0 22943.4     0.0 15541.8    724.3   334.0  2366.0
  1982 159.452   0.009   0.000   0.000 159.461   204753.3 176210.2  8438.4     0.0 10464.2    480.4   382.4  1539.4
  1983 -122.087   0.013   0.000   0.000 -122.075   210900.7 213813.1 15064.8     0.0 11814.3    284.0   440.7  2077.3
  1984 -121.707   0.017   0.000   0.000 -121.690   202286.3 247218.5 19051.0     0.0 14031.8    446.6  1324.0  1939.9
  1985  37.922   0.014   0.000   0.000  37.936   245985.9 218310.2 14821.4     0.0 16872.4    512.1   900.6  1775.3
  1986 189.098   0.012   0.000   0.000 189.110   277604.3 229774.2 19323.0     0.0 19820.7    605.7   673.4  1475.9
  1987 220.892   0.011   0.000   0.000 220.903   282146.4 208094.2 18274.4     0.0 15471.9    564.6   573.9  1434.0
  1988 -91.635   0.012   0.000   0.000 -91.623   221486.0 210741.6 21910.6     0.0 12507.8    308.0   561.6   957.4
  1989  33.546   0.004   0.000   0.000  33.550   316885.1 236862.6 33523.9     0.0 22625.1    712.6  2779.3  1888.7
  1990  -3.707   0.006   0.000   0.000  -3.701   264835.6 267820.6 36798.6     0.0 13746.7    402.9 11662.2  1197.3
  1991 185.881   0.017   0.000   0.000 185.898   296456.7 189743.2 14938.9     0.0 18180.5    339.1  1153.3  1481.5
  1992 198.555   0.017   0.000   0.000 198.572   217132.3 210689.4 16095.5     0.0 14164.0    587.9   381.4  2043.4
  1993 -15.871   0.016   0.000   0.000 -15.855   229375.2 232724.3 21976.6     0.0 12355.1    403.5   576.6  1456.8
  1994  90.335   0.011   0.000   0.000  90.346   266024.5 239016.9 19433.7     0.0 18782.4    997.6   460.7  1983.8
  1995  65.906   0.011   0.000   0.000  65.917   291353.3 226332.2 21189.2     0.0 17410.0   1021.7   362.5  1878.1
  1996   6.690   0.008   0.000   0.000   6.698   251119.2 264683.8 24093.4     0.0 14338.8    631.8   512.0  2444.3
  1997  89.125   0.013   0.000   0.000  89.138   296485.8 225759.1 24817.3     0.0 20257.1    819.8   486.8  1399.2
  1998  37.339   0.011   0.000   0.000  37.350   257468.8 232836.3 25825.4     0.0 15921.8    728.0   432.2  1819.7
  1999 -67.412   0.009   0.000   0.000 -67.403   231901.6 235536.9 21806.7     0.0 15391.3    756.3   468.6  2214.3
  2000 -82.221   0.018   0.000   0.000 -82.203   236233.6 210091.2 17206.5     0.0 14642.1    567.7   572.6  1623.9

                 Carbon flux (ktC/yr)                    Water (dam3/yr)                Nitrogen (MgN/yr)
       --------------------------------------- ---------------------------------- --------------------------------
Year   NEP     estab   harvest product NBP     transp     evap    interc  wd      nuptake ndemand  nlosses ninflux
------ ------- ------- ------- ------- ------- ---------- ------- ------- ------- ------- -------- ------- -------
  2001  96.140   0.013   0.000   0.000  96.153   271978.9 224141.2 21085.0     0.0 21234.5    726.8   538.7  2490.4
  2002 -103.247   0.009   0.000   0.000 -103.238   230311.6 244737.4 23786.3     0.0 16091.6    478.3   551.2  1557.5
  2003  -2.525   0.006   0.000   0.000  -2.519   253161.9 219032.3 20676.1     0.0 17440.9    639.2   526.8  2202.8
  2004 -177.532   0.013   0.000   0.000 -177.518   195391.4 230600.0 20305.1     0.0 11545.1    437.4   599.7  1677.0
  2005 -20.282   0.016   0.000   0.000 -20.266   248546.6 263138.8 23991.5     0.0 21648.8    874.1   527.2  2199.9
  2006 -74.937   0.014   0.000   0.000 -74.923   236987.9 255040.0 25031.5     0.0 15838.9    564.8   599.1  1923.7
  2007 -12.578   0.002   0.000   0.000 -12.576   290378.3 246494.3 25200.1     0.0 23086.2    612.8   537.2  1667.6
  2008  52.891   0.003   0.000   0.000  52.895   269043.8 243287.2 24510.0     0.0 19261.4    471.9   623.7  1903.4
  2009  59.959   0.011   0.000   0.000  59.970   231218.1 244094.6 26457.6     0.0 18052.5    522.6   692.1  2004.0
  2010 150.132   0.007   0.000   0.000 150.139   259974.7 232947.6 24721.9     0.0 22135.1    838.6   643.3  1646.0
  2011 -154.721   0.013   0.000   0.000 -154.709   203583.6 262428.8 24735.8     0.0 10215.5    563.0   882.2  1568.8
  2012 -78.333   0.010   0.000   0.000 -78.323   217056.4 268561.1 25927.2     0.0 16756.4    670.9   914.6  1988.2
  2013 -107.922   0.008   0.000   0.000 -107.914   205988.4 245189.2 16770.2     0.0 14570.7    527.1  1029.4  1703.5
  2014 -81.040   0.011   0.000   0.000 -81.029   251672.4 243694.0 21432.7     0.0 22644.7    770.4   676.5  1712.8
  2015  29.811   0.012   0.000   0.000  29.824   238414.9 234218.2 23993.6     0.0 18041.4    364.4   767.1  1106.5
  2016 -130.443   0.005   0.000   0.000 -130.439   239929.1 250427.4 20857.6     0.0 18167.2    561.9   980.1  1677.6
  2017 -70.996   0.011   0.000   0.000 -70.986   221410.9 256280.3 22527.5     0.0 14971.8    461.5  1059.0  1539.9
  2018  50.712   0.013   0.000   0.000  50.725   234154.4 228587.1 19984.4     0.0 18308.9    543.7  1311.3  1235.8
  2019  77.567   0.011   0.000   0.000  77.578   240462.3 236880.9 26069.5     0.0 21219.8    701.3  1045.4  1750.3
Simulation ended.
lpjml successfully terminated, 72 grid cells processed.
Wall clock time:	324 sec, 0.015 sec/cell/year.
Total wall clock time:	335 sec (00:05:35).
