--------------------------------------
Running config: /home/druijsch/LPJmL5/dev15oct2025/config_files/2026_04_08_run_for_10_locations/tropical_broadleaved_raingreen_tree/spinup/configs/tropical_broadleaved_raingreen_tree_patch4_config_restart.cjson
SLURM task ID: 6
Node: tcn333.local.snellius.surf.nl
--------------------------------------
******************************************************************************
****        _     ____     _           _       ____        _  ___         ****
****       | |   |  _ \   | |_ __ ___ | |     | ___|      / |/ _ \        ****
****       | |   | |_) |  | | '_ ` _ \| |     |___ \      | | | | |       ****
****       | |___|  __/ |_| | | | | | | |___   ___) |  _  | | |_| |       ****
****       |_____|_|   \___/|_| |_| |_|_____| |____/  (_) |_|\___/        ****
****                                                                      ****
****                 lpjml C Version 5.10.1 (Apr 14 2026)                 ****
****    Dynamic global vegetation model with natural and managed land     ****
****                     Compiled for Linux with MPI                      ****
****       (C) Potsdam Institute for Climate Impact Research (PIK),       ****
****                          see COPYRIGHT file                          ****
****              Authors, and contributors see AUTHORS file              ****
**** This version of LPJmL is licensed under GNU AGPL Version 3 or later  ****
****        See LICENSE file or go to http://www.gnu.org/licenses/        ****
****                 or invoke lpjml -l to print license                  ****
****      https://gitlab.pik-potsdam.de/lpjml/wur_team/lpjml-wur.git      ****
****          GIT hash: 5e6f8e1bb5c5d5f3357da68b6c43e9517864f3c2          ****
****                                                                      ****
******************************************************************************

Running for user druijsch on tcn333.local.snellius.surf.nl at Tue Apr 14 16:53:50 2026
Reading configuration from '/home/druijsch/LPJmL5/dev15oct2025/config_files/2026_04_08_run_for_10_locations/tropical_broadleaved_raingreen_tree/spinup/configs/tropical_broadleaved_raingreen_tree_patch4_config_restart.cjson'.
==============================================================================
/----------------------------------------------------------\
|institution: Potsdam Institute for Climate Impact Research|
|contact:                                                  |
|comment:                                                  |
\----------------------------------------------------------/
Simulation "LPJmL Run" running on 50 tasks
Simulation with shuffle spinup climate, nitrogen limitation, permafrost, 
Johansen conductivity, percolation heattransfer, GSI phenology, 
NPP controlled BNF, land use, potential irrigation, 
others to crop "maize" and "temperate cereals", land-use change timber, 
fixed residue remove, with auto fertilizer, pft.cjson LAImax, 
livestock grazing, bondau2007 crop PHU option, separate harvests.
Cultivation types: none, biomass, annual crop
Working directory: /gpfs/home5/druijsch/LPJmL5/dev15oct2025
cpp processed configuration file written to `/projects/prjs2023/chapter3/lpjml_output/2026_04_08_run_for_10_locations/tropical_broadleaved_raingreen_tree/patch_4/`.
Starting from restart file '/home/druijsch/LPJmL5/dev15oct2025/restart/2026_04_08_run_for_10_locations/tropical_broadleaved_raingreen_tree/patch_4/restart_1901_nv_stdfire.lpj'.
Input files:
Variable     Fmt  Varname  Filename
------------ ---- -------- ---------------------------------------------------
soil         cdf  soilcode /projects/prjs2023/chapter3/lpjml_input/run_for_10_locations/tropical_broadleaved_raingreen_tree/patch_4/soil.nc
temp         cdf  tas      /projects/prjs2023/chapter3/lpjml_input/run_for_10_locations/tropical_broadleaved_raingreen_tree/patch_4/temp.nc
prec         cdf  pr       /projects/prjs2023/chapter3/lpjml_input/run_for_10_locations/tropical_broadleaved_raingreen_tree/patch_4/prec.nc
lwdown       cdf  rlds     /projects/prjs2023/chapter3/lpjml_input/run_for_10_locations/tropical_broadleaved_raingreen_tree/patch_4/lwdown.nc
swdown       cdf  rsds     /projects/prjs2023/chapter3/lpjml_input/run_for_10_locations/tropical_broadleaved_raingreen_tree/patch_4/swdown.nc
no3_depo     cdf  noy      /projects/prjs2023/chapter3/lpjml_input/ndep-noy_histsoc_monthly_1901_2021_units.nc
nh4_depo     cdf  nhx      /projects/prjs2023/chapter3/lpjml_input/ndep-nhx_histsoc_monthly_1901_2021_units.nc
soilpH       cdf  soil_ph  /projects/prjs2023/chapter3/lpjml_input/hwsd_soil_data_all_land_oceanfilled.nc
co2          txt           /projects/prjs2023/chapter3/lpjml_input/co2_1832-2023.dat
windspeed    cdf  sfcwind  /projects/prjs2023/chapter3/lpjml_input/run_for_10_locations/tropical_broadleaved_raingreen_tree/patch_4/wind.nc
countries    cdf  country  /projects/prjs2023/chapter3/lpjml_input/regridded_cow_full_2018_5min_reduced_filled.nc
landuse      cdf  CFTfrac  /projects/prjs2023/chapter3/lpjml_input/MAPSPAM_2020_crops_filled_ESA_01deg_v7.nc
------------ ---- -------- ---------------------------------------------------
Writing restart file '/home/druijsch/LPJmL5/dev15oct2025/restart/2026_04_08_run_for_10_locations/tropical_broadleaved_raingreen_tree/patch_4/restart_1960_crop_stdfire_base.lpj' after year 1960.
Reading random seeds from restart file.
Number of output files:       65
Output written in year:       1901
Byte order in output files:   little endian

Compression level for NetCDF: 3
Missing value in NetCDF:      -1e+32
Base year in NetCDF:          1901
NetCDF grid:                  local
Variable            Fmt  Unit        Type   tstep nbd Filename
------------------- ---- ----------- ------ ----- --- -------------------------
albedo              cdf  -           float  month   1 /projects/prjs2023/chapter3/lpjml_output/2026_04_08_run_for_10_locations/tropical_broadleaved_raingreen_tree/patch_4/output/malbedo.nc + .json
cftfrac             cdf  -           float  year   32 /projects/prjs2023/chapter3/lpjml_output/2026_04_08_run_for_10_locations/tropical_broadleaved_raingreen_tree/patch_4/output/cftfrac.nc + .json
discharge           cdf  hm3/day     float  month   1 /projects/prjs2023/chapter3/lpjml_output/2026_04_08_run_for_10_locations/tropical_broadleaved_raingreen_tree/patch_4/output/mdischarge.nc + .json
evap                cdf  mm/month    float  month   1 /projects/prjs2023/chapter3/lpjml_output/2026_04_08_run_for_10_locations/tropical_broadleaved_raingreen_tree/patch_4/output/mevap.nc + .json
fapar               cdf  -           float  month   1 /projects/prjs2023/chapter3/lpjml_output/2026_04_08_run_for_10_locations/tropical_broadleaved_raingreen_tree/patch_4/output/mfapar.nc + .json
firec               cdf  gC/m2/yr    float  year    1 /projects/prjs2023/chapter3/lpjml_output/2026_04_08_run_for_10_locations/tropical_broadleaved_raingreen_tree/patch_4/output/firec.nc + .json
firef               cdf  1           float  year    1 /projects/prjs2023/chapter3/lpjml_output/2026_04_08_run_for_10_locations/tropical_broadleaved_raingreen_tree/patch_4/output/firef.nc + .json
flux_estabc         cdf  gC/m2/yr    float  year    1 /projects/prjs2023/chapter3/lpjml_output/2026_04_08_run_for_10_locations/tropical_broadleaved_raingreen_tree/patch_4/output/flux_estab.nc + .json
fpc                 cdf  -           float  month  12 /projects/prjs2023/chapter3/lpjml_output/2026_04_08_run_for_10_locations/tropical_broadleaved_raingreen_tree/patch_4/output/fpc.nc + .json
globalflux          txt  -           float  year    1 /projects/prjs2023/chapter3/lpjml_output/2026_04_08_run_for_10_locations/tropical_broadleaved_raingreen_tree/patch_4/output/globalflux.csv + .json
gpp                 cdf  gC/m2/month float  month   1 /projects/prjs2023/chapter3/lpjml_output/2026_04_08_run_for_10_locations/tropical_broadleaved_raingreen_tree/patch_4/output/mgpp.nc + .json
litc                cdf  gC/m2       float  year    1 /projects/prjs2023/chapter3/lpjml_output/2026_04_08_run_for_10_locations/tropical_broadleaved_raingreen_tree/patch_4/output/litc.nc + .json
litn                cdf  gN/m2       float  year    1 /projects/prjs2023/chapter3/lpjml_output/2026_04_08_run_for_10_locations/tropical_broadleaved_raingreen_tree/patch_4/output/litn.nc + .json
npp                 cdf  gC/m2/month float  month   1 /projects/prjs2023/chapter3/lpjml_output/2026_04_08_run_for_10_locations/tropical_broadleaved_raingreen_tree/patch_4/output/mnpp.nc + .json
nuptake             cdf  gN/m2/month float  month   1 /projects/prjs2023/chapter3/lpjml_output/2026_04_08_run_for_10_locations/tropical_broadleaved_raingreen_tree/patch_4/output/mnuptake.nc + .json
pet                 cdf  mm/month    float  month   1 /projects/prjs2023/chapter3/lpjml_output/2026_04_08_run_for_10_locations/tropical_broadleaved_raingreen_tree/patch_4/output/mpet.nc + .json
pft_chawo           cdf  gC/m2       float  year   43 /projects/prjs2023/chapter3/lpjml_output/2026_04_08_run_for_10_locations/tropical_broadleaved_raingreen_tree/patch_4/output/pft_chawo.nc + .json
pft_cleaf           cdf  gC/m2       float  year   43 /projects/prjs2023/chapter3/lpjml_output/2026_04_08_run_for_10_locations/tropical_broadleaved_raingreen_tree/patch_4/output/pft_cleaf.nc + .json
pft_croot           cdf  gC/m2       float  year   43 /projects/prjs2023/chapter3/lpjml_output/2026_04_08_run_for_10_locations/tropical_broadleaved_raingreen_tree/patch_4/output/pft_croot.nc + .json
pft_csapw           cdf  gC/m2       float  year   43 /projects/prjs2023/chapter3/lpjml_output/2026_04_08_run_for_10_locations/tropical_broadleaved_raingreen_tree/patch_4/output/pft_csapw.nc + .json
pft_fpar            cdf  -           float  month  43 /projects/prjs2023/chapter3/lpjml_output/2026_04_08_run_for_10_locations/tropical_broadleaved_raingreen_tree/patch_4/output/pft_fpar.nc + .json
pft_gpp             cdf  gC/m2/month float  month  43 /projects/prjs2023/chapter3/lpjml_output/2026_04_08_run_for_10_locations/tropical_broadleaved_raingreen_tree/patch_4/output/pft_gpp.nc + .json
pft_laimax          cdf  m2/m2       float  year   43 /projects/prjs2023/chapter3/lpjml_output/2026_04_08_run_for_10_locations/tropical_broadleaved_raingreen_tree/patch_4/output/pft_laimax.nc + .json
pft_mort            cdf  1/month     float  month  11 /projects/prjs2023/chapter3/lpjml_output/2026_04_08_run_for_10_locations/tropical_broadleaved_raingreen_tree/patch_4/output/pft_mort.nc + .json
pft_mort_background cdf  1/month     float  month  11 /projects/prjs2023/chapter3/lpjml_output/2026_04_08_run_for_10_locations/tropical_broadleaved_raingreen_tree/patch_4/output/pft_mort_background.nc + .json
pft_mort_drought    cdf  1/month     float  month  11 /projects/prjs2023/chapter3/lpjml_output/2026_04_08_run_for_10_locations/tropical_broadleaved_raingreen_tree/patch_4/output/pft_mort_drought.nc + .json
pft_mort_heat       cdf  1/month     float  month  11 /projects/prjs2023/chapter3/lpjml_output/2026_04_08_run_for_10_locations/tropical_broadleaved_raingreen_tree/patch_4/output/pft_mort_heat.nc + .json
pft_nind            cdf  ind/m²     float  month  11 /projects/prjs2023/chapter3/lpjml_output/2026_04_08_run_for_10_locations/tropical_broadleaved_raingreen_tree/patch_4/output/pft_nind.nc + .json
pft_nleaf           cdf  gN/m2       float  year   43 /projects/prjs2023/chapter3/lpjml_output/2026_04_08_run_for_10_locations/tropical_broadleaved_raingreen_tree/patch_4/output/pft_nleaf.nc + .json
pft_npp             cdf  gC/m2/yr    float  year   43 /projects/prjs2023/chapter3/lpjml_output/2026_04_08_run_for_10_locations/tropical_broadleaved_raingreen_tree/patch_4/output/pft_npp.nc + .json
pft_nroot           cdf  gN/m2       float  year   43 /projects/prjs2023/chapter3/lpjml_output/2026_04_08_run_for_10_locations/tropical_broadleaved_raingreen_tree/patch_4/output/pft_nroot.nc + .json
pft_nuptake         cdf  gN/m2/yr    float  year   43 /projects/prjs2023/chapter3/lpjml_output/2026_04_08_run_for_10_locations/tropical_broadleaved_raingreen_tree/patch_4/output/pft_nuptake.nc + .json
pft_phen            cdf  -           float  month  43 /projects/prjs2023/chapter3/lpjml_output/2026_04_08_run_for_10_locations/tropical_broadleaved_raingreen_tree/patch_4/output/pft_phen.nc + .json
pft_survive_frac    cdf  -           float  month  43 /projects/prjs2023/chapter3/lpjml_output/2026_04_08_run_for_10_locations/tropical_broadleaved_raingreen_tree/patch_4/output/pft_survive_frac.nc + .json
pft_vegc            cdf  gC/m2       float  year   43 /projects/prjs2023/chapter3/lpjml_output/2026_04_08_run_for_10_locations/tropical_broadleaved_raingreen_tree/patch_4/output/pft_vegc.nc + .json
pft_vegn            cdf  gN/m2       float  year   43 /projects/prjs2023/chapter3/lpjml_output/2026_04_08_run_for_10_locations/tropical_broadleaved_raingreen_tree/patch_4/output/pft_vegn.nc + .json
pft_water_demand    cdf  mm/yr       float  year   43 /projects/prjs2023/chapter3/lpjml_output/2026_04_08_run_for_10_locations/tropical_broadleaved_raingreen_tree/patch_4/output/pft_water_demand.nc + .json
phen_light          cdf  -           float  month   1 /projects/prjs2023/chapter3/lpjml_output/2026_04_08_run_for_10_locations/tropical_broadleaved_raingreen_tree/patch_4/output/mphen_light.nc + .json
phen_tmax           cdf  -           float  month   1 /projects/prjs2023/chapter3/lpjml_output/2026_04_08_run_for_10_locations/tropical_broadleaved_raingreen_tree/patch_4/output/mphen_tmax.nc + .json
phen_tmin           cdf  -           float  month   1 /projects/prjs2023/chapter3/lpjml_output/2026_04_08_run_for_10_locations/tropical_broadleaved_raingreen_tree/patch_4/output/mphen_tmin.nc + .json
phen_water          cdf  -           float  month   1 /projects/prjs2023/chapter3/lpjml_output/2026_04_08_run_for_10_locations/tropical_broadleaved_raingreen_tree/patch_4/output/mphen_water.nc + .json
rd                  cdf  gC/m2/month float  month   1 /projects/prjs2023/chapter3/lpjml_output/2026_04_08_run_for_10_locations/tropical_broadleaved_raingreen_tree/patch_4/output/rd.nc + .json
rh                  cdf  gC/m2/month float  month   1 /projects/prjs2023/chapter3/lpjml_output/2026_04_08_run_for_10_locations/tropical_broadleaved_raingreen_tree/patch_4/output/mrh.nc + .json
runoff              cdf  mm/month    float  month   1 /projects/prjs2023/chapter3/lpjml_output/2026_04_08_run_for_10_locations/tropical_broadleaved_raingreen_tree/patch_4/output/mrunoff.nc + .json
soilc               cdf  gC/m2       float  year    1 /projects/prjs2023/chapter3/lpjml_output/2026_04_08_run_for_10_locations/tropical_broadleaved_raingreen_tree/patch_4/output/soilc.nc + .json
soilc_layer         cdf  gC/m2       float  year    5 /projects/prjs2023/chapter3/lpjml_output/2026_04_08_run_for_10_locations/tropical_broadleaved_raingreen_tree/patch_4/output/soilc_layer.nc + .json
soiln               cdf  gN/m2       float  year    1 /projects/prjs2023/chapter3/lpjml_output/2026_04_08_run_for_10_locations/tropical_broadleaved_raingreen_tree/patch_4/output/soiln.nc + .json
soiln_layer         cdf  gN/m2       float  year    5 /projects/prjs2023/chapter3/lpjml_output/2026_04_08_run_for_10_locations/tropical_broadleaved_raingreen_tree/patch_4/output/soiln_layer.nc + .json
soilnh4             cdf  gN/m2       float  year    1 /projects/prjs2023/chapter3/lpjml_output/2026_04_08_run_for_10_locations/tropical_broadleaved_raingreen_tree/patch_4/output/soilnh4.nc + .json
soilnh4_layer       cdf  gN/m2       float  year    5 /projects/prjs2023/chapter3/lpjml_output/2026_04_08_run_for_10_locations/tropical_broadleaved_raingreen_tree/patch_4/output/soilnh4_layer.nc + .json
soilno3             cdf  gN/m2       float  year    1 /projects/prjs2023/chapter3/lpjml_output/2026_04_08_run_for_10_locations/tropical_broadleaved_raingreen_tree/patch_4/output/soilno3.nc + .json
soilno3_layer       cdf  gN/m2       float  year    5 /projects/prjs2023/chapter3/lpjml_output/2026_04_08_run_for_10_locations/tropical_broadleaved_raingreen_tree/patch_4/output/soilno3_layer.nc + .json
soiltemp1           cdf  Celsius     float  month   1 /projects/prjs2023/chapter3/lpjml_output/2026_04_08_run_for_10_locations/tropical_broadleaved_raingreen_tree/patch_4/output/msoiltemp1.nc + .json
soiltemp2           cdf  Celsius     float  month   1 /projects/prjs2023/chapter3/lpjml_output/2026_04_08_run_for_10_locations/tropical_broadleaved_raingreen_tree/patch_4/output/msoiltemp2.nc + .json
soiltemp3           cdf  Celsius     float  month   1 /projects/prjs2023/chapter3/lpjml_output/2026_04_08_run_for_10_locations/tropical_broadleaved_raingreen_tree/patch_4/output/msoiltemp3.nc + .json
swc1                cdf  1           float  month   1 /projects/prjs2023/chapter3/lpjml_output/2026_04_08_run_for_10_locations/tropical_broadleaved_raingreen_tree/patch_4/output/mswc1.nc + .json
swc2                cdf  1           float  month   1 /projects/prjs2023/chapter3/lpjml_output/2026_04_08_run_for_10_locations/tropical_broadleaved_raingreen_tree/patch_4/output/mswc2.nc + .json
swc3                cdf  1           float  month   1 /projects/prjs2023/chapter3/lpjml_output/2026_04_08_run_for_10_locations/tropical_broadleaved_raingreen_tree/patch_4/output/mswc3.nc + .json
swc4                cdf  1           float  month   1 /projects/prjs2023/chapter3/lpjml_output/2026_04_08_run_for_10_locations/tropical_broadleaved_raingreen_tree/patch_4/output/mswc4.nc + .json
swc5                cdf  1           float  month   1 /projects/prjs2023/chapter3/lpjml_output/2026_04_08_run_for_10_locations/tropical_broadleaved_raingreen_tree/patch_4/output/mswc5.nc + .json
transp              cdf  mm/month    float  month   1 /projects/prjs2023/chapter3/lpjml_output/2026_04_08_run_for_10_locations/tropical_broadleaved_raingreen_tree/patch_4/output/mtransp.nc + .json
vegc                cdf  gC/m2       float  year    1 /projects/prjs2023/chapter3/lpjml_output/2026_04_08_run_for_10_locations/tropical_broadleaved_raingreen_tree/patch_4/output/vegc.nc + .json
vegn                cdf  gN/m2       float  year    1 /projects/prjs2023/chapter3/lpjml_output/2026_04_08_run_for_10_locations/tropical_broadleaved_raingreen_tree/patch_4/output/vegn.nc + .json
wateramount         cdf  hm3         float  month   1 /projects/prjs2023/chapter3/lpjml_output/2026_04_08_run_for_10_locations/tropical_broadleaved_raingreen_tree/patch_4/output/mwateramount.nc + .json
wscal               cdf  -           float  month   1 /projects/prjs2023/chapter3/lpjml_output/2026_04_08_run_for_10_locations/tropical_broadleaved_raingreen_tree/patch_4/output/wscal.nc + .json
------------------- ---- ----------- ------ ----- --- -------------------------
Spinup years:                   180
Cycle length during spinup:      30
First year:                    1901
Last year:                     2019
Number of grid cells:            72
==============================================================================
Memory allocated for output: 7,096 bytes/cell
Simulation begins...
Spinup using climate starting from year 1901

                 Carbon flux (ktC/yr)                    Water (dam3/yr)                Nitrogen (MgN/yr)
       --------------------------------------- ---------------------------------- --------------------------------
Spinup NEP     estab   harvest product NBP     transp     evap    interc  wd      nuptake ndemand  nlosses ninflux
------ ------- ------- ------- ------- ------- ---------- ------- ------- ------- ------- -------- ------- -------
  1721 424.856   0.014   0.000   0.000 424.870  5864686.3 404418.5 1151324.9     0.0 97990.6  15527.6 11956.7 12915.4
  1722 832.743  -0.015   0.000   0.000 832.729  6405014.1 556978.4 1145271.4     0.0 98737.8  17985.4  6750.9 17133.3
  1723 198.581   0.000   0.000   0.000 198.581  5932435.3 256746.3 976647.0     0.0 80718.3  13079.6  9303.5 12583.6
  1724  36.257   0.000   0.000   0.000  36.258  5591515.6 439861.1 946034.9     0.0 92806.1  15318.2 10632.8 12956.8
  1725 -527.919   0.001   0.000   0.000 -527.918  5353831.8 401342.3 941828.2     0.0 87631.1   9410.7  9085.1  9265.8
  1726 331.090  -0.000   0.000   0.000 331.089  5429195.7 340905.1 1422055.1     0.0 96435.0  16321.3 14219.6 15084.0
  1727 756.078  -0.000   0.000   0.000 756.078  6264833.4 467683.0 1282132.7     0.0 94601.5  18847.2 16837.4 17794.9
  1728 677.593  -0.000   0.000   0.000 677.592  6414397.3 341739.1 1214202.5     0.0 91977.2  15320.8 12286.5 14566.8
  1729 104.978   0.000   0.000   0.000 104.978  6054435.5 343298.1 1140961.2     0.0 88295.1  15050.5  9678.9 13865.1
  1730 353.323  -0.000   0.000   0.000 353.322  6027113.6 397057.2 1337063.7     0.0 94157.6  18679.2 10720.5 17201.6
  1731 -416.410   0.000   0.000   0.000 -416.409  5723629.9 245045.6 945344.2     0.0 76682.9  14136.3 10406.7 12688.8
  1732 -366.627   0.001   0.000   0.000 -366.627  5317828.0 326495.0 830305.3     0.0 96973.9  13579.7  9836.6 11492.8
  1733 -57.832   0.000   0.000   0.000 -57.832  5025540.0 319107.0 909267.1     0.0 91283.9  11193.1 11712.1  9803.5
  1734 -709.931   0.001   0.000   0.000 -709.930  5392279.6 402807.6 906946.4     0.0 82234.1  11936.1  9672.7 11516.8
  1735 553.542  -0.000   0.000   0.000 553.541  5927996.8 596077.9 1239031.3     0.0 96216.8  15875.7  9536.2 15568.4
  1736 -658.267   0.000   0.000   0.000 -658.267  5085404.8 254025.3 1103482.1     0.0 73172.9   9241.2 18875.0  9860.8
  1737 299.736  -0.000   0.000   0.000 299.736  5931794.1 472135.7 1187940.7     0.0 96987.6  18219.1 12784.0 18074.3
  1738 -1130.291   0.001   0.000   0.000 -1130.290  5181222.7 299106.8 614623.6     0.0 71408.0   6306.9 13995.2  6281.3
  1739 -444.553   0.000   0.000   0.000 -444.553  5190637.3 336695.7 889654.4     0.0 93502.6  11691.4 14019.6 11136.8
  1740 348.028  -0.001   0.000   0.000 348.027  5798102.4 403885.1 1130896.4     0.0 93629.6  19384.7 10359.9 18609.9
  1741 -278.876  -0.000   0.000   0.000 -278.876  5752713.0 397336.2 843205.9     0.0 80803.6  12754.5  9757.6 12623.6
  1742  30.175  -0.000   0.000   0.000  30.175  5725221.8 300704.8 1006018.2     0.0 90836.9  15996.6  9689.0 15168.3
  1743 -302.017  -0.000   0.000   0.000 -302.017  5639720.3 395309.4 855247.3     0.0 85547.5  13053.3 10974.5 12328.9
  1744  28.940   0.000   0.000   0.000  28.940  5319730.0 321429.2 849048.8     0.0 89099.9  11673.1 11857.4 11061.6
  1745 -472.335   0.000   0.000   0.000 -472.334  5614421.7 331955.9 925717.3     0.0 85948.8  11391.8 11050.4 11319.2

                 Carbon flux (ktC/yr)                    Water (dam3/yr)                Nitrogen (MgN/yr)
       --------------------------------------- ---------------------------------- --------------------------------
Spinup NEP     estab   harvest product NBP     transp     evap    interc  wd      nuptake ndemand  nlosses ninflux
------ ------- ------- ------- ------- ------- ---------- ------- ------- ------- ------- -------- ------- -------
  1746 589.125  -0.001   0.000   0.000 589.124  6131518.6 537555.9 1045938.5     0.0 98800.2  20242.3  8143.2 17977.3
  1747 -1505.668   0.001   0.000   0.000 -1505.666  4871761.3 275373.9 618246.5     0.0 69602.7   7609.6  8630.3  7449.6
  1748 -1497.850   0.002   0.000   0.000 -1497.848  4171450.3 284269.2 560405.7     0.0 84724.5   7393.4 11650.1  6499.0
  1749 1351.523  -0.002   0.000   0.000 1351.521  5706248.6 467598.0 1006228.2     0.0 108971.9  20881.7 13317.7 17186.8
  1750 -123.340  -0.000   0.000   0.000 -123.341  5097864.5 256478.2 964458.8     0.0 69046.3   7406.2 27044.4  8325.0
  1751  66.152  -0.000   0.000   0.000  66.152  5347305.2 325699.7 780210.2     0.0 93321.2  13122.7 18770.9 12000.1
  1752 410.923  -0.001   0.000   0.000 410.922  6104841.4 472040.7 1120188.0     0.0 91342.4  17405.0 11633.4 18410.4
  1753 611.084  -0.001   0.000   0.000 611.084  6290969.3 602045.4 1184331.4     0.0 87863.9  14258.4 10545.0 15511.4
  1754 593.528  -0.001   0.000   0.000 593.528  6499749.4 540908.5 1091194.2     0.0 92303.2  16409.9  9278.2 16470.1
  1755 -1234.307   0.003   0.000   0.000 -1234.304  5200752.6 297123.0 630868.7     0.0 70494.7   5451.3 15377.7  5172.3
  1756 -1721.974   0.004   0.000   0.000 -1721.970  4486331.2 305335.1 575672.7     0.0 78978.3   5192.6 19200.6  5037.1
  1757 172.924  -0.002   0.000   0.000 172.922  5272774.0 436536.3 680119.9     0.0 95653.2  15551.5 13629.9 12322.2
  1758 224.692  -0.001   0.000   0.000 224.690  5153537.4 257954.8 712910.3     0.0 80567.6  10844.9 15236.2 10471.9
  1759 267.678  -0.000   0.000   0.000 267.677  5538903.1 426778.8 740792.9     0.0 92703.7  10060.4 12113.4  9083.2
  1760 872.814  -0.001   0.000   0.000 872.813  5521880.5 342499.6 1245831.7     0.0 95034.0  12253.7 21934.4 12488.1
  1761 262.664  -0.001   0.000   0.000 262.663  5740757.0 246678.6 816232.7     0.0 76943.6  11482.0 15757.8 10347.3
  1762 601.500  -0.000   0.000   0.000 601.500  5685715.4 322550.1 1132733.9     0.0 94421.7  12938.4 18042.9 11861.7
  1763 884.312  -0.000   0.000   0.000 884.312  6145669.6 493661.1 1396389.0     0.0 92269.5  16481.7 15206.6 16223.0
  1764 -220.210   0.001   0.000   0.000 -220.209  5772395.5 309875.5 846970.1     0.0 75376.0   9587.7 11114.4  9335.4
  1765 -85.283   0.000   0.000   0.000 -85.282  5668393.5 252784.2 923822.1     0.0 85954.7  13850.2 15105.1 13417.1
  1766 -83.786   0.000   0.000   0.000 -83.786  5471756.0 274685.4 821654.5     0.0 92848.8  12763.0 16955.4 11116.3
  1767 555.322  -0.000   0.000   0.000 555.322  6044502.6 340366.9 1128497.0     0.0 95044.5  15586.8 12570.7 14355.4
  1768 -46.280   0.000   0.000   0.000 -46.280  5968767.3 246213.6 1065651.4     0.0 84154.1  12516.9 12011.6 12621.5
  1769 434.137  -0.000   0.000   0.000 434.137  5997666.5 395466.7 1249846.1     0.0 95554.2  19293.3  9306.1 17123.7
  1770  92.385  -0.000   0.000   0.000  92.385  5990326.8 439297.3 915048.0     0.0 81186.7  16123.8  9913.7 14403.7

                 Carbon flux (ktC/yr)                    Water (dam3/yr)                Nitrogen (MgN/yr)
       --------------------------------------- ---------------------------------- --------------------------------
Spinup NEP     estab   harvest product NBP     transp     evap    interc  wd      nuptake ndemand  nlosses ninflux
------ ------- ------- ------- ------- ------- ---------- ------- ------- ------- ------- -------- ------- -------
  1771 197.489  -0.000   0.000   0.000 197.489  5939233.7 363822.8 1077436.6     0.0 94483.9  14754.9 11404.5 13797.6
  1772 -308.236   0.001   0.000   0.000 -308.235  5564435.9 326509.8 817466.6     0.0 87650.4  12973.4  8115.6 10929.2
  1773 -290.967   0.001   0.000   0.000 -290.967  5218642.6 284357.1 834897.9     0.0 85512.2  11356.1 11544.0 10045.0
  1774 164.115  -0.000   0.000   0.000 164.115  5458433.1 253504.9 1030738.5     0.0 90673.6  14024.1 13732.1 13043.5
  1775 782.492  -0.001   0.000   0.000 782.491  6159543.9 543932.7 1095908.6     0.0 100763.0  19316.0  7767.5 16353.1
  1776 -55.905  -0.000   0.000   0.000 -55.905  5708129.3 458556.6 1305569.7     0.0 81094.3  10678.6 14168.4 10539.5
  1777 -183.364   0.000   0.000   0.000 -183.364  5722836.3 348526.0 1115042.7     0.0 87314.1  15969.9 15041.9 13575.8
  1778  84.903  -0.000   0.000   0.000  84.903  5640098.6 326530.7 1197354.1     0.0 91240.7  16278.5 14125.1 14221.1
  1779 -66.379   0.000   0.000   0.000 -66.379  5739488.5 348890.0 1106888.9     0.0 85692.1  15202.8 11332.7 13380.3
  1780 102.157  -0.000   0.000   0.000 102.157  5632766.7 327241.2 1197890.6     0.0 91493.4  16267.9 13487.8 14249.7
  1781 -739.012   0.001   0.000   0.000 -739.011  5049737.4 250657.9 1114234.2     0.0 75027.7  10156.1 19365.4  9832.8
  1782 -225.299   0.000   0.000   0.000 -225.299  5548806.6 328065.0 1134541.8     0.0 93711.3  20173.3 13573.5 16201.6
  1783 -139.860  -0.000   0.000   0.000 -139.860  5777801.3 257601.5 885053.9     0.0 77597.1  15370.8 11735.3 15167.1
  1784 -15.925  -0.000   0.000   0.000 -15.925  5391740.1 338654.3 752706.7     0.0 96759.1  13647.2 11513.1 12280.4
  1785 556.220  -0.000   0.000   0.000 556.220  5697966.7 402155.1 1200453.7     0.0 91773.5  16736.1  9520.5 16284.7
  1786 137.571  -0.000   0.000   0.000 137.571  5999967.7 301624.2 1059948.2     0.0 87448.0  15542.0  9357.6 14464.5
  1787 -428.614   0.000   0.000   0.000 -428.614  5576260.0 247669.0 875519.1     0.0 78318.4  14360.1 11567.4 12715.4
  1788 608.863  -0.000   0.000   0.000 608.862  5873407.3 468852.8 1229032.4     0.0 102439.2  18656.4 11438.3 17108.2
  1789  87.615  -0.000   0.000   0.000  87.615  5866191.9 341214.9 1024389.6     0.0 86258.2  14201.5  8317.8 13668.9
  1790 -313.028   0.000   0.000   0.000 -313.028  5693520.4 327475.8 990992.2     0.0 87150.3  11458.3 10151.0 10669.8
  1791 -257.325   0.000   0.000   0.000 -257.325  5640826.0 282142.4 829857.0     0.0 89950.0  15183.5 11438.4 13015.4
  1792 471.663  -0.000   0.000   0.000 471.663  5750045.7 401062.4 1226708.6     0.0 95836.7  18755.2  8752.1 16996.1
  1793 -74.485   0.000   0.000   0.000 -74.485  5994217.6 437443.2 860949.1     0.0 86729.6  14650.8  6891.6 13072.5
  1794 565.250  -0.000   0.000   0.000 565.249  5981474.2 610103.9 1270851.1     0.0 94487.1  14254.7  7855.7 14306.4
  1795 538.074  -0.000   0.000   0.000 538.074  6148879.0 399084.5 1283874.9     0.0 93441.6  17420.6  9136.8 16534.3

                 Carbon flux (ktC/yr)                    Water (dam3/yr)                Nitrogen (MgN/yr)
       --------------------------------------- ---------------------------------- --------------------------------
Spinup NEP     estab   harvest product NBP     transp     evap    interc  wd      nuptake ndemand  nlosses ninflux
------ ------- ------- ------- ------- ------- ---------- ------- ------- ------- ------- -------- ------- -------
  1796 -106.564   0.000   0.000   0.000 -106.564  5931550.6 258763.2 960513.4     0.0 77471.7  14433.3 12656.1 13846.8
  1797 -1272.712   0.001   0.000   0.000 -1272.711  4831093.7 283338.1 711055.0     0.0 82006.3   9108.4 14941.9  8102.9
  1798 -404.182   0.001   0.000   0.000 -404.181  4543756.2 269576.7 1038596.0     0.0 90331.5  12587.1 22367.9 10997.7
  1799 -31.026   0.000   0.000   0.000 -31.026  5531991.0 250219.2 993904.8     0.0 90811.0  15804.2 14260.0 13993.2
  1800 665.559  -0.001   0.000   0.000 665.558  6114586.7 554589.9 1038357.9     0.0 95653.7  19532.6  8744.5 17900.3
  1801  28.110  -0.000   0.000   0.000  28.109  5756302.6 333803.8 1152352.4     0.0 85359.7  15328.5 10919.8 14842.5
  1802 -370.819   0.000   0.000   0.000 -370.819  5655258.2 331560.9 953988.0     0.0 85869.9  12418.7 11147.8 11597.4
  1803 -288.932   0.000   0.000   0.000 -288.932  5634018.9 341573.5 765728.7     0.0 88880.2  16413.4  8975.3 14578.9
  1804 370.311  -0.000   0.000   0.000 370.311  5846657.0 474153.4 1205474.3     0.0 92946.0  18583.7  9250.2 17638.2
  1805 699.399  -0.000   0.000   0.000 699.399  6289999.2 550576.7 1101580.9     0.0 94283.3  18015.0  7810.0 16799.8
  1806 454.411  -0.000   0.000   0.000 454.410  6211197.8 477005.0 1271068.2     0.0 91274.4  17355.8  9444.9 17223.4
  1807 -158.354   0.000   0.000   0.000 -158.354  5808980.6 353521.9 1140706.7     0.0 83747.2  14316.9 10866.9 12903.6
  1808 390.002  -0.000   0.000   0.000 390.002  6069778.8 608310.1 1303378.8     0.0 95514.0  16022.9 11177.8 15261.8
  1809 166.680   0.000   0.000   0.000 166.680  6099263.2 342870.0 1114439.6     0.0 89815.2  15441.6  9556.3 13935.4
  1810 -480.658   0.000   0.000   0.000 -480.658  5595429.9 247874.6 918920.8     0.0 79423.3  14455.0 11815.6 12466.6
  1811 -70.655   0.000   0.000   0.000 -70.655  5529809.3 438037.5 912653.4     0.0 93556.8  17184.0 12221.7 14037.4
  1812 634.870  -0.000   0.000   0.000 634.869  5756185.5 399032.6 1270663.9     0.0 101294.5  16378.7 10525.5 15414.2
  1813 -1262.856   0.001   0.000   0.000 -1262.855  5230441.0 301014.4 647741.9     0.0 71833.5   5808.6 12973.4  5282.8
  1814 -627.341   0.001   0.000   0.000 -627.341  5094668.6 405436.3 851014.5     0.0 91636.9  12254.5 12989.9 10390.2
  1815 -1661.573   0.002   0.000   0.000 -1661.571  4443402.4 276622.2 597753.7     0.0 77033.3   7874.6 10570.8  7315.5
  1816 900.204  -0.001   0.000   0.000 900.203  5199262.6 353639.0 1160872.8     0.0 105952.3  18335.1 20910.8 14212.3
  1817 618.920  -0.001   0.000   0.000 618.919  5779063.9 339774.5 705081.9     0.0 86826.4  12515.5 12925.2 12079.2
  1818 234.396  -0.001   0.000   0.000 234.396  5411371.5 478983.4 1169838.6     0.0 83015.6  10047.7 18918.1 10515.1
  1819 245.342  -0.000   0.000   0.000 245.342  5823540.1 342585.4 1004377.7     0.0 95432.0  15542.9 11756.2 13942.6
  1820 345.832  -0.000   0.000   0.000 345.832  6108024.0 366531.8 1016376.7     0.0 91784.6  15689.9 11678.9 14696.9

                 Carbon flux (ktC/yr)                    Water (dam3/yr)                Nitrogen (MgN/yr)
       --------------------------------------- ---------------------------------- --------------------------------
Spinup NEP     estab   harvest product NBP     transp     evap    interc  wd      nuptake ndemand  nlosses ninflux
------ ------- ------- ------- ------- ------- ---------- ------- ------- ------- ------- -------- ------- -------
  1821 184.820  -0.000   0.000   0.000 184.819  5753794.5 336016.5 1390606.7     0.0 89915.3  15622.1 11965.5 14706.8
  1822 288.995  -0.000   0.000   0.000 288.995  6054282.1 339815.1 1063698.9     0.0 92255.9  16044.8 10562.0 13962.2
  1823 -61.101   0.000   0.000   0.000 -61.100  5994278.5 434274.3 866641.0     0.0 88807.2  14492.1 10212.5 12570.8
  1824 336.440  -0.000   0.000   0.000 336.440  5926558.2 362729.1 1068010.2     0.0 93957.8  15180.2 11833.7 13695.6
  1825 -365.605   0.001   0.000   0.000 -365.604  5431791.0 320582.8 852421.2     0.0 83093.7   9930.0 10903.1  9021.2
  1826 801.867  -0.001   0.000   0.000 801.866  5914402.8 491413.4 1441678.3     0.0 102980.0  19149.3 14909.9 17133.2
  1827 -13.063   0.000   0.000   0.000 -13.062  5876648.6 447904.4 1337709.6     0.0 82003.4  10944.3 15788.4 10521.6
  1828 410.289  -0.000   0.000   0.000 410.289  6189560.7 605070.1 1304590.4     0.0 95251.7  17204.8 11228.9 15979.0
  1829 -119.212   0.000   0.000   0.000 -119.212  6080278.3 243168.5 1103276.8     0.0 85312.6  13286.7 13201.9 12880.1
  1830 -344.542   0.000   0.000   0.000 -344.541  5727284.8 326484.8 1002143.4     0.0 89679.7  13468.7 12247.6 11276.7
  1831 -100.352   0.000   0.000   0.000 -100.352  5732969.7 338848.1 1018860.7     0.0 90977.7  17137.5  9488.7 14713.4
  1832 586.078  -0.000   0.000   0.000 586.078  6011026.7 494616.0 1443190.9     0.0 93244.8  19082.4 11428.1 18187.5
  1833 -332.754   0.000   0.000   0.000 -332.754  5721818.2 316396.6 866114.3     0.0 80646.9  10953.1 10035.5 10157.7
  1834 -256.435   0.000   0.000   0.000 -256.435  5383346.0 328441.8 808036.0     0.0 95615.7  14231.0 10477.1 12035.6
  1835 -453.089   0.000   0.000   0.000 -453.089  5166553.7 328655.8 798280.0     0.0 88166.9  11956.7  9279.0 10228.9
  1836 -214.778   0.000   0.000   0.000 -214.778  5297057.6 340353.3 934380.3     0.0 87715.7   9529.7 12072.8  8858.3
  1837 -1690.703   0.001   0.000   0.000 -1690.702  4570986.0 272771.1 615594.5     0.0 76498.8   8081.3 10604.3  7335.8
  1838 -211.487   0.000   0.000   0.000 -211.486  4877601.5 257223.9 746095.5     0.0 92767.7  14721.1 14911.7 11325.0
  1839 154.082  -0.000   0.000   0.000 154.082  5160166.1 321969.7 697935.4     0.0 94878.6  10286.5 10368.1  8336.4
  1840 243.811  -0.001   0.000   0.000 243.811  5271956.5 443546.9 802892.9     0.0 87138.1  13189.4 11267.1 11636.3
  1841 643.301  -0.001   0.000   0.000 643.300  5610347.9 295291.1 985524.7     0.0 95619.7  12033.4 12430.6 10800.3
  1842 1032.176  -0.001   0.000   0.000 1032.175  6249427.7 337384.7 1104332.1     0.0 99342.5  13554.7 15462.0 12301.7
  1843 -211.936   0.000   0.000   0.000 -211.936  5809094.2 393689.0 906336.0     0.0 79555.8   9987.6 10220.3  9449.3
  1844 -468.026   0.001   0.000   0.000 -468.025  5224721.9 329797.5 826388.2     0.0 85067.5   9746.9  9814.7  8790.2
  1845 651.109  -0.000   0.000   0.000 651.108  5972338.6 337001.6 1129634.1     0.0 103443.4  16489.2 13655.2 13707.3

                 Carbon flux (ktC/yr)                    Water (dam3/yr)                Nitrogen (MgN/yr)
       --------------------------------------- ---------------------------------- --------------------------------
Spinup NEP     estab   harvest product NBP     transp     evap    interc  wd      nuptake ndemand  nlosses ninflux
------ ------- ------- ------- ------- ------- ---------- ------- ------- ------- ------- -------- ------- -------
  1846 407.043  -0.000   0.000   0.000 407.043  5921211.3 324935.2 1204548.0     0.0 87639.8  14143.5 11766.0 12625.2
  1847 -254.378   0.000   0.000   0.000 -254.378  5729823.8 390454.6 924468.8     0.0 84435.6  11717.7 15078.5 10431.8
  1848 -431.094   0.001   0.000   0.000 -431.093  5291485.3 321681.1 841996.7     0.0 84084.7  10585.5 11672.8  9373.7
  1849 702.758  -0.000   0.000   0.000 702.758  5761909.3 391965.3 1239175.8     0.0 105404.2  18407.0 11147.0 15798.5
  1850 -519.682   0.000   0.000   0.000 -519.682  5172457.4 249527.6 1128525.8     0.0 71992.4   8883.8 24753.2  8718.0
  1851 -598.428   0.001   0.000   0.000 -598.427  5048966.1 267862.9 995551.9     0.0 89602.7  11978.5 24144.3 10282.3
  1852 -27.095   0.000   0.000   0.000 -27.095  5735507.5 301139.4 1009931.5     0.0 93730.8  19569.3 13441.5 16175.5
  1853 184.440  -0.000   0.000   0.000 184.439  5790711.6 447135.2 848053.6     0.0 85544.3  17213.3 11775.1 15130.0
  1854 110.397  -0.000   0.000   0.000 110.397  5582663.7 339088.2 979222.8     0.0 92083.4  13598.8 10161.9 13001.9
  1855 220.114  -0.000   0.000   0.000 220.114  5837450.1 339481.5 1048132.6     0.0 91721.6  15254.1  9221.4 13532.5
  1856 -465.632   0.001   0.000   0.000 -465.631  5153522.5 268056.1 1019422.9     0.0 83515.3  10048.4 15709.8  9534.7
  1857 -51.114   0.000   0.000   0.000 -51.114  5593392.5 327764.9 1143565.4     0.0 92716.8  19736.8 13636.7 15822.6
  1858 202.566  -0.000   0.000   0.000 202.566  5622336.1 338822.1 1368344.6     0.0 89355.9  16694.8 11642.2 15680.0
  1859 -26.249  -0.000   0.000   0.000 -26.249  5983855.5 438187.1 840644.1     0.0 88003.9  15606.5  9986.5 13978.9
  1860 -141.699   0.000   0.000   0.000 -141.699  5404931.7 459623.1 1262893.8     0.0 86985.3  12405.7 14994.4 11909.4
  1861 -726.892   0.001   0.000   0.000 -726.891  5016976.5 250817.0 1083882.5     0.0 78560.6  11035.4 19430.4 10351.4
  1862 -251.338   0.000   0.000   0.000 -251.338  5522406.8 352181.7 1022631.3     0.0 93405.8  18898.9 12500.5 15371.0
  1863 -24.077  -0.000   0.000   0.000 -24.077  5574172.4 329701.5 912638.0     0.0 89570.2  11669.6 12237.3 11244.2
  1864 -1062.272   0.001   0.000   0.000 -1062.271  5135836.6 283711.4 653139.0     0.0 75574.2  10571.6 11767.7  9895.8
  1865 259.291  -0.000   0.000   0.000 259.291  5168984.6 345562.2 1276634.0     0.0 98549.6  17136.9 12946.2 15458.5
  1866 -818.665   0.001   0.000   0.000 -818.664  5202175.2 282411.4 645007.6     0.0 74862.8   9935.9 12316.4  9657.5
  1867  32.325  -0.000   0.000   0.000  32.324  5258023.8 348647.1 986995.5     0.0 95361.1  15396.9 13216.0 13293.0
  1868 330.174  -0.001   0.000   0.000 330.173  5683897.1 444564.8 823111.5     0.0 88857.7  16449.9 12479.6 15110.7
  1869 907.623  -0.001   0.000   0.000 907.622  5930798.9 504136.6 1353368.8     0.0 95588.9  16623.7 14302.2 17355.6
  1870 218.103  -0.000   0.000   0.000 218.103  6128160.2 439737.7 849971.3     0.0 85157.6  13758.2  8575.0 12933.6

                 Carbon flux (ktC/yr)                    Water (dam3/yr)                Nitrogen (MgN/yr)
       --------------------------------------- ---------------------------------- --------------------------------
Spinup NEP     estab   harvest product NBP     transp     evap    interc  wd      nuptake ndemand  nlosses ninflux
------ ------- ------- ------- ------- ------- ---------- ------- ------- ------- ------- -------- ------- -------
  1871 261.875  -0.000   0.000   0.000 261.875  5854308.3 367412.5 1059731.4     0.0 93454.1  14659.0 11255.2 14206.7
  1872 -149.675   0.000   0.000   0.000 -149.675  5853300.5 435101.5 869903.7     0.0 88957.8  14475.5  8387.0 12523.6
  1873 -121.116   0.000   0.000   0.000 -121.116  5329499.4 280033.4 842892.1     0.0 89870.8  11968.4 12678.2 10594.2
  1874 -205.102   0.000   0.000   0.000 -205.101  5259476.9 285432.9 832725.4     0.0 88376.0  12148.3 12846.4 10261.5
  1875 287.570  -0.000   0.000   0.000 287.569  5524652.4 296071.0 1058034.7     0.0 93958.1  15100.0 10454.5 12869.0
  1876 -1326.461   0.002   0.000   0.000 -1326.460  4941541.0 298624.7 624452.8     0.0 75524.7   4583.6 12562.0  4279.3
  1877 -943.671   0.001   0.000   0.000 -943.670  4370411.1 299199.9 608556.6     0.0 82816.0   7890.4 14354.2  6964.5
  1878 190.679  -0.001   0.000   0.000 190.678  4544139.7 286509.3 850410.7     0.0 96790.0  12411.8 21379.6 10886.5
  1879 -1226.263   0.001   0.000   0.000 -1226.263  4616852.2 278239.1 555160.1     0.0 74538.2   8456.9 10616.6  7922.5
  1880 421.284  -0.001   0.000   0.000 421.283  5215452.6 431608.0 746533.5     0.0 99678.2  18100.2 12149.9 14619.8
  1881 1479.676  -0.001   0.000   0.000 1479.675  5990754.0 469346.3 1097911.8     0.0 100187.7  14849.4 12144.2 15323.5
  1882 599.458  -0.001   0.000   0.000 599.457  5886925.8 339367.2 959818.5     0.0 85123.6  12247.8  9092.5 11992.5
  1883  94.060  -0.000   0.000   0.000  94.060  5651531.7 276345.2 824780.9     0.0 86182.5  11765.6 11202.7 10673.8
  1884 517.618  -0.000   0.000   0.000 517.617  5723965.2 394561.9 1242637.2     0.0 97717.5  16907.5  8576.7 16021.6
  1885 855.948  -0.000   0.000   0.000 855.948  6378330.5 545707.0 1134876.0     0.0 96506.3  17732.0  6776.0 16531.3
  1886 -136.713   0.001   0.000   0.000 -136.712  5801368.7 327943.3 1018415.3     0.0 83871.1  10125.0  8315.1  9873.1
  1887 104.383   0.000   0.000   0.000 104.383  5725084.1 325762.2 1230398.0     0.0 92070.7  17372.6 10110.9 14958.0
  1888 400.644  -0.000   0.000   0.000 400.643  6059775.0 363903.2 1091096.3     0.0 93625.0  17308.9 12527.1 15268.4
  1889 711.455  -0.000   0.000   0.000 711.455  6229557.8 604679.3 1329345.9     0.0 93417.5  15634.3 11055.7 15419.7
  1890 126.230   0.000   0.000   0.000 126.231  5909956.5 359170.9 1177417.3     0.0 85070.1  13991.4 16036.2 13015.7
  1891 -104.071   0.000   0.000   0.000 -104.071  5558648.4 277004.0 888155.0     0.0 90360.0  13994.6 17568.3 12174.5
  1892 -98.042   0.000   0.000   0.000 -98.041  5572816.0 242405.2 1106806.9     0.0 89462.7  14836.7 13534.5 13514.0
  1893 -670.413   0.001   0.000   0.000 -670.413  4948561.5 251250.1 1140598.1     0.0 79334.9  11257.6 18828.2 10458.2
  1894 -107.296   0.000   0.000   0.000 -107.296  5631365.7 299043.2 1053468.9     0.0 97230.2  20949.7 12263.4 16902.6
  1895 -979.073   0.001   0.000   0.000 -979.072  5069509.5 281811.2 681558.1     0.0 75090.5  10915.5 12094.1 10109.7

                 Carbon flux (ktC/yr)                    Water (dam3/yr)                Nitrogen (MgN/yr)
       --------------------------------------- ---------------------------------- --------------------------------
Spinup NEP     estab   harvest product NBP     transp     evap    interc  wd      nuptake ndemand  nlosses ninflux
------ ------- ------- ------- ------- ------- ---------- ------- ------- ------- ------- -------- ------- -------
  1896 -1097.003   0.001   0.000   0.000 -1097.002  4500274.9 291154.3 646813.9     0.0 83355.9  10501.5 12599.7  9328.4
  1897 230.214  -0.000   0.000   0.000 230.214  5104663.3 479587.4 1109287.9     0.0 93585.7  15148.1 18118.1 13482.5
  1898 1065.609  -0.001   0.000   0.000 1065.608  6018657.3 554425.0 1016585.3     0.0 97694.9  18675.3  9247.0 18156.5
  1899 -137.565  -0.000   0.000   0.000 -137.565  5602593.4 463435.1 1240259.7     0.0 80840.5  11308.4 14613.7 12064.4
  1900 -146.383  -0.000   0.000   0.000 -146.383  5483784.0 338607.8 1372297.7     0.0 89328.6  18093.1 11292.1 17100.5

                 Carbon flux (ktC/yr)                    Water (dam3/yr)                Nitrogen (MgN/yr)
       --------------------------------------- ---------------------------------- --------------------------------
Year   NEP     estab   harvest product NBP     transp     evap    interc  wd      nuptake ndemand  nlosses ninflux
------ ------- ------- ------- ------- ------- ---------- ------- ------- ------- ------- -------- ------- -------
  1901 -81.985  -0.000   0.000   0.000 -81.985  5886044.6 443020.2 832833.0     0.0 87571.3  16879.7  8475.1 15591.9
  1902 513.463  -0.000   0.000   0.000 513.462  5892855.2 607625.3 1243257.0     0.0 91956.9  15241.0  9309.6 16547.7
  1903 -189.636  -0.000   0.000   0.000 -189.636  5813574.2 397527.0 909613.7     0.0 84042.4  13488.4  9786.6 13044.3
  1904 -1544.865   0.002   0.000   0.000 -1544.863  4678599.3 276605.4 642062.5     0.0 74624.9   9204.7 10033.2  8850.2
  1905 434.394  -0.000   0.000   0.000 434.393  4840429.5 319793.6 803579.7     0.0 103974.3  13831.5 14674.5 11852.8
  1906 -964.203   0.000   0.000   0.000 -964.203  4815405.3 288748.2 648125.1     0.0 73903.7   8753.5 10969.2  8843.9
  1907 318.094  -0.001   0.000   0.000 318.093  5118779.1 358164.2 908306.8     0.0 100601.4  15171.8 10484.2 14117.4
  1908 1160.220  -0.001   0.000   0.000 1160.219  5921561.5 499315.9 1340890.9     0.0 95837.6  17130.8 12944.7 18065.1
  1909 1234.475  -0.001   0.000   0.000 1234.474  6429242.3 556167.3 1110146.8     0.0 94092.5  16503.6  9063.8 16399.6
  1910 157.079  -0.000   0.000   0.000 157.078  5815296.9 276804.5 869933.9     0.0 85037.1  12374.8 12674.6 11923.0
  1911 -463.883   0.001   0.000   0.000 -463.882  5201613.7 329844.8 864961.7     0.0 82436.9  11008.7 10039.0 10384.9
  1912 -368.944   0.000   0.000   0.000 -368.944  4688251.8 260429.5 1120163.0     0.0 85622.3  11016.7 21277.7 10546.6
  1913 -1086.802   0.001   0.000   0.000 -1086.800  4912091.9 300776.8 611677.1     0.0 82861.8   8628.8 17293.5  7870.5
  1914  61.661  -0.000   0.000   0.000  61.661  5189632.6 354055.2 1019376.9     0.0 95645.7  16748.9 13681.2 15088.8
  1915 -52.158  -0.000   0.000   0.000 -52.158  4978549.2 268934.3 972793.2     0.0 86732.5  10401.0 19305.8 11399.0
  1916 547.412  -0.001   0.000   0.000 547.412  5746173.3 396334.7 1186582.5     0.0 95306.3  20906.4 12525.9 19496.0
  1917 331.641  -0.000   0.000   0.000 331.640  5876273.6 457852.8 877022.9     0.0 83395.2  16348.7 10479.5 16005.3
  1918 303.305  -0.000   0.000   0.000 303.304  5553008.5 327330.2 1195655.7     0.0 93577.7  14838.1 13495.4 14533.6
  1919 -161.559   0.000   0.000   0.000 -161.559  5566035.9 242800.1 900100.1     0.0 79343.6  14618.6 11272.4 13432.9
  1920 821.189  -0.001   0.000   0.000 821.188  5852318.4 466984.4 1276393.0     0.0 104699.1  18497.2 11718.8 17844.4
  1921 991.796  -0.000   0.000   0.000 991.796  6325011.2 343408.2 1204099.3     0.0 94509.8  15537.0 11573.4 15455.3
  1922 314.676   0.000   0.000   0.000 314.676  5716931.0 333629.6 1529314.1     0.0 88936.3  15677.5 10326.0 15534.0
  1923 277.742   0.000   0.000   0.000 277.742  5912834.4 343146.7 1154492.6     0.0 93409.5  17329.3  9498.9 15878.0
  1924 -125.058   0.000   0.000   0.000 -125.058  5717666.3 328262.2 1061305.0     0.0 89453.8  12919.1 11402.1 12426.0
  1925 -24.287   0.000   0.000   0.000 -24.287  5636876.1 332607.4 849026.6     0.0 91526.1  17121.6  9034.5 15123.5

                 Carbon flux (ktC/yr)                    Water (dam3/yr)                Nitrogen (MgN/yr)
       --------------------------------------- ---------------------------------- --------------------------------
Year   NEP     estab   harvest product NBP     transp     evap    interc  wd      nuptake ndemand  nlosses ninflux
------ ------- ------- ------- ------- ------- ---------- ------- ------- ------- ------- -------- ------- -------
  1926 121.617   0.000   0.000   0.000 121.617  5278434.2 484751.3 1337685.1     0.0 86490.2  13707.1 14646.0 13643.9
  1927 -45.552   0.000   0.000   0.000 -45.551  5640369.7 243168.9 1115123.3     0.0 90919.5  15457.2 13637.2 14479.3
  1928  97.275   0.000   0.000   0.000  97.275  5750274.5 300911.7 1113368.5     0.0 93390.0  18680.9  9667.2 16915.1
  1929 447.258  -0.000   0.000   0.000 447.258  5887789.4 374149.0 1095856.2     0.0 93737.8  18525.6 10067.5 16883.0
  1930  32.073   0.000   0.000   0.000  32.073  5807873.9 265192.6 961687.6     0.0 79878.1  15596.0 11926.7 16038.4
  1931 -33.996   0.000   0.000   0.000 -33.995  5117702.4 288233.4 1252449.5     0.0 94132.1  14065.2 19519.8 13794.5
  1932  37.110   0.000   0.000   0.000  37.110  5589426.0 308982.7 1046400.7     0.0 92848.9  18082.9 11380.3 16202.3
  1933  94.654  -0.000   0.000   0.000  94.654  5738941.5 346231.5 1241610.5     0.0 91401.8  18341.2 10187.6 17950.4
  1934 199.984  -0.000   0.000   0.000 199.984  5883426.4 431222.2 1154516.3     0.0 91242.1  18733.8  8263.1 17895.1
  1935 -92.210  -0.000   0.000   0.000 -92.210  5575356.7 329777.8 1012220.5     0.0 87314.4  14583.0 10834.7 14493.0
  1936 137.024  -0.000   0.000   0.000 137.023  5712081.7 416775.7 920033.5     0.0 94905.4  16771.9  9838.3 15524.2
  1937 483.329   0.000   0.000   0.000 483.329  5382525.7 411207.2 1379414.6     0.0 91181.6  12349.4 12226.7 13683.3
  1938 187.595  -0.000   0.000   0.000 187.595  5651760.1 382783.0 1492437.7     0.0 92462.2  17745.6 10071.0 17198.5
  1939 367.042  -0.000   0.000   0.000 367.042  5392914.7 410166.1 1680861.9     0.0 91310.7  14839.9 30673.5 15542.7
  1940 430.628  -0.000   0.000   0.000 430.627  6169369.2 482938.8 1245177.8     0.0 93908.7  19044.8 11027.7 18776.6
  1941 401.299  -0.000   0.000   0.000 401.299  5682595.8 402754.8 928304.8     0.0 91921.8  15310.5  9820.5 15500.0
  1942 -239.308   0.000   0.000   0.000 -239.307  5647523.9 368897.3 1389673.3     0.0 84892.4  14882.7 10042.2 14936.3
  1943 -216.014   0.000   0.000   0.000 -216.013  5266017.0 284490.9 1291814.8     0.0 91010.7  12821.1 17010.7 12879.5
  1944 -500.652   0.001   0.000   0.000 -500.651  5515431.6 293370.6 872489.5     0.0 80846.2  12756.9 21026.7 12056.9
  1945 -731.023   0.001   0.000   0.000 -731.022  4825003.9 217846.8 795615.8     0.0 88363.7  11878.6 14114.8 10956.2
  1946 -36.345  -0.000   0.000   0.000 -36.345  5373218.2 420622.3 1289963.3     0.0 93903.8  18885.1 12496.3 17441.2
  1947 -26.858  -0.000   0.000   0.000 -26.858  5718877.3 401849.7 930380.7     0.0 90082.6  16412.1  9964.3 17531.1
  1948 -142.912  -0.000   0.000   0.000 -142.913  5438395.5 376035.6 907516.2     0.0 87098.0  13392.4 10599.0 14323.9
  1949 235.007  -0.000   0.000   0.000 235.007  5405966.0 341113.4 1042869.1     0.0 94854.7  15185.7 11466.6 16007.9
  1950 487.939  -0.000   0.000   0.000 487.939  5800391.9 420780.5 1066576.4     0.0 93981.1  17509.8 10017.7 17754.5

                 Carbon flux (ktC/yr)                    Water (dam3/yr)                Nitrogen (MgN/yr)
       --------------------------------------- ---------------------------------- --------------------------------
Year   NEP     estab   harvest product NBP     transp     evap    interc  wd      nuptake ndemand  nlosses ninflux
------ ------- ------- ------- ------- ------- ---------- ------- ------- ------- ------- -------- ------- -------
  1951 532.015  -0.000   0.000   0.000 532.014  5576912.0 380504.5 1387280.7     0.0 92525.2  15789.8 12098.1 18533.9
  1952 152.440  -0.000   0.000   0.000 152.440  5885473.3 318309.6 1055172.3     0.0 89438.7  13864.2 11474.2 15129.2
  1953 343.666  -0.000   0.000   0.000 343.666  5780321.2 317979.0 1050616.9     0.0 94069.4  17454.6 10807.3 18646.3
  1954 433.398   0.000   0.000   0.000 433.398  5766278.3 344495.8 1041629.3     0.0 92755.6  12700.6 11519.8 14263.6
  1955 571.655  -0.000   0.000   0.000 571.655  5866804.8 357067.4 1149159.2     0.0 94118.5  14208.2 11446.9 15696.6
  1956 186.726   0.000   0.000   0.000 186.727  5900240.4 330529.1 1161674.2     0.0 88406.9  13591.9 11604.9 15076.6
  1957 707.642  -0.000   0.000   0.000 707.641  6209771.9 445661.8 1288782.6     0.0 99188.2  17667.6  9571.8 20062.7
  1958 -91.206   0.000   0.000   0.000 -91.206  5764756.8 455525.7 1267021.0     0.0 84621.2  13645.4 11888.1 14776.8
  1959 527.580  -0.000   0.000   0.000 527.580  5836973.9 482706.4 1203683.4     0.0 97698.1  19187.4 11057.9 19244.5
  1960 -565.214   0.001   0.000   0.000 -565.213  5357885.7 346462.0 848734.0     0.0 78613.9  10346.5 11534.5 11252.7
  1961 -269.272   0.000   0.000   0.000 -269.272  4814978.5 355664.6 1281380.2     0.0 90135.5  12470.5 21811.8 15010.6
  1962 267.486  -0.000   0.000   0.000 267.486  5755851.7 573613.9 1257371.4     0.0 92877.2  17532.0 11552.2 18775.4
  1963 -76.857   0.000   0.000   0.000 -76.856  5705405.1 355438.3 1045029.9     0.0 83747.8  11487.6 16731.4 13439.3
  1964 -17.606   0.000   0.000   0.000 -17.605  4995528.4 269449.0 900768.9     0.0 90920.7  12179.6 17091.3 15125.4
  1965 -490.805   0.001   0.000   0.000 -490.804  5064579.9 215403.9 966542.3     0.0 83655.0  11724.2 18857.6 13749.3
  1966 195.277  -0.000   0.000   0.000 195.277  5661045.1 352169.6 984707.4     0.0 96259.4  16078.2 12062.8 16282.6
  1967 -129.956  -0.000   0.000   0.000 -129.956  5507234.6 303383.0 947784.7     0.0 85742.8  13213.2 13164.5 15801.0
  1968 100.552  -0.000   0.000   0.000 100.552  5449984.3 368535.9 1170370.9     0.0 89313.9  16073.6 13347.2 19549.5
  1969 -63.326  -0.000   0.000   0.000 -63.326  5561022.6 335285.8 777510.6     0.0 88692.5  14474.2  9523.7 16765.8
  1970 -420.832  -0.000   0.000   0.000 -420.832  5265673.1 370353.4 978377.6     0.0 87061.4  12791.7  9746.3 14350.1
  1971 -598.149   0.000   0.000   0.000 -598.149  5137312.2 285913.7 960370.0     0.0 82259.4  13370.5 10914.6 16318.5
  1972 407.045  -0.001   0.000   0.000 407.044  5373078.4 380679.5 844577.8     0.0 100300.8  16247.5 11583.1 17424.8
  1973 311.994  -0.001   0.000   0.000 311.994  5336260.7 270946.6 822633.7     0.0 88244.6  11522.8 11244.0 14359.6
  1974 717.148  -0.001   0.000   0.000 717.147  5409115.0 312940.0 1028952.8     0.0 96645.1  13391.8 13070.1 16943.6
  1975 661.854  -0.000   0.000   0.000 661.853  5639571.1 360617.7 1234278.5     0.0 96173.1  13758.7 11764.0 18805.7

                 Carbon flux (ktC/yr)                    Water (dam3/yr)                Nitrogen (MgN/yr)
       --------------------------------------- ---------------------------------- --------------------------------
Year   NEP     estab   harvest product NBP     transp     evap    interc  wd      nuptake ndemand  nlosses ninflux
------ ------- ------- ------- ------- ------- ---------- ------- ------- ------- ------- -------- ------- -------
  1976 377.085  -0.000   0.000   0.000 377.085  5591774.6 411140.1 1224682.7     0.0 91007.1  13936.4 10009.3 17339.4
  1977 349.029   0.000   0.000   0.000 349.029  5671150.9 324602.9 1143433.6     0.0 93409.8  14691.1  9950.1 17578.7
  1978 534.951  -0.000   0.000   0.000 534.951  5667684.9 366670.8 1256947.3     0.0 94709.5  16160.4  9250.0 19189.6
  1979 230.884   0.000   0.000   0.000 230.884  5831519.0 443850.9 1129277.1     0.0 91622.0  15444.0  9668.7 16959.6
  1980 -640.709   0.001   0.000   0.000 -640.708  5370125.9 336363.1 907825.3     0.0 78843.8  11410.4 10998.6 13889.0
  1981  -5.161   0.000   0.000   0.000  -5.161  5209909.6 347272.7 1124026.2     0.0 98489.6  14807.6 10514.2 16832.8
  1982 259.810  -0.000   0.000   0.000 259.810  5576544.1 330480.2 962347.1     0.0 96513.4  17356.7  8319.6 18784.6
  1983 -366.361   0.000   0.000   0.000 -366.360  4949196.1 285454.0 922664.4     0.0 84007.4   9543.4  9683.9 13206.6
  1984 -551.680   0.000   0.000   0.000 -551.679  5008420.5 279655.2 962445.6     0.0 90538.6  12777.0  8795.6 14136.0
  1985 198.714  -0.000   0.000   0.000 198.714  5334557.4 386119.5 966339.4     0.0 100245.5  14104.2  9451.4 17816.9
  1986 413.723  -0.000   0.000   0.000 413.723  4983051.3 265096.2 987100.5     0.0 90393.3  12046.2 15381.5 14843.3
  1987 -906.053   0.001   0.000   0.000 -906.052  4957593.6 327571.6 805266.5     0.0 81160.3   9632.6  9374.0 12728.9
  1988 458.519  -0.000   0.000   0.000 458.519  5158553.2 366692.3 1144129.1     0.0 107260.2  15477.7  8979.4 17676.2
  1989 156.944  -0.000   0.000   0.000 156.944  5347018.4 334135.3 1146421.8     0.0 90735.8  13018.1 10570.0 15294.1
  1990 562.300  -0.000   0.000   0.000 562.300  5616109.3 357480.7 1001656.5     0.0 96536.7  13616.7 13182.6 17867.3
  1991 1420.827  -0.001   0.000   0.000 1420.826  6181851.0 447792.1 1341472.0     0.0 103738.4  17899.5  7948.7 22222.3
  1992 1332.546  -0.000   0.000   0.000 1332.545  5826853.7 385893.1 1268455.5     0.0 94080.2  12959.2 10078.2 16654.0
  1993 796.625  -0.000   0.000   0.000 796.625  6086555.6 391260.5 1212680.5     0.0 96072.4  16098.8  8396.1 19524.7
  1994 494.037   0.000   0.000   0.000 494.038  5378021.3 355121.4 1235104.8     0.0 93764.6  13449.2  8935.5 18094.7
  1995 253.270   0.000   0.000   0.000 253.270  5799574.0 370692.8 1234938.9     0.0 93755.9  16352.3  8645.2 19874.3
  1996 127.192   0.000   0.000   0.000 127.192  5579771.2 361345.7 1297348.6     0.0 92932.0  15371.6  8214.2 18518.4
  1997 495.401  -0.000   0.000   0.000 495.401  5928358.7 398402.3 1306043.3     0.0 96832.5  17225.5  7701.6 19371.9
  1998 514.443  -0.000   0.000   0.000 514.443  5561131.2 401827.0 1218738.8     0.0 93400.3  14286.9  7841.6 17197.3
  1999 221.468   0.000   0.000   0.000 221.468  5285118.3 354034.7 1300527.1     0.0 91907.4  14251.8  9474.2 16932.3
  2000  18.490   0.000   0.000   0.000  18.490  5609643.1 338832.5 1115244.9     0.0 94579.6  17795.7  8256.2 18723.8

                 Carbon flux (ktC/yr)                    Water (dam3/yr)                Nitrogen (MgN/yr)
       --------------------------------------- ---------------------------------- --------------------------------
Year   NEP     estab   harvest product NBP     transp     evap    interc  wd      nuptake ndemand  nlosses ninflux
------ ------- ------- ------- ------- ------- ---------- ------- ------- ------- ------- -------- ------- -------
  2001 169.539   0.000   0.000   0.000 169.539  5371847.4 326416.4 1159638.1     0.0 95060.3  16221.4  8198.4 18711.6
  2002 419.216  -0.000   0.000   0.000 419.215  5533932.6 382390.3 1197550.9     0.0 94961.5  15997.0  8608.7 19365.6
  2003 638.480  -0.000   0.000   0.000 638.480  5620206.6 412330.6 1333213.4     0.0 96585.7  15945.0  9385.2 19799.7
  2004 209.289  -0.000   0.000   0.000 209.289  5756755.3 404193.4 1254824.6     0.0 91585.3  14507.9  8187.0 18162.3
  2005 -575.419   0.000   0.000   0.000 -575.418  5276208.3 301927.7 1148563.1     0.0 85438.8  13907.7  8257.6 17663.5
  2006 477.427  -0.000   0.000   0.000 477.427  5472609.5 367223.8 1355186.0     0.0 105382.6  19517.8  8940.2 21565.4
  2007 357.577  -0.000   0.000   0.000 357.577  5697114.8 387119.8 1378977.4     0.0 92054.2  15955.0 17471.1 18684.2
  2008 251.301  -0.000   0.000   0.000 251.301  5443330.0 397965.5 1228396.5     0.0 96402.4  14348.0 19290.4 18345.0
  2009 205.161   0.000   0.000   0.000 205.161  5753618.4 418367.0 1114601.4     0.0 94413.5  14444.5 10224.0 16918.8
  2010 721.261  -0.000   0.000   0.000 721.260  5861748.2 490398.7 1235203.5     0.0 96462.7  14639.3  8397.1 16973.8
  2011 435.615   0.000   0.000   0.000 435.615  5396432.9 340503.1 1232712.2     0.0 95819.9  13603.2  8837.8 17850.3
  2012 493.084   0.000   0.000   0.000 493.084  5462761.3 394691.2 1228386.1     0.0 99256.1  15700.0  9163.7 18771.4
  2013 504.517  -0.000   0.000   0.000 504.517  5481212.9 404676.7 1270712.3     0.0 97590.3  15232.0  8249.2 19448.5
  2014 895.181  -0.000   0.000   0.000 895.181  5568691.0 357225.2 1252123.1     0.0 100525.3  15651.2  8678.3 20303.3
  2015 718.364  -0.000   0.000   0.000 718.364  5579328.5 383212.4 1249481.6     0.0 94648.3  13904.2  9727.3 19076.0
  2016 437.908   0.000   0.000   0.000 437.909  5593298.0 383026.1 1279837.9     0.0 97095.9  15178.3  8509.5 19711.4
  2017 542.384   0.000   0.000   0.000 542.385  5531573.5 387077.4 1296924.1     0.0 99144.8  15943.3  9632.5 20795.0
  2018 514.851   0.000   0.000   0.000 514.851  5485384.3 390616.1 1267737.1     0.0 97478.9  15817.9  9615.9 20682.5
  2019 388.669   0.000   0.000   0.000 388.670  5482625.0 392811.5 1277055.7     0.0 96721.7  15793.7 10318.5 20899.6
Simulation ended.
lpjml successfully terminated, 72 grid cells processed.
Wall clock time:	329 sec, 0.015 sec/cell/year.
Total wall clock time:	339 sec (00:05:39).
