--------------------------------------
Running config: /home/druijsch/LPJmL5/dev15oct2025/config_files/2026_04_08_run_for_10_locations/tropical_broadleaved_raingreen_tree/spinup/configs/tropical_broadleaved_raingreen_tree_patch10_config_restart_MM.cjson
SLURM task ID: 3
Node: tcn424.local.snellius.surf.nl
--------------------------------------
******************************************************************************
****        _     ____     _           _       ____        _  ___         ****
****       | |   |  _ \   | |_ __ ___ | |     | ___|      / |/ _ \        ****
****       | |   | |_) |  | | '_ ` _ \| |     |___ \      | | | | |       ****
****       | |___|  __/ |_| | | | | | | |___   ___) |  _  | | |_| |       ****
****       |_____|_|   \___/|_| |_| |_|_____| |____/  (_) |_|\___/        ****
****                                                                      ****
****                 lpjml C Version 5.10.1 (Apr 14 2026)                 ****
****    Dynamic global vegetation model with natural and managed land     ****
****                     Compiled for Linux with MPI                      ****
****       (C) Potsdam Institute for Climate Impact Research (PIK),       ****
****                          see COPYRIGHT file                          ****
****              Authors, and contributors see AUTHORS file              ****
**** This version of LPJmL is licensed under GNU AGPL Version 3 or later  ****
****        See LICENSE file or go to http://www.gnu.org/licenses/        ****
****                 or invoke lpjml -l to print license                  ****
****      https://gitlab.pik-potsdam.de/lpjml/wur_team/lpjml-wur.git      ****
****          GIT hash: 5e6f8e1bb5c5d5f3357da68b6c43e9517864f3c2          ****
****                                                                      ****
******************************************************************************

Running for user druijsch on tcn424.local.snellius.surf.nl at Wed Apr 15 09:33:07 2026
Reading configuration from '/home/druijsch/LPJmL5/dev15oct2025/config_files/2026_04_08_run_for_10_locations/tropical_broadleaved_raingreen_tree/spinup/configs/tropical_broadleaved_raingreen_tree_patch10_config_restart_MM.cjson'.
==============================================================================
/----------------------------------------------------------\
|institution: Potsdam Institute for Climate Impact Research|
|contact:                                                  |
|comment:                                                  |
\----------------------------------------------------------/
Simulation "LPJmL Run" running on 50 tasks
Simulation with shuffle spinup climate, nitrogen limitation, permafrost, 
Johansen conductivity, with monthly mortality, percolation heattransfer, 
GSI phenology, NPP controlled BNF, land use, potential irrigation, 
others to crop "maize" and "temperate cereals", land-use change timber, 
fixed residue remove, with auto fertilizer, pft.cjson LAImax, 
livestock grazing, bondau2007 crop PHU option, separate harvests.
Cultivation types: none, biomass, annual crop
Working directory: /gpfs/home5/druijsch
cpp processed configuration file written to `/projects/prjs2023/chapter3/lpjml_output/2026_04_08_run_for_10_locations/tropical_broadleaved_raingreen_tree/patch_10/`.
Starting from restart file '/home/druijsch/LPJmL5/dev15oct2025/restart/2026_04_08_run_for_10_locations/tropical_broadleaved_raingreen_tree/patch_10/restart_1901_nv_stdfire.lpj'.
Input files:
Variable     Fmt  Varname  Filename
------------ ---- -------- ---------------------------------------------------
soil         cdf  soilcode /projects/prjs2023/chapter3/lpjml_input/run_for_10_locations/tropical_broadleaved_raingreen_tree/patch_10/soil.nc
temp         cdf  tas      /projects/prjs2023/chapter3/lpjml_input/run_for_10_locations/tropical_broadleaved_raingreen_tree/patch_10/temp.nc
prec         cdf  pr       /projects/prjs2023/chapter3/lpjml_input/run_for_10_locations/tropical_broadleaved_raingreen_tree/patch_10/prec.nc
lwdown       cdf  rlds     /projects/prjs2023/chapter3/lpjml_input/run_for_10_locations/tropical_broadleaved_raingreen_tree/patch_10/lwdown.nc
swdown       cdf  rsds     /projects/prjs2023/chapter3/lpjml_input/run_for_10_locations/tropical_broadleaved_raingreen_tree/patch_10/swdown.nc
no3_depo     cdf  noy      /projects/prjs2023/chapter3/lpjml_input/ndep-noy_histsoc_monthly_1901_2021_units.nc
nh4_depo     cdf  nhx      /projects/prjs2023/chapter3/lpjml_input/ndep-nhx_histsoc_monthly_1901_2021_units.nc
soilpH       cdf  soil_ph  /projects/prjs2023/chapter3/lpjml_input/hwsd_soil_data_all_land_oceanfilled.nc
co2          txt           /projects/prjs2023/chapter3/lpjml_input/co2_1832-2023.dat
windspeed    cdf  sfcwind  /projects/prjs2023/chapter3/lpjml_input/run_for_10_locations/tropical_broadleaved_raingreen_tree/patch_10/wind.nc
countries    cdf  country  /projects/prjs2023/chapter3/lpjml_input/regridded_cow_full_2018_5min_reduced_filled.nc
landuse      cdf  CFTfrac  /projects/prjs2023/chapter3/lpjml_input/MAPSPAM_2020_crops_filled_ESA_01deg_v7.nc
------------ ---- -------- ---------------------------------------------------
Writing restart file '/home/druijsch/LPJmL5/dev15oct2025/restart/2026_04_08_run_for_10_locations/tropical_broadleaved_raingreen_tree/patch_10/restart_1960_crop_stdfire.lpj' after year 1960.
Reading random seeds from restart file.
Number of output files:       65
Output written in year:       1901
Byte order in output files:   little endian

Compression level for NetCDF: 3
Missing value in NetCDF:      -1e+32
Base year in NetCDF:          1901
NetCDF grid:                  local
Variable            Fmt  Unit        Type   tstep nbd Filename
------------------- ---- ----------- ------ ----- --- -------------------------
albedo              cdf  -           float  month   1 /projects/prjs2023/chapter3/lpjml_output/2026_04_08_run_for_10_locations/tropical_broadleaved_raingreen_tree/patch_10/output/malbedo.nc + .json
cftfrac             cdf  -           float  year   32 /projects/prjs2023/chapter3/lpjml_output/2026_04_08_run_for_10_locations/tropical_broadleaved_raingreen_tree/patch_10/output/cftfrac.nc + .json
discharge           cdf  hm3/day     float  month   1 /projects/prjs2023/chapter3/lpjml_output/2026_04_08_run_for_10_locations/tropical_broadleaved_raingreen_tree/patch_10/output/mdischarge.nc + .json
evap                cdf  mm/month    float  month   1 /projects/prjs2023/chapter3/lpjml_output/2026_04_08_run_for_10_locations/tropical_broadleaved_raingreen_tree/patch_10/output/mevap.nc + .json
fapar               cdf  -           float  month   1 /projects/prjs2023/chapter3/lpjml_output/2026_04_08_run_for_10_locations/tropical_broadleaved_raingreen_tree/patch_10/output/mfapar.nc + .json
firec               cdf  gC/m2/yr    float  year    1 /projects/prjs2023/chapter3/lpjml_output/2026_04_08_run_for_10_locations/tropical_broadleaved_raingreen_tree/patch_10/output/firec.nc + .json
firef               cdf  1           float  year    1 /projects/prjs2023/chapter3/lpjml_output/2026_04_08_run_for_10_locations/tropical_broadleaved_raingreen_tree/patch_10/output/firef.nc + .json
flux_estabc         cdf  gC/m2/yr    float  year    1 /projects/prjs2023/chapter3/lpjml_output/2026_04_08_run_for_10_locations/tropical_broadleaved_raingreen_tree/patch_10/output/flux_estab.nc + .json
fpc                 cdf  -           float  month  12 /projects/prjs2023/chapter3/lpjml_output/2026_04_08_run_for_10_locations/tropical_broadleaved_raingreen_tree/patch_10/output/fpc.nc + .json
globalflux          txt  -           float  year    1 /projects/prjs2023/chapter3/lpjml_output/2026_04_08_run_for_10_locations/tropical_broadleaved_raingreen_tree/patch_10/output/globalflux.csv + .json
gpp                 cdf  gC/m2/month float  month   1 /projects/prjs2023/chapter3/lpjml_output/2026_04_08_run_for_10_locations/tropical_broadleaved_raingreen_tree/patch_10/output/mgpp.nc + .json
litc                cdf  gC/m2       float  year    1 /projects/prjs2023/chapter3/lpjml_output/2026_04_08_run_for_10_locations/tropical_broadleaved_raingreen_tree/patch_10/output/litc.nc + .json
litn                cdf  gN/m2       float  year    1 /projects/prjs2023/chapter3/lpjml_output/2026_04_08_run_for_10_locations/tropical_broadleaved_raingreen_tree/patch_10/output/litn.nc + .json
npp                 cdf  gC/m2/month float  month   1 /projects/prjs2023/chapter3/lpjml_output/2026_04_08_run_for_10_locations/tropical_broadleaved_raingreen_tree/patch_10/output/mnpp.nc + .json
nuptake             cdf  gN/m2/month float  month   1 /projects/prjs2023/chapter3/lpjml_output/2026_04_08_run_for_10_locations/tropical_broadleaved_raingreen_tree/patch_10/output/mnuptake.nc + .json
pet                 cdf  mm/month    float  month   1 /projects/prjs2023/chapter3/lpjml_output/2026_04_08_run_for_10_locations/tropical_broadleaved_raingreen_tree/patch_10/output/mpet.nc + .json
pft_chawo           cdf  gC/m2       float  year   43 /projects/prjs2023/chapter3/lpjml_output/2026_04_08_run_for_10_locations/tropical_broadleaved_raingreen_tree/patch_10/output/pft_chawo.nc + .json
pft_cleaf           cdf  gC/m2       float  year   43 /projects/prjs2023/chapter3/lpjml_output/2026_04_08_run_for_10_locations/tropical_broadleaved_raingreen_tree/patch_10/output/pft_cleaf.nc + .json
pft_croot           cdf  gC/m2       float  year   43 /projects/prjs2023/chapter3/lpjml_output/2026_04_08_run_for_10_locations/tropical_broadleaved_raingreen_tree/patch_10/output/pft_croot.nc + .json
pft_csapw           cdf  gC/m2       float  year   43 /projects/prjs2023/chapter3/lpjml_output/2026_04_08_run_for_10_locations/tropical_broadleaved_raingreen_tree/patch_10/output/pft_csapw.nc + .json
pft_fpar            cdf  -           float  month  43 /projects/prjs2023/chapter3/lpjml_output/2026_04_08_run_for_10_locations/tropical_broadleaved_raingreen_tree/patch_10/output/pft_fpar.nc + .json
pft_gpp             cdf  gC/m2/month float  month  43 /projects/prjs2023/chapter3/lpjml_output/2026_04_08_run_for_10_locations/tropical_broadleaved_raingreen_tree/patch_10/output/pft_gpp.nc + .json
pft_laimax          cdf  m2/m2       float  year   43 /projects/prjs2023/chapter3/lpjml_output/2026_04_08_run_for_10_locations/tropical_broadleaved_raingreen_tree/patch_10/output/pft_laimax.nc + .json
pft_mort            cdf  1/month     float  month  11 /projects/prjs2023/chapter3/lpjml_output/2026_04_08_run_for_10_locations/tropical_broadleaved_raingreen_tree/patch_10/output/pft_mort.nc + .json
pft_mort_background cdf  1/month     float  month  11 /projects/prjs2023/chapter3/lpjml_output/2026_04_08_run_for_10_locations/tropical_broadleaved_raingreen_tree/patch_10/output/pft_mort_background.nc + .json
pft_mort_drought    cdf  1/month     float  month  11 /projects/prjs2023/chapter3/lpjml_output/2026_04_08_run_for_10_locations/tropical_broadleaved_raingreen_tree/patch_10/output/pft_mort_drought.nc + .json
pft_mort_heat       cdf  1/month     float  month  11 /projects/prjs2023/chapter3/lpjml_output/2026_04_08_run_for_10_locations/tropical_broadleaved_raingreen_tree/patch_10/output/pft_mort_heat.nc + .json
pft_nind            cdf  ind/m²     float  month  11 /projects/prjs2023/chapter3/lpjml_output/2026_04_08_run_for_10_locations/tropical_broadleaved_raingreen_tree/patch_10/output/pft_nind.nc + .json
pft_nleaf           cdf  gN/m2       float  year   43 /projects/prjs2023/chapter3/lpjml_output/2026_04_08_run_for_10_locations/tropical_broadleaved_raingreen_tree/patch_10/output/pft_nleaf.nc + .json
pft_npp             cdf  gC/m2/yr    float  year   43 /projects/prjs2023/chapter3/lpjml_output/2026_04_08_run_for_10_locations/tropical_broadleaved_raingreen_tree/patch_10/output/pft_npp.nc + .json
pft_nroot           cdf  gN/m2       float  year   43 /projects/prjs2023/chapter3/lpjml_output/2026_04_08_run_for_10_locations/tropical_broadleaved_raingreen_tree/patch_10/output/pft_nroot.nc + .json
pft_nuptake         cdf  gN/m2/yr    float  year   43 /projects/prjs2023/chapter3/lpjml_output/2026_04_08_run_for_10_locations/tropical_broadleaved_raingreen_tree/patch_10/output/pft_nuptake.nc + .json
pft_phen            cdf  -           float  month  43 /projects/prjs2023/chapter3/lpjml_output/2026_04_08_run_for_10_locations/tropical_broadleaved_raingreen_tree/patch_10/output/pft_phen.nc + .json
pft_survive_frac    cdf  -           float  month  43 /projects/prjs2023/chapter3/lpjml_output/2026_04_08_run_for_10_locations/tropical_broadleaved_raingreen_tree/patch_10/output/pft_survive_frac.nc + .json
pft_vegc            cdf  gC/m2       float  year   43 /projects/prjs2023/chapter3/lpjml_output/2026_04_08_run_for_10_locations/tropical_broadleaved_raingreen_tree/patch_10/output/pft_vegc.nc + .json
pft_vegn            cdf  gN/m2       float  year   43 /projects/prjs2023/chapter3/lpjml_output/2026_04_08_run_for_10_locations/tropical_broadleaved_raingreen_tree/patch_10/output/pft_vegn.nc + .json
pft_water_demand    cdf  mm/yr       float  year   43 /projects/prjs2023/chapter3/lpjml_output/2026_04_08_run_for_10_locations/tropical_broadleaved_raingreen_tree/patch_10/output/pft_water_demand.nc + .json
phen_light          cdf  -           float  month   1 /projects/prjs2023/chapter3/lpjml_output/2026_04_08_run_for_10_locations/tropical_broadleaved_raingreen_tree/patch_10/output/mphen_light.nc + .json
phen_tmax           cdf  -           float  month   1 /projects/prjs2023/chapter3/lpjml_output/2026_04_08_run_for_10_locations/tropical_broadleaved_raingreen_tree/patch_10/output/mphen_tmax.nc + .json
phen_tmin           cdf  -           float  month   1 /projects/prjs2023/chapter3/lpjml_output/2026_04_08_run_for_10_locations/tropical_broadleaved_raingreen_tree/patch_10/output/mphen_tmin.nc + .json
phen_water          cdf  -           float  month   1 /projects/prjs2023/chapter3/lpjml_output/2026_04_08_run_for_10_locations/tropical_broadleaved_raingreen_tree/patch_10/output/mphen_water.nc + .json
rd                  cdf  gC/m2/month float  month   1 /projects/prjs2023/chapter3/lpjml_output/2026_04_08_run_for_10_locations/tropical_broadleaved_raingreen_tree/patch_10/output/rd.nc + .json
rh                  cdf  gC/m2/month float  month   1 /projects/prjs2023/chapter3/lpjml_output/2026_04_08_run_for_10_locations/tropical_broadleaved_raingreen_tree/patch_10/output/mrh.nc + .json
runoff              cdf  mm/month    float  month   1 /projects/prjs2023/chapter3/lpjml_output/2026_04_08_run_for_10_locations/tropical_broadleaved_raingreen_tree/patch_10/output/mrunoff.nc + .json
soilc               cdf  gC/m2       float  year    1 /projects/prjs2023/chapter3/lpjml_output/2026_04_08_run_for_10_locations/tropical_broadleaved_raingreen_tree/patch_10/output/soilc.nc + .json
soilc_layer         cdf  gC/m2       float  year    5 /projects/prjs2023/chapter3/lpjml_output/2026_04_08_run_for_10_locations/tropical_broadleaved_raingreen_tree/patch_10/output/soilc_layer.nc + .json
soiln               cdf  gN/m2       float  year    1 /projects/prjs2023/chapter3/lpjml_output/2026_04_08_run_for_10_locations/tropical_broadleaved_raingreen_tree/patch_10/output/soiln.nc + .json
soiln_layer         cdf  gN/m2       float  year    5 /projects/prjs2023/chapter3/lpjml_output/2026_04_08_run_for_10_locations/tropical_broadleaved_raingreen_tree/patch_10/output/soiln_layer.nc + .json
soilnh4             cdf  gN/m2       float  year    1 /projects/prjs2023/chapter3/lpjml_output/2026_04_08_run_for_10_locations/tropical_broadleaved_raingreen_tree/patch_10/output/soilnh4.nc + .json
soilnh4_layer       cdf  gN/m2       float  year    5 /projects/prjs2023/chapter3/lpjml_output/2026_04_08_run_for_10_locations/tropical_broadleaved_raingreen_tree/patch_10/output/soilnh4_layer.nc + .json
soilno3             cdf  gN/m2       float  year    1 /projects/prjs2023/chapter3/lpjml_output/2026_04_08_run_for_10_locations/tropical_broadleaved_raingreen_tree/patch_10/output/soilno3.nc + .json
soilno3_layer       cdf  gN/m2       float  year    5 /projects/prjs2023/chapter3/lpjml_output/2026_04_08_run_for_10_locations/tropical_broadleaved_raingreen_tree/patch_10/output/soilno3_layer.nc + .json
soiltemp1           cdf  Celsius     float  month   1 /projects/prjs2023/chapter3/lpjml_output/2026_04_08_run_for_10_locations/tropical_broadleaved_raingreen_tree/patch_10/output/msoiltemp1.nc + .json
soiltemp2           cdf  Celsius     float  month   1 /projects/prjs2023/chapter3/lpjml_output/2026_04_08_run_for_10_locations/tropical_broadleaved_raingreen_tree/patch_10/output/msoiltemp2.nc + .json
soiltemp3           cdf  Celsius     float  month   1 /projects/prjs2023/chapter3/lpjml_output/2026_04_08_run_for_10_locations/tropical_broadleaved_raingreen_tree/patch_10/output/msoiltemp3.nc + .json
swc1                cdf  1           float  month   1 /projects/prjs2023/chapter3/lpjml_output/2026_04_08_run_for_10_locations/tropical_broadleaved_raingreen_tree/patch_10/output/mswc1.nc + .json
swc2                cdf  1           float  month   1 /projects/prjs2023/chapter3/lpjml_output/2026_04_08_run_for_10_locations/tropical_broadleaved_raingreen_tree/patch_10/output/mswc2.nc + .json
swc3                cdf  1           float  month   1 /projects/prjs2023/chapter3/lpjml_output/2026_04_08_run_for_10_locations/tropical_broadleaved_raingreen_tree/patch_10/output/mswc3.nc + .json
swc4                cdf  1           float  month   1 /projects/prjs2023/chapter3/lpjml_output/2026_04_08_run_for_10_locations/tropical_broadleaved_raingreen_tree/patch_10/output/mswc4.nc + .json
swc5                cdf  1           float  month   1 /projects/prjs2023/chapter3/lpjml_output/2026_04_08_run_for_10_locations/tropical_broadleaved_raingreen_tree/patch_10/output/mswc5.nc + .json
transp              cdf  mm/month    float  month   1 /projects/prjs2023/chapter3/lpjml_output/2026_04_08_run_for_10_locations/tropical_broadleaved_raingreen_tree/patch_10/output/mtransp.nc + .json
vegc                cdf  gC/m2       float  year    1 /projects/prjs2023/chapter3/lpjml_output/2026_04_08_run_for_10_locations/tropical_broadleaved_raingreen_tree/patch_10/output/vegc.nc + .json
vegn                cdf  gN/m2       float  year    1 /projects/prjs2023/chapter3/lpjml_output/2026_04_08_run_for_10_locations/tropical_broadleaved_raingreen_tree/patch_10/output/vegn.nc + .json
wateramount         cdf  hm3         float  month   1 /projects/prjs2023/chapter3/lpjml_output/2026_04_08_run_for_10_locations/tropical_broadleaved_raingreen_tree/patch_10/output/mwateramount.nc + .json
wscal               cdf  -           float  month   1 /projects/prjs2023/chapter3/lpjml_output/2026_04_08_run_for_10_locations/tropical_broadleaved_raingreen_tree/patch_10/output/wscal.nc + .json
------------------- ---- ----------- ------ ----- --- -------------------------
Spinup years:                   180
Cycle length during spinup:      30
First year:                    1901
Last year:                     2019
Number of grid cells:            72
==============================================================================
Memory allocated for output: 7,096 bytes/cell
Simulation begins...
Spinup using climate starting from year 1901

                 Carbon flux (ktC/yr)                    Water (dam3/yr)                Nitrogen (MgN/yr)
       --------------------------------------- ---------------------------------- --------------------------------
Spinup NEP     estab   harvest product NBP     transp     evap    interc  wd      nuptake ndemand  nlosses ninflux
------ ------- ------- ------- ------- ------- ---------- ------- ------- ------- ------- -------- ------- -------
  1721 758.609   0.105   2.610   0.000 756.103  5079106.3 344043.0 743392.8  1239.9 83253.3  16240.8 10338.2 15797.1
  1722 741.860   0.089   2.548   0.000 739.401  5586658.9 480473.1 732846.3  1152.2 78131.4  14468.9  6392.2 15826.0
  1723 168.237   0.097   2.701   0.000 165.632  5282627.1 282647.0 683814.9   151.4 72108.9  10538.2  7609.0 12724.7
  1724  10.712   0.097   2.550   0.000   8.260  5112002.6 361891.6 650868.8   489.0 76181.1  14277.0  6412.0 13961.7
  1725 -1124.696   0.100   2.579   0.000 -1127.175  4053237.7 315210.3 504428.6  1311.2 64381.0   4656.3  8211.3  7076.7
  1726 1095.249   0.098   2.585   0.000 1092.763  4803832.9 372298.3 1075320.4    51.7 92730.2  15190.0 55953.5 16166.9
  1727 788.760   0.097   2.651   0.000 786.206  5715849.5 401808.0 938255.4   117.9 74806.6  15932.3 20955.1 17796.8
  1728 499.292   0.096   2.654   0.000 496.734  5724457.9 332623.7 871333.0   160.8 76312.6  15568.5 12058.9 16609.9
  1729 -150.739   0.096   2.575   0.000 -153.218  5339019.5 337824.1 861987.5   174.9 72221.4  13554.7 10895.4 14106.9
  1730 210.294   0.097   2.598   0.000 207.793  5453482.6 402322.7 917407.2   659.2 79734.8  17719.5 10968.6 18110.8
  1731 -489.137   0.097   2.482   0.000 -491.521  4925143.7 193334.5 593505.8  1381.2 63375.3  12408.0 11215.6 12931.2
  1732 -957.964   0.099   2.561   0.000 -960.426  4293214.2 269657.2 500094.4   842.1 80129.7   9303.5 11770.1  8746.4
  1733  -1.838   0.099   2.538   0.000  -4.277  4232928.0 292184.2 575359.3  1241.7 83715.8  11487.2 13213.9 11202.8
  1734 -1193.383   0.101   2.580   0.000 -1195.863  4134423.7 312360.4 488162.1  1296.5 60781.5   6508.5 10690.2  8863.0
  1735 789.155   0.099   2.613   0.000 786.642  4900735.4 468070.9 714806.9   196.3 89952.2  14231.6 13190.7 14267.7
  1736 173.235   0.098   2.597   0.000 170.737  4595984.5 253680.3 791566.6   576.9 65136.7   9496.0 21417.1 12496.7
  1737 273.997   0.098   2.651   0.000 271.444  5252039.5 413410.1 902693.6   115.9 82494.7  18727.1 14571.1 18842.9
  1738 -1503.909   0.100   2.549   0.000 -1506.358  4212662.1 227024.8 371532.0  1875.7 56870.1   4400.1 13880.4  6336.3
  1739 205.029   0.100   2.551   0.000 202.578  4709480.4 349888.4 629876.7   202.9 83477.9   9314.5 16929.3 12614.4
  1740 592.713   0.098   2.598   0.000 590.213  5298417.1 410590.9 760048.9   652.8 79122.7  15752.8 10123.8 18727.2
  1741 -935.815   0.098   2.580   0.000 -938.297  4737092.2 292285.5 458944.2  1287.9 58422.8   8958.7 10972.0 11528.6
  1742 111.614   0.098   2.642   0.000 109.070  4852539.9 284822.3 733929.2   181.9 83290.0  16140.1 10288.1 17153.8
  1743 -771.807   0.099   2.581   0.000 -774.290  4548279.0 287556.6 461792.7  1282.0 64529.3   8022.2 12414.1 10581.3
  1744 337.548   0.099   2.538   0.000 335.108  4288502.3 306031.7 525482.9  1191.2 87735.9  11807.1 14001.0 12212.1
  1745  63.222   0.099   2.551   0.000  60.770  4988768.7 358286.8 693119.0   201.0 73210.9  10665.7 11230.6 13194.5

                 Carbon flux (ktC/yr)                    Water (dam3/yr)                Nitrogen (MgN/yr)
       --------------------------------------- ---------------------------------- --------------------------------
Spinup NEP     estab   harvest product NBP     transp     evap    interc  wd      nuptake ndemand  nlosses ninflux
------ ------- ------- ------- ------- ------- ---------- ------- ------- ------- ------- -------- ------- -------
  1746 358.350   0.098   2.554   0.000 355.893  5360309.4 482168.4 723029.8   660.5 81639.6  17643.5  7700.4 17823.3
  1747 -3036.793   0.116   2.502   0.000 -3039.179  3335150.6 185025.3 280404.0  1440.6 40266.9   1825.2 11029.0  4651.7
  1748 -2376.267   0.108   2.500   0.000 -2378.660  2518179.6 222445.2 165687.7  1497.3 48197.1    689.3 22925.9  4325.1
  1749 3772.621   0.095   2.651   0.000 3770.064  5356464.6 403460.7 394540.9   114.7 114704.7  11920.2 26729.5 13491.9
  1750 633.039   0.099   2.597   0.000 630.541  4688702.5 266807.6 459781.0   572.6 60603.0   7358.1 37285.5 12514.4
  1751 369.650   0.099   2.538   0.000 367.211  4785194.8 315164.1 355667.2  1184.5 76812.5   9484.5 15449.7 13549.1
  1752 215.048   0.097   2.651   0.000 212.495  5363203.0 420540.1 637965.6   113.7 72575.3  14373.0 11787.9 19323.9
  1753 160.082   0.097   2.614   0.000 157.565  5391284.8 491539.1 588516.0   190.6 71570.0  11320.2 11337.2 15487.0
  1754 316.817   0.095   2.554   0.000 314.358  5630291.0 472635.4 604728.8   683.5 76465.5  15811.7  9628.5 17869.2
  1755 -1493.818   0.099   2.552   0.000 -1496.271  4226518.2 215233.5 315686.1  1858.6 56829.4   3711.7 15444.4  5857.7
  1756 -1523.859   0.103   2.552   0.000 -1526.308  3460835.1 223716.6 279428.1  1853.4 68807.9   3031.4 20570.3  5236.0
  1757 -11.506   0.102   2.633   0.000 -14.037  4246507.3 344591.6 331756.7   762.7 84101.6  10043.8 14752.0 10429.4
  1758 241.228   0.099   2.483   0.000 238.845  4049376.5 219149.2 370136.1  1330.4 68038.2   9338.1 17772.1 10769.7
  1759 -150.745   0.101   2.632   0.000 -153.276  4300537.6 350389.7 365199.2   766.4 77063.7   6639.1 14206.9  7877.2
  1760 1826.097   0.098   2.585   0.000 1823.610  5001718.1 370894.5 844500.2    48.8 85051.9  12529.3 31197.0 15321.8
  1761  32.035   0.097   2.481   0.000  29.652  4887021.1 200744.4 452319.1  1328.7 58122.3   9138.3 14025.4 11718.6
  1762 400.175   0.097   2.536   0.000 397.735  5010795.2 306447.7 789183.9     0.0 76281.2  12228.1 21151.7 14171.0
  1763 811.962   0.097   2.590   0.000 809.469  5603380.8 479389.0 912508.8   148.6 78295.0  16168.1 15287.0 17772.1
  1764 -716.684   0.097   2.646   0.000 -719.233  4917927.7 263778.1 515772.3   826.6 56081.3   7749.1 11666.1  9516.6
  1765 -111.372   0.098   2.702   0.000 -113.975  5045908.1 272009.1 628049.4   100.3 78261.7  12719.5 13409.1 13613.2
  1766 -468.617   0.098   2.602   0.000 -471.121  4729811.6 230043.2 495272.7   781.0 66888.2   8671.8 13477.7  9859.4
  1767 479.782   0.097   2.654   0.000 477.226  5271877.9 308446.4 786656.8   153.2 81979.5  15434.6 14380.1 16122.2
  1768 552.283   0.097   2.688   0.000 549.692  5498816.4 269110.4 835053.0   159.8 73135.1  13749.4 13078.3 15635.6
  1769 398.321   0.097   2.598   0.000 395.820  5588203.9 395756.9 868192.4   638.8 76005.4  16869.9  9815.0 17441.9
  1770  41.644   0.097   2.554   0.000  39.187  5486093.6 365276.4 657783.8   416.2 67349.2  15183.4  8868.8 15258.8

                 Carbon flux (ktC/yr)                    Water (dam3/yr)                Nitrogen (MgN/yr)
       --------------------------------------- ---------------------------------- --------------------------------
Spinup NEP     estab   harvest product NBP     transp     evap    interc  wd      nuptake ndemand  nlosses ninflux
------ ------- ------- ------- ------- ------- ---------- ------- ------- ------- ------- -------- ------- -------
  1771  92.496   0.098   2.666   0.000  89.928  5178744.4 343716.4 739291.7   102.8 74408.0  14157.7 13113.8 15056.3
  1772 -1038.716   0.099   2.561   0.000 -1041.178  4435581.2 260903.5 507275.1  1151.2 68689.1   8922.8  8482.1  8471.0
  1773 -930.028   0.101   2.597   0.000 -932.525  4141781.9 236709.0 518417.5   786.5 68966.0   9126.7 11515.0  9642.1
  1774 857.802   0.099   2.689   0.000 855.212  4837991.3 278249.0 767345.2   158.4 80635.1  16969.1 14971.6 16659.0
  1775 776.358   0.098   2.554   0.000 773.902  5537607.4 478117.1 736233.6   647.0 76597.8  15421.1  8087.0 16057.2
  1776 247.651   0.098   2.582   0.000 245.167  5170392.4 384950.4 963688.4    96.6 71906.5  11865.5 15405.2 13869.8
  1777 -311.451   0.098   2.588   0.000 -313.941  5217661.4 352864.9 794432.5   699.9 68710.7  15015.0 13901.5 15341.3
  1778 -242.502   0.098   2.536   0.000 -244.940  5009207.6 312122.0 953342.4     0.0 72979.0  15177.1 14441.5 15543.3
  1779 -222.839   0.098   2.588   0.000 -225.328  5162787.3 333767.5 794304.0   684.1 71866.0  15802.1 10734.7 15336.2
  1780 -115.961   0.098   2.536   0.000 -118.399  5006370.2 314483.6 942624.6     0.0 72937.2  15404.7 13793.3 15766.8
  1781 -369.467   0.098   2.597   0.000 -371.966  4621620.7 257211.7 852308.1   566.9 66933.0  11594.4 17868.5 12821.3
  1782 -342.300   0.099   2.536   0.000 -344.738  4917847.1 317500.4 911515.7     0.0 74996.4  17608.7 12883.8 16664.9
  1783 -154.939   0.098   2.702   0.000 -157.543  5095732.4 287840.9 662312.6   136.6 72804.6  14986.3 10207.7 16059.5
  1784 -623.194   0.099   2.561   0.000 -625.657  4568635.9 302018.2 462234.7  1145.3 69920.6  12129.2 10711.2 12374.3
  1785 432.395   0.098   2.598   0.000 429.894  4868807.5 392731.8 826099.4   635.7 81779.6  18385.1  9157.1 18683.8
  1786 175.823   0.097   2.643   0.000 173.278  5351404.8 288860.3 802582.7   175.6 71226.3  15654.4  8008.8 17314.7
  1787 -565.362   0.098   2.484   0.000 -567.748  4673185.8 200281.6 552425.9  1308.8 65090.9  12868.9 11641.8 14200.7
  1788 389.698   0.098   2.651   0.000 387.145  5045985.4 418479.2 927251.9   110.9 88253.9  19062.8 11436.7 18096.7
  1789 -49.418   0.097   2.608   0.000 -51.929  5079144.3 335457.1 664061.1   604.2 70845.6  13660.2  8705.9 15536.2
  1790 -319.796   0.098   2.549   0.000 -322.248  5006087.1 358548.9 751305.0   192.9 72655.8  12050.5 10122.6 13860.9
  1791 -691.860   0.098   2.598   0.000 -694.361  4855318.2 255537.6 523192.2   813.4 69010.2  12536.1 10456.8 13567.2
  1792 306.083   0.098   2.598   0.000 303.583  4901365.5 395377.4 838048.1   634.3 83866.2  18616.7  8845.3 18770.8
  1793 -495.227   0.097   2.632   0.000 -497.762  5002818.5 353208.5 494414.6   751.8 71331.2  13557.5  7023.4 14497.7
  1794 217.887   0.098   2.613   0.000 215.372  4887954.6 472118.2 783683.5   186.7 79432.0  13860.9  9343.0 14974.0
  1795 425.080   0.097   2.598   0.000 422.579  5354542.1 383276.8 865311.6   633.8 80205.4  17741.6  7634.8 19070.5

                 Carbon flux (ktC/yr)                    Water (dam3/yr)                Nitrogen (MgN/yr)
       --------------------------------------- ---------------------------------- --------------------------------
Spinup NEP     estab   harvest product NBP     transp     evap    interc  wd      nuptake ndemand  nlosses ninflux
------ ------- ------- ------- ------- ------- ---------- ------- ------- ------- ------- -------- ------- -------
  1796 -40.302   0.096   2.702   0.000 -42.908  5254741.2 286314.8 691195.1   135.0 71664.7  13873.9  9669.2 15625.6
  1797 -1456.507   0.100   2.515   0.000 -1458.922  4040473.8 245281.1 419289.3  1199.9 63845.5   6965.5 11344.5  8598.8
  1798 112.027   0.099   2.597   0.000 109.529  4097626.3 264206.3 767264.9   564.6 81373.1  11823.9 23183.4 13348.2
  1799 489.515   0.098   2.689   0.000 486.925  5054253.7 276953.2 803963.7   156.5 79019.1  15556.5 14663.7 17053.2
  1800 557.809   0.097   2.554   0.000 555.351  5438305.9 496951.3 735586.2   668.8 80383.2  17575.6  7804.8 18524.4
  1801 -176.749   0.097   2.536   0.000 -179.189  5062145.3 312668.8 922300.1     0.0 70988.8  14470.0 11167.0 16501.0
  1802 -262.566   0.097   2.540   0.000 -265.010  5051731.8 338163.8 750204.0   194.5 75675.5  13316.2 11206.8 14820.2
  1803 -744.367   0.097   2.561   0.000 -746.831  4724442.6 286716.1 483110.2  1144.9 70649.4  13603.8  9593.9 14209.3
  1804 215.118   0.097   2.651   0.000 212.564  4913400.7 407222.9 925040.0   110.3 82863.5  19580.1 10433.8 19106.6
  1805 705.807   0.095   2.554   0.000 703.348  5468610.0 490247.8 758351.1   668.4 81329.1  17966.9  7905.5 18309.7
  1806 246.939   0.093   2.651   0.000 244.382  5386364.3 412604.9 975360.9   110.0 77518.2  17606.2  9639.3 19135.3
  1807 -180.818   0.093   2.588   0.000 -183.312  5149120.5 365124.4 806202.8   691.4 72075.1  15310.9  9556.5 16123.3
  1808 -53.137   0.095   2.613   0.000 -55.655  5192122.3 469964.0 839386.5   186.9 80020.6  14233.7 10797.8 15702.9
  1809 -100.169   0.092   2.574   0.000 -102.652  5231522.8 338828.6 849801.9   165.9 77878.3  16267.4  9044.6 16045.4
  1810 -549.078   0.097   2.482   0.000 -551.462  4731623.8 198365.8 581381.8  1303.6 69871.8  14190.2 10509.5 14636.5
  1811 175.603   0.097   2.551   0.000 173.149  4868608.1 402653.6 636189.3   457.9 86575.1  17153.9  9759.3 15657.0
  1812 775.964   0.096   2.598   0.000 773.462  5139346.5 384849.0 903317.0   632.5 87683.8  15456.0  9169.3 17158.6
  1813 -1682.830   0.100   2.551   0.000 -1685.281  4211932.5 234634.1 395834.5  2187.5 59354.8   3933.2 12222.0  5392.7
  1814 -763.871   0.101   2.580   0.000 -766.351  3957104.0 328287.8 423354.8  1250.7 72025.4   4908.0 15123.7  7415.3
  1815 -2780.591   0.126   2.502   0.000 -2782.966  2433638.7 236410.4 226090.7  1405.6 49129.9    745.1 20382.0  4233.3
  1816 3128.667   0.085   2.582   0.000 3126.170  4851273.6 404991.3 559468.4   101.4 102433.3  13559.2 47588.7 14174.4
  1817 552.712   0.098   2.561   0.000 550.248  4868879.5 306247.4 301907.0  1143.6 61275.2   7658.1 14317.6 10881.8
  1818 790.931   0.096   2.582   0.000 788.446  4782695.7 407233.1 661527.1    96.2 78945.0   9880.7 21430.0 14124.9
  1819 280.114   0.097   2.574   0.000 277.637  5151587.4 339523.7 628429.9   166.8 75029.8  11953.5 11541.8 14798.0
  1820 432.940   0.096   2.666   0.000 430.371  5426543.1 335948.9 600076.3   100.5 75687.7  13283.3 14735.3 15849.3

                 Carbon flux (ktC/yr)                    Water (dam3/yr)                Nitrogen (MgN/yr)
       --------------------------------------- ---------------------------------- --------------------------------
Spinup NEP     estab   harvest product NBP     transp     evap    interc  wd      nuptake ndemand  nlosses ninflux
------ ------- ------- ------- ------- ------- ---------- ------- ------- ------- ------- -------- ------- -------
  1821 640.532   0.096   2.585   0.000 638.044  5223736.6 360369.0 1028200.0    47.1 80796.4  14482.6 14131.6 16946.6
  1822 267.066   0.096   2.574   0.000 264.588  5524332.1 332060.2 760283.2   166.1 75045.1  12824.5 10741.4 14226.5
  1823 -411.411   0.097   2.632   0.000 -413.947  5062549.8 333573.4 485999.5   753.8 75007.2  11018.6 11031.1 11843.9
  1824 453.879   0.097   2.666   0.000 451.310  5048163.4 362292.7 677648.4   100.1 79926.9  14632.3 15094.3 15133.3
  1825 -672.771   0.098   2.646   0.000 -675.318  4407794.4 308398.4 522609.9   814.9 69817.5   6615.0 12690.7  7913.8
  1826 1044.709   0.098   2.595   0.000 1042.212  5275452.3 453848.5 995040.2   134.1 96524.0  19648.4 15881.1 18026.9
  1827 768.803   0.097   2.582   0.000 766.318  5581036.0 379091.3 988931.2    94.1 73032.9  11822.1 16735.3 13329.0
  1828 241.467   0.097   2.613   0.000 238.951  5551861.7 460894.1 856080.5   186.0 78616.3  12969.7 11982.2 14281.3
  1829 184.333   0.098   2.689   0.000 181.743  5517840.3 271937.7 928461.9   155.1 77553.6  15235.3 13548.6 16161.2
  1830 -159.035   0.098   2.553   0.000 -161.490  5346558.7 318114.1 813757.6   190.0 75927.3  13325.7 11702.2 13698.6
  1831 -217.845   0.098   2.608   0.000 -220.356  5203430.8 292815.3 716312.5   600.4 74914.2  15300.6  9227.7 15233.7
  1832 717.401   0.097   2.592   0.000 714.906  5416330.9 449190.8 1107754.7   135.3 85873.2  19070.3 11017.6 19031.1
  1833 -491.950   0.098   2.645   0.000 -494.497  4941393.0 283185.2 599827.9   814.5 65413.4   9589.4 10268.8 10271.8
  1834 -903.139   0.099   2.560   0.000 -905.600  4324951.1 263746.8 522733.7  1181.8 81172.2  10635.2 10863.8  9498.9
  1835 -974.731   0.100   2.560   0.000 -977.192  3974728.8 288322.9 489940.2  1139.1 77739.0   8752.3 11189.1  8458.4
  1836 488.565   0.099   2.541   0.000 486.123  4670739.2 347012.2 686905.7   192.4 82332.8  12442.7 14883.0 12552.4
  1837 -3057.389   0.121   2.501   0.000 -3059.769  3075896.4 192082.8 275029.1  1402.0 40963.5   1068.4 14062.4  4235.4
  1838 880.332   0.090   2.490   0.000 877.932  4022874.6 239647.2 302661.8  1363.7 81944.3   8910.8 24220.8  9933.4
  1839 266.318   0.101   2.560   0.000 263.859  4093419.9 296616.4 296580.9  1150.1 70232.5   5155.5 17408.7  6562.7
  1840 803.412   0.099   2.549   0.000 800.963  4612016.4 393341.2 417777.4   456.2 84686.2  10384.2 13826.8 12895.7
  1841 903.740   0.097   2.641   0.000 901.197  5020406.2 283972.9 600165.8   173.6 75450.7  10838.6 14123.1 14606.8
  1842 1107.572   0.097   2.653   0.000 1105.017  5540227.1 313526.7 678800.7   148.7 84890.7  12352.6 20119.3 15271.7
  1843 -704.931   0.098   2.581   0.000 -707.415  4657460.9 284232.5 441530.2  1235.5 57879.6   6171.1 13242.2  8592.6
  1844 -841.313   0.099   2.645   0.000 -843.859  4073194.7 309251.3 459273.7   813.4 75401.4   7460.0 13880.2  8692.2
  1845 856.863   0.098   2.653   0.000 854.308  5243296.5 310357.5 719616.7   148.2 90425.0  16813.8 15268.7 16261.4

                 Carbon flux (ktC/yr)                    Water (dam3/yr)                Nitrogen (MgN/yr)
       --------------------------------------- ---------------------------------- --------------------------------
Spinup NEP     estab   harvest product NBP     transp     evap    interc  wd      nuptake ndemand  nlosses ninflux
------ ------- ------- ------- ------- ------- ---------- ------- ------- ------- ------- -------- ------- -------
  1846 809.543   0.097   2.536   0.000 807.104  5375455.4 302027.8 851220.5     0.0 71619.4  11854.0 21913.6 13969.9
  1847 -574.504   0.098   2.581   0.000 -576.986  4674541.5 277916.0 479850.6  1245.4 63513.4   6943.3 20910.5  8960.1
  1848 -768.220   0.099   2.646   0.000 -770.766  4121496.0 310765.0 494159.9   813.5 74989.2   7618.8 16123.8  8661.3
  1849 905.693   0.098   2.599   0.000 903.193  5105023.8 376055.9 801838.9   628.6 93673.8  18848.7 11763.1 17512.9
  1850 303.004   0.098   2.597   0.000 300.505  4894387.9 244381.5 824060.5   551.5 63641.0   9315.2 21987.9 11551.6
  1851 -299.113   0.098   2.553   0.000 -301.567  4634993.0 235503.9 697609.9   699.6 73993.1  10466.8 19951.3 11684.2
  1852  99.493   0.098   2.644   0.000  96.947  5265419.3 277358.6 794645.0   173.2 79015.6  17575.6 11444.2 17153.8
  1853 461.742   0.098   2.557   0.000 459.283  5286397.8 395915.7 621206.8   417.8 77310.3  15358.7 10737.1 15688.4
  1854  -3.184   0.097   2.609   0.000  -5.696  4929916.5 301917.5 677950.0   601.1 74912.0  11231.7  9181.6 12824.3
  1855  70.976   0.098   2.576   0.000  68.498  5083585.0 332367.3 840558.1   165.1 78889.6  12936.9  8579.0 13814.8
  1856 -224.845   0.098   2.553   0.000 -227.299  4661731.2 234831.0 741574.4   700.8 71675.9  10140.2 14978.1 11635.8
  1857  17.660   0.098   2.539   0.000  15.220  5041124.8 306538.5 948244.9     0.0 79692.2  17374.7 14565.1 16169.0
  1858 630.440   0.098   2.587   0.000 627.951  5117251.5 359748.4 1195760.1    96.1 80329.7  17107.8 12255.8 18040.3
  1859 -395.352   0.098   2.635   0.000 -397.889  5184732.1 346932.4 528629.0   747.5 72105.9  13091.0  8595.6 13534.9
  1860 312.078   0.098   2.585   0.000 309.590  4746220.0 407129.8 981033.2    94.2 79669.1  16161.7 14673.3 15983.3
  1861 -173.987   0.098   2.600   0.000 -176.489  4637782.8 246358.2 891261.6   556.7 68082.9  11364.0 17173.8 12753.6
  1862 -196.598   0.098   2.592   0.000 -199.091  4999856.5 361393.4 792007.9   688.8 79356.3  17253.7 10987.4 16455.0
  1863  -9.048   0.098   2.552   0.000 -11.501  5018481.1 336894.1 767606.1   191.3 76568.6  12753.8 11557.3 14307.7
  1864 -1226.229   0.099   2.519   0.000 -1228.649  4313967.7 241792.4 420082.7  1196.7 61486.5   8725.6 10389.6  9855.5
  1865 582.184   0.099   2.589   0.000 579.694  4538032.0 376863.0 1087043.2    96.0 89698.6  15838.0 12927.7 17578.9
  1866 -892.539   0.098   2.519   0.000 -894.959  4397009.1 243775.0 401211.8  1198.4 60318.9   7906.8 10276.0  9618.9
  1867 -90.944   0.099   2.593   0.000 -93.438  4571526.7 358505.6 713748.5   674.4 84648.0  15584.5 11322.4 15470.6
  1868 394.082   0.098   2.560   0.000 391.619  5074176.9 402456.2 592698.7   445.3 78569.0  16411.6  8967.5 17623.3
  1869 865.609   0.097   2.597   0.000 863.108  5196695.6 479043.7 1003466.5   142.7 82392.9  17006.5 10843.8 19708.9
  1870 -390.562   0.096   2.638   0.000 -393.103  5128334.4 358423.9 511781.7   745.4 71668.9  13782.4  7690.5 14726.3

                 Carbon flux (ktC/yr)                    Water (dam3/yr)                Nitrogen (MgN/yr)
       --------------------------------------- ---------------------------------- --------------------------------
Spinup NEP     estab   harvest product NBP     transp     evap    interc  wd      nuptake ndemand  nlosses ninflux
------ ------- ------- ------- ------- ------- ---------- ------- ------- ------- ------- -------- ------- -------
  1871  56.528   0.098   2.672   0.000  53.954  4820992.5 377061.0 713512.2    99.5 78409.4  16866.2 12241.5 16849.5
  1872 -688.672   0.098   2.639   0.000 -691.212  4713309.2 353729.4 509953.4   743.7 75942.6  12679.4  7020.9 13080.5
  1873 -695.054   0.099   2.607   0.000 -697.561  4158669.8 246372.7 522917.1   767.1 70537.4   9281.3 11825.7 10317.1
  1874 -608.170   0.100   2.607   0.000 -610.677  4124575.7 248349.5 492640.8   767.7 72894.1   8615.0 13083.1  9813.4
  1875 516.383   0.099   2.650   0.000 513.832  4763779.1 283553.0 733958.2   172.8 80533.7  15601.0 11041.8 15978.7
  1876 -1419.106   0.102   2.559   0.000 -1421.562  3830886.3 238425.6 350600.3  2171.0 62130.7   2827.5 14731.9  4534.6
  1877 -941.459   0.103   2.522   0.000 -943.877  3338289.2 272404.0 315835.6  1194.9 68808.3   4298.5 14197.3  6582.1
  1878 647.912   0.101   2.560   0.000 645.453  3912666.3 251720.5 516019.3   702.2 84521.0  10037.4 24430.5 11978.2
  1879 -2605.371   0.107   2.511   0.000 -2607.773  3005187.4 209742.9 226588.0  1403.7 42449.9   1445.0 17022.0  4440.3
  1880 1796.585   0.101   2.566   0.000 1794.121  4700035.3 374849.8 346498.6   446.4 93881.6  11212.8 15155.6 13454.4
  1881 1681.653   0.097   2.663   0.000 1679.088  5302973.7 417501.1 616501.3   109.4 80615.8  11945.2 18627.4 17294.2
  1882 424.494   0.097   2.620   0.000 421.970  5069552.4 321578.7 501260.3   598.9 68549.7  10964.9 13765.5 15291.1
  1883 -288.941   0.098   2.614   0.000 -291.457  4783163.5 235162.4 440250.7   767.9 66667.7   9455.2 12371.4 12473.2
  1884 614.658   0.097   2.612   0.000 612.142  5046755.1 378478.7 745229.5   628.5 85910.3  15061.9 10648.7 17661.4
  1885 774.962   0.095   2.568   0.000 772.489  5690270.5 475500.0 703229.2   665.2 79614.6  15377.0  8406.6 17045.0
  1886 108.260   0.097   2.569   0.000 105.788  5350969.7 325517.8 724888.9   191.4 72513.6  10267.9 10153.0 12597.3
  1887 164.905   0.096   2.553   0.000 162.449  5262337.4 303683.3 913925.8     0.0 74256.3  14267.1 22674.3 15677.7
  1888 343.274   0.097   2.682   0.000 340.688  5438627.8 327965.5 718627.5   100.5 77357.2  15789.2 18944.9 16432.4
  1889 338.542   0.097   2.630   0.000 336.008  5422308.0 454100.3 823072.4   185.7 78796.8  12940.5 10554.7 14476.4
  1890 150.572   0.096   2.604   0.000 148.065  5348008.9 351027.9 807729.2   688.7 71937.4  13824.9 10332.4 14932.6
  1891 -367.361   0.098   2.617   0.000 -369.880  4778599.8 221221.4 564140.5   770.1 71475.1  10398.4 13489.0 11514.1
  1892 489.038   0.097   2.706   0.000 486.430  4985360.3 271850.7 889503.0   154.9 84954.6  16266.6 14367.5 16841.1
  1893 -39.063   0.097   2.612   0.000 -41.577  4729145.9 241249.4 900247.0   551.1 67203.7  10965.5 18854.0 12606.7
  1894  90.203   0.098   2.659   0.000  87.641  5242934.0 277640.5 858536.2   115.8 80666.0  17743.7 11761.1 17488.0
  1895 -1159.329   0.099   2.531   0.000 -1161.760  4161209.9 231991.0 436895.6  1192.9 63617.1   6440.2 12634.5  8047.6

                 Carbon flux (ktC/yr)                    Water (dam3/yr)                Nitrogen (MgN/yr)
       --------------------------------------- ---------------------------------- --------------------------------
Spinup NEP     estab   harvest product NBP     transp     evap    interc  wd      nuptake ndemand  nlosses ninflux
------ ------- ------- ------- ------- ------- ---------- ------- ------- ------- ------- -------- ------- -------
  1896 -1189.381   0.101   2.530   0.000 -1191.811  3454967.5 262153.5 390552.6  1199.3 72251.6   5162.7 14137.5  7009.8
  1897 1014.646   0.099   2.600   0.000 1012.144  4617268.9 407650.9 800543.0    96.0 87626.1  15862.1 22307.0 15872.8
  1898 1312.676   0.097   2.570   0.000 1310.202  5456548.2 489969.0 707186.8   665.5 80964.6  15774.5  9111.9 17654.4
  1899 400.360   0.097   2.600   0.000 397.856  5158852.2 395434.5 952729.9    95.1 72664.3  11912.1 14451.3 14680.1
  1900 119.024   0.097   2.603   0.000 116.518  5024136.7 360618.3 1188626.6    47.2 76229.3  17364.7 11857.9 19134.0

                 Carbon flux (ktC/yr)                    Water (dam3/yr)                Nitrogen (MgN/yr)
       --------------------------------------- ---------------------------------- --------------------------------
Year   NEP     estab   harvest product NBP     transp     evap    interc  wd      nuptake ndemand  nlosses ninflux
------ ------- ------- ------- ------- ------- ---------- ------- ------- ------- ------- -------- ------- -------
  1901 -611.337   0.097   2.652   0.000 -613.892  5113848.2 348636.7 522315.4   750.4 71712.3  14652.5  8326.0 15240.1
  1902 122.409   0.098   2.635   0.000 119.872  4903601.6 457856.8 820298.6   185.0 79278.8  14539.5 10388.7 15999.5
  1903 -828.983   0.098   2.604   0.000 -831.489  4643203.0 285920.3 511767.9  1242.3 63190.0   9896.1  9612.3 11599.2
  1904 -2902.832   0.144   2.521   0.000 -2905.208  2626025.2 213137.8 276655.9  1394.7 50269.7   1434.4 16206.9  4615.2
  1905 2103.352   0.065   2.558   0.000 2100.859  4027955.4 386375.8 324495.3  1520.1 102932.8  11955.6 21235.8 11752.4
  1906 -423.588   0.101   2.536   0.000 -426.024  3799952.0 279958.0 271984.0  1191.3 55223.9   3368.3 15617.0  5968.1
  1907 767.048   0.098   2.631   0.000 764.516  4449537.5 348530.6 449998.7   602.1 89942.0  10665.7 15510.0 14040.3
  1908 1792.629   0.096   2.619   0.000 1790.106  5354426.3 464207.4 783572.4   134.8 83181.9  14432.1 20872.6 18675.7
  1909 1221.733   0.095   2.577   0.000 1219.251  5776530.3 495518.0 671206.4   664.7 76200.1  14019.5 13009.8 16729.1
  1910 -95.910   0.096   2.626   0.000 -98.440  4992826.7 220885.1 505828.2   769.9 65084.8   9060.8 12411.4 11150.3
  1911 -781.065   0.098   2.671   0.000 -783.638  4165404.6 314044.9 503362.7   810.7 70294.5   7516.5 11377.1  9252.8
  1912 229.832   0.097   2.620   0.000 227.309  4303016.6 256772.1 784821.9   582.0 82568.1  12740.0 23126.9 14053.2
  1913 -1292.794   0.099   2.577   0.000 -1295.271  4007474.0 219381.9 353963.4  2160.9 61473.9   4355.5 18203.0  6012.5
  1914 502.649   0.099   2.614   0.000 500.134  4734772.6 343262.8 667157.8   687.0 83902.2  14663.0 14700.3 15786.2
  1915 346.334   0.098   2.578   0.000 343.854  4574190.8 234104.9 648529.6   700.8 72204.0   8731.3 20226.6 12471.5
  1916 899.206   0.097   2.627   0.000 896.677  5336264.7 373823.6 824543.4   627.7 85796.9  17861.2 12451.3 19544.6
  1917 703.208   0.097   2.597   0.000 700.708  5504029.1 402405.1 631106.7   444.4 71493.0  14819.9 10128.2 16640.1
  1918 332.821   0.097   2.566   0.000 330.352  5005745.6 304301.4 968254.0     0.0 77208.4  12890.2 14099.7 15172.4
  1919 -200.754   0.098   2.530   0.000 -203.187  4774007.8 192254.6 589100.1  1357.6 70264.9  13132.0 11344.7 14214.4
  1920 629.847   0.098   2.681   0.000 627.263  5141973.9 402152.7 996959.1   109.4 89778.8  19290.1 11166.7 18845.6
  1921 871.321   0.097   2.682   0.000 868.735  5664258.5 324458.7 899868.2   105.2 80108.0  16744.7 11208.4 18658.9
  1922 557.153   0.097   2.615   0.000 554.634  5171625.0 358248.1 1298811.9    46.7 76215.8  16803.2 10360.2 18467.8
  1923  44.317   0.097   2.604   0.000  41.810  5318145.7 339481.4 923576.3   177.3 76251.1  16327.4  8523.8 17042.5
  1924 -177.379   0.098   2.594   0.000 -179.876  5123127.1 332773.5 848286.9   191.5 75297.5  13892.9 10769.6 15890.3
  1925 -594.013   0.098   2.592   0.000 -596.507  4767029.4 273674.7 541279.2  1146.3 71689.2  15059.1  9226.0 15459.9

                 Carbon flux (ktC/yr)                    Water (dam3/yr)                Nitrogen (MgN/yr)
       --------------------------------------- ---------------------------------- --------------------------------
Year   NEP     estab   harvest product NBP     transp     evap    interc  wd      nuptake ndemand  nlosses ninflux
------ ------- ------- ------- ------- ------- ---------- ------- ------- ------- ------- -------- ------- -------
  1926 237.075   0.098   2.617   0.000 234.557  4610613.8 407324.7 1016593.8    95.9 80771.8  17457.8 13693.6 18072.5
  1927 320.949   0.098   2.723   0.000 318.324  5102122.9 267219.9 935885.2   155.5 77155.8  17172.8 11632.3 18287.0
  1928 -24.855   0.098   2.677   0.000 -27.435  5201098.8 281252.3 887604.8    63.3 74905.8  18389.9  8034.4 19267.5
  1929 126.689   0.098   2.703   0.000 124.084  5110174.6 341222.4 777398.4    99.1 78290.8  18178.6 12658.4 18820.4
  1930   0.673   0.098   2.736   0.000  -1.966  5054627.7 284828.1 736305.9   136.2 77560.9  15795.4  8877.0 18075.4
  1931 -14.267   0.098   2.662   0.000 -16.831  4625268.7 249611.8 840224.3  1098.2 78753.5  14429.5 12107.7 15200.4
  1932 -1028.220   0.099   2.669   0.000 -1030.789  4377499.4 215423.5 498156.7  1664.6 65223.3  10445.2 12587.2 12034.8
  1933  68.191   0.098   2.666   0.000  65.623  4556642.3 316285.5 758315.5   159.8 84698.4  18206.3  8570.2 18476.5
  1934 614.851   0.097   2.645   0.000 612.304  5177964.2 425805.1 951640.1    64.5 81306.7  18232.8  7645.9 20478.1
  1935 -61.932   0.097   2.648   0.000 -64.483  4943532.3 268136.7 760583.5   153.2 70924.0  13629.3 10617.1 17091.1
  1936 -32.514   0.098   2.576   0.000 -34.992  4980779.9 407389.3 747882.5   197.1 78791.3  16315.9  9994.2 18866.4
  1937  25.813   0.097   2.536   0.000  23.374  4973550.2 345867.1 839420.3   234.4 77639.9  15428.3  8133.3 18107.5
  1938 -310.701   0.097   2.651   0.000 -313.254  4784139.0 270349.0 688517.5   560.0 73733.2  13307.6 10063.0 15246.7
  1939 210.664   0.098   2.693   0.000 208.068  4909454.4 449090.8 1126749.7    56.5 82521.4  19765.4  8646.5 21503.3
  1940 -62.062   0.097   2.607   0.000 -64.572  5189229.5 370613.7 734664.0   652.2 71996.0  14583.2  9879.2 17027.9
  1941 -337.796   0.098   2.686   0.000 -340.384  4987633.9 319948.4 699371.9   299.9 75246.5  16979.3 13547.2 18616.7
  1942 -38.729   0.098   2.734   0.000 -41.366  4852712.7 316587.1 857460.9    49.9 80006.8  18752.6  9094.0 19183.2
  1943 537.214   0.097   2.677   0.000 534.634  4871266.0 298421.7 1043562.8   134.7 85047.7  15523.4 11085.7 17945.7
  1944 -168.148   0.098   2.622   0.000 -170.672  4942347.9 271764.6 680133.5  1078.7 71791.7  11836.2 12855.0 14515.7
  1945  79.504   0.098   2.525   0.000  77.077  4576839.7 330079.2 917735.3  1098.6 82386.7  17218.8 12466.3 18749.0
  1946 206.495   0.097   2.656   0.000 203.936  5114829.9 303783.3 850855.3   735.7 78325.1  16345.8 10605.7 18703.9
  1947 -290.155   0.098   2.578   0.000 -292.635  4900031.6 328007.6 762371.5   563.1 78311.6  14653.5  8529.5 18427.9
  1948 -24.428   0.098   2.667   0.000 -26.997  5017386.3 379312.2 782808.5   183.9 81256.9  17561.8  9591.9 19273.0
  1949 -585.564   0.098   2.577   0.000 -588.042  4507159.1 223985.5 520273.3  1141.1 72830.2  12485.1  9529.6 15411.0
  1950 250.665   0.097   2.765   0.000 247.997  4598837.7 363839.9 870062.9    68.0 87655.1  16613.8 10588.9 18277.3

                 Carbon flux (ktC/yr)                    Water (dam3/yr)                Nitrogen (MgN/yr)
       --------------------------------------- ---------------------------------- --------------------------------
Year   NEP     estab   harvest product NBP     transp     evap    interc  wd      nuptake ndemand  nlosses ninflux
------ ------- ------- ------- ------- ------- ---------- ------- ------- ------- ------- -------- ------- -------
  1951 513.439   0.097   2.563   0.000 510.974  4998185.6 378659.2 982841.9   543.3 82180.1  14874.5 10428.3 19341.9
  1952  39.644   0.097   2.678   0.000  37.063  5112526.4 320951.2 880862.7   664.1 79065.3  13594.3 10204.7 17263.9
  1953 415.201   0.097   2.796   0.000 412.502  5148246.1 373067.3 942121.7   205.0 84056.1  18441.8  8895.7 22290.4
  1954  24.355   0.097   2.830   0.000  21.622  5074454.2 318542.2 810763.2   809.1 77697.1  12756.7 12068.3 16606.9
  1955 -214.980   0.098   2.746   0.000 -217.628  4849950.2 317463.5 830996.0   692.7 79255.1  13339.0 12470.6 16205.3
  1956 -53.975   0.098   2.758   0.000 -56.635  4812383.5 300199.2 869459.1   187.6 80000.2  15227.0 13407.8 17573.5
  1957 520.212   0.097   2.626   0.000 517.683  5556177.5 443017.4 817690.0   244.9 87413.0  20151.6  9304.8 23989.0
  1958 279.345   0.097   2.622   0.000 276.820  5088501.1 415354.3 966190.7    51.9 80069.4  15658.6  8680.1 19475.5
  1959  79.482   0.097   2.575   0.000  77.004  5036393.2 325088.2 791338.7   618.3 81374.6  14659.8 10478.5 17501.8
  1960 -290.809   0.098   2.555   0.000 -293.266  4885017.7 386358.2 768252.9   758.4 76063.5  11749.4 12088.4 15271.3
  1961 -704.323   0.098   2.692   0.000 -706.917  4384101.2 244210.3 640578.9   759.3 72008.8  10431.4 20001.9 15049.0
  1962 127.158   0.098   2.850   0.000 124.407  4804826.5 483822.4 1104623.3   215.4 87497.1  18264.6 14825.8 21455.9
  1963 466.205   0.097   2.729   0.000 463.573  5383577.5 294732.4 698511.4   261.4 80372.7  13300.3 11398.7 17914.9
  1964 -131.201   0.097   2.693   0.000 -133.797  4636980.1 206485.2 610989.0   299.7 78537.1  11159.4 13762.1 17010.5
  1965 -1009.626   0.099   2.772   0.000 -1012.300  3749306.4 175958.6 464602.8  1825.4 72093.1   6766.5 20215.1 12418.9
  1966 909.227   0.098   2.654   0.000 906.671  4869388.3 349398.8 874267.0  1122.6 94020.4  18514.7 16626.4 19843.9
  1967 653.183   0.097   2.713   0.000 650.567  5064959.7 280481.8 839944.2   221.4 79020.9  11900.0 14361.0 17634.9
  1968  80.255   0.097   2.755   0.000  77.597  4916931.1 313913.2 858219.9   188.1 79600.6  13875.9 13509.9 19122.2
  1969 -35.136   0.097   2.644   0.000 -37.682  4962252.6 327301.2 626096.3   308.2 81790.5  14260.7  9860.2 19181.3
  1970 -777.939   0.098   2.512   0.000 -780.352  4243097.3 274135.4 590676.0  1145.1 68166.7   9072.6 15664.5 14189.1
  1971 -465.226   0.099   2.732   0.000 -467.860  4205466.4 260450.3 570217.3  1127.5 82592.4  10645.3 10990.6 15713.8
  1972 643.671   0.097   2.617   0.000 641.152  4621753.5 399268.3 719785.1   626.5 94412.8  14203.6 10346.8 19460.6
  1973 791.227   0.097   2.590   0.000 788.734  4999578.1 286117.2 723792.7   165.1 83101.6  12302.8 10127.6 18441.8
  1974 498.993   0.097   2.833   0.000 496.257  4787079.3 317311.9 800116.6   710.3 82726.3  12343.7 12827.4 19394.2
  1975 460.909   0.097   2.624   0.000 458.382  4841076.8 356441.7 940589.8   251.3 88608.5  13278.6 13114.7 21487.1

                 Carbon flux (ktC/yr)                    Water (dam3/yr)                Nitrogen (MgN/yr)
       --------------------------------------- ---------------------------------- --------------------------------
Year   NEP     estab   harvest product NBP     transp     evap    interc  wd      nuptake ndemand  nlosses ninflux
------ ------- ------- ------- ------- ------- ---------- ------- ------- ------- ------- -------- ------- -------
  1976 307.284   0.097   2.616   0.000 304.765  4937144.6 326220.1 803429.0   237.5 83325.4  13769.4 10053.4 20260.4
  1977 -48.502   0.098   2.746   0.000 -51.150  4805423.9 242738.1 659660.6  1644.5 80203.6  12713.0  9170.1 17195.7
  1978 -518.092   0.104   2.725   0.000 -520.713  4325191.4 274016.8 638557.5   768.7 81738.7  10694.7  8414.3 15899.5
  1979 -331.842   0.094   2.632   0.000 -334.380  4277737.8 387259.9 581764.5  1092.9 77818.5   9607.8  8863.6 13783.5
  1980 -321.881   0.098   2.503   0.000 -324.286  3933889.4 363165.7 560361.9   309.0 74859.4   8641.8 18684.8 14233.6
  1981   4.917   0.098   2.571   0.000   2.445  4597737.3 387444.7 629806.2   672.9 86538.8  12454.6  7888.1 17412.6
  1982 829.532   0.097   2.561   0.000 827.068  4595048.7 396951.2 695318.5   205.3 86303.3  11774.0 12607.4 17849.1
  1983 479.936   0.097   2.461   0.000 477.572  4543908.3 285867.5 719862.4   578.7 78373.3  10883.7 10863.8 17720.2
  1984 -328.649   0.098   2.612   0.000 -331.164  4335485.0 279569.0 590167.5   757.7 75918.3   8551.9  9337.8 13593.8
  1985 130.853   0.098   2.451   0.000 128.500  4072153.6 378526.4 716532.6   170.7 87343.3  12340.3 14402.7 18115.7
  1986 603.903   0.098   2.510   0.000 601.491  4345278.1 281096.5 698821.1   174.4 85872.2  12141.9 10735.4 17905.6
  1987 -368.073   0.098   2.552   0.000 -370.528  4212658.6 298512.4 569042.7  1109.9 73783.1   8703.9  7375.4 15728.5
  1988 574.226   0.098   2.692   0.000 571.632  4423753.8 337932.1 802098.3   168.5 98184.8  13380.3  9992.3 20148.9
  1989 759.673   0.097   2.618   0.000 757.152  4989926.1 309994.6 864918.9   195.1 85881.6  13025.0  6890.8 18832.5
  1990 370.312   0.097   2.631   0.000 367.779  4946446.6 320256.7 805030.6   150.2 80784.2  11607.1  9550.7 18689.9
  1991 1038.841   0.097   2.547   0.000 1036.391  5440026.8 420843.5 983536.5   238.9 97397.8  19188.0  9227.0 25296.8
  1992 730.940   0.097   2.699   0.000 728.338  4898866.8 345759.5 789569.2   196.5 81170.1  12187.2  7692.6 17807.2
  1993 368.495   0.097   2.575   0.000 366.017  4860659.5 380865.9 880457.2   146.4 87296.8  14147.4  5913.4 19997.3
  1994 931.381   0.098   2.675   0.000 928.803  4719564.5 366001.5 1029030.1   120.0 94164.9  13534.8  6967.4 20658.5
  1995 564.162   0.097   2.584   0.000 561.676  5316658.5 336463.4 941060.2   593.9 85695.7  15018.0  5349.2 20682.0
  1996 346.029   0.098   2.617   0.000 343.510  5081323.3 327850.1 1001926.9   117.5 84291.3  14285.0  6128.0 20480.1
  1997 -198.903   0.098   2.494   0.000 -201.299  5020879.4 327098.5 919485.6   169.7 76917.4  12457.2  4464.6 17204.2
  1998 710.081   0.098   2.481   0.000 707.698  4816929.9 395977.5 967765.2   573.1 96278.8  13350.0  6806.8 20530.7
  1999 519.934   0.098   2.651   0.000 517.380  4861429.0 301368.6 1014562.9   127.0 83803.3  13511.6  7268.2 19212.2
  2000 197.049   0.098   2.566   0.000 194.580  5014620.0 310185.5 866669.1   115.0 85000.3  15295.9  4033.4 19895.9

                 Carbon flux (ktC/yr)                    Water (dam3/yr)                Nitrogen (MgN/yr)
       --------------------------------------- ---------------------------------- --------------------------------
Year   NEP     estab   harvest product NBP     transp     evap    interc  wd      nuptake ndemand  nlosses ninflux
------ ------- ------- ------- ------- ------- ---------- ------- ------- ------- ------- -------- ------- -------
  2001 462.743   0.098   2.606   0.000 460.235  4901514.2 343769.1 900217.3   551.4 89969.6  16014.1  4383.6 20917.1
  2002 804.701   0.097   2.616   0.000 802.183  5110463.3 372795.5 1030126.9   157.9 89431.0  16499.8  3962.8 22366.6
  2003 1022.631   0.097   2.499   0.000 1020.229  5308319.4 363163.1 1027417.1    92.0 89068.2  15663.1  5197.9 22170.6
  2004 663.202   0.097   2.505   0.000 660.794  5496870.3 372115.4 1023260.9    93.3 88436.2  14840.5  4518.3 22156.7
  2005 -388.274   0.098   2.495   0.000 -390.671  4884099.1 311153.9 867169.3   128.3 74872.1  12424.4  5185.8 19214.5
  2006 480.668   0.098   2.603   0.000 478.163  4886272.2 350500.3 950825.2   182.9 98876.6  17063.0  4489.4 21103.7
  2007 578.972   0.098   2.564   0.000 576.506  5243818.0 387747.9 1146416.7   116.3 88013.1  16032.5  5828.1 21866.3
  2008 502.014   0.098   2.602   0.000 499.510  5031283.2 363832.2 948805.8   195.9 88636.4  14539.9  5637.8 20753.4
  2009 355.133   0.098   2.578   0.000 352.652  5140652.9 405676.0 938724.4   201.2 85886.4  14263.9  5125.3 20032.0
  2010 535.631   0.098   2.511   0.000 533.217  5012276.3 360499.2 1107919.7    92.3 87783.6  15085.2  4588.2 19999.6
  2011 533.615   0.098   2.421   0.000 531.292  5038479.8 362970.8 1066509.4   144.9 87996.8  14931.8  6057.1 21498.3
  2012 775.040   0.097   2.571   0.000 772.567  4971281.0 372210.9 1192758.3   158.2 89756.4  15437.9 31612.1 22466.5
  2013 210.296   0.098   2.491   0.000 207.903  5109164.3 386972.1 1000000.3   109.4 85108.9  16021.1 11558.8 21994.2
  2014 252.983   0.098   2.630   0.000 250.452  4930079.8 357855.0 988021.4   105.2 88451.1  16374.3  9277.7 23092.9
  2015 251.537   0.098   2.471   0.000 249.163  4929828.4 344785.6 952539.7   103.7 87062.4  15449.5  8058.3 22357.4
  2016 197.286   0.098   2.592   0.000 194.792  4878954.2 361057.4 983259.4    55.6 88819.1  15632.7  7394.5 22482.2
  2017 376.130   0.098   2.607   0.000 373.621  4842250.0 354637.4 963728.2   619.5 91422.4  16563.0  6726.5 23026.6
  2018 417.178   0.098   2.656   0.000 414.620  4888227.5 355188.4 972458.7    84.0 90758.0  16057.0  6570.4 22804.3
  2019 565.236   0.097   2.588   0.000 562.745  4901131.9 359331.8 971030.8   148.2 90847.4  16271.5  8666.7 23292.3
Simulation ended.
lpjml successfully terminated, 72 grid cells processed.
Wall clock time:	318 sec, 0.015 sec/cell/year.
Total wall clock time:	326 sec (00:05:26).
