--------------------------------------
Running config: /home/druijsch/LPJmL5/dev15oct2025/config_files/2026_04_08_run_for_10_locations/tropical_broadleaved_raingreen_tree/spinup/configs/tropical_broadleaved_raingreen_tree_patch1_config_restart_MM.cjson
SLURM task ID: 5
Node: tcn416.local.snellius.surf.nl
--------------------------------------
******************************************************************************
****        _     ____     _           _       ____        _  ___         ****
****       | |   |  _ \   | |_ __ ___ | |     | ___|      / |/ _ \        ****
****       | |   | |_) |  | | '_ ` _ \| |     |___ \      | | | | |       ****
****       | |___|  __/ |_| | | | | | | |___   ___) |  _  | | |_| |       ****
****       |_____|_|   \___/|_| |_| |_|_____| |____/  (_) |_|\___/        ****
****                                                                      ****
****                 lpjml C Version 5.10.1 (Apr 14 2026)                 ****
****    Dynamic global vegetation model with natural and managed land     ****
****                     Compiled for Linux with MPI                      ****
****       (C) Potsdam Institute for Climate Impact Research (PIK),       ****
****                          see COPYRIGHT file                          ****
****              Authors, and contributors see AUTHORS file              ****
**** This version of LPJmL is licensed under GNU AGPL Version 3 or later  ****
****        See LICENSE file or go to http://www.gnu.org/licenses/        ****
****                 or invoke lpjml -l to print license                  ****
****      https://gitlab.pik-potsdam.de/lpjml/wur_team/lpjml-wur.git      ****
****          GIT hash: 5e6f8e1bb5c5d5f3357da68b6c43e9517864f3c2          ****
****                                                                      ****
******************************************************************************

Running for user druijsch on tcn416.local.snellius.surf.nl at Wed Apr 15 09:39:19 2026
Reading configuration from '/home/druijsch/LPJmL5/dev15oct2025/config_files/2026_04_08_run_for_10_locations/tropical_broadleaved_raingreen_tree/spinup/configs/tropical_broadleaved_raingreen_tree_patch1_config_restart_MM.cjson'.
==============================================================================
/----------------------------------------------------------\
|institution: Potsdam Institute for Climate Impact Research|
|contact:                                                  |
|comment:                                                  |
\----------------------------------------------------------/
Simulation "LPJmL Run" running on 50 tasks
Simulation with shuffle spinup climate, nitrogen limitation, permafrost, 
Johansen conductivity, with monthly mortality, percolation heattransfer, 
GSI phenology, NPP controlled BNF, land use, potential irrigation, 
others to crop "maize" and "temperate cereals", land-use change timber, 
fixed residue remove, with auto fertilizer, pft.cjson LAImax, 
livestock grazing, bondau2007 crop PHU option, separate harvests.
Cultivation types: none, biomass, annual crop
Working directory: /gpfs/home5/druijsch
cpp processed configuration file written to `/projects/prjs2023/chapter3/lpjml_output/2026_04_08_run_for_10_locations/tropical_broadleaved_raingreen_tree/patch_1/`.
Starting from restart file '/home/druijsch/LPJmL5/dev15oct2025/restart/2026_04_08_run_for_10_locations/tropical_broadleaved_raingreen_tree/patch_1/restart_1901_nv_stdfire.lpj'.
Input files:
Variable     Fmt  Varname  Filename
------------ ---- -------- ---------------------------------------------------
soil         cdf  soilcode /projects/prjs2023/chapter3/lpjml_input/run_for_10_locations/tropical_broadleaved_raingreen_tree/patch_1/soil.nc
temp         cdf  tas      /projects/prjs2023/chapter3/lpjml_input/run_for_10_locations/tropical_broadleaved_raingreen_tree/patch_1/temp.nc
prec         cdf  pr       /projects/prjs2023/chapter3/lpjml_input/run_for_10_locations/tropical_broadleaved_raingreen_tree/patch_1/prec.nc
lwdown       cdf  rlds     /projects/prjs2023/chapter3/lpjml_input/run_for_10_locations/tropical_broadleaved_raingreen_tree/patch_1/lwdown.nc
swdown       cdf  rsds     /projects/prjs2023/chapter3/lpjml_input/run_for_10_locations/tropical_broadleaved_raingreen_tree/patch_1/swdown.nc
no3_depo     cdf  noy      /projects/prjs2023/chapter3/lpjml_input/ndep-noy_histsoc_monthly_1901_2021_units.nc
nh4_depo     cdf  nhx      /projects/prjs2023/chapter3/lpjml_input/ndep-nhx_histsoc_monthly_1901_2021_units.nc
soilpH       cdf  soil_ph  /projects/prjs2023/chapter3/lpjml_input/hwsd_soil_data_all_land_oceanfilled.nc
co2          txt           /projects/prjs2023/chapter3/lpjml_input/co2_1832-2023.dat
windspeed    cdf  sfcwind  /projects/prjs2023/chapter3/lpjml_input/run_for_10_locations/tropical_broadleaved_raingreen_tree/patch_1/wind.nc
countries    cdf  country  /projects/prjs2023/chapter3/lpjml_input/regridded_cow_full_2018_5min_reduced_filled.nc
landuse      cdf  CFTfrac  /projects/prjs2023/chapter3/lpjml_input/MAPSPAM_2020_crops_filled_ESA_01deg_v7.nc
------------ ---- -------- ---------------------------------------------------
Writing restart file '/home/druijsch/LPJmL5/dev15oct2025/restart/2026_04_08_run_for_10_locations/tropical_broadleaved_raingreen_tree/patch_1/restart_1960_crop_stdfire.lpj' after year 1960.
Reading random seeds from restart file.
Number of output files:       65
Output written in year:       1901
Byte order in output files:   little endian

Compression level for NetCDF: 3
Missing value in NetCDF:      -1e+32
Base year in NetCDF:          1901
NetCDF grid:                  local
Variable            Fmt  Unit        Type   tstep nbd Filename
------------------- ---- ----------- ------ ----- --- -------------------------
albedo              cdf  -           float  month   1 /projects/prjs2023/chapter3/lpjml_output/2026_04_08_run_for_10_locations/tropical_broadleaved_raingreen_tree/patch_1/output/malbedo.nc + .json
cftfrac             cdf  -           float  year   32 /projects/prjs2023/chapter3/lpjml_output/2026_04_08_run_for_10_locations/tropical_broadleaved_raingreen_tree/patch_1/output/cftfrac.nc + .json
discharge           cdf  hm3/day     float  month   1 /projects/prjs2023/chapter3/lpjml_output/2026_04_08_run_for_10_locations/tropical_broadleaved_raingreen_tree/patch_1/output/mdischarge.nc + .json
evap                cdf  mm/month    float  month   1 /projects/prjs2023/chapter3/lpjml_output/2026_04_08_run_for_10_locations/tropical_broadleaved_raingreen_tree/patch_1/output/mevap.nc + .json
fapar               cdf  -           float  month   1 /projects/prjs2023/chapter3/lpjml_output/2026_04_08_run_for_10_locations/tropical_broadleaved_raingreen_tree/patch_1/output/mfapar.nc + .json
firec               cdf  gC/m2/yr    float  year    1 /projects/prjs2023/chapter3/lpjml_output/2026_04_08_run_for_10_locations/tropical_broadleaved_raingreen_tree/patch_1/output/firec.nc + .json
firef               cdf  1           float  year    1 /projects/prjs2023/chapter3/lpjml_output/2026_04_08_run_for_10_locations/tropical_broadleaved_raingreen_tree/patch_1/output/firef.nc + .json
flux_estabc         cdf  gC/m2/yr    float  year    1 /projects/prjs2023/chapter3/lpjml_output/2026_04_08_run_for_10_locations/tropical_broadleaved_raingreen_tree/patch_1/output/flux_estab.nc + .json
fpc                 cdf  -           float  month  12 /projects/prjs2023/chapter3/lpjml_output/2026_04_08_run_for_10_locations/tropical_broadleaved_raingreen_tree/patch_1/output/fpc.nc + .json
globalflux          txt  -           float  year    1 /projects/prjs2023/chapter3/lpjml_output/2026_04_08_run_for_10_locations/tropical_broadleaved_raingreen_tree/patch_1/output/globalflux.csv + .json
gpp                 cdf  gC/m2/month float  month   1 /projects/prjs2023/chapter3/lpjml_output/2026_04_08_run_for_10_locations/tropical_broadleaved_raingreen_tree/patch_1/output/mgpp.nc + .json
litc                cdf  gC/m2       float  year    1 /projects/prjs2023/chapter3/lpjml_output/2026_04_08_run_for_10_locations/tropical_broadleaved_raingreen_tree/patch_1/output/litc.nc + .json
litn                cdf  gN/m2       float  year    1 /projects/prjs2023/chapter3/lpjml_output/2026_04_08_run_for_10_locations/tropical_broadleaved_raingreen_tree/patch_1/output/litn.nc + .json
npp                 cdf  gC/m2/month float  month   1 /projects/prjs2023/chapter3/lpjml_output/2026_04_08_run_for_10_locations/tropical_broadleaved_raingreen_tree/patch_1/output/mnpp.nc + .json
nuptake             cdf  gN/m2/month float  month   1 /projects/prjs2023/chapter3/lpjml_output/2026_04_08_run_for_10_locations/tropical_broadleaved_raingreen_tree/patch_1/output/mnuptake.nc + .json
pet                 cdf  mm/month    float  month   1 /projects/prjs2023/chapter3/lpjml_output/2026_04_08_run_for_10_locations/tropical_broadleaved_raingreen_tree/patch_1/output/mpet.nc + .json
pft_chawo           cdf  gC/m2       float  year   43 /projects/prjs2023/chapter3/lpjml_output/2026_04_08_run_for_10_locations/tropical_broadleaved_raingreen_tree/patch_1/output/pft_chawo.nc + .json
pft_cleaf           cdf  gC/m2       float  year   43 /projects/prjs2023/chapter3/lpjml_output/2026_04_08_run_for_10_locations/tropical_broadleaved_raingreen_tree/patch_1/output/pft_cleaf.nc + .json
pft_croot           cdf  gC/m2       float  year   43 /projects/prjs2023/chapter3/lpjml_output/2026_04_08_run_for_10_locations/tropical_broadleaved_raingreen_tree/patch_1/output/pft_croot.nc + .json
pft_csapw           cdf  gC/m2       float  year   43 /projects/prjs2023/chapter3/lpjml_output/2026_04_08_run_for_10_locations/tropical_broadleaved_raingreen_tree/patch_1/output/pft_csapw.nc + .json
pft_fpar            cdf  -           float  month  43 /projects/prjs2023/chapter3/lpjml_output/2026_04_08_run_for_10_locations/tropical_broadleaved_raingreen_tree/patch_1/output/pft_fpar.nc + .json
pft_gpp             cdf  gC/m2/month float  month  43 /projects/prjs2023/chapter3/lpjml_output/2026_04_08_run_for_10_locations/tropical_broadleaved_raingreen_tree/patch_1/output/pft_gpp.nc + .json
pft_laimax          cdf  m2/m2       float  year   43 /projects/prjs2023/chapter3/lpjml_output/2026_04_08_run_for_10_locations/tropical_broadleaved_raingreen_tree/patch_1/output/pft_laimax.nc + .json
pft_mort            cdf  1/month     float  month  11 /projects/prjs2023/chapter3/lpjml_output/2026_04_08_run_for_10_locations/tropical_broadleaved_raingreen_tree/patch_1/output/pft_mort.nc + .json
pft_mort_background cdf  1/month     float  month  11 /projects/prjs2023/chapter3/lpjml_output/2026_04_08_run_for_10_locations/tropical_broadleaved_raingreen_tree/patch_1/output/pft_mort_background.nc + .json
pft_mort_drought    cdf  1/month     float  month  11 /projects/prjs2023/chapter3/lpjml_output/2026_04_08_run_for_10_locations/tropical_broadleaved_raingreen_tree/patch_1/output/pft_mort_drought.nc + .json
pft_mort_heat       cdf  1/month     float  month  11 /projects/prjs2023/chapter3/lpjml_output/2026_04_08_run_for_10_locations/tropical_broadleaved_raingreen_tree/patch_1/output/pft_mort_heat.nc + .json
pft_nind            cdf  ind/m²     float  month  11 /projects/prjs2023/chapter3/lpjml_output/2026_04_08_run_for_10_locations/tropical_broadleaved_raingreen_tree/patch_1/output/pft_nind.nc + .json
pft_nleaf           cdf  gN/m2       float  year   43 /projects/prjs2023/chapter3/lpjml_output/2026_04_08_run_for_10_locations/tropical_broadleaved_raingreen_tree/patch_1/output/pft_nleaf.nc + .json
pft_npp             cdf  gC/m2/yr    float  year   43 /projects/prjs2023/chapter3/lpjml_output/2026_04_08_run_for_10_locations/tropical_broadleaved_raingreen_tree/patch_1/output/pft_npp.nc + .json
pft_nroot           cdf  gN/m2       float  year   43 /projects/prjs2023/chapter3/lpjml_output/2026_04_08_run_for_10_locations/tropical_broadleaved_raingreen_tree/patch_1/output/pft_nroot.nc + .json
pft_nuptake         cdf  gN/m2/yr    float  year   43 /projects/prjs2023/chapter3/lpjml_output/2026_04_08_run_for_10_locations/tropical_broadleaved_raingreen_tree/patch_1/output/pft_nuptake.nc + .json
pft_phen            cdf  -           float  month  43 /projects/prjs2023/chapter3/lpjml_output/2026_04_08_run_for_10_locations/tropical_broadleaved_raingreen_tree/patch_1/output/pft_phen.nc + .json
pft_survive_frac    cdf  -           float  month  43 /projects/prjs2023/chapter3/lpjml_output/2026_04_08_run_for_10_locations/tropical_broadleaved_raingreen_tree/patch_1/output/pft_survive_frac.nc + .json
pft_vegc            cdf  gC/m2       float  year   43 /projects/prjs2023/chapter3/lpjml_output/2026_04_08_run_for_10_locations/tropical_broadleaved_raingreen_tree/patch_1/output/pft_vegc.nc + .json
pft_vegn            cdf  gN/m2       float  year   43 /projects/prjs2023/chapter3/lpjml_output/2026_04_08_run_for_10_locations/tropical_broadleaved_raingreen_tree/patch_1/output/pft_vegn.nc + .json
pft_water_demand    cdf  mm/yr       float  year   43 /projects/prjs2023/chapter3/lpjml_output/2026_04_08_run_for_10_locations/tropical_broadleaved_raingreen_tree/patch_1/output/pft_water_demand.nc + .json
phen_light          cdf  -           float  month   1 /projects/prjs2023/chapter3/lpjml_output/2026_04_08_run_for_10_locations/tropical_broadleaved_raingreen_tree/patch_1/output/mphen_light.nc + .json
phen_tmax           cdf  -           float  month   1 /projects/prjs2023/chapter3/lpjml_output/2026_04_08_run_for_10_locations/tropical_broadleaved_raingreen_tree/patch_1/output/mphen_tmax.nc + .json
phen_tmin           cdf  -           float  month   1 /projects/prjs2023/chapter3/lpjml_output/2026_04_08_run_for_10_locations/tropical_broadleaved_raingreen_tree/patch_1/output/mphen_tmin.nc + .json
phen_water          cdf  -           float  month   1 /projects/prjs2023/chapter3/lpjml_output/2026_04_08_run_for_10_locations/tropical_broadleaved_raingreen_tree/patch_1/output/mphen_water.nc + .json
rd                  cdf  gC/m2/month float  month   1 /projects/prjs2023/chapter3/lpjml_output/2026_04_08_run_for_10_locations/tropical_broadleaved_raingreen_tree/patch_1/output/rd.nc + .json
rh                  cdf  gC/m2/month float  month   1 /projects/prjs2023/chapter3/lpjml_output/2026_04_08_run_for_10_locations/tropical_broadleaved_raingreen_tree/patch_1/output/mrh.nc + .json
runoff              cdf  mm/month    float  month   1 /projects/prjs2023/chapter3/lpjml_output/2026_04_08_run_for_10_locations/tropical_broadleaved_raingreen_tree/patch_1/output/mrunoff.nc + .json
soilc               cdf  gC/m2       float  year    1 /projects/prjs2023/chapter3/lpjml_output/2026_04_08_run_for_10_locations/tropical_broadleaved_raingreen_tree/patch_1/output/soilc.nc + .json
soilc_layer         cdf  gC/m2       float  year    5 /projects/prjs2023/chapter3/lpjml_output/2026_04_08_run_for_10_locations/tropical_broadleaved_raingreen_tree/patch_1/output/soilc_layer.nc + .json
soiln               cdf  gN/m2       float  year    1 /projects/prjs2023/chapter3/lpjml_output/2026_04_08_run_for_10_locations/tropical_broadleaved_raingreen_tree/patch_1/output/soiln.nc + .json
soiln_layer         cdf  gN/m2       float  year    5 /projects/prjs2023/chapter3/lpjml_output/2026_04_08_run_for_10_locations/tropical_broadleaved_raingreen_tree/patch_1/output/soiln_layer.nc + .json
soilnh4             cdf  gN/m2       float  year    1 /projects/prjs2023/chapter3/lpjml_output/2026_04_08_run_for_10_locations/tropical_broadleaved_raingreen_tree/patch_1/output/soilnh4.nc + .json
soilnh4_layer       cdf  gN/m2       float  year    5 /projects/prjs2023/chapter3/lpjml_output/2026_04_08_run_for_10_locations/tropical_broadleaved_raingreen_tree/patch_1/output/soilnh4_layer.nc + .json
soilno3             cdf  gN/m2       float  year    1 /projects/prjs2023/chapter3/lpjml_output/2026_04_08_run_for_10_locations/tropical_broadleaved_raingreen_tree/patch_1/output/soilno3.nc + .json
soilno3_layer       cdf  gN/m2       float  year    5 /projects/prjs2023/chapter3/lpjml_output/2026_04_08_run_for_10_locations/tropical_broadleaved_raingreen_tree/patch_1/output/soilno3_layer.nc + .json
soiltemp1           cdf  Celsius     float  month   1 /projects/prjs2023/chapter3/lpjml_output/2026_04_08_run_for_10_locations/tropical_broadleaved_raingreen_tree/patch_1/output/msoiltemp1.nc + .json
soiltemp2           cdf  Celsius     float  month   1 /projects/prjs2023/chapter3/lpjml_output/2026_04_08_run_for_10_locations/tropical_broadleaved_raingreen_tree/patch_1/output/msoiltemp2.nc + .json
soiltemp3           cdf  Celsius     float  month   1 /projects/prjs2023/chapter3/lpjml_output/2026_04_08_run_for_10_locations/tropical_broadleaved_raingreen_tree/patch_1/output/msoiltemp3.nc + .json
swc1                cdf  1           float  month   1 /projects/prjs2023/chapter3/lpjml_output/2026_04_08_run_for_10_locations/tropical_broadleaved_raingreen_tree/patch_1/output/mswc1.nc + .json
swc2                cdf  1           float  month   1 /projects/prjs2023/chapter3/lpjml_output/2026_04_08_run_for_10_locations/tropical_broadleaved_raingreen_tree/patch_1/output/mswc2.nc + .json
swc3                cdf  1           float  month   1 /projects/prjs2023/chapter3/lpjml_output/2026_04_08_run_for_10_locations/tropical_broadleaved_raingreen_tree/patch_1/output/mswc3.nc + .json
swc4                cdf  1           float  month   1 /projects/prjs2023/chapter3/lpjml_output/2026_04_08_run_for_10_locations/tropical_broadleaved_raingreen_tree/patch_1/output/mswc4.nc + .json
swc5                cdf  1           float  month   1 /projects/prjs2023/chapter3/lpjml_output/2026_04_08_run_for_10_locations/tropical_broadleaved_raingreen_tree/patch_1/output/mswc5.nc + .json
transp              cdf  mm/month    float  month   1 /projects/prjs2023/chapter3/lpjml_output/2026_04_08_run_for_10_locations/tropical_broadleaved_raingreen_tree/patch_1/output/mtransp.nc + .json
vegc                cdf  gC/m2       float  year    1 /projects/prjs2023/chapter3/lpjml_output/2026_04_08_run_for_10_locations/tropical_broadleaved_raingreen_tree/patch_1/output/vegc.nc + .json
vegn                cdf  gN/m2       float  year    1 /projects/prjs2023/chapter3/lpjml_output/2026_04_08_run_for_10_locations/tropical_broadleaved_raingreen_tree/patch_1/output/vegn.nc + .json
wateramount         cdf  hm3         float  month   1 /projects/prjs2023/chapter3/lpjml_output/2026_04_08_run_for_10_locations/tropical_broadleaved_raingreen_tree/patch_1/output/mwateramount.nc + .json
wscal               cdf  -           float  month   1 /projects/prjs2023/chapter3/lpjml_output/2026_04_08_run_for_10_locations/tropical_broadleaved_raingreen_tree/patch_1/output/wscal.nc + .json
------------------- ---- ----------- ------ ----- --- -------------------------
Spinup years:                   180
Cycle length during spinup:      30
First year:                    1901
Last year:                     2019
Number of grid cells:            63
==============================================================================
Memory allocated for output: 7,096 bytes/cell
Simulation begins...
Spinup using climate starting from year 1901

                 Carbon flux (ktC/yr)                    Water (dam3/yr)                Nitrogen (MgN/yr)
       --------------------------------------- ---------------------------------- --------------------------------
Spinup NEP     estab   harvest product NBP     transp     evap    interc  wd      nuptake ndemand  nlosses ninflux
------ ------- ------- ------- ------- ------- ---------- ------- ------- ------- ------- -------- ------- -------
  1721 -303.569   2.681  51.782   0.000 -352.670  4224285.1 372903.2 767226.8     0.0 71151.5   9824.4 17296.6 13063.0
  1722 536.873   2.618  53.661   0.000 485.830  4823834.4 452496.5 897472.3     0.0 79570.3  14623.1 10688.1 20218.0
  1723 -195.665   2.650  49.152   0.000 -242.168  4460707.2 193382.8 642098.1     0.0 61879.0   6846.6 13048.9 12536.4
  1724  15.093   2.650  51.829   0.000 -34.086  4463020.1 334567.6 708591.3     0.0 76327.1  11829.1 12078.5 15682.8
  1725 -287.095   2.650  50.402   0.000 -334.847  4235393.2 283187.4 913305.5     0.0 58326.3   8147.2 17114.9 14204.9
  1726 442.767   2.650  52.715   0.000 392.701  4578245.9 350331.3 757440.9     0.0 81899.5  13136.9 13526.7 17947.9
  1727 464.593   2.649  53.945   0.000 413.297  4749914.6 359406.6 956222.9     0.0 72341.9  11143.0 10585.0 17817.3
  1728 -40.961   2.650  53.253   0.000 -91.564  4605836.2 248432.9 838265.3     0.0 67469.7   9238.3 13011.7 15315.2
  1729 232.500   2.650  53.346   0.000 181.803  4756755.6 318599.4 868830.0     0.0 76052.4  14336.6 10169.4 20753.9
  1730 469.847   2.650  52.837   0.000 419.660  4921549.1 298782.6 770765.9     0.0 74314.8  12687.1 10715.2 19245.3
  1731 135.445   2.650  51.758   0.000  86.336  4731619.3 272987.3 797292.3     0.0 70211.9  10770.6 10617.8 16769.0
  1732 196.091   2.650  53.294   0.000 145.446  4624640.2 278954.3 816244.2     0.0 71220.5  10979.5 11411.8 17393.1
  1733 357.871   2.650  51.356   0.000 309.165  4860897.2 321077.5 748187.9     0.0 76610.1  12371.1 11203.9 17874.2
  1734 -410.941   2.650  50.436   0.000 -458.727  4233426.1 284246.7 980360.1     0.0 57301.2   7916.1 19060.6 14457.4
  1735 571.719   2.650  54.335   0.000 520.035  4776616.3 466019.7 1060242.4     0.0 83347.8  12815.3 14931.0 19073.0
  1736 -30.526   2.650  52.743   0.000 -80.619  4748547.5 328110.6 685336.4     0.0 65668.8   9274.1  9868.4 15230.6
  1737 150.994   2.650  53.937   0.000  99.707  4520270.1 358466.6 996881.9     0.0 75239.8  12198.3 12574.8 17896.4
  1738 -874.269   2.650  50.104   0.000 -921.723  4090387.0 219511.0 457537.2     0.0 56603.0   7532.8 10422.8 11861.1
  1739  19.767   2.650  52.408   0.000 -29.991  4133320.7 286066.1 912170.1     0.0 76351.8   9613.4 18848.6 14307.1
  1740 494.264   2.650  52.820   0.000 444.094  4780011.1 302517.1 728962.6     0.0 76417.6  13362.1 11318.6 18874.9
  1741 -325.069   2.650  50.442   0.000 -372.862  4235994.9 287961.9 907649.2     0.0 56176.8   7803.9 16505.9 13917.4
  1742 -295.752   2.650  49.148   0.000 -342.250  4227373.9 231649.7 667109.7     0.0 69748.0  10628.6 14015.7 16075.7
  1743 -242.391   2.650  50.367   0.000 -290.109  4028198.0 284301.8 877600.6     0.0 63512.6   8009.2 20907.0 13740.1
  1744 483.030   2.650  51.316   0.000 434.364  4516640.7 341411.5 662853.3     0.0 81279.1  12409.0 11741.0 17540.0
  1745 107.638   2.649  52.431   0.000  57.856  4457604.9 290855.0 909111.6     0.0 67356.0   8964.4 13191.3 14945.0

                 Carbon flux (ktC/yr)                    Water (dam3/yr)                Nitrogen (MgN/yr)
       --------------------------------------- ---------------------------------- --------------------------------
Spinup NEP     estab   harvest product NBP     transp     evap    interc  wd      nuptake ndemand  nlosses ninflux
------ ------- ------- ------- ------- ------- ---------- ------- ------- ------- ------- -------- ------- -------
  1746 444.204   2.650  53.710   0.000 393.144  4772546.3 404188.1 930697.4     0.0 76762.6  13946.2 10574.5 20435.1
  1747 -1365.643   2.650  42.282   0.000 -1405.275  3837124.3 222074.3 452335.4     0.0 52346.6   4658.8 11290.1  8959.5
  1748 -1256.559   2.651  40.969   0.000 -1294.877  3474379.3 226232.8 386971.4     0.0 60109.5   3655.7 18083.8  7868.1
  1749 879.634   2.650  53.715   0.000 828.569  4367804.1 370328.0 744416.9     0.0 85631.0  12353.2 18915.9 16752.9
  1750 567.838   2.649  52.713   0.000 517.774  4658438.5 339440.3 557825.6     0.0 67358.4   8105.4 11087.7 14191.3
  1751 531.640   2.649  51.339   0.000 482.950  4649582.3 339132.5 635627.2     0.0 74918.7  10164.1 10639.6 16194.5
  1752 365.569   2.649  53.920   0.000 314.299  4641179.6 363299.4 902741.6     0.0 72465.6  10224.1 12430.6 16748.1
  1753 613.410   2.649  54.363   0.000 561.696  4976653.3 472984.4 1004031.9     0.0 74603.0  11765.4 11125.8 18666.5
  1754 500.900   2.649  53.723   0.000 449.827  5067509.7 394734.6 963218.8     0.0 74257.1  12576.3  9651.3 19400.7
  1755 -917.162   2.650  50.087   0.000 -964.599  4124633.0 216837.1 453796.5     0.0 55228.4   6536.9 10453.1 10629.3
  1756 -1220.215   2.652  50.021   0.000 -1267.584  3564490.5 211787.8 423285.7     0.0 61739.5   5144.3 13331.5  9328.3
  1757 323.764   2.650  47.384   0.000 279.030  4197330.1 371080.4 717193.5     0.0 76806.7  10766.1 20882.0 14967.0
  1758 1039.015   2.649  51.680   0.000 989.984  4592618.6 282301.5 666787.9     0.0 75911.0   8292.1 17073.3 13531.2
  1759 283.811   2.649  47.396   0.000 239.064  4585838.6 363312.4 807076.1     0.0 66964.0   8410.1 15700.5 14268.1
  1760 722.427   2.649  52.674   0.000 672.403  4708778.9 361874.6 755898.6     0.0 79387.2   9823.5 15758.9 14802.8
  1761 283.031   2.649  51.741   0.000 233.940  4839373.4 281761.7 776593.4     0.0 69958.4   9009.9 12452.9 14028.5
  1762 193.543   2.650  52.588   0.000 143.604  4693918.2 282157.3 737236.7     0.0 71089.3   9176.3 12292.4 13762.3
  1763  84.006   2.650  52.808   0.000  33.849  4462645.4 327693.0 973452.0     0.0 69951.8   9424.3 17303.1 13940.7
  1764 371.768   2.650  52.367   0.000 322.051  4870778.9 367666.1 870989.2     0.0 74093.2  13300.0 11259.4 17434.1
  1765 -224.133   2.650  49.900   0.000 -271.383  4468271.0 192586.1 659831.7     0.0 60836.5   6782.4 14824.2 11385.1
  1766 -28.564   2.650  50.820   0.000 -76.733  4474151.6 275554.3 882466.5     0.0 73966.8  10579.9 19751.7 14251.3
  1767  41.551   2.650  53.244   0.000  -9.043  4598017.0 250604.0 818880.9     0.0 68890.8  10044.3 14538.6 14608.9
  1768  40.460   2.650  55.900   0.000 -12.789  4342537.5 243712.0 1000052.4     0.0 68050.4  10636.0 15989.0 15672.0
  1769 369.598   2.650  52.846   0.000 319.402  4784186.8 305099.0 738588.3     0.0 75641.1  13940.1 10775.3 18091.2
  1770 132.317   2.650  51.924   0.000  83.042  4628451.8 339282.7 716873.7     0.0 67856.4  10388.0 10150.4 14702.9

                 Carbon flux (ktC/yr)                    Water (dam3/yr)                Nitrogen (MgN/yr)
       --------------------------------------- ---------------------------------- --------------------------------
Spinup NEP     estab   harvest product NBP     transp     evap    interc  wd      nuptake ndemand  nlosses ninflux
------ ------- ------- ------- ------- ------- ---------- ------- ------- ------- ------- -------- ------- -------
  1771 -156.701   2.650  53.408   0.000 -207.459  4528603.8 209960.0 597209.9     0.0 63994.5  10577.5 12028.0 14892.6
  1772 160.006   2.650  53.295   0.000 109.361  4423921.5 286386.3 765078.6     0.0 75528.3  11984.0 12241.1 15583.2
  1773 140.812   2.650  50.881   0.000  92.581  4568841.5 279551.8 873792.0     0.0 70699.8   9591.6 16107.3 14194.4
  1774 -128.003   2.650  55.892   0.000 -181.245  4370428.3 245470.7 1004660.3     0.0 66776.6  10762.7 14541.8 16140.5
  1775 404.081   2.650  53.716   0.000 353.015  4760576.2 404255.3 933492.7     0.0 76458.0  15704.5 10181.1 19803.1
  1776 -96.154   2.650  47.493   0.000 -140.997  4654552.2 322092.4 657745.4     0.0 64839.5   9558.9  9942.2 13508.3
  1777 296.277   2.650  52.617   0.000 246.310  4614977.6 338418.9 943336.4     0.0 75293.1  13320.6 11306.0 18683.0
  1778 136.827   2.650  52.598   0.000  86.879  4658210.0 273971.0 730760.3     0.0 69664.6  11053.9  9322.4 15357.2
  1779 249.822   2.650  52.633   0.000 199.839  4766330.8 332661.9 962266.5     0.0 72453.8  13436.7 10690.6 18930.6
  1780  47.848   2.650  52.620   0.000  -2.122  4653548.1 272363.7 742030.6     0.0 69803.6  11147.5  9306.7 15332.2
  1781 -248.735   2.650  52.716   0.000 -298.801  4585479.2 331627.6 660645.3     0.0 67212.8  10689.3  9986.8 14681.2
  1782 -13.129   2.650  52.604   0.000 -63.083  4443324.6 273969.5 725869.3     0.0 72093.0  11581.5  9880.6 15147.9
  1783 -407.559   2.650  49.836   0.000 -454.745  4294785.6 194528.6 632171.4     0.0 63404.5   8086.1 14011.4 12425.6
  1784 146.858   2.650  53.189   0.000  96.319  4409494.2 286474.1 741230.5     0.0 76363.6  13435.6 12412.8 16333.1
  1785 532.473   2.649  52.834   0.000 482.289  4839292.4 304059.3 729314.6     0.0 74628.0  12587.8 10796.7 17587.1
  1786 -203.124   2.650  49.154   0.000 -249.629  4493115.4 231950.1 688053.9     0.0 60616.2  10100.0 10965.3 14912.4
  1787 165.815   2.650  51.696   0.000 116.769  4436479.2 278361.5 756478.8     0.0 77626.0  10850.5 12649.7 14749.6
  1788 405.557   2.650  53.910   0.000 354.297  4634705.8 359539.0 964129.8     0.0 73969.2  11371.3 12124.0 16504.0
  1789 -568.562   2.650  50.901   0.000 -616.813  4296855.3 310484.5 728630.7     0.0 60189.8   7541.5 12520.5 11876.2
  1790 -143.052   2.650  52.422   0.000 -192.824  4299397.2 286330.8 927220.6     0.0 73833.8  11744.0 15833.0 15130.3
  1791 114.547   2.650  50.819   0.000  66.378  4492193.2 278730.7 856090.6     0.0 71443.4  10369.3 14783.1 14688.9
  1792 390.850   2.650  52.802   0.000 340.697  4773185.3 305272.1 733332.8     0.0 74124.4  13331.1  9989.6 18055.8
  1793 -336.939   2.650  47.394   0.000 -381.684  4432439.9 377807.5 848223.7     0.0 64422.0  10748.0 10747.0 15452.0
  1794 719.183   2.650  54.296   0.000 667.537  4706496.5 474775.9 1012899.0     0.0 81235.9  12818.0 13699.3 17828.4
  1795 501.013   2.649  52.834   0.000 450.828  5004829.6 302651.6 764331.0     0.0 72288.1  11758.7  9373.5 17210.1

                 Carbon flux (ktC/yr)                    Water (dam3/yr)                Nitrogen (MgN/yr)
       --------------------------------------- ---------------------------------- --------------------------------
Spinup NEP     estab   harvest product NBP     transp     evap    interc  wd      nuptake ndemand  nlosses ninflux
------ ------- ------- ------- ------- ------- ---------- ------- ------- ------- ------- -------- ------- -------
  1796 -470.044   2.650  49.872   0.000 -517.266  4365490.2 196879.9 660345.1     0.0 60961.7   7335.0 13787.7 11712.6
  1797 -190.959   2.650  50.377   0.000 -238.686  4462825.0 317914.8 812790.2     0.0 73109.7  12940.7 13729.6 15663.5
  1798 -76.257   2.650  52.699   0.000 -126.305  4503019.0 333288.9 644059.4     0.0 68929.6  10371.3 10440.9 14438.5
  1799 -79.706   2.650  55.902   0.000 -132.958  4215133.3 244020.5 991590.0     0.0 68636.4  10693.3 16278.2 15766.0
  1800 407.533   2.650  53.713   0.000 356.469  4734262.2 404636.0 924758.5     0.0 76943.9  15446.5 10425.7 19533.1
  1801 142.646   2.650  52.665   0.000  92.630  4619371.5 278185.7 717108.5     0.0 68824.6  10584.3  9037.7 15161.4
  1802 -173.732   2.650  52.434   0.000 -223.516  4431144.6 289295.4 930939.5     0.0 67309.9  10313.2 13639.2 14922.1
  1803   2.234   2.650  53.268   0.000 -48.385  4486360.9 286939.0 762205.9     0.0 71115.4  12610.8 10326.6 16404.8
  1804 235.595   2.650  53.955   0.000 184.289  4617881.1 363312.6 944401.3     0.0 73964.5  12411.4 11695.0 17099.2
  1805 418.959   2.649  53.710   0.000 367.899  4859949.0 401603.3 956207.3     0.0 74112.3  13665.4  9566.7 19243.1
  1806 170.672   2.650  53.941   0.000 119.380  4681092.9 362367.5 980385.1     0.0 71043.9  11702.0 10367.0 16621.5
  1807 180.462   2.650  52.638   0.000 130.473  4786954.1 330700.1 985389.5     0.0 72289.0  13198.3 10058.7 18399.5
  1808 433.049   2.650  54.365   0.000 381.334  4964964.8 471056.5 1075963.5     0.0 74536.2  12803.9 10550.6 18180.8
  1809 161.511   2.650  53.346   0.000 110.814  4986163.2 318033.9 908019.9     0.0 72522.6  12936.4  8761.1 17762.3
  1810  -8.178   2.650  51.750   0.000 -57.278  4700429.0 272488.8 811224.9     0.0 70962.6  11263.5 10489.8 14903.5
  1811 -58.605   2.650  51.893   0.000 -107.848  4570868.9 329044.0 761762.4     0.0 71019.9  10614.0 11183.0 14186.4
  1812 323.293   2.650  52.822   0.000 273.121  4877607.5 297356.6 792905.1     0.0 76528.5  13325.3 11483.0 17114.3
  1813 -918.564   2.650  50.065   0.000 -965.978  4103879.4 217030.6 467945.5     0.0 56634.4   6807.2 10955.8 10486.8
  1814 -290.769   2.650  50.384   0.000 -338.503  3869064.5 298018.0 891626.2     0.0 68680.3   8445.6 25195.2 12420.6
  1815 -1353.247   2.651  42.064   0.000 -1392.660  3592114.8 221161.6 434952.4     0.0 60300.0   4521.7 16732.5  8359.3
  1816 890.517   2.650  52.618   0.000 840.548  4502993.6 355539.3 657196.8     0.0 86283.5  13659.2 16983.0 15735.0
  1817 818.256   2.649  53.177   0.000 767.727  4762631.7 285981.7 706536.4     0.0 69349.5   8930.9 12292.1 14115.8
  1818 122.390   2.649  47.364   0.000  77.676  4686194.9 318396.3 635877.4     0.0 68517.7   8195.6 13453.5 11886.9
  1819 343.046   2.649  53.309   0.000 292.386  4731605.1 321449.2 837383.1     0.0 78751.2  12297.5 12377.2 16836.1
  1820  15.084   2.650  53.392   0.000 -35.659  4638216.8 207181.6 597492.8     0.0 63955.0  10063.3 12399.7 13735.2

                 Carbon flux (ktC/yr)                    Water (dam3/yr)                Nitrogen (MgN/yr)
       --------------------------------------- ---------------------------------- --------------------------------
Spinup NEP     estab   harvest product NBP     transp     evap    interc  wd      nuptake ndemand  nlosses ninflux
------ ------- ------- ------- ------- ------- ---------- ------- ------- ------- ------- -------- ------- -------
  1821 453.853   2.650  52.712   0.000 403.791  4686923.5 346527.3 780642.6     0.0 80667.7  12243.1 13714.1 15608.7
  1822 450.847   2.650  53.331   0.000 400.166  5015511.9 314992.6 881239.0     0.0 74969.3  12137.8  9923.3 16738.2
  1823 -161.585   2.650  47.393   0.000 -206.328  4594336.9 364337.3 897465.4     0.0 67332.3  10450.2 12330.6 14437.2
  1824  21.928   2.650  53.320   0.000 -28.742  4401796.9 211348.7 611822.2     0.0 70822.4  10614.8 15766.6 13410.2
  1825 529.923   2.650  52.387   0.000 480.186  4705788.0 364415.6 878192.2     0.0 81060.3  12154.8 12313.2 15617.0
  1826 212.305   2.650  52.807   0.000 162.148  4530303.8 302571.2 1012586.7     0.0 70037.5   8920.1 15816.9 13245.7
  1827 -160.082   2.650  47.467   0.000 -204.900  4688560.7 310936.0 701690.4     0.0 68036.5   9635.6 12021.8 12656.2
  1828 580.554   2.650  54.329   0.000 528.875  4855470.5 468685.5 1077083.6     0.0 80233.8  12943.4 13690.4 17398.7
  1829   1.694   2.650  55.918   0.000 -51.574  4594665.5 239517.5 1073586.7     0.0 66368.8   9669.0 14962.8 14786.3
  1830 -207.592   2.650  52.445   0.000 -257.386  4431907.4 285101.2 977448.7     0.0 71048.6  11388.5 14750.8 14463.5
  1831 -635.532   2.650  50.918   0.000 -683.800  4221516.2 310157.1 726795.2     0.0 63283.6   8483.8 13197.9 12038.9
  1832  16.450   2.650  52.796   0.000 -33.695  4202734.9 311659.6 936361.8     0.0 74235.4  11934.8 15707.7 15171.4
  1833 349.494   2.650  52.371   0.000 299.773  4691788.2 377950.5 836330.7     0.0 73613.1  13157.1  9789.2 17523.9
  1834 221.498   2.649  53.234   0.000 170.913  4614451.4 285644.0 775199.5     0.0 69370.7  11075.6  9955.4 15439.8
  1835  82.759   2.650  53.246   0.000  32.162  4568578.0 285836.1 782174.3     0.0 71099.4  11663.3 11175.6 15435.8
  1836 -152.388   2.650  52.372   0.000 -202.111  4439136.6 287979.1 946717.1     0.0 70466.7  10573.8 14841.8 14591.9
  1837 -1467.141   2.651  42.203   0.000 -1506.694  3770012.6 221505.2 452560.6     0.0 54984.1   5418.4 12302.8  9392.1
  1838 373.583   2.650  51.563   0.000 324.671  4327480.3 287238.2 655274.8     0.0 81109.5  10809.8 14957.0 14547.0
  1839 685.970   2.649  53.023   0.000 635.596  4636705.0 285029.0 699855.9     0.0 70748.5   9571.2 12436.2 14667.1
  1840 274.946   2.649  51.782   0.000 225.814  4600017.6 339855.1 680931.4     0.0 71374.6   9619.0 12494.8 13681.4
  1841 -252.236   2.650  49.047   0.000 -298.633  4460724.5 230548.2 672012.6     0.0 62908.7   9915.4 12878.2 14678.2
  1842  30.837   2.650  53.137   0.000 -19.650  4399736.8 247528.9 797726.8     0.0 74934.2   9187.4 18961.2 13339.0
  1843 -374.877   2.650  50.335   0.000 -422.562  4187689.0 283480.4 890208.3     0.0 59003.7   8358.5 19091.3 13200.7
  1844 316.268   2.650  52.301   0.000 266.617  4524867.7 375582.1 805954.8     0.0 81834.5  13438.5 12779.3 17032.1
  1845 185.684   2.650  53.209   0.000 135.124  4649579.5 248526.3 799862.7     0.0 67984.7   8765.5 14115.5 13713.8

                 Carbon flux (ktC/yr)                    Water (dam3/yr)                Nitrogen (MgN/yr)
       --------------------------------------- ---------------------------------- --------------------------------
Spinup NEP     estab   harvest product NBP     transp     evap    interc  wd      nuptake ndemand  nlosses ninflux
------ ------- ------- ------- ------- ------- ---------- ------- ------- ------- ------- -------- ------- -------
  1846 145.871   2.650  52.584   0.000  95.937  4563413.9 272356.8 712369.9     0.0 72890.6  10882.8 10850.3 14771.6
  1847 -420.813   2.650  50.422   0.000 -468.585  4259010.2 285738.4 905735.3     0.0 57921.6   8308.5 18009.9 13342.6
  1848 213.388   2.650  52.386   0.000 163.652  4505505.5 375089.4 817116.2     0.0 81722.3  13765.3 12423.4 17245.6
  1849 588.760   2.649  52.849   0.000 538.560  4925752.8 301523.6 737124.1     0.0 74231.7  12004.9  9944.6 16945.4
  1850 -68.637   2.650  52.758   0.000 -118.745  4649754.5 330784.5 654851.5     0.0 66986.0   9425.8 10218.3 13530.8
  1851 -846.806   2.650  48.227   0.000 -892.383  4020563.1 229440.2 598569.1     0.0 60019.4   6576.4 12777.5 10595.8
  1852 -242.443   2.650  49.201   0.000 -288.994  4247811.3 230239.8 650997.5     0.0 70047.2  11729.6 15194.8 15181.8
  1853 444.655   2.649  51.915   0.000 395.389  4414036.2 333797.9 673583.4     0.0 77838.3   9697.2 13510.4 13474.0
  1854 -361.004   2.650  50.792   0.000 -409.146  4263708.5 311661.4 686242.2     0.0 62133.7   6887.7 14801.0 11244.4
  1855 406.344   2.650  53.397   0.000 355.596  4675325.2 323839.1 817608.7     0.0 80577.2  14214.2 12357.8 17655.5
  1856 -456.105   2.650  48.422   0.000 -501.877  4217340.1 230311.2 584536.8     0.0 59141.8   6505.8 12824.9 10615.0
  1857 217.698   2.650  52.645   0.000 167.703  4399638.0 277254.3 688850.7     0.0 77949.7  11553.1 12735.7 14708.5
  1858 615.764   2.649  52.894   0.000 565.520  4796868.0 353469.3 749366.5     0.0 75606.7  11939.3 11619.7 16358.9
  1859 -209.012   2.650  47.553   0.000 -253.915  4506195.9 375119.2 849585.6     0.0 65163.2  10312.9 11984.0 14906.8
  1860 -29.055   2.650  47.253   0.000 -73.658  4407329.9 314670.3 652685.8     0.0 72584.9   9275.3 14685.7 12413.1
  1861  22.330   2.650  52.929   0.000 -27.949  4476907.8 330009.8 642013.7     0.0 70655.2   9470.8 12038.4 13512.8
  1862 490.417   2.650  52.884   0.000 440.183  4682729.8 330384.5 948146.1     0.0 77355.3  12813.3 12964.7 17438.2
  1863  91.127   2.650  52.742   0.000  41.035  4575160.6 284951.1 952875.5     0.0 67955.2   9666.0 15086.7 14058.8
  1864   4.895   2.650  50.671   0.000 -43.126  4622131.8 312610.3 831107.7     0.0 69949.4  11408.1 12291.5 15064.4
  1865 412.720   2.650  53.017   0.000 362.353  4732354.5 348268.0 796194.4     0.0 75906.5  12437.9 11147.0 16687.4
  1866  63.930   2.650  50.708   0.000  15.872  4731789.9 310342.0 847998.6     0.0 67625.9  10704.5 11595.5 14755.1
  1867 318.466   2.650  52.946   0.000 268.170  4743160.6 327129.3 994462.0     0.0 75465.2  13032.9 11566.7 17939.1
  1868   9.637   2.650  52.263   0.000 -39.976  4661339.3 330839.4 756086.1     0.0 69502.1  10823.0 10477.0 14324.9
  1869 -25.301   2.650  53.115   0.000 -75.766  4375377.7 304561.6 1001143.8     0.0 70510.7  10583.5 14970.6 14486.1
  1870 -314.207   2.650  47.697   0.000 -359.254  4482792.2 361848.8 887557.4     0.0 67651.5  12057.1 11653.1 15785.3

                 Carbon flux (ktC/yr)                    Water (dam3/yr)                Nitrogen (MgN/yr)
       --------------------------------------- ---------------------------------- --------------------------------
Spinup NEP     estab   harvest product NBP     transp     evap    interc  wd      nuptake ndemand  nlosses ninflux
------ ------- ------- ------- ------- ------- ---------- ------- ------- ------- ------- -------- ------- -------
  1871  51.596   2.650  53.743   0.000   0.503  4324202.7 212630.0 598832.3     0.0 70610.0  11202.2 15470.0 14044.5
  1872 -46.552   2.650  47.720   0.000 -91.622  4364645.4 365953.7 861416.2     0.0 72581.9  11037.9 14360.6 14883.2
  1873 290.062   2.650  51.073   0.000 241.639  4379626.9 274970.4 881958.1     0.0 74001.5   8758.4 21136.5 13220.0
  1874 142.182   2.650  51.183   0.000  93.649  4562703.2 276237.1 888547.9     0.0 70401.2   9671.3 15893.5 14073.3
  1875 -253.030   2.650  49.589   0.000 -299.970  4446310.9 231441.2 700640.0     0.0 62979.1  11085.3 11612.2 15480.7
  1876 -801.663   2.650  50.470   0.000 -849.483  3843447.1 217841.1 438768.9     0.0 63596.9   6771.6 13120.4 10684.4
  1877 354.580   2.650  50.847   0.000 306.384  4287008.3 317067.8 761052.0     0.0 78073.5  10132.4 15649.3 13616.0
  1878 -439.441   2.650  48.409   0.000 -485.201  4075067.6 232681.6 572799.5     0.0 60340.6   6168.9 14070.2 10549.9
  1879 -1244.357   2.651  42.560   0.000 -1284.266  3581517.1 222548.5 422142.6     0.0 59990.8   5211.8 15376.4  9166.5
  1880 504.651   2.650  52.372   0.000 454.929  4220781.5 342013.8 596507.5     0.0 81118.3  11100.6 15069.1 14160.8
  1881 934.909   2.649  54.681   0.000 882.876  4667682.7 364894.9 847953.1     0.0 74876.0  10222.8 15660.5 15813.0
  1882 -285.008   2.649  51.684   0.000 -334.043  4272570.7 317244.2 668318.2     0.0 59396.6   6788.9 13895.7 11541.9
  1883 110.827   2.650  51.653   0.000  61.824  4365517.4 277727.7 829348.9     0.0 74330.5   9997.3 18351.9 14489.0
  1884 434.207   2.650  53.734   0.000 383.122  4746641.6 304133.1 712990.7     0.0 74486.0  13136.1 10410.5 18069.5
  1885 671.882   2.649  54.614   0.000 619.918  4871182.5 405569.3 932631.5     0.0 74732.5  13033.0 10049.7 18921.8
  1886  16.421   2.650  53.561   0.000 -34.490  4516708.7 297004.8 948167.4     0.0 66740.4   9184.6 13468.8 14122.8
  1887  31.816   2.650  53.691   0.000 -19.226  4543353.6 284131.2 727046.0     0.0 71784.2  11311.8 10487.8 15354.6
  1888 -113.590   2.650  54.529   0.000 -165.469  4551068.6 208213.3 596086.5     0.0 64214.9  11244.2 11997.1 15201.1
  1889 729.794   2.650  55.431   0.000 677.013  4799398.8 466805.1 1025116.8     0.0 80709.4  13054.4 13862.6 18125.3
  1890 532.962   2.649  53.724   0.000 481.888  4955611.9 329030.9 985723.3     0.0 72319.5  12066.6  9932.5 17925.6
  1891  20.609   2.650  51.943   0.000 -28.684  4626120.0 273174.1 922604.7     0.0 68548.6   9284.6 14367.5 13916.1
  1892 -170.590   2.650  57.264   0.000 -225.203  4367340.0 239798.1 1055321.4     0.0 67922.8  11225.8 15159.1 16151.2
  1893 -171.791   2.650  53.832   0.000 -222.972  4511485.0 328949.0 664941.2     0.0 70504.4  12110.2 10583.0 15087.7
  1894 -184.458   2.650  50.258   0.000 -232.066  4338412.6 228953.5 696008.7     0.0 63896.2  11239.1 11648.3 15569.7
  1895 314.180   2.650  51.459   0.000 265.371  4440253.3 313184.2 814531.2     0.0 75963.5  10806.3 14452.7 14522.5

                 Carbon flux (ktC/yr)                    Water (dam3/yr)                Nitrogen (MgN/yr)
       --------------------------------------- ---------------------------------- --------------------------------
Spinup NEP     estab   harvest product NBP     transp     evap    interc  wd      nuptake ndemand  nlosses ninflux
------ ------- ------- ------- ------- ------- ---------- ------- ------- ------- ------- -------- ------- -------
  1896 188.518   2.650  51.490   0.000 139.678  4554040.9 315027.2 829947.6     0.0 69613.8  10501.0 11961.0 15163.6
  1897 -85.623   2.650  48.530   0.000 -131.504  4537328.9 315115.1 678422.9     0.0 68350.4   9854.6 11351.7 13452.4
  1898 568.907   2.650  54.754   0.000 516.803  4718907.5 398295.3 973178.7     0.0 79765.3  14682.3 11546.3 19326.1
  1899   9.188   2.650  48.741   0.000 -36.903  4673741.3 315713.3 690840.4     0.0 65772.5   9655.2 10388.0 13093.3
  1900 416.368   2.650  53.902   0.000 365.116  4618060.5 352400.3 810274.5     0.0 77623.8  12864.0 11714.7 16874.0

                 Carbon flux (ktC/yr)                    Water (dam3/yr)                Nitrogen (MgN/yr)
       --------------------------------------- ---------------------------------- --------------------------------
Year   NEP     estab   harvest product NBP     transp     evap    interc  wd      nuptake ndemand  nlosses ninflux
------ ------- ------- ------- ------- ------- ---------- ------- ------- ------- ------- -------- ------- -------
  1901 -198.297   2.650  48.487   0.000 -244.134  4512556.4 369563.1 901714.0     0.0 65897.8  11339.7 10981.7 15523.6
  1902 779.809   2.650  55.635   0.000 726.824  4739528.0 468617.7 1076728.1     0.0 82875.2  13095.8 14009.1 19018.2
  1903 -220.014   2.650  51.925   0.000 -269.289  4344189.8 286120.5 984606.4     0.0 55978.6   7881.9 15983.2 12895.4
  1904 -1398.232   2.651  43.697   0.000 -1439.278  3588344.1 219451.3 475950.7     0.0 60867.4   4931.7 14809.0  9435.3
  1905 727.030   2.650  52.772   0.000 676.907  4439428.4 335893.7 639488.3     0.0 84463.0  12899.1 13239.7 16447.1
  1906 524.770   2.649  51.840   0.000 475.579  4636972.1 315426.4 783269.5     0.0 67772.0   8907.7 12733.9 14653.3
  1907 -386.914   2.650  52.227   0.000 -436.491  4160815.1 310978.1 704886.6     0.0 63056.5   6830.0 15079.9 12412.4
  1908  91.442   2.650  54.197   0.000  39.895  4178157.3 309001.5 933848.7     0.0 75717.2  11488.2 17648.2 16477.3
  1909 741.783   2.650  55.228   0.000 689.204  4838721.2 395071.5 939154.3     0.0 76437.0  14518.0 10482.9 19323.4
  1910 219.877   2.650  52.502   0.000 170.024  4594938.0 275942.9 891668.0     0.0 68508.7   9029.0 14285.6 14297.0
  1911 243.824   2.650  54.022   0.000 192.451  4671775.1 371956.4 875901.9     0.0 73918.5  13462.5  9945.6 18483.9
  1912   5.168   2.650  54.434   0.000 -46.617  4632279.0 326700.0 677724.9     0.0 68197.4  10425.2  9966.0 14938.4
  1913 -921.145   2.650  51.908   0.000 -970.403  3890047.7 216186.0 454388.7     0.0 58135.7   7144.7 10913.5 12086.1
  1914 755.088   2.650  54.394   0.000 703.343  4445424.1 330000.6 908057.1     0.0 85319.1  13053.1 16613.8 18216.3
  1915 -252.548   2.650  50.746   0.000 -300.644  4252909.1 227237.3 592051.3     0.0 59411.5   6195.4 13724.4 12170.4
  1916 592.481   2.650  54.662   0.000 540.468  4638217.0 300655.8 735156.9     0.0 82270.7  13876.8 14996.9 18617.8
  1917 432.078   2.649  53.844   0.000 380.883  4635802.3 333159.8 724570.4     0.0 70568.5  10200.7 11425.8 15007.6
  1918 345.121   2.650  54.604   0.000 293.167  4630891.8 268409.6 751745.1     0.0 73396.1  10512.8 11045.6 15895.9
  1919 252.579   2.650  53.542   0.000 201.686  4669326.8 271544.5 800015.7     0.0 73412.4  11417.7 11533.4 16727.2
  1920 536.524   2.650  55.982   0.000 483.192  4654435.9 353681.0 1017518.9     0.0 76526.9  11900.1 13275.8 17647.9
  1921 194.230   2.650  55.208   0.000 141.672  4654740.4 245116.9 886530.7     0.0 69701.2   9512.9 14447.2 15233.9
  1922 503.424   2.650  54.764   0.000 451.311  4729998.8 346804.2 841492.0     0.0 77946.8  13618.4 11320.5 17520.4
  1923 541.759   2.650  55.398   0.000 489.011  4966833.9 313041.9 940746.6     0.0 76208.6  13321.1  9634.1 19331.7
  1924 182.607   2.650  54.797   0.000 130.460  4571212.9 283060.0 1037515.6     0.0 70063.1  10015.2 14462.8 15011.2
  1925 254.469   2.650  55.723   0.000 201.397  4606800.8 279672.2 858148.9     0.0 73737.7  12515.7 11007.6 17359.3

                 Carbon flux (ktC/yr)                    Water (dam3/yr)                Nitrogen (MgN/yr)
       --------------------------------------- ---------------------------------- --------------------------------
Year   NEP     estab   harvest product NBP     transp     evap    interc  wd      nuptake ndemand  nlosses ninflux
------ ------- ------- ------- ------- ------- ---------- ------- ------- ------- ------- -------- ------- -------
  1926  63.634   2.650  50.464   0.000  15.820  4695099.5 310020.3 734739.8     0.0 70142.9  10152.2 12558.0 13938.1
  1927  38.330   2.650  58.573   0.000 -17.593  4256015.0 239112.6 1105199.3     0.0 72158.2  10989.8 17349.7 16548.3
  1928 -143.282   2.650  51.415   0.000 -192.046  4426578.3 227272.4 744587.5     0.0 65668.6  12568.1 11658.2 17071.7
  1929  79.896   2.650  55.844   0.000  26.701  4332217.6 206740.0 625301.0     0.0 72305.1  11240.7 15458.8 15011.7
  1930 -157.256   2.650  53.278   0.000 -207.883  4125506.8 191898.9 667420.6     0.0 69684.7   8162.7 15505.9 13007.8
  1931 -114.529   2.650  54.721   0.000 -166.600  4195299.8 249958.8 799015.0     0.0 73677.2  11465.9 14263.4 16287.5
  1932 295.452   2.650  54.606   0.000 243.496  4473403.7 288496.3 693386.2     0.0 73567.4  11429.0 11243.1 16354.4
  1933 539.634   2.649  56.333   0.000 485.950  4549162.0 342462.7 1049207.4     0.0 74808.9  13620.3 10645.3 20308.6
  1934 106.586   2.650  54.482   0.000  54.753  4486272.8 380886.2 1298868.7     0.0 68167.6  12945.8 11459.9 19345.3
  1935 -471.179   2.650  54.622   0.000 -523.151  3943443.7 216235.1 828257.5     0.0 62508.5   8958.8 16192.9 14216.6
  1936 151.931   2.650  55.037   0.000  99.544  4331189.0 326128.9 880796.0     0.0 78607.3  13416.8 13549.5 18964.5
  1937 -463.211   2.650  52.994   0.000 -513.555  4145631.0 238228.4 670122.2     0.0 59385.9   7986.2 14129.9 14189.4
  1938 -570.222   2.650  52.007   0.000 -619.579  3606613.8 269205.0 1170000.3     0.0 63378.6   9561.1 25548.7 15359.3
  1939 225.190   2.650  56.990   0.000 170.850  4493171.9 399812.7 969057.6     0.0 76372.6  16722.6  9390.9 22232.2
  1940  53.937   2.650  55.376   0.000   1.210  4367925.1 269746.9 645509.1     0.0 67239.4   9926.8  9675.8 15995.3
  1941 -678.805   2.650  49.552   0.000 -725.707  4108658.1 225374.1 548646.3     0.0 64018.2   9592.1 11541.6 14320.0
  1942 -278.761   2.650  54.852   0.000 -330.963  4085735.7 297574.3 683805.5     0.0 69245.6  11146.4 13242.7 15884.8
  1943 234.792   2.649  53.110   0.000 184.332  4128702.3 213532.4 664850.9     0.0 74856.5   8991.2 15647.3 15069.6
  1944 455.935   2.649  51.390   0.000 407.194  4523495.8 326263.8 818243.0     0.0 74937.8  10019.7 13002.4 15723.2
  1945  78.829   2.650  52.783   0.000  28.696  4066940.4 258854.1 1043848.6     0.0 68830.4  10211.5 15941.9 16366.4
  1946 257.726   2.650  57.412   0.000 202.963  4189518.5 305936.2 961581.5     0.0 70353.3  10570.0 15408.4 18864.9
  1947 -590.009   2.650  53.325   0.000 -640.684  4286369.8 261867.5 744946.3     0.0 63948.6   9655.5 12232.8 16757.1
  1948 -160.173   2.650  51.694   0.000 -209.216  4161493.5 241647.0 681925.4     0.0 73736.4  11624.4 14476.7 17637.6
  1949 -233.077   2.650  52.790   0.000 -283.217  4152044.6 253760.7 691433.6     0.0 66220.9   9823.8 14929.4 16581.5
  1950 534.415   2.649  60.091   0.000 476.974  4381180.0 344107.7 895910.4     0.0 80151.9  11991.8 13930.4 20341.2

                 Carbon flux (ktC/yr)                    Water (dam3/yr)                Nitrogen (MgN/yr)
       --------------------------------------- ---------------------------------- --------------------------------
Year   NEP     estab   harvest product NBP     transp     evap    interc  wd      nuptake ndemand  nlosses ninflux
------ ------- ------- ------- ------- ------- ---------- ------- ------- ------- ------- -------- ------- -------
  1951 557.523   2.649  56.143   0.000 504.029  4747072.0 348178.8 942673.3     0.0 74692.6  11542.6 10677.9 20042.2
  1952 151.153   2.650  57.923   0.000  95.879  4628219.5 283432.9 800435.1     0.0 68600.2   8997.5 13309.9 16941.9
  1953  48.237   2.650  58.045   0.000  -7.158  4628882.0 315680.2 800694.0     0.0 72201.8  12342.0 10988.0 19294.6
  1954 224.239   2.650  55.671   0.000 171.218  4711919.7 285129.1 846676.2     0.0 73384.9  11012.5 12932.8 18367.4
  1955 389.704   2.650  58.230   0.000 334.124  4813196.5 302795.2 909937.0     0.0 76561.7  13253.9 10693.1 20218.0
  1956 -84.619   2.650  53.859   0.000 -135.828  4408200.3 299588.7 872386.0     0.0 66590.0   8268.7 14560.4 14310.9
  1957 281.299   2.650  52.088   0.000 231.861  4722983.8 335939.8 727017.2     0.0 78344.8  13158.7 10719.5 18579.8
  1958 160.927   2.650  53.463   0.000 110.113  4424011.7 368492.2 812109.0     0.0 70495.0   9126.2 12285.4 15176.1
  1959 293.535   2.650  53.913   0.000 242.272  4498973.3 299446.9 1014375.2     0.0 74758.6  12035.8 13536.5 18143.5
  1960 457.706   2.650  55.418   0.000 404.937  4602823.0 377730.1 919056.0     0.0 73269.9  10175.2 12804.0 15601.1
  1961 516.222   2.650  57.628   0.000 461.244  4705562.8 370222.6 1222436.7     0.0 75751.5  11838.2 13050.5 19333.7
  1962 224.269   2.650  58.309   0.000 168.610  4636769.3 358193.4 928028.0     0.0 68333.0   9857.6 12101.2 15749.6
  1963 170.009   2.650  54.439   0.000 118.220  4777184.1 296535.1 893856.3     0.0 75342.5  11393.0 13996.0 17069.9
  1964 166.341   2.650  57.862   0.000 111.129  4406275.4 282533.7 1082259.2     0.0 70650.6  10071.3 17254.3 17611.2
  1965 -461.491   2.650  53.541   0.000 -512.381  4124822.6 161477.4 663924.1     0.0 61531.7   8236.8 17330.9 14020.1
  1966 -44.166   2.650  41.415   0.000 -82.931  4378212.8 222876.0 782718.5     0.0 76554.3  11828.6 13995.1 15982.4
  1967 356.917   2.650  54.815   0.000 304.752  4290529.5 272438.4 869657.9     0.0 71621.3  10054.5 15346.3 16745.4
  1968  12.915   2.650  54.798   0.000 -39.233  4496886.9 293623.2 873630.5     0.0 70756.3  12242.0 11004.8 19069.6
  1969 259.495   2.650  54.261   0.000 207.884  4531335.6 326270.2 837133.2     0.0 73996.6  11210.5 12261.6 17894.2
  1970 -475.404   2.650  50.409   0.000 -523.163  4213904.2 278624.4 856481.2     0.0 62370.8   7644.2 16499.9 14205.1
  1971 -528.527   2.650  57.407   0.000 -583.284  3918866.0 214440.4 702317.3     0.0 65235.1  10248.8 15906.5 16560.4
  1972 338.185   2.650  56.078   0.000 284.756  4220760.7 305042.2 700003.8     0.0 78252.9  12685.5 14787.5 19263.9
  1973 454.102   2.649  56.870   0.000 399.881  4320181.3 287145.6 691301.6     0.0 69968.6   8194.5 14595.9 17032.7
  1974 136.235   2.650  60.824   0.000  78.061  4369096.0 251310.4 759947.4     0.0 73004.5  11713.5 12506.9 19534.1
  1975  88.114   2.650  59.264   0.000  31.500  4153358.2 285483.1 1054195.2     0.0 71289.9  10772.6 15977.5 19075.8

                 Carbon flux (ktC/yr)                    Water (dam3/yr)                Nitrogen (MgN/yr)
       --------------------------------------- ---------------------------------- --------------------------------
Year   NEP     estab   harvest product NBP     transp     evap    interc  wd      nuptake ndemand  nlosses ninflux
------ ------- ------- ------- ------- ------- ---------- ------- ------- ------- ------- -------- ------- -------
  1976 180.825   2.650  56.782   0.000 126.693  4189926.0 284220.4 671488.9     0.0 73023.7  11472.5 10334.2 18868.8
  1977 -442.704   2.650  57.738   0.000 -497.792  4143465.9 239320.6 576913.5     0.0 63245.5   8353.2 11581.3 15226.3
  1978 539.828   2.650  60.854   0.000 481.624  4306356.9 323452.7 757774.2     0.0 81767.8  14181.5 13265.1 22531.1
  1979 454.912   2.649  56.860   0.000 400.702  4690196.7 340283.4 766576.4     0.0 73560.8  12036.8  9699.1 19727.7
  1980 113.221   2.650  52.056   0.000  63.815  4420968.9 291409.1 748222.7     0.0 69748.5  10143.0 11279.6 17132.0
  1981 -225.206   2.650  54.763   0.000 -277.319  4137286.7 287406.8 797447.5     0.0 69159.1   9939.4 13600.0 17309.9
  1982 496.608   2.650  57.945   0.000 441.313  4609425.7 349251.7 789483.8     0.0 80881.7  14406.0 11012.2 21834.4
  1983 -64.013   2.650  54.400   0.000 -115.764  4409247.6 241388.2 719841.7     0.0 63444.6   9131.4 13180.5 16610.7
  1984  43.635   2.650  57.788   0.000 -11.503  4440844.2 338231.0 638032.0     0.0 77057.4  12008.6 11603.7 18631.4
  1985 155.083   2.650  54.904   0.000 102.830  4168343.2 304391.0 690127.4     0.0 73116.7   9578.6 12452.0 17419.0
  1986 -258.233   2.650  53.697   0.000 -309.280  3911301.9 256450.1 665324.2     0.0 65323.5   8308.5 18541.7 16121.2
  1987   0.739   2.650  54.666   0.000 -51.276  4262077.6 282797.6 725830.3     0.0 77634.4  12172.2 16497.5 18830.0
  1988 356.316   2.650  54.609   0.000 304.357  4063236.1 293815.1 962734.3     0.0 75432.1  11274.0 17631.4 19042.2
  1989 231.638   2.650  58.179   0.000 176.108  4322232.9 291147.2 782998.1     0.0 71991.4   9849.3 13283.1 18268.6
  1990 399.575   2.650  59.525   0.000 342.700  4516135.6 322361.8 743268.7     0.0 76974.0  11927.6 10715.3 21692.2
  1991 444.029   2.649  55.072   0.000 391.607  4696883.3 319444.4 788324.9     0.0 76122.9  13121.6  9396.0 22082.7
  1992 329.931   2.650  58.508   0.000 274.073  4178713.3 282625.8 861089.5     0.0 73951.1   9809.9 13089.9 17477.6
  1993 586.625   2.650  58.659   0.000 530.615  4562296.0 318624.3 872904.0     0.0 78820.3  13267.1 12262.2 21824.4
  1994 419.049   2.650  59.588   0.000 362.111  4420171.2 343123.6 962570.3     0.0 75042.2  11808.7 11898.7 20244.9
  1995 572.722   2.649  56.733   0.000 518.639  4519732.2 337687.2 1035002.6     0.0 77384.3  12071.8 12732.7 20427.4
  1996 670.392   2.650  58.875   0.000 614.167  4834639.1 352259.5 966408.9     0.0 77958.6  13346.3  9946.6 21845.3
  1997 712.788   2.650  55.524   0.000 659.914  4856962.1 392635.3 935230.1     0.0 76691.4  12030.7 10682.9 19862.0
  1998 186.036   2.650  54.565   0.000 134.121  4350444.5 291627.0 1048045.9     0.0 71407.4   9406.4 13079.2 16547.4
  1999 450.712   2.650  59.079   0.000 394.284  4214157.8 273414.8 1002905.8     0.0 75998.0  10839.3 13841.7 18862.0
  2000 -169.010   2.650  57.191   0.000 -223.552  4502104.9 265536.2 722685.4     0.0 69834.7  10655.5 10990.0 17341.0

                 Carbon flux (ktC/yr)                    Water (dam3/yr)                Nitrogen (MgN/yr)
       --------------------------------------- ---------------------------------- --------------------------------
Year   NEP     estab   harvest product NBP     transp     evap    interc  wd      nuptake ndemand  nlosses ninflux
------ ------- ------- ------- ------- ------- ---------- ------- ------- ------- ------- -------- ------- -------
  2001 210.853   2.650  58.358   0.000 155.146  4143736.1 300689.7 1007045.3     0.0 77807.6  12246.9 14826.1 19070.5
  2002 266.646   2.650  58.037   0.000 211.258  4328633.8 258087.8 732920.8     0.0 72430.3  10136.5 11823.8 17554.0
  2003 -46.249   2.650  58.837   0.000 -102.436  4481149.2 293295.4 821659.2     0.0 70603.0  12493.8 12354.8 20170.6
  2004 234.078   2.650  55.517   0.000 181.211  4444552.4 288802.1 797430.5     0.0 79093.9  12851.7 11065.2 19761.1
  2005 597.946   2.650  55.317   0.000 545.279  4593634.3 326217.8 746716.2     0.0 77010.9  14306.8 10773.9 21327.8
  2006 896.965   2.649  58.810   0.000 840.804  4462559.8 318992.6 1176797.4     0.0 78943.1  13475.8 11482.4 22189.6
  2007 325.261   2.650  60.198   0.000 267.713  4589344.1 310743.0 914675.3     0.0 72268.2  11483.4 10682.7 19430.4
  2008 -255.069   2.650  58.921   0.000 -311.340  3907203.4 290706.1 1398317.7     0.0 65963.3   9899.9 22230.5 18156.7
  2009  36.979   2.650  57.397   0.000 -17.768  4531249.3 297603.6 811304.1     0.0 78722.9  15913.2  9512.5 21535.0
  2010 -29.438   2.650  57.048   0.000 -83.836  4204960.1 313937.2 846512.9     0.0 69023.2   9979.1 13147.6 17152.6
  2011 478.760   2.650  57.576   0.000 423.833  4453183.3 346439.7 947154.3     0.0 80285.0  14529.1 11240.8 22946.7
  2012 301.149   2.650  60.476   0.000 243.322  4279462.1 285332.7 1118211.2     0.0 69811.2  13332.8 14028.4 21841.1
  2013 431.812   2.650  61.571   0.000 372.890  4224085.0 393600.7 1057072.5     0.0 78692.3  12632.0 12827.3 21942.1
  2014 680.654   2.650  60.112   0.000 623.192  4519661.5 345227.1 968165.6     0.0 79274.7  13581.8  9990.9 22937.0
  2015 715.771   2.650  58.837   0.000 659.584  4297264.8 307705.6 1067978.5     0.0 75809.3  11589.5 11590.4 21085.8
  2016 261.355   2.650  61.379   0.000 202.626  4591883.4 333266.9 1055634.6     0.0 72999.6  12262.3 11632.5 22099.2
  2017 316.389   2.650  60.722   0.000 258.316  4291639.9 342372.9 1148012.1     0.0 78646.3  13211.7 13348.2 22573.2
  2018 449.783   2.650  62.421   0.000 390.011  4424518.1 338147.5 848534.7     0.0 77310.6  13264.1 11562.9 22102.2
  2019 789.905   2.650  61.707   0.000 730.848  4409000.1 314110.7 1139507.3     0.0 80176.9  13974.0 12948.8 23507.0
Simulation ended.
lpjml successfully terminated, 63 grid cells processed.
Wall clock time:	331 sec, 0.018 sec/cell/year.
Total wall clock time:	341 sec (00:05:41).
