--------------------------------------
Running config: /home/druijsch/LPJmL5/dev15oct2025/config_files/2026_04_08_run_for_10_locations/tropical_broadleaved_evergreen_tree/spinup/configs/tropical_broadleaved_evergreen_tree_patch10_config_restart.cjson
SLURM task ID: 3
Node: tcn424.local.snellius.surf.nl
--------------------------------------
******************************************************************************
****        _     ____     _           _       ____        _  ___         ****
****       | |   |  _ \   | |_ __ ___ | |     | ___|      / |/ _ \        ****
****       | |   | |_) |  | | '_ ` _ \| |     |___ \      | | | | |       ****
****       | |___|  __/ |_| | | | | | | |___   ___) |  _  | | |_| |       ****
****       |_____|_|   \___/|_| |_| |_|_____| |____/  (_) |_|\___/        ****
****                                                                      ****
****                 lpjml C Version 5.10.1 (Apr 14 2026)                 ****
****    Dynamic global vegetation model with natural and managed land     ****
****                     Compiled for Linux with MPI                      ****
****       (C) Potsdam Institute for Climate Impact Research (PIK),       ****
****                          see COPYRIGHT file                          ****
****              Authors, and contributors see AUTHORS file              ****
**** This version of LPJmL is licensed under GNU AGPL Version 3 or later  ****
****        See LICENSE file or go to http://www.gnu.org/licenses/        ****
****                 or invoke lpjml -l to print license                  ****
****      https://gitlab.pik-potsdam.de/lpjml/wur_team/lpjml-wur.git      ****
****          GIT hash: 5e6f8e1bb5c5d5f3357da68b6c43e9517864f3c2          ****
****                                                                      ****
******************************************************************************

Running for user druijsch on tcn424.local.snellius.surf.nl at Tue Apr 14 16:41:03 2026
Reading configuration from '/home/druijsch/LPJmL5/dev15oct2025/config_files/2026_04_08_run_for_10_locations/tropical_broadleaved_evergreen_tree/spinup/configs/tropical_broadleaved_evergreen_tree_patch10_config_restart.cjson'.
==============================================================================
/----------------------------------------------------------\
|institution: Potsdam Institute for Climate Impact Research|
|contact:                                                  |
|comment:                                                  |
\----------------------------------------------------------/
Simulation "LPJmL Run" running on 50 tasks
Simulation with shuffle spinup climate, nitrogen limitation, permafrost, 
Johansen conductivity, percolation heattransfer, GSI phenology, 
NPP controlled BNF, land use, potential irrigation, 
others to crop "maize" and "temperate cereals", land-use change timber, 
fixed residue remove, with auto fertilizer, pft.cjson LAImax, 
livestock grazing, bondau2007 crop PHU option, separate harvests.
Cultivation types: none, biomass, annual crop
Working directory: /gpfs/home5/druijsch/LPJmL5/dev15oct2025
cpp processed configuration file written to `/projects/prjs2023/chapter3/lpjml_output/2026_04_08_run_for_10_locations/tropical_broadleaved_evergreen_tree/patch_10/`.
Starting from restart file '/home/druijsch/LPJmL5/dev15oct2025/restart/2026_04_08_run_for_10_locations/tropical_broadleaved_evergreen_tree/patch_10/restart_1901_nv_stdfire.lpj'.
Input files:
Variable     Fmt  Varname  Filename
------------ ---- -------- ---------------------------------------------------
soil         cdf  soilcode /projects/prjs2023/chapter3/lpjml_input/run_for_10_locations/tropical_broadleaved_evergreen_tree/patch_10/soil.nc
temp         cdf  tas      /projects/prjs2023/chapter3/lpjml_input/run_for_10_locations/tropical_broadleaved_evergreen_tree/patch_10/temp.nc
prec         cdf  pr       /projects/prjs2023/chapter3/lpjml_input/run_for_10_locations/tropical_broadleaved_evergreen_tree/patch_10/prec.nc
lwdown       cdf  rlds     /projects/prjs2023/chapter3/lpjml_input/run_for_10_locations/tropical_broadleaved_evergreen_tree/patch_10/lwdown.nc
swdown       cdf  rsds     /projects/prjs2023/chapter3/lpjml_input/run_for_10_locations/tropical_broadleaved_evergreen_tree/patch_10/swdown.nc
no3_depo     cdf  noy      /projects/prjs2023/chapter3/lpjml_input/ndep-noy_histsoc_monthly_1901_2021_units.nc
nh4_depo     cdf  nhx      /projects/prjs2023/chapter3/lpjml_input/ndep-nhx_histsoc_monthly_1901_2021_units.nc
soilpH       cdf  soil_ph  /projects/prjs2023/chapter3/lpjml_input/hwsd_soil_data_all_land_oceanfilled.nc
co2          txt           /projects/prjs2023/chapter3/lpjml_input/co2_1832-2023.dat
windspeed    cdf  sfcwind  /projects/prjs2023/chapter3/lpjml_input/run_for_10_locations/tropical_broadleaved_evergreen_tree/patch_10/wind.nc
countries    cdf  country  /projects/prjs2023/chapter3/lpjml_input/regridded_cow_full_2018_5min_reduced_filled.nc
landuse      cdf  CFTfrac  /projects/prjs2023/chapter3/lpjml_input/MAPSPAM_2020_crops_filled_ESA_01deg_v7.nc
------------ ---- -------- ---------------------------------------------------
Writing restart file '/home/druijsch/LPJmL5/dev15oct2025/restart/2026_04_08_run_for_10_locations/tropical_broadleaved_evergreen_tree/patch_10/restart_1960_crop_stdfire_base.lpj' after year 1960.
Reading random seeds from restart file.
Number of output files:       65
Output written in year:       1901
Byte order in output files:   little endian

Compression level for NetCDF: 3
Missing value in NetCDF:      -1e+32
Base year in NetCDF:          1901
NetCDF grid:                  local
Variable            Fmt  Unit        Type   tstep nbd Filename
------------------- ---- ----------- ------ ----- --- -------------------------
albedo              cdf  -           float  month   1 /projects/prjs2023/chapter3/lpjml_output/2026_04_08_run_for_10_locations/tropical_broadleaved_evergreen_tree/patch_10/output/malbedo.nc + .json
cftfrac             cdf  -           float  year   32 /projects/prjs2023/chapter3/lpjml_output/2026_04_08_run_for_10_locations/tropical_broadleaved_evergreen_tree/patch_10/output/cftfrac.nc + .json
discharge           cdf  hm3/day     float  month   1 /projects/prjs2023/chapter3/lpjml_output/2026_04_08_run_for_10_locations/tropical_broadleaved_evergreen_tree/patch_10/output/mdischarge.nc + .json
evap                cdf  mm/month    float  month   1 /projects/prjs2023/chapter3/lpjml_output/2026_04_08_run_for_10_locations/tropical_broadleaved_evergreen_tree/patch_10/output/mevap.nc + .json
fapar               cdf  -           float  month   1 /projects/prjs2023/chapter3/lpjml_output/2026_04_08_run_for_10_locations/tropical_broadleaved_evergreen_tree/patch_10/output/mfapar.nc + .json
firec               cdf  gC/m2/yr    float  year    1 /projects/prjs2023/chapter3/lpjml_output/2026_04_08_run_for_10_locations/tropical_broadleaved_evergreen_tree/patch_10/output/firec.nc + .json
firef               cdf  1           float  year    1 /projects/prjs2023/chapter3/lpjml_output/2026_04_08_run_for_10_locations/tropical_broadleaved_evergreen_tree/patch_10/output/firef.nc + .json
flux_estabc         cdf  gC/m2/yr    float  year    1 /projects/prjs2023/chapter3/lpjml_output/2026_04_08_run_for_10_locations/tropical_broadleaved_evergreen_tree/patch_10/output/flux_estab.nc + .json
fpc                 cdf  -           float  month  12 /projects/prjs2023/chapter3/lpjml_output/2026_04_08_run_for_10_locations/tropical_broadleaved_evergreen_tree/patch_10/output/fpc.nc + .json
globalflux          txt  -           float  year    1 /projects/prjs2023/chapter3/lpjml_output/2026_04_08_run_for_10_locations/tropical_broadleaved_evergreen_tree/patch_10/output/globalflux.csv + .json
gpp                 cdf  gC/m2/month float  month   1 /projects/prjs2023/chapter3/lpjml_output/2026_04_08_run_for_10_locations/tropical_broadleaved_evergreen_tree/patch_10/output/mgpp.nc + .json
litc                cdf  gC/m2       float  year    1 /projects/prjs2023/chapter3/lpjml_output/2026_04_08_run_for_10_locations/tropical_broadleaved_evergreen_tree/patch_10/output/litc.nc + .json
litn                cdf  gN/m2       float  year    1 /projects/prjs2023/chapter3/lpjml_output/2026_04_08_run_for_10_locations/tropical_broadleaved_evergreen_tree/patch_10/output/litn.nc + .json
npp                 cdf  gC/m2/month float  month   1 /projects/prjs2023/chapter3/lpjml_output/2026_04_08_run_for_10_locations/tropical_broadleaved_evergreen_tree/patch_10/output/mnpp.nc + .json
nuptake             cdf  gN/m2/month float  month   1 /projects/prjs2023/chapter3/lpjml_output/2026_04_08_run_for_10_locations/tropical_broadleaved_evergreen_tree/patch_10/output/mnuptake.nc + .json
pet                 cdf  mm/month    float  month   1 /projects/prjs2023/chapter3/lpjml_output/2026_04_08_run_for_10_locations/tropical_broadleaved_evergreen_tree/patch_10/output/mpet.nc + .json
pft_chawo           cdf  gC/m2       float  year   43 /projects/prjs2023/chapter3/lpjml_output/2026_04_08_run_for_10_locations/tropical_broadleaved_evergreen_tree/patch_10/output/pft_chawo.nc + .json
pft_cleaf           cdf  gC/m2       float  year   43 /projects/prjs2023/chapter3/lpjml_output/2026_04_08_run_for_10_locations/tropical_broadleaved_evergreen_tree/patch_10/output/pft_cleaf.nc + .json
pft_croot           cdf  gC/m2       float  year   43 /projects/prjs2023/chapter3/lpjml_output/2026_04_08_run_for_10_locations/tropical_broadleaved_evergreen_tree/patch_10/output/pft_croot.nc + .json
pft_csapw           cdf  gC/m2       float  year   43 /projects/prjs2023/chapter3/lpjml_output/2026_04_08_run_for_10_locations/tropical_broadleaved_evergreen_tree/patch_10/output/pft_csapw.nc + .json
pft_fpar            cdf  -           float  month  43 /projects/prjs2023/chapter3/lpjml_output/2026_04_08_run_for_10_locations/tropical_broadleaved_evergreen_tree/patch_10/output/pft_fpar.nc + .json
pft_gpp             cdf  gC/m2/month float  month  43 /projects/prjs2023/chapter3/lpjml_output/2026_04_08_run_for_10_locations/tropical_broadleaved_evergreen_tree/patch_10/output/pft_gpp.nc + .json
pft_laimax          cdf  m2/m2       float  year   43 /projects/prjs2023/chapter3/lpjml_output/2026_04_08_run_for_10_locations/tropical_broadleaved_evergreen_tree/patch_10/output/pft_laimax.nc + .json
pft_mort            cdf  1/month     float  month  11 /projects/prjs2023/chapter3/lpjml_output/2026_04_08_run_for_10_locations/tropical_broadleaved_evergreen_tree/patch_10/output/pft_mort.nc + .json
pft_mort_background cdf  1/month     float  month  11 /projects/prjs2023/chapter3/lpjml_output/2026_04_08_run_for_10_locations/tropical_broadleaved_evergreen_tree/patch_10/output/pft_mort_background.nc + .json
pft_mort_drought    cdf  1/month     float  month  11 /projects/prjs2023/chapter3/lpjml_output/2026_04_08_run_for_10_locations/tropical_broadleaved_evergreen_tree/patch_10/output/pft_mort_drought.nc + .json
pft_mort_heat       cdf  1/month     float  month  11 /projects/prjs2023/chapter3/lpjml_output/2026_04_08_run_for_10_locations/tropical_broadleaved_evergreen_tree/patch_10/output/pft_mort_heat.nc + .json
pft_nind            cdf  ind/m²     float  month  11 /projects/prjs2023/chapter3/lpjml_output/2026_04_08_run_for_10_locations/tropical_broadleaved_evergreen_tree/patch_10/output/pft_nind.nc + .json
pft_nleaf           cdf  gN/m2       float  year   43 /projects/prjs2023/chapter3/lpjml_output/2026_04_08_run_for_10_locations/tropical_broadleaved_evergreen_tree/patch_10/output/pft_nleaf.nc + .json
pft_npp             cdf  gC/m2/yr    float  year   43 /projects/prjs2023/chapter3/lpjml_output/2026_04_08_run_for_10_locations/tropical_broadleaved_evergreen_tree/patch_10/output/pft_npp.nc + .json
pft_nroot           cdf  gN/m2       float  year   43 /projects/prjs2023/chapter3/lpjml_output/2026_04_08_run_for_10_locations/tropical_broadleaved_evergreen_tree/patch_10/output/pft_nroot.nc + .json
pft_nuptake         cdf  gN/m2/yr    float  year   43 /projects/prjs2023/chapter3/lpjml_output/2026_04_08_run_for_10_locations/tropical_broadleaved_evergreen_tree/patch_10/output/pft_nuptake.nc + .json
pft_phen            cdf  -           float  month  43 /projects/prjs2023/chapter3/lpjml_output/2026_04_08_run_for_10_locations/tropical_broadleaved_evergreen_tree/patch_10/output/pft_phen.nc + .json
pft_survive_frac    cdf  -           float  month  43 /projects/prjs2023/chapter3/lpjml_output/2026_04_08_run_for_10_locations/tropical_broadleaved_evergreen_tree/patch_10/output/pft_survive_frac.nc + .json
pft_vegc            cdf  gC/m2       float  year   43 /projects/prjs2023/chapter3/lpjml_output/2026_04_08_run_for_10_locations/tropical_broadleaved_evergreen_tree/patch_10/output/pft_vegc.nc + .json
pft_vegn            cdf  gN/m2       float  year   43 /projects/prjs2023/chapter3/lpjml_output/2026_04_08_run_for_10_locations/tropical_broadleaved_evergreen_tree/patch_10/output/pft_vegn.nc + .json
pft_water_demand    cdf  mm/yr       float  year   43 /projects/prjs2023/chapter3/lpjml_output/2026_04_08_run_for_10_locations/tropical_broadleaved_evergreen_tree/patch_10/output/pft_water_demand.nc + .json
phen_light          cdf  -           float  month   1 /projects/prjs2023/chapter3/lpjml_output/2026_04_08_run_for_10_locations/tropical_broadleaved_evergreen_tree/patch_10/output/mphen_light.nc + .json
phen_tmax           cdf  -           float  month   1 /projects/prjs2023/chapter3/lpjml_output/2026_04_08_run_for_10_locations/tropical_broadleaved_evergreen_tree/patch_10/output/mphen_tmax.nc + .json
phen_tmin           cdf  -           float  month   1 /projects/prjs2023/chapter3/lpjml_output/2026_04_08_run_for_10_locations/tropical_broadleaved_evergreen_tree/patch_10/output/mphen_tmin.nc + .json
phen_water          cdf  -           float  month   1 /projects/prjs2023/chapter3/lpjml_output/2026_04_08_run_for_10_locations/tropical_broadleaved_evergreen_tree/patch_10/output/mphen_water.nc + .json
rd                  cdf  gC/m2/month float  month   1 /projects/prjs2023/chapter3/lpjml_output/2026_04_08_run_for_10_locations/tropical_broadleaved_evergreen_tree/patch_10/output/rd.nc + .json
rh                  cdf  gC/m2/month float  month   1 /projects/prjs2023/chapter3/lpjml_output/2026_04_08_run_for_10_locations/tropical_broadleaved_evergreen_tree/patch_10/output/mrh.nc + .json
runoff              cdf  mm/month    float  month   1 /projects/prjs2023/chapter3/lpjml_output/2026_04_08_run_for_10_locations/tropical_broadleaved_evergreen_tree/patch_10/output/mrunoff.nc + .json
soilc               cdf  gC/m2       float  year    1 /projects/prjs2023/chapter3/lpjml_output/2026_04_08_run_for_10_locations/tropical_broadleaved_evergreen_tree/patch_10/output/soilc.nc + .json
soilc_layer         cdf  gC/m2       float  year    5 /projects/prjs2023/chapter3/lpjml_output/2026_04_08_run_for_10_locations/tropical_broadleaved_evergreen_tree/patch_10/output/soilc_layer.nc + .json
soiln               cdf  gN/m2       float  year    1 /projects/prjs2023/chapter3/lpjml_output/2026_04_08_run_for_10_locations/tropical_broadleaved_evergreen_tree/patch_10/output/soiln.nc + .json
soiln_layer         cdf  gN/m2       float  year    5 /projects/prjs2023/chapter3/lpjml_output/2026_04_08_run_for_10_locations/tropical_broadleaved_evergreen_tree/patch_10/output/soiln_layer.nc + .json
soilnh4             cdf  gN/m2       float  year    1 /projects/prjs2023/chapter3/lpjml_output/2026_04_08_run_for_10_locations/tropical_broadleaved_evergreen_tree/patch_10/output/soilnh4.nc + .json
soilnh4_layer       cdf  gN/m2       float  year    5 /projects/prjs2023/chapter3/lpjml_output/2026_04_08_run_for_10_locations/tropical_broadleaved_evergreen_tree/patch_10/output/soilnh4_layer.nc + .json
soilno3             cdf  gN/m2       float  year    1 /projects/prjs2023/chapter3/lpjml_output/2026_04_08_run_for_10_locations/tropical_broadleaved_evergreen_tree/patch_10/output/soilno3.nc + .json
soilno3_layer       cdf  gN/m2       float  year    5 /projects/prjs2023/chapter3/lpjml_output/2026_04_08_run_for_10_locations/tropical_broadleaved_evergreen_tree/patch_10/output/soilno3_layer.nc + .json
soiltemp1           cdf  Celsius     float  month   1 /projects/prjs2023/chapter3/lpjml_output/2026_04_08_run_for_10_locations/tropical_broadleaved_evergreen_tree/patch_10/output/msoiltemp1.nc + .json
soiltemp2           cdf  Celsius     float  month   1 /projects/prjs2023/chapter3/lpjml_output/2026_04_08_run_for_10_locations/tropical_broadleaved_evergreen_tree/patch_10/output/msoiltemp2.nc + .json
soiltemp3           cdf  Celsius     float  month   1 /projects/prjs2023/chapter3/lpjml_output/2026_04_08_run_for_10_locations/tropical_broadleaved_evergreen_tree/patch_10/output/msoiltemp3.nc + .json
swc1                cdf  1           float  month   1 /projects/prjs2023/chapter3/lpjml_output/2026_04_08_run_for_10_locations/tropical_broadleaved_evergreen_tree/patch_10/output/mswc1.nc + .json
swc2                cdf  1           float  month   1 /projects/prjs2023/chapter3/lpjml_output/2026_04_08_run_for_10_locations/tropical_broadleaved_evergreen_tree/patch_10/output/mswc2.nc + .json
swc3                cdf  1           float  month   1 /projects/prjs2023/chapter3/lpjml_output/2026_04_08_run_for_10_locations/tropical_broadleaved_evergreen_tree/patch_10/output/mswc3.nc + .json
swc4                cdf  1           float  month   1 /projects/prjs2023/chapter3/lpjml_output/2026_04_08_run_for_10_locations/tropical_broadleaved_evergreen_tree/patch_10/output/mswc4.nc + .json
swc5                cdf  1           float  month   1 /projects/prjs2023/chapter3/lpjml_output/2026_04_08_run_for_10_locations/tropical_broadleaved_evergreen_tree/patch_10/output/mswc5.nc + .json
transp              cdf  mm/month    float  month   1 /projects/prjs2023/chapter3/lpjml_output/2026_04_08_run_for_10_locations/tropical_broadleaved_evergreen_tree/patch_10/output/mtransp.nc + .json
vegc                cdf  gC/m2       float  year    1 /projects/prjs2023/chapter3/lpjml_output/2026_04_08_run_for_10_locations/tropical_broadleaved_evergreen_tree/patch_10/output/vegc.nc + .json
vegn                cdf  gN/m2       float  year    1 /projects/prjs2023/chapter3/lpjml_output/2026_04_08_run_for_10_locations/tropical_broadleaved_evergreen_tree/patch_10/output/vegn.nc + .json
wateramount         cdf  hm3         float  month   1 /projects/prjs2023/chapter3/lpjml_output/2026_04_08_run_for_10_locations/tropical_broadleaved_evergreen_tree/patch_10/output/mwateramount.nc + .json
wscal               cdf  -           float  month   1 /projects/prjs2023/chapter3/lpjml_output/2026_04_08_run_for_10_locations/tropical_broadleaved_evergreen_tree/patch_10/output/wscal.nc + .json
------------------- ---- ----------- ------ ----- --- -------------------------
Spinup years:                   180
Cycle length during spinup:      30
First year:                    1901
Last year:                     2019
Number of grid cells:            63
==============================================================================
Memory allocated for output: 7,096 bytes/cell
Simulation begins...
Spinup using climate starting from year 1901

                 Carbon flux (ktC/yr)                    Water (dam3/yr)                Nitrogen (MgN/yr)
       --------------------------------------- ---------------------------------- --------------------------------
Spinup NEP     estab   harvest product NBP     transp     evap    interc  wd      nuptake ndemand  nlosses ninflux
------ ------- ------- ------- ------- ------- ---------- ------- ------- ------- ------- -------- ------- -------
  1721 682.313   4.359   0.000   0.000 686.673  4845353.8 539971.9 587496.1     0.0 40762.6  14534.9 38369.5 13255.2
  1722 352.541   4.306  12.147   0.000 344.700  4162000.5 359928.5 468848.8     0.0 36801.6   9209.4 10481.0 12580.8
  1723 842.113   4.332  38.108   0.000 808.337  5563975.1 447187.3 665823.2     0.0 42049.1  17564.2  9210.9 22277.0
  1724 -1956.840   4.391  24.232   0.000 -1976.681  2733483.5 187873.9 200985.7     0.0  5750.0   3010.3  6106.3  6967.1
  1725 2868.084   4.281  25.935   0.000 2846.430  5161481.1 724715.9 433375.7     0.0 66167.5   8602.8 10319.8 15292.9
  1726 1092.209   0.972  28.964   0.000 1064.217  5252568.3 399538.5 496474.9     0.0 28955.2   8438.9  8202.3 12823.0
  1727 -1476.480   4.352   5.717   0.000 -1477.845  3450770.7 255254.0 320014.0     0.0 19168.9   4923.4 10888.4  7758.9
  1728 815.223   4.318  39.784   0.000 779.756  4772277.8 458373.3 615929.7     0.0 48517.0  13506.6 30315.4 19777.3
  1729 -932.907   4.335  29.908   0.000 -958.480  3647985.9 294889.8 338644.8     0.0 23833.5  11114.9  5486.3 13080.5
  1730 -501.138   4.336  34.198   0.000 -531.000  3254328.5 253085.0 333903.7     0.0 44130.8  10200.9  8348.1 13866.5
  1731 275.598   4.334  24.099   0.000 255.832  4698592.2 437429.1 419171.1     0.0 42349.4  18559.0  6978.2 20667.3
  1732 -1544.054   4.358  25.781   0.000 -1565.477  3307573.6 281469.5 247538.8     0.0 11660.8   8198.9  6886.6 10020.4
  1733 116.989   4.315  22.600   0.000  98.704  3760368.9 432731.9 305373.2     0.0 48875.9   9035.8  8534.1 12127.9
  1734 1302.160   4.333  29.813   0.000 1276.679  5222981.2 509380.6 524013.4     0.0 45727.3  18509.0 11517.1 22555.4
  1735 383.712   4.333  29.093   0.000 358.952  4742245.9 354685.2 405723.7     0.0 30144.9   9944.5  5948.9 11859.1
  1736 269.038   1.622  28.061   0.000 242.599  4947534.4 436452.1 882869.5     0.0 36657.2  15355.0 25436.0 17959.1
  1737 -1225.346   4.348   5.809   0.000 -1226.807  3628672.5 265627.2 343372.2     0.0 22226.6   6583.6  8025.7  9204.3
  1738 259.953   4.322  41.347   0.000 222.928  4418693.6 430611.5 592540.9     0.0 42364.4  13936.3 13322.1 18507.3
  1739 -2681.496   4.463  22.845   0.000 -2699.877  1782013.6 141011.4 94762.7     0.0  2719.5   1365.9  8785.4  5206.3
  1740 1078.450   4.225  25.064   0.000 1057.611  2924439.5 539687.7 161781.5     0.0 51907.8   4612.3 15663.2  9705.0
  1741 3867.889   4.331  31.971   0.000 3840.248  5449499.9 578927.1 357034.5     0.0 60448.2  10564.0 17915.2 17968.3
  1742 124.468   4.333  23.541   0.000 105.260  4229844.3 312226.4 278302.3     0.0 25570.2   6209.7  6870.4 11064.1
  1743 547.435   2.993  35.243   0.000 515.184  5257491.8 456736.4 544032.6     0.0 41630.4  16598.4 11757.0 21592.9
  1744 -462.031   2.961  31.990   0.000 -491.060  4432620.7 336637.1 378990.9     0.0 28385.2  11875.1  5819.3 14211.2
  1745 -2880.711   4.476  12.573   0.000 -2888.805  1575998.2 119956.8 93413.0     0.0  2867.5   1090.5  9795.6  4275.1

                 Carbon flux (ktC/yr)                    Water (dam3/yr)                Nitrogen (MgN/yr)
       --------------------------------------- ---------------------------------- --------------------------------
Spinup NEP     estab   harvest product NBP     transp     evap    interc  wd      nuptake ndemand  nlosses ninflux
------ ------- ------- ------- ------- ------- ---------- ------- ------- ------- ------- -------- ------- -------
  1746 1691.160   4.218  18.991   0.000 1676.386  3353936.8 692648.1 207381.2     0.0 61261.7   5080.4 33777.1 10731.1
  1747 998.908   2.306  27.185   0.000 974.029  4177539.7 398473.8 185509.5     0.0 31782.1   5895.4  9798.1  8713.0
  1748 -613.293   4.336  18.592   0.000 -627.548  3616366.4 390643.9 213210.2     0.0 31243.9   4477.8  9128.0  7171.9
  1749 -1154.411   4.382  14.929   0.000 -1164.957  2779460.7 295115.7 206161.0     0.0 24656.6   2503.9 14671.4  5419.3
  1750 2241.337   4.292  18.626   0.000 2227.003  4726316.3 759442.5 492458.6     0.0 62766.2  12878.5 48504.1 15598.5
  1751 1091.984   4.332  24.869   0.000 1071.448  4625363.0 379376.8 293485.5     0.0 32367.4   9607.4 10942.3 14244.9
  1752 -1449.086   4.371  20.333   0.000 -1465.047  3140731.3 258891.2 263984.0     0.0 17522.1   3658.1 11527.0  6061.0
  1753 760.664   4.300  29.269   0.000 735.696  4360441.8 450205.3 295225.5     0.0 40760.7   8356.9  6554.3 10952.3
  1754 1153.656   4.332  23.118   0.000 1134.870  4586336.8 315355.9 419227.3     0.0 41169.9   8136.4 16716.4 13636.4
  1755 393.889   4.333  39.779   0.000 358.442  4854396.3 370454.1 563705.7     0.0 34905.1  13802.4 18507.1 18075.4
  1756  62.022   3.565  42.960   0.000  22.627  4795567.7 364500.7 595992.8     0.0 33654.7  14920.8 13937.1 18584.0
  1757 -654.970   2.460  27.174   0.000 -679.684  4618794.5 340844.4 405884.0     0.0 28588.0  10314.7  5810.0 13339.3
  1758 -45.656   4.333   8.717   0.000 -50.040  4888091.6 389749.8 486810.9     0.0 34112.8  15001.5  5093.4 18174.6
  1759 -758.352   3.566  18.445   0.000 -773.230  4498830.3 331805.8 421257.9     0.0 26764.9   9782.6  6483.8 12261.0
  1760 -329.165   4.334  21.636   0.000 -346.467  4830263.6 386040.5 539370.9     0.0 33412.4  14215.9  5379.9 17272.8
  1761  52.135   4.333  23.390   0.000  33.078  4944985.6 383692.1 501355.4     0.0 35617.9  16015.7  9208.6 19117.0
  1762 -492.825   4.334  30.912   0.000 -519.403  4434401.2 334074.6 415986.5     0.0 31217.0  14048.9  4593.9 14881.0
  1763 256.618   4.333  29.121   0.000 231.830  5304233.5 461261.4 819428.3     0.0 39579.6  22806.2 15138.6 24667.4
  1764 964.740   4.332  29.999   0.000 939.073  5283100.9 358334.1 729837.7     0.0 38153.6  17167.3 14738.9 18638.9
  1765 637.290   4.333  39.186   0.000 602.436  5566050.8 440157.7 755072.1     0.0 34258.7  17793.9 25166.5 20180.2
  1766 -1627.720   4.338  31.743   0.000 -1655.124  3900552.2 279378.5 366612.1     0.0 19613.7  10562.3  4177.4 11632.1
  1767 202.961   4.331  30.933   0.000 176.360  4817459.6 388072.9 730646.3     0.0 42043.0  15609.4 19076.3 18835.4
  1768 -568.830   4.335  28.737   0.000 -593.233  3959443.9 309216.2 411438.2     0.0 31356.6  11205.4  4879.3 14593.7
  1769 -726.196   4.336  38.519   0.000 -760.379  3490276.2 248422.5 387145.0     0.0 33936.8  13071.3  7516.4 15150.5
  1770 -1937.830   4.381  21.906   0.000 -1955.354  2472254.8 229246.5 173498.3     0.0 16342.9   2843.5  7323.7  6013.3

                 Carbon flux (ktC/yr)                    Water (dam3/yr)                Nitrogen (MgN/yr)
       --------------------------------------- ---------------------------------- --------------------------------
Spinup NEP     estab   harvest product NBP     transp     evap    interc  wd      nuptake ndemand  nlosses ninflux
------ ------- ------- ------- ------- ------- ---------- ------- ------- ------- ------- -------- ------- -------
  1771 -26.975   4.300  18.067   0.000 -40.742  3537080.7 502403.2 208239.6     0.0 50257.5   8379.5  6601.8  9559.5
  1772 -1477.178   4.381  18.348   0.000 -1491.143  2611086.2 377288.2 186775.7     0.0  8838.9   3430.3 10795.8  5947.6
  1773 209.940   4.302  19.083   0.000 195.160  3320359.3 453507.4 169835.8     0.0 46477.6   3840.7  9243.7  6758.8
  1774 905.271   4.337  25.163   0.000 884.445  3805037.9 388138.4 243692.2     0.0 48782.4   7595.2  9935.9 10732.9
  1775 1251.824   4.335  24.718   0.000 1231.441  4279327.8 380796.7 371734.5     0.0 44854.6   8924.1 20397.8 12290.0
  1776  49.245   2.548  29.104   0.000  22.689  4325019.3 390873.6 373542.3     0.0 31645.4  10949.5  7494.5 12558.6
  1777 -161.725   4.334  20.012   0.000 -177.403  4489371.1 361143.1 379872.6     0.0 34128.5  13979.3 12605.3 15055.2
  1778 -605.087   2.826  32.114   0.000 -634.375  4148631.2 353602.3 367388.4     0.0 33735.7  12965.7  6007.8 13632.8
  1779 -491.878   4.335  24.243   0.000 -511.786  4125562.7 348526.2 390638.9     0.0 35310.7  14235.7  8110.2 13354.3
  1780 -462.452   3.939  32.215   0.000 -490.728  4132431.2 355100.3 367788.2     0.0 36251.0  14296.4  6103.4 13897.1
  1781 216.019   4.334  21.453   0.000 198.899  4710613.7 482867.5 797281.4     0.0 38839.0  17256.4 31043.7 16534.9
  1782 -17.828   4.333  17.467   0.000 -30.962  4586204.8 359502.0 401508.2     0.0 33006.0  14638.2 10646.6 15574.1
  1783 583.539   4.332  31.134   0.000 556.738  5377429.9 448791.6 680039.0     0.0 40212.1  19388.3 11392.3 20924.0
  1784 -1657.926   4.351  34.740   0.000 -1688.315  3463111.2 270241.6 296532.8     0.0 12189.6   9003.0  5896.9 10187.5
  1785  -7.090   2.813  29.949   0.000 -34.226  3432714.6 278610.8 348171.9     0.0 38763.0   7115.2 12706.4 11317.2
  1786 -240.026   4.335  13.179   0.000 -248.870  3875438.7 304854.5 309509.1     0.0 43599.3   8669.0  6348.7  9581.2
  1787 523.291   2.825  26.839   0.000 499.277  4771908.1 433291.3 455604.7     0.0 39265.5  15020.9  6451.2 15889.9
  1788 -1595.843   3.601  18.614   0.000 -1610.856  3131010.4 276108.0 310567.4     0.0 17006.9   4797.0 10625.0  6043.7
  1789 627.020   4.306  14.284   0.000 617.042  4104110.0 512975.4 335873.7     0.0 41948.5   8657.7  7117.9 10111.0
  1790 -2491.005   4.457  21.053   0.000 -2507.599  1867755.8 158124.9 85666.2     0.0  4106.0   1356.3 10188.2  4992.3
  1791 390.491   4.237  17.104   0.000 377.625  2993525.0 551458.2 120803.9     0.0 37889.3   2719.8 13765.5  5525.8
  1792 1279.267   4.333  25.126   0.000 1258.475  3366065.8 297607.8 193007.1     0.0 48358.1   5498.0 15022.5  8936.0
  1793 623.776   4.336  24.013   0.000 604.099  4346369.5 485307.8 248729.1     0.0 43831.9   7299.0 14081.4  9463.1
  1794 729.695   4.334  25.468   0.000 708.561  4524601.0 424175.9 286929.2     0.0 39053.8   8647.5  7683.1 10028.6
  1795 -72.904   4.334  32.963   0.000 -101.532  3673134.7 256328.3 301513.0     0.0 33556.8   9601.0 13999.7 13090.1

                 Carbon flux (ktC/yr)                    Water (dam3/yr)                Nitrogen (MgN/yr)
       --------------------------------------- ---------------------------------- --------------------------------
Spinup NEP     estab   harvest product NBP     transp     evap    interc  wd      nuptake ndemand  nlosses ninflux
------ ------- ------- ------- ------- ------- ---------- ------- ------- ------- ------- -------- ------- -------
  1796 704.832   4.333  40.363   0.000 668.801  5399711.8 448573.1 542444.0     0.0 47230.3  18871.0 32204.7 21351.8
  1797 -1480.848   4.343  26.009   0.000 -1502.513  3247306.9 208815.0 216367.8     0.0 16817.8   3842.3  7717.7  5992.5
  1798 947.045   4.326  26.976   0.000 924.395  4884538.0 509217.2 669043.4     0.0 48761.5  12343.9 29967.0 14490.4
  1799 291.731   4.333  31.120   0.000 264.944  4552339.6 306465.8 361950.5     0.0 31378.0  11289.1 10057.0 15867.3
  1800 142.525   4.333  25.342   0.000 121.515  4332350.6 295165.6 495679.4     0.0 37500.9  10539.5 10952.4 14554.0
  1801 -398.055   4.333  37.351   0.000 -431.072  4503839.7 337800.8 393554.8     0.0 33476.8  13743.7  4794.4 15264.1
  1802 -3205.382   4.524  10.896   0.000 -3211.753  1158712.2 112825.0 94000.4     0.0  -316.7    152.3  9728.4  3967.1
  1803 -132.923   4.285  19.251   0.000 -147.889  2478189.0 519123.1 79943.4     0.0 34046.6   2187.5 13648.0  4324.5
  1804 -296.873   4.311  13.067   0.000 -305.626  2648862.0 469440.3 118557.4     0.0 14681.7   1906.6 26604.3  4919.8
  1805 2479.922   4.257  25.403   0.000 2458.777  3893513.0 620422.2 222175.5     0.0 64642.7   6271.8 49132.8  9374.0
  1806 -558.428   4.336  21.014   0.000 -575.106  3368788.2 320157.3 189727.4     0.0 17322.4   3520.0 16446.0  5783.6
  1807 1349.718   4.333  36.752   0.000 1317.300  4504117.6 363056.9 260717.8     0.0 51574.2  11558.9 15765.8 13747.2
  1808 126.715   4.334  20.763   0.000 110.287  4099797.6 393313.3 288832.6     0.0 32475.2   5485.0  7699.3  7303.1
  1809 -698.043   4.335  31.383   0.000 -725.091  3686615.4 293416.6 277347.5     0.0 28009.1   9230.3 14787.2 11322.4
  1810 636.378   2.994  13.936   0.000 625.436  4395949.7 424533.3 370725.0     0.0 49493.6  11582.9  9149.7 13897.2
  1811 -1792.139   3.625  13.569   0.000 -1802.082  2594017.0 197613.0 152599.5     0.0  4769.2   2282.6  9181.8  5019.4
  1812 881.990   4.284  27.039   0.000 859.235  3255490.6 408271.5 208584.9     0.0 44039.5   4567.3 14345.3  8775.1
  1813 1344.879   4.332  27.820   0.000 1321.391  4721761.6 397433.5 412359.9     0.0 45076.1  11953.4 34626.4 15493.9
  1814 1265.418   4.332  35.120   0.000 1234.630  5524496.1 461383.9 494932.8     0.0 37428.1  15412.4  8658.1 20558.7
  1815 -994.056   1.270  31.016   0.000 -1023.802  4199854.7 329292.5 299182.8     0.0 20653.5  10083.2  4289.1 10449.6
  1816 -567.155   4.333  16.033   0.000 -578.855  4444277.4 391138.8 479642.2     0.0 28584.8  11301.4  5447.1 13993.4
  1817 -1604.142   4.340  16.889   0.000 -1616.691  3585186.2 261697.3 244876.7     0.0 17717.8  10385.4  7205.2 11602.1
  1818 -54.148   4.332  21.764   0.000 -71.581  3987895.8 375648.4 339842.0     0.0 44262.2  10913.7  5358.4 12426.0
  1819 -650.179   4.336  36.841   0.000 -682.685  3640917.0 298588.6 290912.5     0.0 27148.9  12250.7 10390.4 12957.4
  1820 -617.533   4.336  14.348   0.000 -627.545  3490488.1 377260.5 255470.7     0.0 38478.7   8466.4  6066.3  9172.9

                 Carbon flux (ktC/yr)                    Water (dam3/yr)                Nitrogen (MgN/yr)
       --------------------------------------- ---------------------------------- --------------------------------
Spinup NEP     estab   harvest product NBP     transp     evap    interc  wd      nuptake ndemand  nlosses ninflux
------ ------- ------- ------- ------- ------- ---------- ------- ------- ------- ------- -------- ------- -------
  1821  -1.785   4.335  16.334   0.000 -13.784  4216556.4 437867.7 417455.8     0.0 34290.5  11461.8  8187.0 12318.6
  1822 -630.478   4.336  35.758   0.000 -661.900  3673569.2 299516.0 300462.2     0.0 26465.6  12381.3 20589.6 12850.8
  1823 -542.869   4.336  14.450   0.000 -552.983  3885000.8 399018.4 335543.6     0.0 35063.4   7894.6 11397.1  9807.6
  1824 -391.783   4.335  22.618   0.000 -410.066  4200772.8 355704.8 273215.3     0.0 33135.8  12337.3  4334.3 11876.3
  1825 949.753   4.333  24.452   0.000 929.635  4808513.9 424891.5 569810.1     0.0 44575.8  16412.9 16256.9 17832.3
  1826 964.388   4.333  34.029   0.000 934.692  5326791.3 473600.5 759421.8     0.0 33930.3  19065.6 28266.8 22722.4
  1827 -356.062   4.333  23.197   0.000 -374.926  4470273.9 336911.7 475344.8     0.0 25058.9  12173.4  4764.9 13341.1
  1828 -562.726   4.334  29.376   0.000 -587.767  4513735.2 322546.8 441080.0     0.0 32536.3  12187.0  3956.7 12253.5
  1829 -483.773   4.334  34.661   0.000 -514.099  4253592.6 301162.5 411684.2     0.0 34095.7  13487.9  5090.1 16049.5
  1830 -2886.402   4.478  21.127   0.000 -2903.050  1439526.5 134072.1 96575.9     0.0  2373.8   1056.3  8866.1  4657.8
  1831 1099.030   4.234  17.199   0.000 1086.066  3219345.1 712558.2 167459.9     0.0 60029.0   4710.7 10764.7  6310.5
  1832 4303.724   4.307  31.152   0.000 4276.879  5439432.7 747246.9 465047.5     0.0 51895.9  12431.2 38564.3 18238.3
  1833 2056.467   4.332  29.679   0.000 2031.120  5609005.7 401495.6 576330.1     0.0 33467.0  12401.7 15589.9 16325.6
  1834 -1737.223   4.353  32.593   0.000 -1765.463  3714992.9 271018.3 274427.5     0.0  8449.9   8728.2  5365.2 10780.4
  1835 -1625.822   4.352  24.179   0.000 -1645.648  2991777.2 299736.5 232642.5     0.0 17285.2   5459.1  7376.9  8071.8
  1836 -2450.663   4.483  11.053   0.000 -2457.231  1274004.6 150663.5 68098.3     0.0  9736.5    609.6 10888.1  4149.8
  1837 1208.816   4.209  16.014   0.000 1197.011  2869087.8 753191.4 92640.0     0.0 53507.6   2201.6 12185.8  4457.6
  1838 3233.007   4.306  13.726   0.000 3223.586  4622110.7 632734.2 229541.4     0.0 52181.0   6170.0 14854.9  9331.9
  1839 -1123.399   4.353  24.259   0.000 -1143.304  3259157.1 339541.3 172916.5     0.0 13108.5   5822.2  9108.3  8260.6
  1840 -1446.376   3.691  13.382   0.000 -1456.065  2214661.1 249825.7 111822.9     0.0 13302.0   1591.7 12443.2  5277.3
  1841 890.948   4.288  11.446   0.000 883.790  3317121.5 451903.2 157065.8     0.0 49118.2   4918.3 12487.1  7375.2
  1842 1868.714   2.826  39.692   0.000 1831.848  4892846.3 436547.9 415904.0     0.0 49807.7  10893.8 74365.5 16869.0
  1843 280.883   4.333  25.749   0.000 259.467  4989885.3 526220.7 439522.3     0.0 30474.4  15002.1  7634.4 20510.6
  1844 727.348   3.898  33.524   0.000 697.721  5074709.7 403871.5 553138.7     0.0 33722.8  14275.4 11423.0 18685.0
  1845 -270.549   4.333  31.868   0.000 -298.084  4914698.3 381627.2 650286.6     0.0 28015.8  14539.0 20137.9 18683.8

                 Carbon flux (ktC/yr)                    Water (dam3/yr)                Nitrogen (MgN/yr)
       --------------------------------------- ---------------------------------- --------------------------------
Spinup NEP     estab   harvest product NBP     transp     evap    interc  wd      nuptake ndemand  nlosses ninflux
------ ------- ------- ------- ------- ------- ---------- ------- ------- ------- ------- -------- ------- -------
  1846 -968.484   4.165  30.020   0.000 -994.338  4273691.0 327308.2 366457.4     0.0 28991.6  13435.0  3067.8 14903.7
  1847 -333.251   4.333  22.348   0.000 -351.266  5061017.0 446156.7 554271.3     0.0 33255.0  20328.1  4917.5 22080.1
  1848 545.131   3.728  34.122   0.000 514.736  5133899.7 366676.9 631424.6     0.0 35458.1  17239.9  9853.4 19543.1
  1849 -540.368   4.334  19.127   0.000 -555.161  3821821.6 249216.7 387645.2     0.0 25372.2  11504.0  7802.8 14261.9
  1850 -458.706   4.333  29.956   0.000 -484.329  4909619.9 421921.0 821810.9     0.0 34734.0  17858.8 14211.0 18035.9
  1851 -237.602   4.333  29.895   0.000 -263.165  5003311.3 375379.1 522698.5     0.0 30334.9  15541.7  4502.0 17848.1
  1852 -385.824   4.333  26.719   0.000 -408.210  4343050.9 267774.5 349257.1     0.0 35103.2  11010.7  3958.7 13207.9
  1853 -1963.099   4.396  24.615   0.000 -1983.318  2548386.6 178788.9 188794.4     0.0 10444.8   2840.4  6441.6  6034.7
  1854 672.094   4.282  23.103   0.000 653.274  3693669.7 530587.6 273807.6     0.0 48404.7   4981.8  7347.5  8716.0
  1855 -80.503   4.332  32.386   0.000 -108.557  3715434.2 312140.3 274491.1     0.0 27441.7   9274.0 14198.8 11257.0
  1856 514.738   4.334  30.274   0.000 488.798  4393291.5 412616.7 401231.6     0.0 46630.6  10275.4  6766.6 12441.5
  1857 430.225   4.333  41.162   0.000 393.396  4621656.6 334673.1 340348.8     0.0 36758.2  13615.5  7615.8 14144.9
  1858 -48.300   4.333  18.566   0.000 -62.532  4522627.0 378263.8 493821.6     0.0 28175.7   8932.5  8828.2 10353.1
  1859 -248.488   4.333  24.715   0.000 -268.870  4779701.8 321062.3 402251.7     0.0 32745.7  10988.7 15883.5 12088.0
  1860 -452.623   4.334  27.669   0.000 -475.959  4345815.9 325215.5 447883.7     0.0 30118.9  12476.5  5680.0 12909.1
  1861  93.142   4.333  32.348   0.000  65.127  4986167.2 417267.7 845185.3     0.0 38740.6  17860.1 25562.0 17065.4
  1862 -60.986   4.333  29.151   0.000 -85.804  4677460.1 335657.2 438492.0     0.0 31832.2  14780.1  8473.8 15993.8
  1863 -3162.521   4.505  12.232   0.000 -3170.247  1208345.5 107688.4 98844.4     0.0   103.2    226.8  9232.6  3995.7
  1864 -954.927   4.324  11.629   0.000 -962.227  2024080.0 442649.0 74940.9     0.0 21290.4   1057.4 20174.2  4109.2
  1865 2699.494   4.206  22.193   0.000 2681.507  4074581.1 929481.3 191362.6     0.0 61722.1   6891.7 19419.1  8185.1
  1866 -355.018   4.335  22.086   0.000 -372.767  3243690.1 285107.5 143518.1     0.0 13566.4   2099.0 24138.2  4845.7
  1867 1342.211   4.332  31.583   0.000 1314.959  4374758.1 369238.1 251841.0     0.0 65508.1  13097.1 12733.0 13025.2
  1868 -1896.014   4.422  14.543   0.000 -1906.134  2158916.3 222598.8 127760.5     0.0 -2003.3    996.0 13192.3  4810.0
  1869 3861.760   4.255  29.617   0.000 3836.398  4742446.2 982299.0 359981.1     0.0 67632.8   7912.4 51882.7 14360.0
  1870 318.103   4.333  19.521   0.000 302.914  4789341.3 381251.6 304281.2     0.0 23196.1   6780.5 12668.1 10018.2

                 Carbon flux (ktC/yr)                    Water (dam3/yr)                Nitrogen (MgN/yr)
       --------------------------------------- ---------------------------------- --------------------------------
Spinup NEP     estab   harvest product NBP     transp     evap    interc  wd      nuptake ndemand  nlosses ninflux
------ ------- ------- ------- ------- ------- ---------- ------- ------- ------- ------- -------- ------- -------
  1871 -748.017   4.334  23.021   0.000 -766.704  4190338.1 326681.2 267161.8     0.0 25568.4   9208.5  4748.8 11270.9
  1872 -762.663   4.334  14.003   0.000 -772.332  4002413.8 332456.6 334854.8     0.0 31500.6   7654.6  9270.8  9648.1
  1873 -871.019   4.335  26.615   0.000 -893.299  3910531.8 275141.0 247303.9     0.0 31270.0  10983.1  5265.6 11146.8
  1874 -1130.187   4.337  17.719   0.000 -1143.569  3317091.0 301819.0 234182.2     0.0 31015.3   7404.3  6467.5  8130.6
  1875  24.543   4.335  11.457   0.000  17.421  3444238.8 294998.9 244968.1     0.0 41698.2  10575.2  7090.9  9879.6
  1876 998.020   4.333  43.452   0.000 958.901  4801036.4 375043.5 471593.7     0.0 40975.3  17773.2 23177.0 17632.4
  1877 -1230.707   4.345  26.779   0.000 -1253.140  3166722.5 217751.1 203016.1     0.0 16914.4   3344.5  7075.5  5751.8
  1878 910.922   4.325  34.619   0.000 880.628  4569876.4 417254.8 386609.5     0.0 43324.9   9036.7  5494.6 13163.5
  1879 -410.910   4.334  34.625   0.000 -441.201  4198903.5 334844.9 278811.7     0.0 28168.5  10154.6  5691.5 10941.6
  1880 -1951.696   4.418  15.904   0.000 -1963.181  2158857.7 187986.9 161771.5     0.0  8430.8   1349.5  7942.5  4893.9
  1881 -657.712   4.341  16.136   0.000 -669.506  2531941.6 418195.4 162229.1     0.0 27727.7   2244.6 16158.9  5158.6
  1882 1682.954   4.261  31.218   0.000 1655.998  3927549.4 647654.4 214631.1     0.0 55255.9   7158.6  8079.4  8851.8
  1883 480.399   4.335  29.561   0.000 455.172  4103855.1 342005.1 207293.0     0.0 28566.7   7666.0  7660.8  9628.8
  1884  97.148   4.335  27.858   0.000  73.624  3360787.6 252612.9 279495.3     0.0 37003.5   8368.2 11605.3 10943.0
  1885 633.700   4.333  24.214   0.000 613.819  4314920.4 314502.3 401363.1     0.0 42847.7  12213.0 20198.6 13349.8
  1886 -2543.871   4.470  20.832   0.000 -2560.231  1780592.8 120767.9 81020.1     0.0   889.9   1068.2 10499.7  4662.8
  1887 2237.495   4.213  26.813   0.000 2214.894  3746125.2 678921.2 150218.4     0.0 55258.3   5284.4 12004.1  7333.0
  1888 467.248   4.335  14.343   0.000 457.240  3704569.9 404139.9 190811.9     0.0 20551.8   4386.2  9387.4  7059.2
  1889 486.145   4.334  16.232   0.000 474.248  3887270.3 405612.2 269006.7     0.0 40926.7   4453.9  9251.5  6619.2
  1890 682.256   4.333  33.010   0.000 653.579  4585113.2 344787.0 312004.2     0.0 38553.6  12466.4 11742.8 13438.5
  1891 -1320.003   4.342  21.643   0.000 -1337.303  3410611.0 275388.5 246113.7     0.0 20727.8   5545.5  8392.7  7714.1
  1892 175.714   4.328  27.220   0.000 152.822  3825348.9 311730.1 287461.3     0.0 42664.1   9981.6  8229.3 11748.7
  1893 1020.822   4.332  32.863   0.000 992.291  5050034.6 447472.9 675184.6     0.0 43505.6  16500.7 44569.8 15563.4
  1894 430.841   4.333  20.982   0.000 414.192  4563611.5 270871.9 313372.6     0.0 31177.8   8438.8 10848.8 11985.2
  1895 -1520.787   4.362  26.273   0.000 -1542.698  3009100.3 194360.7 224128.3     0.0 18436.1   3577.9  7251.2  5918.1

                 Carbon flux (ktC/yr)                    Water (dam3/yr)                Nitrogen (MgN/yr)
       --------------------------------------- ---------------------------------- --------------------------------
Spinup NEP     estab   harvest product NBP     transp     evap    interc  wd      nuptake ndemand  nlosses ninflux
------ ------- ------- ------- ------- ------- ---------- ------- ------- ------- ------- -------- ------- -------
  1896 -1386.815   4.362  20.622   0.000 -1403.075  2563924.2 261292.2 176246.6     0.0 18005.3   1538.5 12604.4  4701.2
  1897 922.792   4.287  26.724   0.000 900.355  3816183.2 527315.2 270811.0     0.0 46740.5   6887.4  7077.5  9882.5
  1898 1387.483   4.333  26.364   0.000 1365.452  4455997.0 325835.9 380361.6     0.0 40451.2   8738.5 18967.8 13217.3
  1899 -80.775   4.333  30.542   0.000 -106.984  4355089.4 341637.2 382566.2     0.0 26632.2  11739.2  5219.9 13640.2
  1900 -83.819   4.333  31.015   0.000 -110.501  4877883.0 384743.5 485483.6     0.0 30437.3  14064.5  6783.2 15939.5

                 Carbon flux (ktC/yr)                    Water (dam3/yr)                Nitrogen (MgN/yr)
       --------------------------------------- ---------------------------------- --------------------------------
Year   NEP     estab   harvest product NBP     transp     evap    interc  wd      nuptake ndemand  nlosses ninflux
------ ------- ------- ------- ------- ------- ---------- ------- ------- ------- ------- -------- ------- -------
  1901 -538.756   4.333  26.000   0.000 -560.423  4666400.8 327378.3 390133.2     0.0 27337.4  12685.0 11363.1 14356.6
  1902 -477.335   4.333  27.367   0.000 -500.369  4439314.4 320643.7 397453.0     0.0 29634.7  12867.9  3537.2 13372.7
  1903  23.830   4.333  31.505   0.000  -3.343  5149873.4 434744.8 596601.8     0.0 33910.4  20100.1  7581.1 23085.4
  1904 -693.088   4.334  32.364   0.000 -721.118  4185364.5 313816.0 328487.6     0.0 24777.6  12384.2  3453.5 11835.9
  1905 -906.097   4.335  25.442   0.000 -927.204  3744012.9 324866.1 378944.8     0.0 29300.2  12723.5  4587.1 13251.8
  1906 -1328.927   4.354  23.789   0.000 -1348.361  2851913.1 215809.7 219430.3     0.0 26653.0   4461.4  6351.7  5861.2
  1907 346.917   4.319  26.746   0.000 324.490  3736646.6 459988.4 318084.8     0.0 42690.2  10931.9  5242.8 12073.4
  1908 1284.356   4.333  32.790   0.000 1255.899  4970251.4 531514.5 664609.2     0.0 39232.6  20018.3 26584.6 24224.1
  1909 778.044   4.333  20.252   0.000 762.125  4427297.1 301872.0 495766.3     0.0 29941.1  10666.8 11400.7 14126.8
  1910 -1175.705   4.335  30.144   0.000 -1201.514  3892784.0 279651.9 320601.9     0.0 22748.3  10667.0  3859.4 11670.4
  1911 404.842   4.333  27.724   0.000 381.452  4700461.4 381784.1 645904.9     0.0 41417.2  17966.2 10786.4 20088.3
  1912 207.463   4.333  32.059   0.000 179.738  4750921.3 434494.7 873066.3     0.0 31348.7  16586.6 22067.5 17945.7
  1913  65.124   4.333  34.988   0.000  34.469  4607145.3 374115.5 675095.8     0.0 30557.6  16226.9 24974.3 19248.8
  1914 -316.486   4.334  40.649   0.000 -352.802  4404432.7 336603.0 462191.9     0.0 32020.3  15171.5  6016.4 16550.4
  1915 -370.347   4.334  34.832   0.000 -400.845  4362751.5 372842.4 556548.3     0.0 33557.4  15745.0  4194.4 16226.9
  1916 -360.600   4.335  43.883   0.000 -400.149  3595336.0 243150.8 401349.8     0.0 32703.1  13669.1  8463.6 15512.9
  1917 -1688.481   4.377  23.692   0.000 -1707.796  2502384.4 219757.8 184126.8     0.0 17297.0   3059.9  6591.0  5178.3
  1918 730.083   4.300  35.691   0.000 698.692  3982969.3 491772.2 276270.3     0.0 54143.8  15113.5  5644.2 13795.3
  1919 1561.073   4.333  16.759   0.000 1548.648  4381631.6 480511.7 393530.1     0.0 37284.5  10981.4  6867.5 13164.7
  1920 -1177.605   4.360  17.063   0.000 -1190.307  3140029.5 297095.4 287576.0     0.0 16422.2   4654.9 10508.4  5526.7
  1921 1316.514   4.313  42.073   0.000 1278.755  4548297.9 509572.8 570713.7     0.0 44638.7  13572.5 38171.9 17330.3
  1922  33.038   4.334  19.612   0.000  17.760  4374156.3 440006.9 480403.4     0.0 28988.2  11604.7  5496.3 13607.4
  1923 -1099.415   4.337  38.745   0.000 -1133.823  3512543.8 303170.1 346060.4     0.0 22456.7  12043.2 10524.8 13322.8
  1924 -2809.618   4.524   5.001   0.000 -2810.091  1018961.1 145645.8 80938.2     0.0   745.5    167.1 10262.1  3349.4
  1925 328.139   4.236  20.758   0.000 311.618  2445706.0 540631.6 81070.6     0.0 44980.9   3754.6 11146.2  4297.3

                 Carbon flux (ktC/yr)                    Water (dam3/yr)                Nitrogen (MgN/yr)
       --------------------------------------- ---------------------------------- --------------------------------
Year   NEP     estab   harvest product NBP     transp     evap    interc  wd      nuptake ndemand  nlosses ninflux
------ ------- ------- ------- ------- ------- ---------- ------- ------- ------- ------- -------- ------- -------
  1926 2994.410   4.273  22.665   0.000 2976.018  3832785.4 619487.9 182756.4     0.0 51344.1   4666.0 11450.9  6307.7
  1927 1713.423   4.333  41.532   0.000 1676.224  4359344.1 353486.4 239097.0     0.0 41822.9   8832.7  8149.1 13132.9
  1928 156.022   4.333  25.800   0.000 134.556  3834732.1 313469.7 256989.1     0.0 32449.5   6890.7  7183.0  8538.0
  1929 -401.606   4.334  30.267   0.000 -427.539  4096639.8 358241.9 265456.8     0.0 30518.3   9891.5  6129.4  9972.5
  1930 959.485   4.332  34.190   0.000 929.627  5187575.5 445805.4 549684.3     0.0 46829.4  17681.6 18545.4 18965.1
  1931 537.658   4.332  36.469   0.000 505.521  4809538.7 374117.5 415171.3     0.0 28973.3  12594.1  5388.2 12744.3
  1932 -399.160   4.332  33.603   0.000 -428.431  4397127.2 361626.8 646416.2     0.0 27068.9  14455.3 20870.7 14964.5
  1933 -251.409   4.332  26.695   0.000 -273.772  4677818.1 332946.3 461364.7     0.0 33168.7  14917.4  6456.9 15258.8
  1934 -279.817   4.332  30.913   0.000 -306.398  4546834.1 348778.7 502035.7     0.0 30008.5  14738.3  4012.3 14307.8
  1935 -576.503   4.333  21.194   0.000 -593.363  3929287.6 283738.3 377038.6     0.0 28312.4   9705.8  4120.9  9055.0
  1936 -2160.404   4.390  27.466   0.000 -2183.479  2917838.8 243229.5 239572.6     0.0 12831.0   6347.4  5538.6  6943.2
  1937  71.665   4.289  30.337   0.000  45.617  3206451.9 427782.8 218592.0     0.0 45513.7   9093.9  6742.0  9862.7
  1938 -164.099   4.332  19.386   0.000 -179.153  3583398.6 348249.2 257639.9     0.0 34349.6   6684.2  6747.2  5985.5
  1939 1830.095   4.332  25.901   0.000 1808.526  5036298.9 467972.2 544608.8     0.0 52931.6  17605.4 22145.2 16317.0
  1940 1982.485   4.332  32.810   0.000 1954.007  5669791.6 484798.0 607773.7     0.0 33885.6  20583.0 10105.4 20412.3
  1941 587.303   4.163  33.224   0.000 558.243  5007662.2 363163.0 503358.4     0.0 24971.2  14202.5  5719.1 15168.6
  1942 -932.359   4.334  25.152   0.000 -953.176  4179369.2 328480.7 402846.0     0.0 27318.9  11917.9  4211.2 11024.9
  1943 -569.826   4.165  29.941   0.000 -595.603  4379581.6 365405.0 538726.3     0.0 33952.3  16795.5  7585.6 16009.3
  1944 -569.250   4.335  31.345   0.000 -596.260  4405016.0 333546.0 417534.7     0.0 31477.9  17024.4  3868.1 14405.5
  1945 -445.663   3.646  16.778   0.000 -458.795  4106430.9 365218.4 464439.0     0.0 31898.0  13719.0  4558.5 12087.5
  1946 -570.385   4.335  26.923   0.000 -592.973  4135787.9 372779.6 355519.8     0.0 31405.8  16038.9  4985.9 14742.1
  1947 -478.267   4.335  25.097   0.000 -499.030  4041297.8 396161.6 401567.7     0.0 33144.9  15377.6  4794.6 12941.7
  1948 -1773.309   4.366  19.890   0.000 -1788.831  2754369.7 319995.6 262694.5     0.0 11661.3   5231.1  8544.5  5567.3
  1949 1632.179   4.309  27.531   0.000 1608.957  4357143.6 599027.4 397430.4     0.0 58880.5  12179.6  6362.6 13674.8
  1950 1216.181   4.333  37.803   0.000 1182.711  5026483.4 409644.0 411883.3     0.0 31787.8  18318.6  7621.7 20215.3

                 Carbon flux (ktC/yr)                    Water (dam3/yr)                Nitrogen (MgN/yr)
       --------------------------------------- ---------------------------------- --------------------------------
Year   NEP     estab   harvest product NBP     transp     evap    interc  wd      nuptake ndemand  nlosses ninflux
------ ------- ------- ------- ------- ------- ---------- ------- ------- ------- ------- -------- ------- -------
  1951 400.238   4.333  20.642   0.000 383.929  4385320.9 421979.1 481481.2     0.0 28209.5  12744.3  5347.9 13100.9
  1952 -278.905   4.333  37.530   0.000 -312.102  4732224.4 407894.9 519286.3     0.0 31336.8  15114.7 10203.1 14932.2
  1953 -786.664   4.334  30.894   0.000 -813.224  4489240.9 392630.4 430203.6     0.0 29349.9  15650.3  5003.7 15283.7
  1954 -971.894   4.335  34.112   0.000 -1001.670  3864883.4 327425.5 401634.5     0.0 31510.2  15613.4  4967.4 14241.5
  1955 -682.332   4.337  12.048   0.000 -690.043  3294264.3 327298.6 334158.2     0.0 35270.4  10828.2  6562.9  9319.9
  1956 570.244   4.334  26.424   0.000 548.154  4917639.5 337429.5 428454.4     0.0 45630.1  24177.8  7288.7 20229.4
  1957 1039.951   4.163  27.852   0.000 1016.262  5085232.2 390106.2 526621.8     0.0 38761.9  18600.0  7499.1 19043.6
  1958 814.024   4.331  32.413   0.000 785.942  5223540.9 403928.4 536512.5     0.0 34498.5  19466.6 11577.2 19200.0
  1959 640.867   2.822  38.338   0.000 605.351  5077064.0 426394.8 629826.3     0.0 32304.4  19236.2  7240.9 19532.5
  1960 206.703   4.330  24.818   0.000 186.215  4879694.0 380102.7 647335.8     0.0 32809.5  16957.7  9645.7 17320.7
  1961 -472.522   4.332  30.509   0.000 -498.699  4810663.1 336410.7 482013.1     0.0 31888.7  15381.5  4053.6 14574.8
  1962 -510.798   2.994  27.293   0.000 -535.097  4553948.9 273261.5 428350.7     0.0 34054.1  15113.4  5326.5 13241.1
  1963 -1197.493   3.900  21.526   0.000 -1215.119  3625493.4 280258.5 336118.0     0.0 32438.3  14396.7  4993.3 11867.7
  1964 -481.606   4.337  18.119   0.000 -495.388  3870667.6 283341.9 388348.9     0.0 37536.2  13185.2  5844.6 12024.7
  1965 380.949   4.332  39.861   0.000 345.421  4689251.2 430715.2 559860.2     0.0 39702.0  23885.7  5748.9 20292.4
  1966 539.196   4.332  42.993   0.000 500.535  4737983.5 370389.0 497266.0     0.0 36614.3  18233.3 11466.1 18029.3
  1967 -742.184   4.335  28.474   0.000 -766.323  3902456.3 324077.8 397566.9     0.0 27337.7  10942.2  5070.3  9408.2
  1968 -589.763   4.335  23.280   0.000 -608.707  4008670.9 359058.9 425832.1     0.0 37621.7  15482.3  5095.4 12478.6
  1969 -880.057   4.340  18.736   0.000 -894.452  3251597.1 294724.2 336856.6     0.0 30968.7   7919.3  6983.3  8354.3
  1970 -596.712   4.335  23.131   0.000 -615.508  3662344.4 339517.7 344612.4     0.0 38468.4  14251.1  6080.4 11538.7
  1971 -105.512   4.337  18.950   0.000 -120.125  3835650.4 270715.6 332197.3     0.0 40601.1  14485.5  8020.8 12565.7
  1972 -89.760   2.770  17.554   0.000 -104.544  3751528.5 384161.2 393962.8     0.0 38164.8  13306.2  6977.5 11407.7
  1973 726.357   4.334  18.504   0.000 712.187  4586996.3 373696.2 385189.8     0.0 39072.6  15903.0  5951.1 16362.6
  1974 838.964   4.332  41.005   0.000 802.290  4841600.6 398554.8 498745.5     0.0 36298.4  19065.5 12142.6 19305.7
  1975 171.702   3.128  34.115   0.000 140.715  4572075.1 375808.4 520864.7     0.0 33978.3  17815.9  6235.7 16763.1

                 Carbon flux (ktC/yr)                    Water (dam3/yr)                Nitrogen (MgN/yr)
       --------------------------------------- ---------------------------------- --------------------------------
Year   NEP     estab   harvest product NBP     transp     evap    interc  wd      nuptake ndemand  nlosses ninflux
------ ------- ------- ------- ------- ------- ---------- ------- ------- ------- ------- -------- ------- -------
  1976 -856.935   2.712  33.013   0.000 -887.237  3880008.9 343875.8 458103.6     0.0 28624.3  11446.9  6412.1 11785.6
  1977 -390.964   4.333  39.553   0.000 -426.184  4332287.2 327435.5 424714.4     0.0 40324.7  18582.1  5902.6 17364.3
  1978 -993.027   4.337  33.250   0.000 -1021.941  3565897.7 336647.7 349414.8     0.0 30644.0   9232.2  6773.0  9877.6
  1979  73.983   4.334  40.159   0.000  38.158  4146650.1 351161.2 359752.3     0.0 46319.5  17143.1  6384.0 17281.2
  1980 449.278   4.333  29.829   0.000 423.782  4429105.3 342924.8 367428.0     0.0 39094.7  16825.1  6101.2 15404.6
  1981 709.805   4.331  42.817   0.000 671.319  4499832.5 328219.9 493363.9     0.0 38626.7  17971.7  6922.8 17568.3
  1982 339.290   4.330  35.864   0.000 307.756  4381131.2 309697.5 533352.8     0.0 38206.8  17887.8 15290.4 17485.7
  1983 -1368.240   3.739  18.836   0.000 -1383.338  3200263.5 296847.4 319338.5     0.0 26070.8   5501.5  6665.8  6488.6
  1984 538.177   4.318  24.506   0.000 517.988  3865690.8 374831.0 432510.1     0.0 44989.4  10824.1  7250.5 12219.2
  1985 881.707   4.332  18.947   0.000 867.091  5019186.3 347891.1 390565.7     0.0 40092.5  17878.4  6363.0 17659.1
  1986 343.757   2.395  31.461   0.000 314.690  4651497.1 361734.6 450838.0     0.0 35487.1  15043.5  6567.8 15035.1
  1987 -1089.537   4.336  20.707   0.000 -1105.908  3628628.6 274878.9 407560.1     0.0 23268.3  11513.2  7126.9 12463.6
  1988 -1598.414   3.060  20.544   0.000 -1615.892  2867081.6 301961.4 296871.2     0.0 26557.0   4838.5  9874.7  6874.4
  1989 665.729   4.301  15.644   0.000 654.386  3766300.2 394186.3 294732.0     0.0 51568.4   8225.9  8945.9  9629.9
  1990 1233.124   4.335  28.275   0.000 1209.183  4037346.0 367463.1 343343.9     0.0 42774.0   7870.1  8293.6  9833.8
  1991 1616.142   4.333  29.082   0.000 1591.392  4871917.4 326672.3 473737.8     0.0 46452.5  15406.0 11097.8 16196.4
  1992 1208.511   4.331  31.789   0.000 1181.053  5078895.1 351456.2 560865.8     0.0 38524.2  17399.0  9105.5 18211.7
  1993 -1649.672   4.363  20.130   0.000 -1665.438  3251617.2 260837.1 332885.5     0.0 19213.5   4919.2 10607.5  7687.9
  1994 -381.098   4.314  26.439   0.000 -403.223  3525149.1 324272.6 285496.0     0.0 33510.6   6543.4 11473.1  9383.7
  1995 -922.661   4.339  23.439   0.000 -941.761  3000001.7 284937.5 260194.3     0.0 34675.2   7124.5  8661.9  8978.7
  1996 1347.317   4.329  24.357   0.000 1327.288  4693666.4 411821.3 429581.9     0.0 54684.1  18656.5  7617.4 19826.7
  1997 732.462   4.333  35.728   0.000 701.067  4387273.8 331126.3 349893.7     0.0 32949.8  11619.3  7281.1 12473.7
  1998 597.133   4.332  35.721   0.000 565.744  4434374.5 347135.1 393424.5     0.0 38424.5  14222.2  7090.0 15601.4
  1999 -549.240   4.333  41.946   0.000 -586.853  4081004.9 291604.7 431617.7     0.0 28189.5  14213.1  8779.4 14741.2
  2000 362.447   4.332  20.957   0.000 345.821  4236222.0 342619.7 528438.6     0.0 47649.6  14714.8  7550.0 15201.3

                 Carbon flux (ktC/yr)                    Water (dam3/yr)                Nitrogen (MgN/yr)
       --------------------------------------- ---------------------------------- --------------------------------
Year   NEP     estab   harvest product NBP     transp     evap    interc  wd      nuptake ndemand  nlosses ninflux
------ ------- ------- ------- ------- ------- ---------- ------- ------- ------- ------- -------- ------- -------
  2001 -401.385   4.334  32.611   0.000 -429.662  3938650.4 291688.2 373513.8     0.0 32769.2  12456.5  7173.9 12222.3
  2002 -613.091   4.334  21.554   0.000 -630.311  3436021.8 309840.4 299556.2     0.0 36308.4  10131.5  8141.9 10133.5
  2003 -285.225   2.995  29.777   0.000 -312.006  3917956.9 341807.1 390948.3     0.0 39944.3  13923.3  7850.5 13573.0
  2004 -655.441   4.336  23.472   0.000 -674.577  3449830.0 286480.9 294229.0     0.0 36570.8  10541.9  8108.6 10742.8
  2005  94.696   4.335  39.172   0.000  59.859  4016699.4 307251.4 388099.8     0.0 47330.3  18325.2  7538.1 15448.8
  2006 1311.527   4.332  35.246   0.000 1280.613  4790662.6 380282.5 525452.9     0.0 44024.2  17979.8  8052.9 18648.1
  2007 -503.573   4.333  41.187   0.000 -540.427  3596937.0 264916.1 322033.6     0.0 26219.4  12851.0  8801.7 14984.4
  2008 122.134   4.332  34.520   0.000  91.946  4187420.6 285779.4 418863.6     0.0 49253.7  16720.8  8040.3 16311.1
  2009 -193.066   4.333  40.043   0.000 -228.775  3724157.6 302455.7 390084.1     0.0 33215.5  11315.3  8423.2 12268.5
  2010 382.568   4.331  38.944   0.000 347.955  4530094.9 358528.4 394287.6     0.0 45712.9  19903.5  7425.3 18515.1
  2011 -247.759   4.333  30.397   0.000 -273.822  3751551.0 345972.6 380751.5     0.0 32922.4  10054.6  8773.0 10087.5
  2012 207.962   4.332  33.067   0.000 179.227  4289744.2 324291.9 363034.5     0.0 42609.0  14225.9  7531.2 14329.6
  2013 -880.497   4.346  27.374   0.000 -903.524  3457817.1 327881.6 339035.7     0.0 29531.2   6041.8  8212.9  8604.2
  2014 449.282   4.323  33.267   0.000 420.337  4182378.5 364803.3 405261.7     0.0 47893.1  15800.7  7620.0 16321.3
  2015 712.616   4.333  27.043   0.000 689.906  4127591.9 346455.2 431990.3     0.0 40313.6  12530.2  7646.5 13403.1
  2016 436.588   1.791  28.590   0.000 409.789  3844548.4 329357.8 426044.4     0.0 36466.0  10428.6  7484.7 11136.8
  2017 -20.126   4.333  32.095   0.000 -47.887  3782145.5 323611.7 413349.6     0.0 37813.6  11540.3  7868.3 13170.3
  2018 182.941   4.144  34.339   0.000 152.746  4141031.9 342388.6 444648.0     0.0 37202.2  12911.8  7567.5 15144.9
  2019 231.936   4.332  29.165   0.000 207.102  4429271.4 314478.9 421393.7     0.0 41646.9  17711.2  7656.3 18823.8
Simulation ended.
lpjml successfully terminated, 63 grid cells processed.
Wall clock time:	325 sec, 0.017 sec/cell/year.
Total wall clock time:	334 sec (00:05:34).
