--------------------------------------
Running config: /home/druijsch/LPJmL5/dev15oct2025/config_files/2026_04_08_run_for_10_locations/tropical_broadleaved_evergreen_tree/spinup/configs/tropical_broadleaved_evergreen_tree_patch9_config_restart.cjson
SLURM task ID: 4
Node: tcn497.local.snellius.surf.nl
--------------------------------------
******************************************************************************
****        _     ____     _           _       ____        _  ___         ****
****       | |   |  _ \   | |_ __ ___ | |     | ___|      / |/ _ \        ****
****       | |   | |_) |  | | '_ ` _ \| |     |___ \      | | | | |       ****
****       | |___|  __/ |_| | | | | | | |___   ___) |  _  | | |_| |       ****
****       |_____|_|   \___/|_| |_| |_|_____| |____/  (_) |_|\___/        ****
****                                                                      ****
****                 lpjml C Version 5.10.1 (Apr 14 2026)                 ****
****    Dynamic global vegetation model with natural and managed land     ****
****                     Compiled for Linux with MPI                      ****
****       (C) Potsdam Institute for Climate Impact Research (PIK),       ****
****                          see COPYRIGHT file                          ****
****              Authors, and contributors see AUTHORS file              ****
**** This version of LPJmL is licensed under GNU AGPL Version 3 or later  ****
****        See LICENSE file or go to http://www.gnu.org/licenses/        ****
****                 or invoke lpjml -l to print license                  ****
****      https://gitlab.pik-potsdam.de/lpjml/wur_team/lpjml-wur.git      ****
****          GIT hash: 5e6f8e1bb5c5d5f3357da68b6c43e9517864f3c2          ****
****                                                                      ****
******************************************************************************

Running for user druijsch on tcn497.local.snellius.surf.nl at Tue Apr 14 16:47:15 2026
Reading configuration from '/home/druijsch/LPJmL5/dev15oct2025/config_files/2026_04_08_run_for_10_locations/tropical_broadleaved_evergreen_tree/spinup/configs/tropical_broadleaved_evergreen_tree_patch9_config_restart.cjson'.
==============================================================================
/----------------------------------------------------------\
|institution: Potsdam Institute for Climate Impact Research|
|contact:                                                  |
|comment:                                                  |
\----------------------------------------------------------/
Simulation "LPJmL Run" running on 50 tasks
Simulation with shuffle spinup climate, nitrogen limitation, permafrost, 
Johansen conductivity, percolation heattransfer, GSI phenology, 
NPP controlled BNF, land use, potential irrigation, 
others to crop "maize" and "temperate cereals", land-use change timber, 
fixed residue remove, with auto fertilizer, pft.cjson LAImax, 
livestock grazing, bondau2007 crop PHU option, separate harvests.
Cultivation types: none, biomass, annual crop
Working directory: /gpfs/home5/druijsch/LPJmL5/dev15oct2025
cpp processed configuration file written to `/projects/prjs2023/chapter3/lpjml_output/2026_04_08_run_for_10_locations/tropical_broadleaved_evergreen_tree/patch_9/`.
Starting from restart file '/home/druijsch/LPJmL5/dev15oct2025/restart/2026_04_08_run_for_10_locations/tropical_broadleaved_evergreen_tree/patch_9/restart_1901_nv_stdfire.lpj'.
Input files:
Variable     Fmt  Varname  Filename
------------ ---- -------- ---------------------------------------------------
soil         cdf  soilcode /projects/prjs2023/chapter3/lpjml_input/run_for_10_locations/tropical_broadleaved_evergreen_tree/patch_9/soil.nc
temp         cdf  tas      /projects/prjs2023/chapter3/lpjml_input/run_for_10_locations/tropical_broadleaved_evergreen_tree/patch_9/temp.nc
prec         cdf  pr       /projects/prjs2023/chapter3/lpjml_input/run_for_10_locations/tropical_broadleaved_evergreen_tree/patch_9/prec.nc
lwdown       cdf  rlds     /projects/prjs2023/chapter3/lpjml_input/run_for_10_locations/tropical_broadleaved_evergreen_tree/patch_9/lwdown.nc
swdown       cdf  rsds     /projects/prjs2023/chapter3/lpjml_input/run_for_10_locations/tropical_broadleaved_evergreen_tree/patch_9/swdown.nc
no3_depo     cdf  noy      /projects/prjs2023/chapter3/lpjml_input/ndep-noy_histsoc_monthly_1901_2021_units.nc
nh4_depo     cdf  nhx      /projects/prjs2023/chapter3/lpjml_input/ndep-nhx_histsoc_monthly_1901_2021_units.nc
soilpH       cdf  soil_ph  /projects/prjs2023/chapter3/lpjml_input/hwsd_soil_data_all_land_oceanfilled.nc
co2          txt           /projects/prjs2023/chapter3/lpjml_input/co2_1832-2023.dat
windspeed    cdf  sfcwind  /projects/prjs2023/chapter3/lpjml_input/run_for_10_locations/tropical_broadleaved_evergreen_tree/patch_9/wind.nc
countries    cdf  country  /projects/prjs2023/chapter3/lpjml_input/regridded_cow_full_2018_5min_reduced_filled.nc
landuse      cdf  CFTfrac  /projects/prjs2023/chapter3/lpjml_input/MAPSPAM_2020_crops_filled_ESA_01deg_v7.nc
------------ ---- -------- ---------------------------------------------------
Writing restart file '/home/druijsch/LPJmL5/dev15oct2025/restart/2026_04_08_run_for_10_locations/tropical_broadleaved_evergreen_tree/patch_9/restart_1960_crop_stdfire_base.lpj' after year 1960.
Reading random seeds from restart file.
Number of output files:       65
Output written in year:       1901
Byte order in output files:   little endian

Compression level for NetCDF: 3
Missing value in NetCDF:      -1e+32
Base year in NetCDF:          1901
NetCDF grid:                  local
Variable            Fmt  Unit        Type   tstep nbd Filename
------------------- ---- ----------- ------ ----- --- -------------------------
albedo              cdf  -           float  month   1 /projects/prjs2023/chapter3/lpjml_output/2026_04_08_run_for_10_locations/tropical_broadleaved_evergreen_tree/patch_9/output/malbedo.nc + .json
cftfrac             cdf  -           float  year   32 /projects/prjs2023/chapter3/lpjml_output/2026_04_08_run_for_10_locations/tropical_broadleaved_evergreen_tree/patch_9/output/cftfrac.nc + .json
discharge           cdf  hm3/day     float  month   1 /projects/prjs2023/chapter3/lpjml_output/2026_04_08_run_for_10_locations/tropical_broadleaved_evergreen_tree/patch_9/output/mdischarge.nc + .json
evap                cdf  mm/month    float  month   1 /projects/prjs2023/chapter3/lpjml_output/2026_04_08_run_for_10_locations/tropical_broadleaved_evergreen_tree/patch_9/output/mevap.nc + .json
fapar               cdf  -           float  month   1 /projects/prjs2023/chapter3/lpjml_output/2026_04_08_run_for_10_locations/tropical_broadleaved_evergreen_tree/patch_9/output/mfapar.nc + .json
firec               cdf  gC/m2/yr    float  year    1 /projects/prjs2023/chapter3/lpjml_output/2026_04_08_run_for_10_locations/tropical_broadleaved_evergreen_tree/patch_9/output/firec.nc + .json
firef               cdf  1           float  year    1 /projects/prjs2023/chapter3/lpjml_output/2026_04_08_run_for_10_locations/tropical_broadleaved_evergreen_tree/patch_9/output/firef.nc + .json
flux_estabc         cdf  gC/m2/yr    float  year    1 /projects/prjs2023/chapter3/lpjml_output/2026_04_08_run_for_10_locations/tropical_broadleaved_evergreen_tree/patch_9/output/flux_estab.nc + .json
fpc                 cdf  -           float  month  12 /projects/prjs2023/chapter3/lpjml_output/2026_04_08_run_for_10_locations/tropical_broadleaved_evergreen_tree/patch_9/output/fpc.nc + .json
globalflux          txt  -           float  year    1 /projects/prjs2023/chapter3/lpjml_output/2026_04_08_run_for_10_locations/tropical_broadleaved_evergreen_tree/patch_9/output/globalflux.csv + .json
gpp                 cdf  gC/m2/month float  month   1 /projects/prjs2023/chapter3/lpjml_output/2026_04_08_run_for_10_locations/tropical_broadleaved_evergreen_tree/patch_9/output/mgpp.nc + .json
litc                cdf  gC/m2       float  year    1 /projects/prjs2023/chapter3/lpjml_output/2026_04_08_run_for_10_locations/tropical_broadleaved_evergreen_tree/patch_9/output/litc.nc + .json
litn                cdf  gN/m2       float  year    1 /projects/prjs2023/chapter3/lpjml_output/2026_04_08_run_for_10_locations/tropical_broadleaved_evergreen_tree/patch_9/output/litn.nc + .json
npp                 cdf  gC/m2/month float  month   1 /projects/prjs2023/chapter3/lpjml_output/2026_04_08_run_for_10_locations/tropical_broadleaved_evergreen_tree/patch_9/output/mnpp.nc + .json
nuptake             cdf  gN/m2/month float  month   1 /projects/prjs2023/chapter3/lpjml_output/2026_04_08_run_for_10_locations/tropical_broadleaved_evergreen_tree/patch_9/output/mnuptake.nc + .json
pet                 cdf  mm/month    float  month   1 /projects/prjs2023/chapter3/lpjml_output/2026_04_08_run_for_10_locations/tropical_broadleaved_evergreen_tree/patch_9/output/mpet.nc + .json
pft_chawo           cdf  gC/m2       float  year   43 /projects/prjs2023/chapter3/lpjml_output/2026_04_08_run_for_10_locations/tropical_broadleaved_evergreen_tree/patch_9/output/pft_chawo.nc + .json
pft_cleaf           cdf  gC/m2       float  year   43 /projects/prjs2023/chapter3/lpjml_output/2026_04_08_run_for_10_locations/tropical_broadleaved_evergreen_tree/patch_9/output/pft_cleaf.nc + .json
pft_croot           cdf  gC/m2       float  year   43 /projects/prjs2023/chapter3/lpjml_output/2026_04_08_run_for_10_locations/tropical_broadleaved_evergreen_tree/patch_9/output/pft_croot.nc + .json
pft_csapw           cdf  gC/m2       float  year   43 /projects/prjs2023/chapter3/lpjml_output/2026_04_08_run_for_10_locations/tropical_broadleaved_evergreen_tree/patch_9/output/pft_csapw.nc + .json
pft_fpar            cdf  -           float  month  43 /projects/prjs2023/chapter3/lpjml_output/2026_04_08_run_for_10_locations/tropical_broadleaved_evergreen_tree/patch_9/output/pft_fpar.nc + .json
pft_gpp             cdf  gC/m2/month float  month  43 /projects/prjs2023/chapter3/lpjml_output/2026_04_08_run_for_10_locations/tropical_broadleaved_evergreen_tree/patch_9/output/pft_gpp.nc + .json
pft_laimax          cdf  m2/m2       float  year   43 /projects/prjs2023/chapter3/lpjml_output/2026_04_08_run_for_10_locations/tropical_broadleaved_evergreen_tree/patch_9/output/pft_laimax.nc + .json
pft_mort            cdf  1/month     float  month  11 /projects/prjs2023/chapter3/lpjml_output/2026_04_08_run_for_10_locations/tropical_broadleaved_evergreen_tree/patch_9/output/pft_mort.nc + .json
pft_mort_background cdf  1/month     float  month  11 /projects/prjs2023/chapter3/lpjml_output/2026_04_08_run_for_10_locations/tropical_broadleaved_evergreen_tree/patch_9/output/pft_mort_background.nc + .json
pft_mort_drought    cdf  1/month     float  month  11 /projects/prjs2023/chapter3/lpjml_output/2026_04_08_run_for_10_locations/tropical_broadleaved_evergreen_tree/patch_9/output/pft_mort_drought.nc + .json
pft_mort_heat       cdf  1/month     float  month  11 /projects/prjs2023/chapter3/lpjml_output/2026_04_08_run_for_10_locations/tropical_broadleaved_evergreen_tree/patch_9/output/pft_mort_heat.nc + .json
pft_nind            cdf  ind/m²     float  month  11 /projects/prjs2023/chapter3/lpjml_output/2026_04_08_run_for_10_locations/tropical_broadleaved_evergreen_tree/patch_9/output/pft_nind.nc + .json
pft_nleaf           cdf  gN/m2       float  year   43 /projects/prjs2023/chapter3/lpjml_output/2026_04_08_run_for_10_locations/tropical_broadleaved_evergreen_tree/patch_9/output/pft_nleaf.nc + .json
pft_npp             cdf  gC/m2/yr    float  year   43 /projects/prjs2023/chapter3/lpjml_output/2026_04_08_run_for_10_locations/tropical_broadleaved_evergreen_tree/patch_9/output/pft_npp.nc + .json
pft_nroot           cdf  gN/m2       float  year   43 /projects/prjs2023/chapter3/lpjml_output/2026_04_08_run_for_10_locations/tropical_broadleaved_evergreen_tree/patch_9/output/pft_nroot.nc + .json
pft_nuptake         cdf  gN/m2/yr    float  year   43 /projects/prjs2023/chapter3/lpjml_output/2026_04_08_run_for_10_locations/tropical_broadleaved_evergreen_tree/patch_9/output/pft_nuptake.nc + .json
pft_phen            cdf  -           float  month  43 /projects/prjs2023/chapter3/lpjml_output/2026_04_08_run_for_10_locations/tropical_broadleaved_evergreen_tree/patch_9/output/pft_phen.nc + .json
pft_survive_frac    cdf  -           float  month  43 /projects/prjs2023/chapter3/lpjml_output/2026_04_08_run_for_10_locations/tropical_broadleaved_evergreen_tree/patch_9/output/pft_survive_frac.nc + .json
pft_vegc            cdf  gC/m2       float  year   43 /projects/prjs2023/chapter3/lpjml_output/2026_04_08_run_for_10_locations/tropical_broadleaved_evergreen_tree/patch_9/output/pft_vegc.nc + .json
pft_vegn            cdf  gN/m2       float  year   43 /projects/prjs2023/chapter3/lpjml_output/2026_04_08_run_for_10_locations/tropical_broadleaved_evergreen_tree/patch_9/output/pft_vegn.nc + .json
pft_water_demand    cdf  mm/yr       float  year   43 /projects/prjs2023/chapter3/lpjml_output/2026_04_08_run_for_10_locations/tropical_broadleaved_evergreen_tree/patch_9/output/pft_water_demand.nc + .json
phen_light          cdf  -           float  month   1 /projects/prjs2023/chapter3/lpjml_output/2026_04_08_run_for_10_locations/tropical_broadleaved_evergreen_tree/patch_9/output/mphen_light.nc + .json
phen_tmax           cdf  -           float  month   1 /projects/prjs2023/chapter3/lpjml_output/2026_04_08_run_for_10_locations/tropical_broadleaved_evergreen_tree/patch_9/output/mphen_tmax.nc + .json
phen_tmin           cdf  -           float  month   1 /projects/prjs2023/chapter3/lpjml_output/2026_04_08_run_for_10_locations/tropical_broadleaved_evergreen_tree/patch_9/output/mphen_tmin.nc + .json
phen_water          cdf  -           float  month   1 /projects/prjs2023/chapter3/lpjml_output/2026_04_08_run_for_10_locations/tropical_broadleaved_evergreen_tree/patch_9/output/mphen_water.nc + .json
rd                  cdf  gC/m2/month float  month   1 /projects/prjs2023/chapter3/lpjml_output/2026_04_08_run_for_10_locations/tropical_broadleaved_evergreen_tree/patch_9/output/rd.nc + .json
rh                  cdf  gC/m2/month float  month   1 /projects/prjs2023/chapter3/lpjml_output/2026_04_08_run_for_10_locations/tropical_broadleaved_evergreen_tree/patch_9/output/mrh.nc + .json
runoff              cdf  mm/month    float  month   1 /projects/prjs2023/chapter3/lpjml_output/2026_04_08_run_for_10_locations/tropical_broadleaved_evergreen_tree/patch_9/output/mrunoff.nc + .json
soilc               cdf  gC/m2       float  year    1 /projects/prjs2023/chapter3/lpjml_output/2026_04_08_run_for_10_locations/tropical_broadleaved_evergreen_tree/patch_9/output/soilc.nc + .json
soilc_layer         cdf  gC/m2       float  year    5 /projects/prjs2023/chapter3/lpjml_output/2026_04_08_run_for_10_locations/tropical_broadleaved_evergreen_tree/patch_9/output/soilc_layer.nc + .json
soiln               cdf  gN/m2       float  year    1 /projects/prjs2023/chapter3/lpjml_output/2026_04_08_run_for_10_locations/tropical_broadleaved_evergreen_tree/patch_9/output/soiln.nc + .json
soiln_layer         cdf  gN/m2       float  year    5 /projects/prjs2023/chapter3/lpjml_output/2026_04_08_run_for_10_locations/tropical_broadleaved_evergreen_tree/patch_9/output/soiln_layer.nc + .json
soilnh4             cdf  gN/m2       float  year    1 /projects/prjs2023/chapter3/lpjml_output/2026_04_08_run_for_10_locations/tropical_broadleaved_evergreen_tree/patch_9/output/soilnh4.nc + .json
soilnh4_layer       cdf  gN/m2       float  year    5 /projects/prjs2023/chapter3/lpjml_output/2026_04_08_run_for_10_locations/tropical_broadleaved_evergreen_tree/patch_9/output/soilnh4_layer.nc + .json
soilno3             cdf  gN/m2       float  year    1 /projects/prjs2023/chapter3/lpjml_output/2026_04_08_run_for_10_locations/tropical_broadleaved_evergreen_tree/patch_9/output/soilno3.nc + .json
soilno3_layer       cdf  gN/m2       float  year    5 /projects/prjs2023/chapter3/lpjml_output/2026_04_08_run_for_10_locations/tropical_broadleaved_evergreen_tree/patch_9/output/soilno3_layer.nc + .json
soiltemp1           cdf  Celsius     float  month   1 /projects/prjs2023/chapter3/lpjml_output/2026_04_08_run_for_10_locations/tropical_broadleaved_evergreen_tree/patch_9/output/msoiltemp1.nc + .json
soiltemp2           cdf  Celsius     float  month   1 /projects/prjs2023/chapter3/lpjml_output/2026_04_08_run_for_10_locations/tropical_broadleaved_evergreen_tree/patch_9/output/msoiltemp2.nc + .json
soiltemp3           cdf  Celsius     float  month   1 /projects/prjs2023/chapter3/lpjml_output/2026_04_08_run_for_10_locations/tropical_broadleaved_evergreen_tree/patch_9/output/msoiltemp3.nc + .json
swc1                cdf  1           float  month   1 /projects/prjs2023/chapter3/lpjml_output/2026_04_08_run_for_10_locations/tropical_broadleaved_evergreen_tree/patch_9/output/mswc1.nc + .json
swc2                cdf  1           float  month   1 /projects/prjs2023/chapter3/lpjml_output/2026_04_08_run_for_10_locations/tropical_broadleaved_evergreen_tree/patch_9/output/mswc2.nc + .json
swc3                cdf  1           float  month   1 /projects/prjs2023/chapter3/lpjml_output/2026_04_08_run_for_10_locations/tropical_broadleaved_evergreen_tree/patch_9/output/mswc3.nc + .json
swc4                cdf  1           float  month   1 /projects/prjs2023/chapter3/lpjml_output/2026_04_08_run_for_10_locations/tropical_broadleaved_evergreen_tree/patch_9/output/mswc4.nc + .json
swc5                cdf  1           float  month   1 /projects/prjs2023/chapter3/lpjml_output/2026_04_08_run_for_10_locations/tropical_broadleaved_evergreen_tree/patch_9/output/mswc5.nc + .json
transp              cdf  mm/month    float  month   1 /projects/prjs2023/chapter3/lpjml_output/2026_04_08_run_for_10_locations/tropical_broadleaved_evergreen_tree/patch_9/output/mtransp.nc + .json
vegc                cdf  gC/m2       float  year    1 /projects/prjs2023/chapter3/lpjml_output/2026_04_08_run_for_10_locations/tropical_broadleaved_evergreen_tree/patch_9/output/vegc.nc + .json
vegn                cdf  gN/m2       float  year    1 /projects/prjs2023/chapter3/lpjml_output/2026_04_08_run_for_10_locations/tropical_broadleaved_evergreen_tree/patch_9/output/vegn.nc + .json
wateramount         cdf  hm3         float  month   1 /projects/prjs2023/chapter3/lpjml_output/2026_04_08_run_for_10_locations/tropical_broadleaved_evergreen_tree/patch_9/output/mwateramount.nc + .json
wscal               cdf  -           float  month   1 /projects/prjs2023/chapter3/lpjml_output/2026_04_08_run_for_10_locations/tropical_broadleaved_evergreen_tree/patch_9/output/wscal.nc + .json
------------------- ---- ----------- ------ ----- --- -------------------------
Spinup years:                   180
Cycle length during spinup:      30
First year:                    1901
Last year:                     2019
Number of grid cells:            63
==============================================================================
Memory allocated for output: 7,096 bytes/cell
Simulation begins...
Spinup using climate starting from year 1901

                 Carbon flux (ktC/yr)                    Water (dam3/yr)                Nitrogen (MgN/yr)
       --------------------------------------- ---------------------------------- --------------------------------
Spinup NEP     estab   harvest product NBP     transp     evap    interc  wd      nuptake ndemand  nlosses ninflux
------ ------- ------- ------- ------- ------- ---------- ------- ------- ------- ------- -------- ------- -------
  1721 395.360   0.525   0.747   0.000 395.138  5391981.1 614781.4 718876.1     0.0 41429.0  16972.9 25909.0 11856.7
  1722 -15.678   9.313  42.440   0.000 -48.805  5074509.3 532375.4 706005.9     0.0 35758.7  11059.7 13068.5  9818.3
  1723 879.332   9.154  71.593   0.000 816.892  6278592.2 571761.4 818052.3     0.0 46916.4  17655.1  8792.5 15890.4
  1724 -1696.705   9.341  24.030   0.000 -1711.394  3529128.5 336289.0 291927.7     0.0 20113.6   3609.5  9041.0  4839.6
  1725 1879.307   9.304  55.748   0.000 1832.863  6169469.1 745102.6 603374.4     0.0 56089.8  14356.8  8170.9 14088.7
  1726 1605.991   9.122  60.957   0.000 1554.156  6155824.7 615749.4 752109.3     0.0 36458.8  12147.5  8803.6 12204.2
  1727 -416.850   9.321  57.993   0.000 -465.522  5158344.4 478402.1 598579.2     0.0 29247.9   9188.7 11892.0  8915.8
  1728 -289.567   9.322  70.427   0.000 -350.673  5244562.1 527547.0 827010.1     0.0 40786.2  16185.5 23784.2 15950.8
  1729 -1260.358   9.139  68.644   0.000 -1319.863  4155164.8 416905.9 460489.6     0.0 29736.2   9543.5  7064.4  9693.7
  1730 -844.990   9.324  69.147   0.000 -904.813  3861224.9 436857.3 400041.1     0.0 38536.5  12478.0  8838.8 12474.4
  1731  55.926   9.322  38.069   0.000  27.179  5072733.3 618237.6 545685.5     0.0 43403.1  17567.4 11073.1 14627.2
  1732 -263.893   9.322  58.060   0.000 -312.631  5014100.9 482033.2 446677.1     0.0 34707.9  16097.0 18133.0 13769.9
  1733 -979.799   9.008  53.190   0.000 -1023.979  4025062.3 509263.3 452228.6     0.0 32792.0   9234.5  7711.7  9027.7
  1734 733.922   9.322  60.957   0.000 682.287  6084032.9 712784.6 636308.9     0.0 48419.4  27046.3 14175.6 20571.4
  1735 125.295   9.322  36.482   0.000  98.135  4992645.6 509492.5 501131.7     0.0 32620.5   9676.9  8478.5  8248.1
  1736 198.864   9.321  51.872   0.000 156.313  5490938.7 627723.3 960970.3     0.0 39560.9  17021.8 29172.9 14836.1
  1737 -307.649   9.322  61.489   0.000 -359.816  5005608.7 492913.6 561298.6     0.0 33424.3  10795.3  6361.1  9984.6
  1738 257.626   9.321  92.847   0.000 174.099  5802417.9 569433.5 781223.7     0.0 44082.3  20978.2 12640.6 20072.8
  1739 -2952.131   9.189  23.136   0.000 -2966.076  2308350.3 295722.6 210646.0     0.0   394.2   1736.8  9807.1  3201.5
  1740 1054.181   9.234  66.959   0.000 996.456  3731415.8 684875.9 233746.4     0.0 62554.8   6582.4 12775.7  8649.9
  1741 3710.055   9.318  60.153   0.000 3659.220  6495004.4 743836.0 470635.0     0.0 59587.5  15397.7 11706.8 14249.6
  1742 529.545   9.136  51.060   0.000 487.622  4784579.2 451090.9 399807.6     0.0 27252.3   7339.6 10357.3  8531.1
  1743 784.949   9.320  63.305   0.000 730.965  6403931.8 641202.2 686328.5     0.0 43799.7  18641.9 13335.6 17016.7
  1744 -1247.961   9.191  59.924   0.000 -1298.694  4461635.2 447467.1 505295.7     0.0 20304.7   9807.0  8136.3  9554.0
  1745 -2524.602   9.396  18.483   0.000 -2533.689  2643624.3 273503.6 192036.9     0.0 10540.2   2358.4 11535.4  3411.6

                 Carbon flux (ktC/yr)                    Water (dam3/yr)                Nitrogen (MgN/yr)
       --------------------------------------- ---------------------------------- --------------------------------
Spinup NEP     estab   harvest product NBP     transp     evap    interc  wd      nuptake ndemand  nlosses ninflux
------ ------- ------- ------- ------- ------- ---------- ------- ------- ------- ------- -------- ------- -------
  1746 1606.530   9.256  38.556   0.000 1577.230  4617792.6 786995.0 392864.5     0.0 64306.9   8528.2 41176.0  8008.8
  1747 -49.709   9.007  36.849   0.000 -77.551  4532910.3 486227.1 255226.6     0.0 29663.6   4685.6 10768.5  5232.8
  1748 -821.289   9.324  31.996   0.000 -843.960  3992920.2 493868.8 264715.6     0.0 35922.7   3920.4 10666.3  4693.0
  1749  94.122   9.323  57.721   0.000  45.724  4432391.1 518002.3 378174.6     0.0 42909.0   7799.6 10841.6  8435.3
  1750 1343.700   9.320  54.795   0.000 1298.225  5746953.7 648351.6 733908.0     0.0 49572.9  16855.6 46352.2 14526.5
  1751 -208.693   9.321  62.827   0.000 -262.198  4964562.8 478633.4 415579.2     0.0 27050.5  11850.4  6770.1 11250.4
  1752  24.650   9.321  59.607   0.000 -25.636  5052532.0 468390.7 477976.9     0.0 40452.5   8203.3  7070.6  8680.6
  1753  98.763   9.321  18.049   0.000  90.035  5171566.6 449213.0 482138.1     0.0 38710.8  10822.7  8525.2  9546.8
  1754 269.977   9.320  64.003   0.000 215.294  5413939.7 478225.9 671340.3     0.0 38366.9  11955.4 20623.8 10899.1
  1755 888.671   6.151  78.003   0.000 816.819  6168520.7 564532.1 748441.0     0.0 42729.4  19108.6 14954.8 16451.7
  1756 935.101   9.320  99.956   0.000 844.466  6226911.8 550807.3 783130.2     0.0 41168.3  19794.2 11843.4 18525.7
  1757 -465.597   9.321  34.661   0.000 -490.937  5148655.2 490203.8 536913.5     0.0 29689.7   8804.3  6065.1  7372.8
  1758 -266.804   9.321  38.766   0.000 -296.249  5369444.3 536000.5 683928.1     0.0 34516.7  14897.5  8110.1 12777.7
  1759 -514.277   9.321  31.183   0.000 -536.138  5286614.4 485813.7 539488.1     0.0 33391.6  12061.2  8316.2  9456.2
  1760 254.890   9.321  60.882   0.000 203.329  5966997.9 603212.6 808610.8     0.0 38392.1  19607.4  7566.3 17579.2
  1761 -153.240   9.321  10.954   0.000 -154.873  5561868.5 581440.9 688007.9     0.0 34208.7  17457.2 12762.1 13738.4
  1762  46.647   7.652  76.808   0.000 -22.509  5603095.0 513423.3 580970.0     0.0 38508.3  17590.7  6564.6 14151.0
  1763 260.626   8.236  64.293   0.000 204.568  6137751.0 614599.6 973406.6     0.0 38391.4  21747.2 18167.3 18358.9
  1764 389.528   9.321  36.254   0.000 362.595  5869119.0 487301.0 832442.5     0.0 37954.1  18287.0 12298.4 13304.0
  1765 590.145   9.320  43.318   0.000 556.147  6257546.6 590110.7 897558.9     0.0 38831.8  19252.2  7361.2 15187.4
  1766 -1568.693   9.328  47.416   0.000 -1606.781  4445239.0 365472.1 382959.7     0.0 22688.6   8628.0  6026.9  7738.6
  1767 815.803   9.316  43.209   0.000 781.910  5294053.1 566907.3 738412.9     0.0 47841.4  14559.7 15530.6 14096.8
  1768 -56.575   9.321  38.422   0.000 -85.675  5045142.6 494529.5 594857.6     0.0 34072.7  12602.7  8794.5 11209.5
  1769 -625.842   5.698  73.514   0.000 -693.658  4284342.4 425397.6 450274.6     0.0 34389.9  14495.8  7122.1 12507.1
  1770 -1724.277   9.345  24.154   0.000 -1739.085  2985014.0 359415.2 258163.1     0.0 24039.2   2886.5  9901.1  4369.9

                 Carbon flux (ktC/yr)                    Water (dam3/yr)                Nitrogen (MgN/yr)
       --------------------------------------- ---------------------------------- --------------------------------
Spinup NEP     estab   harvest product NBP     transp     evap    interc  wd      nuptake ndemand  nlosses ninflux
------ ------- ------- ------- ------- ------- ---------- ------- ------- ------- ------- -------- ------- -------
  1771 322.708   9.305  50.596   0.000 281.418  4786045.0 556469.3 341375.7     0.0 47639.4  10751.0  7502.4  9357.8
  1772 366.236   4.187  51.541   0.000 318.882  4960448.0 499451.3 387886.7     0.0 41596.4  14524.2 12883.0 11942.0
  1773 -1470.688   6.494  33.057   0.000 -1497.248  3715660.9 442920.6 273631.6     0.0 19031.2   3524.2  9730.4  4092.4
  1774 1194.508   9.316  39.168   0.000 1164.657  4950461.6 549382.1 418903.9     0.0 56032.1   8644.3 13880.6  9541.1
  1775 1024.923   9.321  49.334   0.000 984.911  5292377.3 610576.1 576034.7     0.0 40073.2  10226.8 29985.2  9796.3
  1776 -88.368   8.493  54.059   0.000 -133.933  4755386.7 499272.9 429213.7     0.0 30891.5  10002.2  6802.4  9738.4
  1777 -68.058   9.322  74.638   0.000 -133.374  5182309.1 523168.0 551576.5     0.0 42898.6  16108.1 10130.6 14884.2
  1778 -13.522   8.992  69.359   0.000 -73.889  5261618.9 515034.8 495309.5     0.0 40423.4  17090.4  6118.3 14853.7
  1779 -72.210   9.322  71.882   0.000 -134.770  5055452.4 503565.0 565586.0     0.0 39161.8  16116.3  9571.4 13916.2
  1780  90.267   8.557  69.865   0.000  28.960  5274753.6 509123.3 510252.6     0.0 41160.8  17366.9  6654.7 14469.1
  1781 295.841   9.321  47.496   0.000 257.666  5472630.7 593427.4 958920.1     0.0 37238.9  16747.5 32572.6 14089.9
  1782 390.977   9.321  63.849   0.000 336.449  5649606.1 512522.4 545827.5     0.0 40216.4  17663.0  5981.9 15060.3
  1783 667.609   9.320  67.942   0.000 608.987  6053218.9 552864.0 830871.6     0.0 40859.2  17771.6  7276.7 15560.1
  1784 -696.500   9.322  60.459   0.000 -747.638  5080737.4 449991.9 530976.5     0.0 31618.9  15872.2 11520.4 12939.0
  1785 -919.356   8.841  71.011   0.000 -981.526  3954940.6 420695.8 454300.9     0.0 37074.4  14470.9  6148.8 12263.1
  1786 -99.963   9.322  49.120   0.000 -139.760  4452852.5 442237.3 427617.7     0.0 41944.2  14646.7  6829.3 12491.8
  1787 177.578   9.322  36.692   0.000 150.207  5254350.7 598786.8 606808.4     0.0 37514.4  16524.9  7759.7 13210.9
  1788 -187.965   9.322  45.248   0.000 -223.892  4907958.1 499567.7 545767.8     0.0 31216.7   9761.8  8593.2  8687.2
  1789 -286.445   9.322  35.724   0.000 -312.847  4724380.4 507528.8 501045.2     0.0 36416.3  10253.9  7632.3  8679.7
  1790 -2636.235   9.401  34.666   0.000 -2661.500  2592285.3 287009.9 203261.6     0.0  6675.7   2739.7 10418.3  4702.0
  1791 -357.475   9.280  44.037   0.000 -392.229  3641719.7 510359.9 183749.2     0.0 42690.8   2958.3 11604.9  3939.7
  1792 1013.525   9.300  66.564   0.000 956.261  3828903.1 539108.3 258817.8     0.0 53590.5   8741.2 12414.3 10252.6
  1793 1017.288   9.322  35.280   0.000 991.331  5058586.0 627871.2 335225.5     0.0 43510.6   7127.7 11616.0  6218.6
  1794 741.987   9.321   9.240   0.000 742.068  5079782.2 534122.1 404863.0     0.0 37599.0   7331.9 11731.3  6458.2
  1795 -104.049   3.535  72.770   0.000 -173.284  4424627.9 441481.9 375037.3     0.0 36020.2  12531.4 12489.7 11913.4

                 Carbon flux (ktC/yr)                    Water (dam3/yr)                Nitrogen (MgN/yr)
       --------------------------------------- ---------------------------------- --------------------------------
Spinup NEP     estab   harvest product NBP     transp     evap    interc  wd      nuptake ndemand  nlosses ninflux
------ ------- ------- ------- ------- ------- ---------- ------- ------- ------- ------- -------- ------- -------
  1796 1052.442   9.320   7.431   0.000 1054.331  6147002.2 617013.1 687775.7     0.0 50101.8  18983.6 19183.3 15041.0
  1797 -1577.217   1.358  43.104   0.000 -1618.962  3656341.6 327204.4 278061.7     0.0 17061.1   4132.1 13024.2  4295.4
  1798 1434.604   9.312  10.087   0.000 1433.829  5514394.2 709579.8 767322.1     0.0 48774.5  10448.1 40575.7 10690.1
  1799 373.883   9.321  72.482   0.000 310.721  5357252.6 483230.5 530955.8     0.0 32824.7  12192.2 10357.7 13154.1
  1800   2.416   9.321  48.098   0.000 -36.361  5270866.4 505006.6 674465.6     0.0 36141.0  11980.7 11601.5 11241.6
  1801 262.770   1.346  72.303   0.000 191.814  5621234.3 512230.6 521474.4     0.0 41263.8  16144.6  4151.6 13024.5
  1802 -3067.892   9.447  19.905   0.000 -3078.349  2039519.0 245613.1 202119.3     0.0   485.5    519.3 11151.1  2621.4
  1803 1633.904   9.225  48.559   0.000 1594.570  4525482.4 786608.9 225833.7     0.0 60185.9   8985.8 16436.9  9124.6
  1804 975.865   8.744  50.335   0.000 934.275  4509332.4 584990.4 325869.6     0.0 28210.7   3021.5 15505.6  4377.5
  1805 1527.588   9.320  51.537   0.000 1485.371  5387795.6 581697.4 491561.9     0.0 49408.7   9853.5 32527.9  9596.1
  1806 198.801   9.310  59.936   0.000 148.176  4987354.8 476795.3 434705.2     0.0 30694.3   6334.5  7136.2  7309.7
  1807 419.370   9.320  77.144   0.000 351.546  5397117.7 505995.8 499513.4     0.0 46210.3  14861.6 11614.2 14232.9
  1808 -123.271   9.310  37.213   0.000 -151.173  4796783.9 436810.5 463916.4     0.0 33905.3   7413.6  7521.2  6357.8
  1809 -475.140   9.322  69.877   0.000 -535.696  4507404.0 407964.7 385431.9     0.0 33998.3   9069.9  9065.2  9482.1
  1810  75.959   9.321  32.230   0.000  53.049  5001293.0 548784.8 545798.5     0.0 42292.2  15185.7  9618.4 12291.4
  1811 -1360.432   9.346  29.234   0.000 -1380.320  3431445.5 320438.0 237668.4     0.0 19796.6   3395.8 10597.6  4359.0
  1812  86.044   9.302  70.089   0.000  25.257  3900132.2 487756.7 318610.8     0.0 39615.1   9378.6 12596.6 11113.0
  1813 1563.907   9.320  92.738   0.000 1480.489  6030181.5 568079.3 570855.6     0.0 52529.3  20951.1 27484.2 20018.7
  1814 1236.641   9.320  66.344   0.000 1179.616  6513582.9 633254.3 611939.1     0.0 35404.0  20524.4  7396.1 17879.6
  1815 -1097.113   9.131  40.639   0.000 -1128.620  4386261.5 431431.4 352762.6     0.0 22096.9   6239.0  7244.9  6031.5
  1816 450.261   9.317  58.970   0.000 400.608  5664890.3 615165.5 674178.1     0.0 40700.0  15964.1  6698.6 15196.1
  1817 -590.182   9.322  58.858   0.000 -639.719  5058741.8 448591.2 461540.9     0.0 29903.7  15310.3 19451.0 13322.8
  1818 -555.716   9.312  51.044   0.000 -597.447  4303663.1 476609.2 431855.4     0.0 35087.3  10213.4  5832.6  9991.0
  1819 -727.262   9.323  70.584   0.000 -788.522  4321959.5 427703.3 380200.7     0.0 33140.0  10863.1  6109.2 10788.7
  1820 -328.273   9.323  46.894   0.000 -365.844  4821130.8 502500.6 390897.0     0.0 40927.4  13909.9  5962.0 11308.8

                 Carbon flux (ktC/yr)                    Water (dam3/yr)                Nitrogen (MgN/yr)
       --------------------------------------- ---------------------------------- --------------------------------
Spinup NEP     estab   harvest product NBP     transp     evap    interc  wd      nuptake ndemand  nlosses ninflux
------ ------- ------- ------- ------- ------- ---------- ------- ------- ------- ------- -------- ------- -------
  1821 343.398   9.322  57.751   0.000 294.969  5324686.6 640515.0 631187.7     0.0 36215.0  16831.2  7492.4 15925.7
  1822 -506.118   9.323  70.749   0.000 -567.544  4411983.9 435133.0 381611.3     0.0 27653.9   9775.7 15869.0 10416.2
  1823 -569.853   9.323  23.614   0.000 -584.143  4532128.2 557195.0 432590.3     0.0 36474.9  10403.6  8108.9  8889.3
  1824 -101.890   9.323  30.129   0.000 -122.696  5291603.5 504353.9 405671.0     0.0 36387.9  14947.6  6790.0 12902.1
  1825 309.904   9.322  43.857   0.000 275.369  5411905.5 538205.8 668322.7     0.0 39101.4  18752.7 20567.9 14672.6
  1826 487.052   6.604  56.518   0.000 437.139  5778076.6 682634.0 834584.3     0.0 33869.5  19887.4 12515.4 16870.5
  1827 -430.779   9.322  17.965   0.000 -439.422  4730308.6 487753.7 469927.7     0.0 28137.7  11399.9  3879.1 10835.3
  1828 -559.465   9.323  67.188   0.000 -617.330  4841503.1 458882.8 519623.9     0.0 35149.8  12139.2  4322.4 10767.1
  1829 -289.788   9.323  67.564   0.000 -348.029  5006671.4 483296.4 554072.5     0.0 38544.8  16327.1 10546.5 13437.0
  1830 -2609.356   6.247  34.067   0.000 -2637.174  2366887.0 312555.9 187905.0     0.0  4861.1   2356.4  8286.6  2876.1
  1831 1006.529   9.240  20.665   0.000 995.106  3804330.9 759988.8 243230.4     0.0 54768.4   3773.2  9819.0  3909.9
  1832 3012.158   9.320  64.075   0.000 2957.403  5879671.5 805642.3 582061.3     0.0 49583.1  15035.1 33186.7 15107.6
  1833 1348.626   9.320  59.448   0.000 1298.498  5984665.0 535720.0 629760.8     0.0 34306.3  14341.6  9643.4 13163.0
  1834 -751.657   9.322  16.293   0.000 -758.628  5053716.6 482007.8 464783.8     0.0 23856.3  13962.4  6176.1 11840.6
  1835 -768.983   2.665  50.429   0.000 -816.747  4886471.7 465073.5 455658.8     0.0 38735.4  15725.2  6060.2 12623.2
  1836 -2842.153   9.267  13.123   0.000 -2846.006  1938036.2 285026.8 177034.2     0.0  2468.5    659.6 10892.3  2383.0
  1837 349.786   9.247  28.236   0.000 330.800  3509754.2 693290.6 147058.2     0.0 54264.9   3796.8  8032.9  3810.6
  1838 2839.544   9.283  35.598   0.000 2813.230  5061226.3 808309.8 316113.7     0.0 51100.7   7719.5 12100.0  7044.6
  1839 919.810   9.321  54.741   0.000 874.390  5219601.3 501901.8 346341.8     0.0 34904.4  12392.1 23165.1 12128.8
  1840 -1888.509   9.052  18.062   0.000 -1897.517  2704055.3 359664.8 205430.8     0.0 14244.5   1203.1 10927.0  3008.6
  1841 1273.110   9.283  43.435   0.000 1238.958  4049418.5 546148.2 254529.6     0.0 45251.9   5709.1 10622.6  7076.4
  1842 1649.353   9.228  75.022   0.000 1583.559  5553121.8 558478.1 508738.9     0.0 45214.0  13268.8 31351.9 14827.5
  1843 703.834   9.280  59.499   0.000 653.615  6300512.4 657090.7 566218.9     0.0 32973.0  18008.7  5477.7 17206.8
  1844 430.037   9.320  60.328   0.000 379.028  5989573.9 482172.0 680911.6     0.0 32857.1  15370.5 15784.8 13492.1
  1845  25.070   9.320  75.075   0.000 -40.685  5503758.0 520258.0 723445.9     0.0 32742.5  15452.2  9134.7 15553.9

                 Carbon flux (ktC/yr)                    Water (dam3/yr)                Nitrogen (MgN/yr)
       --------------------------------------- ---------------------------------- --------------------------------
Spinup NEP     estab   harvest product NBP     transp     evap    interc  wd      nuptake ndemand  nlosses ninflux
------ ------- ------- ------- ------- ------- ---------- ------- ------- ------- ------- -------- ------- -------
  1846 -428.608   9.155  68.879   0.000 -488.332  5334358.6 490671.0 510255.7     0.0 34824.1  15174.3  3374.8 14008.3
  1847 -125.991   9.320  57.878   0.000 -174.548  6224796.3 613345.0 686437.4     0.0 34285.2  22621.4  4545.6 18566.4
  1848 250.733   9.154  60.853   0.000 199.035  5910662.8 475852.3 742233.7     0.0 34963.7  18103.4 15115.3 14160.3
  1849 -671.326   9.322  71.829   0.000 -733.832  4478910.8 411607.9 443954.7     0.0 28700.9  14238.1  5858.3 13410.2
  1850 -183.234   9.321  53.440   0.000 -227.353  5594053.5 584871.7 930673.1     0.0 36715.3  20204.5 17797.5 15747.1
  1851 156.307   9.321  70.081   0.000  95.546  5714120.4 531044.7 587743.7     0.0 34853.7  18956.1  3639.1 17221.8
  1852 -203.312   9.321  51.257   0.000 -245.247  4816087.4 420390.5 450005.1     0.0 32707.0  13105.0  4396.9 12091.6
  1853 -1693.981   9.350  25.607   0.000 -1710.238  3195825.5 330511.5 264220.1     0.0 21716.2   3619.2  7987.5  4494.0
  1854  90.310   9.298  21.850   0.000  77.759  4006635.8 594865.4 365790.3     0.0 37249.8   5471.4  7786.2  5520.3
  1855 -160.585   9.323  64.527   0.000 -215.789  4429086.0 438570.9 337166.6     0.0 33249.9   9026.2  8861.8  9834.1
  1856 447.841   9.321  63.640   0.000 393.522  5111340.5 543245.8 475651.4     0.0 46090.6  16016.9  6958.0 14308.1
  1857 797.834   9.321  70.979   0.000 736.175  5610396.6 512436.5 452699.2     0.0 39148.2  17004.0  6959.6 15303.3
  1858 622.050   9.320  59.982   0.000 571.388  5676062.7 594862.7 702089.5     0.0 33708.5  14000.6  7978.2 14368.7
  1859 -341.605   9.321  34.483   0.000 -366.767  5452897.5 489799.4 495096.6     0.0 30377.4  11533.7 13768.3  9323.6
  1860 -586.191   9.322  15.962   0.000 -592.831  4749574.8 479602.8 475297.9     0.0 29027.1  11625.8  7178.6  9876.6
  1861 -203.182   9.322  55.792   0.000 -249.652  5503069.3 601432.7 940484.5     0.0 37665.2  18603.7 28912.7 15643.2
  1862 -268.575   9.322  67.023   0.000 -326.277  5220379.1 530206.8 569926.6     0.0 36160.8  17874.7  6259.6 15327.0
  1863 -2910.470   8.397  22.831   0.000 -2924.903  2029788.5 276902.7 187619.4     0.0  3533.5    829.3  9740.6  2958.9
  1864 -961.171   9.312  18.934   0.000 -970.787  2449456.2 517413.6 126290.9     0.0 26125.5   1117.9 16981.3  2701.1
  1865 3147.653   9.230  38.546   0.000 3118.337  5077815.8 1096407.0 319779.6     0.0 75115.2  13715.2 12499.6 12218.3
  1866 -791.489   9.324  51.409   0.000 -833.570  3661831.1 422254.0 190291.4     0.0 12531.2   2450.8 22006.4  4079.9
  1867 918.099   9.322  57.898   0.000 869.522  5093837.9 539408.2 366211.1     0.0 60651.5  18706.7 12652.7 14200.4
  1868 -1633.791   9.352  23.400   0.000 -1647.837  2836812.7 375547.4 184065.5     0.0 15477.0   1417.4 11008.0  3861.3
  1869 2796.301   9.296  65.429   0.000 2740.168  5580449.5 886123.0 504528.3     0.0 58518.7  13970.7 30095.9 14758.2
  1870 139.299   9.321  36.862   0.000 111.758  5269738.2 554027.0 367284.6     0.0 25960.4   7911.3  5467.0  7891.8

                 Carbon flux (ktC/yr)                    Water (dam3/yr)                Nitrogen (MgN/yr)
       --------------------------------------- ---------------------------------- --------------------------------
Spinup NEP     estab   harvest product NBP     transp     evap    interc  wd      nuptake ndemand  nlosses ninflux
------ ------- ------- ------- ------- ------- ---------- ------- ------- ------- ------- -------- ------- -------
  1871 -318.001   9.321  56.371   0.000 -365.051  5366461.0 479035.3 382130.8     0.0 31432.2  12451.5  4116.1 11652.0
  1872 -743.060   9.322  28.868   0.000 -762.606  4647371.0 501211.8 413715.2     0.0 32194.1   9800.6  5715.4  9210.3
  1873 -1105.976   9.324  42.479   0.000 -1139.131  4312835.8 367123.4 273896.0     0.0 27681.5   8489.3  6071.5  7233.6
  1874 -1238.978   9.327  25.645   0.000 -1255.294  3660764.5 402326.0 251227.2     0.0 30195.5   5496.4  7377.3  5429.6
  1875 364.783   9.321  21.934   0.000 352.170  4040230.2 449998.8 309439.6     0.0 45558.9  12019.3  8647.8 11196.5
  1876 1254.975   9.320 100.047   0.000 1164.248  5968197.3 573407.4 559111.8     0.0 43589.5  22080.0 22832.9 21454.3
  1877 -1523.316   9.340  52.446   0.000 -1566.419  3274357.2 357873.6 241626.2     0.0 15707.3   3299.4 10764.2  4694.9
  1878 1368.324   9.306  60.526   0.000 1317.104  5244102.7 591244.8 409347.4     0.0 44485.4  11437.3  6357.1 12939.5
  1879 -690.982   9.323  62.274   0.000 -743.932  4418868.6 465658.5 294418.5     0.0 27421.6   7277.4  6774.9  7747.9
  1880 -1527.860   9.356  31.142   0.000 -1549.645  2798921.7 342615.9 210556.6     0.0 23920.5   2336.6  9654.6  4255.2
  1881 268.172   9.295  38.032   0.000 239.437  4069388.7 617144.8 327081.3     0.0 41446.7   7542.3  8128.6  8217.1
  1882 888.034   9.321  53.104   0.000 844.252  4733495.1 567559.7 328260.0     0.0 40375.8   8145.4  8156.1  8299.8
  1883 -710.922   9.323  50.372   0.000 -751.969  4343707.0 416369.8 250255.1     0.0 25863.0   7186.5  8418.7  7272.8
  1884 -368.433   9.323  57.402   0.000 -416.511  3876256.2 444414.4 329612.8     0.0 40977.9  12450.9  9134.8 11814.7
  1885 521.261   9.321  45.305   0.000 485.277  5044305.0 578907.5 527695.4     0.0 43246.8  15124.8 27226.8 12964.4
  1886 -2391.028   9.408  40.181   0.000 -2421.799  2645397.5 277653.9 159919.5     0.0  4059.1   1994.2  8846.1  3800.5
  1887 3109.506   9.244  52.430   0.000 3066.320  4880191.8 816582.4 248344.9     0.0 68264.0   8630.8  7308.8  8906.7
  1888 756.131   9.321  47.316   0.000 718.136  5210193.8 511555.9 325871.1     0.0 28978.7   7729.5  7818.1  8278.5
  1889 -90.099   9.321  33.377   0.000 -114.154  4559134.4 483319.0 406651.0     0.0 31913.2   6902.1  8360.3  7152.2
  1890 102.076   7.994  66.006   0.000  44.064  5248722.0 513954.3 480917.4     0.0 39104.4  15638.3 14084.5 14193.2
  1891 -1546.416   5.449  34.977   0.000 -1575.943  3871781.7 361887.0 278908.2     0.0 20906.9   5616.4  7485.0  5466.6
  1892 675.930   9.307  32.861   0.000 652.376  4884904.7 526736.6 424744.2     0.0 45326.4  11128.5 13039.6 11180.7
  1893 882.351   3.811  56.813   0.000 829.349  5659800.2 622536.8 776584.1     0.0 36902.4  16400.3 33929.1 14387.3
  1894 326.736   9.320  17.478   0.000 318.579  5095951.2 439851.7 401954.7     0.0 30582.0  12836.4  5822.4 11978.7
  1895 -1569.727   7.047  43.025   0.000 -1605.704  3375125.7 311974.3 271304.5     0.0 18867.1   4451.8  8286.7  4895.3

                 Carbon flux (ktC/yr)                    Water (dam3/yr)                Nitrogen (MgN/yr)
       --------------------------------------- ---------------------------------- --------------------------------
Spinup NEP     estab   harvest product NBP     transp     evap    interc  wd      nuptake ndemand  nlosses ninflux
------ ------- ------- ------- ------- ------- ---------- ------- ------- ------- ------- -------- ------- -------
  1896 -1384.663   9.346  17.096   0.000 -1392.412  2817332.8 381780.3 215676.1     0.0 19623.4   1884.0 14410.8  3244.9
  1897 764.128   9.283  40.301   0.000 733.110  4198905.2 646588.4 283167.8     0.0 44031.1   7216.1  7404.5  8587.4
  1898 1174.110   9.321  47.796   0.000 1135.635  5155873.7 591323.1 490580.4     0.0 41046.8  10440.8 24451.4 11475.9
  1899  19.897   7.994  53.882   0.000 -25.991  4767580.2 488383.5 375901.3     0.0 28749.6  10716.9  5830.1 10872.9
  1900 488.791   9.320  56.709   0.000 441.402  5799988.5 620430.5 632690.4     0.0 36888.5  17118.3  6390.4 17717.3

                 Carbon flux (ktC/yr)                    Water (dam3/yr)                Nitrogen (MgN/yr)
       --------------------------------------- ---------------------------------- --------------------------------
Year   NEP     estab   harvest product NBP     transp     evap    interc  wd      nuptake ndemand  nlosses ninflux
------ ------- ------- ------- ------- ------- ---------- ------- ------- ------- ------- -------- ------- -------
  1901 -277.271   9.321  59.372   0.000 -327.322  5360130.1 484125.8 446602.2     0.0 30155.8  12367.7 10648.8 11787.3
  1902 -267.979   9.321  48.031   0.000 -306.690  5032076.8 430148.4 483490.9     0.0 30455.8  12138.2  5563.1 10788.9
  1903 151.570   9.320  62.640   0.000  98.251  6157769.1 629963.4 663374.2     0.0 36507.9  21718.5  9468.5 19493.8
  1904 -884.352   4.660  45.076   0.000 -924.768  4328073.5 414827.8 350807.7     0.0 26318.0   7857.4  5162.4  7352.8
  1905 -992.724   9.321  36.458   0.000 -1019.860  4138534.3 462780.2 431021.4     0.0 29107.5  10701.8  5606.5  9441.3
  1906 -947.595   9.324  34.405   0.000 -972.674  3399562.8 360707.2 245476.5     0.0 30589.7   5655.8  8871.5  5724.1
  1907 111.207   9.323  34.896   0.000  85.635  4162471.8 552638.2 367386.5     0.0 41148.9   9068.6  7138.9  9177.4
  1908 1011.793   9.321  66.129   0.000 954.985  5649365.0 711473.6 719338.9     0.0 39705.3  20806.2 29683.0 19537.2
  1909 452.261   9.321  36.040   0.000 425.542  5123699.8 527308.2 622208.2     0.0 30221.0  12518.5  8429.2 11614.2
  1910 -1056.709   6.614  48.854   0.000 -1098.949  4362278.7 368794.8 309506.3     0.0 24413.7   8526.7  4161.1  7358.0
  1911 391.365   9.321  41.027   0.000 359.659  5296073.8 526841.4 664618.3     0.0 43707.9  18499.1 13504.2 15449.3
  1912 233.438   9.321  51.683   0.000 191.076  5424687.6 613419.3 897980.4     0.0 32371.3  17739.7 12277.1 16348.7
  1913 559.759   9.320  96.164   0.000 472.916  5816172.6 565883.6 736056.1     0.0 37344.4  20842.2  4570.6 21378.4
  1914   0.421   9.321  87.115   0.000 -77.373  5212868.0 501884.2 595357.7     0.0 35181.8  17701.5  4635.1 15518.3
  1915 105.019   7.994  70.571   0.000  42.441  5179312.7 507513.8 610403.7     0.0 36434.6  18431.9  3709.9 15875.5
  1916 -415.886   6.642  91.250   0.000 -500.494  4368822.4 398967.2 448408.4     0.0 31674.0  15409.0  6033.0 14411.9
  1917 -1439.241   9.346  24.845   0.000 -1454.738  3004546.7 345682.9 260058.8     0.0 24144.6   3715.4  8518.9  4728.8
  1918 834.544   9.302  75.906   0.000 767.940  4967816.0 609701.7 405642.6     0.0 50381.6  18576.7  5636.4 14981.5
  1919 733.627   9.321  30.373   0.000 712.575  4853492.3 602866.7 531658.5     0.0 33003.2  11630.6  7336.7 11593.9
  1920 215.375   8.787  50.734   0.000 173.428  4892715.0 487917.7 497960.9     0.0 31275.8  10275.2  8650.7  9583.3
  1921 357.885   9.321  75.837   0.000 291.369  5235113.8 530253.8 730084.3     0.0 37448.0  17307.6 24100.6 16842.0
  1922 347.892   9.321  40.668   0.000 316.545  5471514.2 614924.5 745111.6     0.0 33882.9  16511.9  4826.9 16320.9
  1923 -674.786   9.322  76.141   0.000 -741.605  4373506.1 424536.2 441790.7     0.0 26816.5  10123.9 10106.3  9664.7
  1924 -2766.821   9.436  15.300   0.000 -2772.682  1863515.2 273460.3 190372.7     0.0  5385.1    650.1 11084.3  3146.5
  1925 1420.672   9.220  49.864   0.000 1380.029  4402707.3 779618.0 242189.4     0.0 62900.8  13931.7 15920.0 11674.4

                 Carbon flux (ktC/yr)                    Water (dam3/yr)                Nitrogen (MgN/yr)
       --------------------------------------- ---------------------------------- --------------------------------
Year   NEP     estab   harvest product NBP     transp     evap    interc  wd      nuptake ndemand  nlosses ninflux
------ ------- ------- ------- ------- ------- ---------- ------- ------- ------- ------- -------- ------- -------
  1926 1457.128   4.651  40.136   0.000 1421.643  4403346.5 552513.1 294525.5     0.0 32343.1   5754.0  7767.4  6410.9
  1927 1264.869   9.320  51.084   0.000 1223.105  5205739.7 508554.0 429159.2     0.0 43905.9  12387.4 14467.5 12740.3
  1928 641.318   5.465  49.628   0.000 597.155  4641416.2 442701.8 377943.9     0.0 34139.1  10101.8  6415.9 10396.3
  1929 145.405   7.688  64.152   0.000  88.941  5369751.9 480506.7 420283.9     0.0 35433.8  12964.3  5905.1 11901.9
  1930 748.294   9.160  75.920   0.000 681.534  5921456.1 553266.1 728950.8     0.0 41511.2  17913.2 10440.5 17132.9
  1931 825.668   9.320  73.610   0.000 761.377  5989997.0 621621.0 899266.6     0.0 35983.9  20225.4 24299.3 18468.2
  1932 838.824   9.320  80.507   0.000 767.638  6037532.1 605694.2 870464.1     0.0 34310.8  19192.8  8030.2 18272.2
  1933 -810.118   9.322  60.841   0.000 -861.637  4200210.5 382227.0 498542.9     0.0 20596.4  10729.9  7106.6  9943.2
  1934 -472.263   9.322  59.459   0.000 -522.400  4673817.3 475045.1 578095.7     0.0 35425.3  12610.5  5693.8 12731.7
  1935 -188.119   9.321  45.186   0.000 -223.983  5692870.1 667645.4 751770.5     0.0 32561.4  23550.4  9765.0 21729.7
  1936 -369.154   9.321  47.168   0.000 -407.000  4771642.3 523903.6 460828.6     0.0 29184.7  14027.6  3754.4 12390.0
  1937 -902.748   6.155  50.733   0.000 -947.326  4471446.9 421185.9 425452.3     0.0 29963.1  14687.9  5365.9 11966.8
  1938 -1184.396   8.671  34.293   0.000 -1210.017  3546179.0 445032.6 404774.5     0.0 26592.1   5849.2  6928.8  6380.8
  1939 359.876   9.313  68.621   0.000 300.568  5211532.2 709046.9 557016.5     0.0 43917.2  20971.1 13798.3 18224.0
  1940 534.747   9.321  77.861   0.000 466.207  5488853.3 698717.9 568609.6     0.0 33858.7  19785.7  6439.5 18690.5
  1941 330.334   9.321  70.894   0.000 268.761  5015102.6 486943.5 508493.0     0.0 33871.8  14672.2  5754.0 13993.6
  1942 -204.292   9.321  66.163   0.000 -261.133  4996689.5 535956.3 616913.7     0.0 34578.1  16578.8 11585.6 15441.1
  1943 394.073   8.692  59.537   0.000 343.227  5332116.4 608383.3 737828.3     0.0 36628.8  19182.0  6521.5 17908.6
  1944 -1128.018   9.322  40.124   0.000 -1158.821  4248766.0 446457.1 377684.0     0.0 25207.7  10812.8  4438.3  9092.6
  1945 119.788   9.322  70.253   0.000  58.857  4715369.4 525846.0 670343.8     0.0 39702.8  15078.0 11417.6 14750.7
  1946 434.625   9.321  71.240   0.000 372.706  5483008.2 595714.6 718480.0     0.0 38778.4  20231.6  7379.8 19451.4
  1947 177.086   9.320  64.811   0.000 121.595  5236457.1 538595.9 658980.7     0.0 35174.8  19627.0 11794.1 17677.1
  1948 252.715   9.320  69.885   0.000 192.150  4988721.9 554298.6 686958.5     0.0 35737.7  15402.4  3724.3 15205.0
  1949  11.276   9.321  72.336   0.000 -51.739  4715869.2 516742.4 640119.6     0.0 35252.9  14173.6  7037.0 14401.8
  1950 100.894   9.320  70.631   0.000  39.583  5246835.6 555625.1 699743.7     0.0 37596.5  20109.4  7180.6 18201.7

                 Carbon flux (ktC/yr)                    Water (dam3/yr)                Nitrogen (MgN/yr)
       --------------------------------------- ---------------------------------- --------------------------------
Year   NEP     estab   harvest product NBP     transp     evap    interc  wd      nuptake ndemand  nlosses ninflux
------ ------- ------- ------- ------- ------- ---------- ------- ------- ------- ------- -------- ------- -------
  1951 451.633   9.320  67.618   0.000 393.335  5514391.3 571794.2 761855.3     0.0 37786.9  18921.3  9537.3 17733.9
  1952 490.209   9.319  77.774   0.000 421.755  5640796.9 557956.5 715262.0     0.0 37052.1  18959.4  9831.2 17150.5
  1953 219.940   9.320  60.678   0.000 168.582  5714350.5 547338.6 628714.9     0.0 36297.9  17915.4  3263.0 14738.9
  1954 -912.053   9.322  74.116   0.000 -976.848  4474310.1 431697.7 506705.6     0.0 28124.2  16231.4  6177.1 15156.8
  1955 -560.548   9.328  38.803   0.000 -590.022  4238229.7 453585.5 481524.6     0.0 36554.0  13417.8  6008.5 10475.8
  1956 1215.682   9.314  75.704   0.000 1149.292  5982085.2 501045.5 525308.2     0.0 50013.4  23787.5  9465.3 21626.9
  1957 1373.578   9.295  65.548   0.000 1317.324  5889205.5 532069.5 650912.0     0.0 39284.7  20070.5  7713.0 18430.3
  1958 1144.718   9.318  79.293   0.000 1074.743  6262803.6 607946.0 848610.3     0.0 37577.9  20221.6 14378.2 19039.1
  1959 -981.931   8.517  58.673   0.000 -1032.087  4269295.7 399315.6 515713.0     0.0 26299.2  12098.0  7797.9 10713.7
  1960 198.864   9.320  86.720   0.000 121.464  5341606.1 559704.5 686530.5     0.0 39555.2  15980.4  7136.7 17462.9
  1961 319.306   9.320  71.819   0.000 256.806  5859693.8 540454.5 628088.1     0.0 38053.6  16147.1  7176.0 16395.5
  1962 -882.132   8.517  47.703   0.000 -921.318  4137332.0 398947.7 417079.1     0.0 28581.9   8989.3  6807.3  9888.5
  1963 -423.261   9.323  54.351   0.000 -468.290  4826794.2 453160.5 427839.2     0.0 38142.3  15645.4  9628.8 13801.6
  1964 306.488   9.321  58.245   0.000 257.564  5360936.7 478338.0 484534.5     0.0 42471.6  17769.5  5405.8 16576.2
  1965 -164.484   9.322  66.978   0.000 -222.140  4740872.6 536535.8 487815.6     0.0 33921.1  15515.8  6637.9 14361.5
  1966 -163.424   9.322  74.956   0.000 -229.057  5024760.2 540946.6 515430.9     0.0 38971.9  18710.3  6722.6 16291.6
  1967 -1176.921   9.325  49.102   0.000 -1216.698  3751609.3 481218.4 382223.8     0.0 29406.3   6984.3  7875.4  7855.6
  1968 -75.972   9.324  63.773   0.000 -130.422  4553320.3 529260.5 440229.4     0.0 43503.3  12378.9  7080.3 12979.0
  1969 408.417   9.323  51.056   0.000 366.684  4914472.3 573515.3 462053.1     0.0 39750.7  16358.0  7145.2 14386.3
  1970 -544.635   9.324  53.773   0.000 -589.084  4103330.5 485588.0 375267.9     0.0 32552.7  11467.0  7747.7 10137.2
  1971 172.700   9.323  69.856   0.000 112.167  4635906.5 476171.8 491982.2     0.0 46277.0  16562.0  7754.0 15352.1
  1972 213.494   9.322  62.044   0.000 160.772  4935055.5 482938.0 501801.2     0.0 38626.2  18288.3  8493.6 16282.3
  1973 339.856   9.322  42.697   0.000 306.481  4579009.2 534455.0 468310.7     0.0 36509.5  11483.2  8216.4 11394.9
  1974 259.011   9.322  80.537   0.000 187.796  4895047.4 517601.6 586182.4     0.0 39274.9  18244.8 11104.4 18043.2
  1975 774.712   8.275  46.596   0.000 736.391  5381200.6 605885.1 606810.6     0.0 40174.0  17673.6  8392.8 18031.6

                 Carbon flux (ktC/yr)                    Water (dam3/yr)                Nitrogen (MgN/yr)
       --------------------------------------- ---------------------------------- --------------------------------
Year   NEP     estab   harvest product NBP     transp     evap    interc  wd      nuptake ndemand  nlosses ninflux
------ ------- ------- ------- ------- ------- ---------- ------- ------- ------- ------- -------- ------- -------
  1976  57.773   8.517  70.017   0.000  -3.727  4835812.4 512438.0 556071.4     0.0 33192.3  14230.5  8222.9 14279.6
  1977 156.887   9.321  75.144   0.000  91.063  5209411.4 536561.7 646699.4     0.0 42032.2  19492.2  7240.4 17953.5
  1978 -276.209   9.322  50.045   0.000 -316.932  4650116.5 452717.4 538298.1     0.0 32816.9  14546.2  9282.5 13658.6
  1979 407.701   9.320  16.304   0.000 400.717  5234786.8 551690.3 607065.0     0.0 42985.9  20132.3 14493.4 17822.4
  1980 110.170   2.391  77.861   0.000  34.700  4914535.6 453962.2 497462.2     0.0 36127.3  17344.0  7059.5 14555.3
  1981 662.183   9.319  75.204   0.000 596.298  5214649.5 484901.5 599996.2     0.0 42990.5  19659.2  7034.2 18091.9
  1982 795.382   7.990  59.850   0.000 743.522  5440289.7 507101.8 701444.9     0.0 40669.3  21143.6 11571.7 19299.8
  1983 801.521   9.317  36.317   0.000 774.520  5470239.8 548682.8 628675.2     0.0 39691.8  18970.3  6708.4 17058.1
  1984 913.990   9.316  76.363   0.000 846.943  5537563.4 566864.7 867546.7     0.0 40139.2  20073.1  9695.7 20413.0
  1985 -1828.007   9.326 100.104   0.000 -1918.785  3570778.5 369132.1 322084.5     0.0 18839.1  11428.7 17613.9 14045.2
  1986 2150.402   9.314  54.562   0.000 2105.153  5740464.1 618688.8 584455.5     0.0 61174.6  16144.4  7317.1 18851.9
  1987 1476.426   9.317  81.349   0.000 1404.394  5741566.7 484564.5 584458.3     0.0 35708.1  16730.5 11961.2 19194.0
  1988 454.496   7.992  77.742   0.000 384.746  5037653.8 420892.6 625007.3     0.0 37536.8  12760.9  7752.2 14327.2
  1989 1077.749   3.717  74.900   0.000 1006.565  6043005.0 530160.4 751485.8     0.0 46597.6  21624.1  7816.1 20737.3
  1990 748.693   9.319  74.054   0.000 683.959  5836530.4 486637.7 682543.8     0.0 40001.3  19940.1 12947.6 19151.1
  1991 -815.637   9.326  53.653   0.000 -859.964  4211614.3 467260.3 523616.0     0.0 30972.1   9062.8  6974.9  9743.8
  1992 1066.037   9.316  81.813   0.000 993.540  5953849.4 593464.9 781436.1     0.0 48089.0  25443.8  7954.8 26553.9
  1993 -1373.336   8.809  65.615   0.000 -1430.142  4191681.6 431990.1 420836.2     0.0 21395.9   9345.9  8674.1 10810.3
  1994 1543.455   9.315  71.155   0.000 1481.615  5354290.9 518768.8 590644.8     0.0 50369.3  13311.4  8183.4 14910.2
  1995 1093.310   9.320  76.424   0.000 1026.206  5377016.3 503694.6 718040.0     0.0 38086.0  16471.4  9978.4 18639.7
  1996 -652.011   9.321  16.939   0.000 -659.629  4337483.8 489396.2 493802.3     0.0 29825.1  11201.9  8730.6 11114.7
  1997 -323.639   2.392  71.846   0.000 -393.093  4659475.7 501032.2 589477.2     0.0 39855.5  16598.9  7961.6 16297.4
  1998 -14.783   9.320  35.401   0.000 -40.863  5212742.7 555894.7 671900.0     0.0 40074.5  21625.5 12461.7 20816.5
  1999 -151.635   4.898  56.733   0.000 -203.470  4441627.6 420169.0 478194.2     0.0 36235.0  14336.4  7330.6 14538.7
  2000 247.994   9.320  24.301   0.000 233.014  5338454.4 576222.6 650212.7     0.0 40547.6  23273.2  6405.1 21628.1

                 Carbon flux (ktC/yr)                    Water (dam3/yr)                Nitrogen (MgN/yr)
       --------------------------------------- ---------------------------------- --------------------------------
Year   NEP     estab   harvest product NBP     transp     evap    interc  wd      nuptake ndemand  nlosses ninflux
------ ------- ------- ------- ------- ------- ---------- ------- ------- ------- ------- -------- ------- -------
  2001 -278.960   4.622  44.097   0.000 -318.435  4381568.9 437877.6 455425.7     0.0 35596.2  13255.3  7545.7 12384.0
  2002 -1127.416   7.092  57.947   0.000 -1178.271  3816174.1 436142.1 474711.8     0.0 35706.7  13414.5 11633.3 12954.1
  2003 665.399   9.320  54.197   0.000 620.522  5022710.6 527782.0 571989.3     0.0 47820.7  19835.2  7155.4 18759.1
  2004 1501.855   9.318  26.047   0.000 1485.126  5629700.2 594539.7 722554.1     0.0 41918.7  22908.4 21409.9 23415.4
  2005 1375.433   9.318  92.672   0.000 1292.079  5800655.2 492504.3 665029.0     0.0 41148.5  19939.1  6580.2 22096.5
  2006 1066.616   9.319  89.914   0.000 986.021  5675000.3 513191.9 732130.8     0.0 40350.0  19604.9  5800.4 20716.9
  2007  26.141   9.321  67.732   0.000 -32.271  4728544.6 430506.7 651100.8     0.0 32257.9  14527.6  8773.1 16453.8
  2008 -1002.342   9.321  87.719   0.000 -1080.740  4277550.4 378050.0 502521.8     0.0 37260.0  13800.3 10523.0 15522.6
  2009 -466.536   9.323  44.783   0.000 -501.996  4138379.5 454047.8 528736.1     0.0 38381.1  12794.5  7032.7 12923.9
  2010 -66.413   9.320  74.307   0.000 -131.401  4487030.0 461157.2 482411.8     0.0 42068.9  15176.3  6404.7 15614.2
  2011 -145.838   9.321  84.007   0.000 -220.524  4858076.4 481847.5 549220.1     0.0 41471.6  20486.6  6917.3 19677.0
  2012 736.305   9.319  65.953   0.000 679.671  5201326.6 533908.6 645635.5     0.0 44706.3  22413.5 20593.0 22624.6
  2013 431.483   9.320  72.791   0.000 368.012  4809300.7 493855.4 544401.7     0.0 37603.7  16208.0  5196.5 15070.8
  2014 709.165   7.992  89.836   0.000 627.321  5506163.4 503912.3 668801.4     0.0 43104.9  22548.4 10853.6 22775.0
  2015 302.986   5.511  53.240   0.000 255.257  5067125.9 482729.6 590091.9     0.0 38931.0  17035.9  5563.8 16751.5
  2016 285.837   6.487  69.798   0.000 222.526  4854702.8 501288.3 598803.5     0.0 40151.9  17352.2  6025.2 16601.8
  2017 213.045   9.320  90.859   0.000 131.507  4772262.4 476380.6 706587.2     0.0 40857.5  17046.0  7281.5 18263.5
  2018 385.396   9.136  90.373   0.000 304.159  5050975.6 504113.3 628952.3     0.0 43653.3  19036.2  6522.1 20530.1
  2019 -981.729   9.325  57.440   0.000 -1029.823  3653331.1 413321.6 412445.3     0.0 31740.5   8990.9  9035.9 11084.8
Simulation ended.
lpjml successfully terminated, 63 grid cells processed.
Wall clock time:	350 sec, 0.019 sec/cell/year.
Total wall clock time:	360 sec (00:06:00).
