--------------------------------------
Running config: /home/druijsch/LPJmL5/dev15oct2025/config_files/2026_04_08_run_for_10_locations/tropical_broadleaved_evergreen_tree/spinup/configs/tropical_broadleaved_evergreen_tree_patch5_config_restart.cjson
SLURM task ID: 8
Node: tcn493.local.snellius.surf.nl
--------------------------------------
******************************************************************************
****        _     ____     _           _       ____        _  ___         ****
****       | |   |  _ \   | |_ __ ___ | |     | ___|      / |/ _ \        ****
****       | |   | |_) |  | | '_ ` _ \| |     |___ \      | | | | |       ****
****       | |___|  __/ |_| | | | | | | |___   ___) |  _  | | |_| |       ****
****       |_____|_|   \___/|_| |_| |_|_____| |____/  (_) |_|\___/        ****
****                                                                      ****
****                 lpjml C Version 5.10.1 (Apr 14 2026)                 ****
****    Dynamic global vegetation model with natural and managed land     ****
****                     Compiled for Linux with MPI                      ****
****       (C) Potsdam Institute for Climate Impact Research (PIK),       ****
****                          see COPYRIGHT file                          ****
****              Authors, and contributors see AUTHORS file              ****
**** This version of LPJmL is licensed under GNU AGPL Version 3 or later  ****
****        See LICENSE file or go to http://www.gnu.org/licenses/        ****
****                 or invoke lpjml -l to print license                  ****
****      https://gitlab.pik-potsdam.de/lpjml/wur_team/lpjml-wur.git      ****
****          GIT hash: 5e6f8e1bb5c5d5f3357da68b6c43e9517864f3c2          ****
****                                                                      ****
******************************************************************************

Running for user druijsch on tcn493.local.snellius.surf.nl at Tue Apr 14 16:59:55 2026
Reading configuration from '/home/druijsch/LPJmL5/dev15oct2025/config_files/2026_04_08_run_for_10_locations/tropical_broadleaved_evergreen_tree/spinup/configs/tropical_broadleaved_evergreen_tree_patch5_config_restart.cjson'.
==============================================================================
/----------------------------------------------------------\
|institution: Potsdam Institute for Climate Impact Research|
|contact:                                                  |
|comment:                                                  |
\----------------------------------------------------------/
Simulation "LPJmL Run" running on 50 tasks
Simulation with shuffle spinup climate, nitrogen limitation, permafrost, 
Johansen conductivity, percolation heattransfer, GSI phenology, 
NPP controlled BNF, land use, potential irrigation, 
others to crop "maize" and "temperate cereals", land-use change timber, 
fixed residue remove, with auto fertilizer, pft.cjson LAImax, 
livestock grazing, bondau2007 crop PHU option, separate harvests.
Cultivation types: none, biomass, annual crop
Working directory: /gpfs/home5/druijsch/LPJmL5/dev15oct2025
cpp processed configuration file written to `/projects/prjs2023/chapter3/lpjml_output/2026_04_08_run_for_10_locations/tropical_broadleaved_evergreen_tree/patch_5/`.
Starting from restart file '/home/druijsch/LPJmL5/dev15oct2025/restart/2026_04_08_run_for_10_locations/tropical_broadleaved_evergreen_tree/patch_5/restart_1901_nv_stdfire.lpj'.
Input files:
Variable     Fmt  Varname  Filename
------------ ---- -------- ---------------------------------------------------
soil         cdf  soilcode /projects/prjs2023/chapter3/lpjml_input/run_for_10_locations/tropical_broadleaved_evergreen_tree/patch_5/soil.nc
temp         cdf  tas      /projects/prjs2023/chapter3/lpjml_input/run_for_10_locations/tropical_broadleaved_evergreen_tree/patch_5/temp.nc
prec         cdf  pr       /projects/prjs2023/chapter3/lpjml_input/run_for_10_locations/tropical_broadleaved_evergreen_tree/patch_5/prec.nc
lwdown       cdf  rlds     /projects/prjs2023/chapter3/lpjml_input/run_for_10_locations/tropical_broadleaved_evergreen_tree/patch_5/lwdown.nc
swdown       cdf  rsds     /projects/prjs2023/chapter3/lpjml_input/run_for_10_locations/tropical_broadleaved_evergreen_tree/patch_5/swdown.nc
no3_depo     cdf  noy      /projects/prjs2023/chapter3/lpjml_input/ndep-noy_histsoc_monthly_1901_2021_units.nc
nh4_depo     cdf  nhx      /projects/prjs2023/chapter3/lpjml_input/ndep-nhx_histsoc_monthly_1901_2021_units.nc
soilpH       cdf  soil_ph  /projects/prjs2023/chapter3/lpjml_input/hwsd_soil_data_all_land_oceanfilled.nc
co2          txt           /projects/prjs2023/chapter3/lpjml_input/co2_1832-2023.dat
windspeed    cdf  sfcwind  /projects/prjs2023/chapter3/lpjml_input/run_for_10_locations/tropical_broadleaved_evergreen_tree/patch_5/wind.nc
countries    cdf  country  /projects/prjs2023/chapter3/lpjml_input/regridded_cow_full_2018_5min_reduced_filled.nc
landuse      cdf  CFTfrac  /projects/prjs2023/chapter3/lpjml_input/MAPSPAM_2020_crops_filled_ESA_01deg_v7.nc
------------ ---- -------- ---------------------------------------------------
Writing restart file '/home/druijsch/LPJmL5/dev15oct2025/restart/2026_04_08_run_for_10_locations/tropical_broadleaved_evergreen_tree/patch_5/restart_1960_crop_stdfire_base.lpj' after year 1960.
Reading random seeds from restart file.
Number of output files:       65
Output written in year:       1901
Byte order in output files:   little endian

Compression level for NetCDF: 3
Missing value in NetCDF:      -1e+32
Base year in NetCDF:          1901
NetCDF grid:                  local
Variable            Fmt  Unit        Type   tstep nbd Filename
------------------- ---- ----------- ------ ----- --- -------------------------
albedo              cdf  -           float  month   1 /projects/prjs2023/chapter3/lpjml_output/2026_04_08_run_for_10_locations/tropical_broadleaved_evergreen_tree/patch_5/output/malbedo.nc + .json
cftfrac             cdf  -           float  year   32 /projects/prjs2023/chapter3/lpjml_output/2026_04_08_run_for_10_locations/tropical_broadleaved_evergreen_tree/patch_5/output/cftfrac.nc + .json
discharge           cdf  hm3/day     float  month   1 /projects/prjs2023/chapter3/lpjml_output/2026_04_08_run_for_10_locations/tropical_broadleaved_evergreen_tree/patch_5/output/mdischarge.nc + .json
evap                cdf  mm/month    float  month   1 /projects/prjs2023/chapter3/lpjml_output/2026_04_08_run_for_10_locations/tropical_broadleaved_evergreen_tree/patch_5/output/mevap.nc + .json
fapar               cdf  -           float  month   1 /projects/prjs2023/chapter3/lpjml_output/2026_04_08_run_for_10_locations/tropical_broadleaved_evergreen_tree/patch_5/output/mfapar.nc + .json
firec               cdf  gC/m2/yr    float  year    1 /projects/prjs2023/chapter3/lpjml_output/2026_04_08_run_for_10_locations/tropical_broadleaved_evergreen_tree/patch_5/output/firec.nc + .json
firef               cdf  1           float  year    1 /projects/prjs2023/chapter3/lpjml_output/2026_04_08_run_for_10_locations/tropical_broadleaved_evergreen_tree/patch_5/output/firef.nc + .json
flux_estabc         cdf  gC/m2/yr    float  year    1 /projects/prjs2023/chapter3/lpjml_output/2026_04_08_run_for_10_locations/tropical_broadleaved_evergreen_tree/patch_5/output/flux_estab.nc + .json
fpc                 cdf  -           float  month  12 /projects/prjs2023/chapter3/lpjml_output/2026_04_08_run_for_10_locations/tropical_broadleaved_evergreen_tree/patch_5/output/fpc.nc + .json
globalflux          txt  -           float  year    1 /projects/prjs2023/chapter3/lpjml_output/2026_04_08_run_for_10_locations/tropical_broadleaved_evergreen_tree/patch_5/output/globalflux.csv + .json
gpp                 cdf  gC/m2/month float  month   1 /projects/prjs2023/chapter3/lpjml_output/2026_04_08_run_for_10_locations/tropical_broadleaved_evergreen_tree/patch_5/output/mgpp.nc + .json
litc                cdf  gC/m2       float  year    1 /projects/prjs2023/chapter3/lpjml_output/2026_04_08_run_for_10_locations/tropical_broadleaved_evergreen_tree/patch_5/output/litc.nc + .json
litn                cdf  gN/m2       float  year    1 /projects/prjs2023/chapter3/lpjml_output/2026_04_08_run_for_10_locations/tropical_broadleaved_evergreen_tree/patch_5/output/litn.nc + .json
npp                 cdf  gC/m2/month float  month   1 /projects/prjs2023/chapter3/lpjml_output/2026_04_08_run_for_10_locations/tropical_broadleaved_evergreen_tree/patch_5/output/mnpp.nc + .json
nuptake             cdf  gN/m2/month float  month   1 /projects/prjs2023/chapter3/lpjml_output/2026_04_08_run_for_10_locations/tropical_broadleaved_evergreen_tree/patch_5/output/mnuptake.nc + .json
pet                 cdf  mm/month    float  month   1 /projects/prjs2023/chapter3/lpjml_output/2026_04_08_run_for_10_locations/tropical_broadleaved_evergreen_tree/patch_5/output/mpet.nc + .json
pft_chawo           cdf  gC/m2       float  year   43 /projects/prjs2023/chapter3/lpjml_output/2026_04_08_run_for_10_locations/tropical_broadleaved_evergreen_tree/patch_5/output/pft_chawo.nc + .json
pft_cleaf           cdf  gC/m2       float  year   43 /projects/prjs2023/chapter3/lpjml_output/2026_04_08_run_for_10_locations/tropical_broadleaved_evergreen_tree/patch_5/output/pft_cleaf.nc + .json
pft_croot           cdf  gC/m2       float  year   43 /projects/prjs2023/chapter3/lpjml_output/2026_04_08_run_for_10_locations/tropical_broadleaved_evergreen_tree/patch_5/output/pft_croot.nc + .json
pft_csapw           cdf  gC/m2       float  year   43 /projects/prjs2023/chapter3/lpjml_output/2026_04_08_run_for_10_locations/tropical_broadleaved_evergreen_tree/patch_5/output/pft_csapw.nc + .json
pft_fpar            cdf  -           float  month  43 /projects/prjs2023/chapter3/lpjml_output/2026_04_08_run_for_10_locations/tropical_broadleaved_evergreen_tree/patch_5/output/pft_fpar.nc + .json
pft_gpp             cdf  gC/m2/month float  month  43 /projects/prjs2023/chapter3/lpjml_output/2026_04_08_run_for_10_locations/tropical_broadleaved_evergreen_tree/patch_5/output/pft_gpp.nc + .json
pft_laimax          cdf  m2/m2       float  year   43 /projects/prjs2023/chapter3/lpjml_output/2026_04_08_run_for_10_locations/tropical_broadleaved_evergreen_tree/patch_5/output/pft_laimax.nc + .json
pft_mort            cdf  1/month     float  month  11 /projects/prjs2023/chapter3/lpjml_output/2026_04_08_run_for_10_locations/tropical_broadleaved_evergreen_tree/patch_5/output/pft_mort.nc + .json
pft_mort_background cdf  1/month     float  month  11 /projects/prjs2023/chapter3/lpjml_output/2026_04_08_run_for_10_locations/tropical_broadleaved_evergreen_tree/patch_5/output/pft_mort_background.nc + .json
pft_mort_drought    cdf  1/month     float  month  11 /projects/prjs2023/chapter3/lpjml_output/2026_04_08_run_for_10_locations/tropical_broadleaved_evergreen_tree/patch_5/output/pft_mort_drought.nc + .json
pft_mort_heat       cdf  1/month     float  month  11 /projects/prjs2023/chapter3/lpjml_output/2026_04_08_run_for_10_locations/tropical_broadleaved_evergreen_tree/patch_5/output/pft_mort_heat.nc + .json
pft_nind            cdf  ind/m²     float  month  11 /projects/prjs2023/chapter3/lpjml_output/2026_04_08_run_for_10_locations/tropical_broadleaved_evergreen_tree/patch_5/output/pft_nind.nc + .json
pft_nleaf           cdf  gN/m2       float  year   43 /projects/prjs2023/chapter3/lpjml_output/2026_04_08_run_for_10_locations/tropical_broadleaved_evergreen_tree/patch_5/output/pft_nleaf.nc + .json
pft_npp             cdf  gC/m2/yr    float  year   43 /projects/prjs2023/chapter3/lpjml_output/2026_04_08_run_for_10_locations/tropical_broadleaved_evergreen_tree/patch_5/output/pft_npp.nc + .json
pft_nroot           cdf  gN/m2       float  year   43 /projects/prjs2023/chapter3/lpjml_output/2026_04_08_run_for_10_locations/tropical_broadleaved_evergreen_tree/patch_5/output/pft_nroot.nc + .json
pft_nuptake         cdf  gN/m2/yr    float  year   43 /projects/prjs2023/chapter3/lpjml_output/2026_04_08_run_for_10_locations/tropical_broadleaved_evergreen_tree/patch_5/output/pft_nuptake.nc + .json
pft_phen            cdf  -           float  month  43 /projects/prjs2023/chapter3/lpjml_output/2026_04_08_run_for_10_locations/tropical_broadleaved_evergreen_tree/patch_5/output/pft_phen.nc + .json
pft_survive_frac    cdf  -           float  month  43 /projects/prjs2023/chapter3/lpjml_output/2026_04_08_run_for_10_locations/tropical_broadleaved_evergreen_tree/patch_5/output/pft_survive_frac.nc + .json
pft_vegc            cdf  gC/m2       float  year   43 /projects/prjs2023/chapter3/lpjml_output/2026_04_08_run_for_10_locations/tropical_broadleaved_evergreen_tree/patch_5/output/pft_vegc.nc + .json
pft_vegn            cdf  gN/m2       float  year   43 /projects/prjs2023/chapter3/lpjml_output/2026_04_08_run_for_10_locations/tropical_broadleaved_evergreen_tree/patch_5/output/pft_vegn.nc + .json
pft_water_demand    cdf  mm/yr       float  year   43 /projects/prjs2023/chapter3/lpjml_output/2026_04_08_run_for_10_locations/tropical_broadleaved_evergreen_tree/patch_5/output/pft_water_demand.nc + .json
phen_light          cdf  -           float  month   1 /projects/prjs2023/chapter3/lpjml_output/2026_04_08_run_for_10_locations/tropical_broadleaved_evergreen_tree/patch_5/output/mphen_light.nc + .json
phen_tmax           cdf  -           float  month   1 /projects/prjs2023/chapter3/lpjml_output/2026_04_08_run_for_10_locations/tropical_broadleaved_evergreen_tree/patch_5/output/mphen_tmax.nc + .json
phen_tmin           cdf  -           float  month   1 /projects/prjs2023/chapter3/lpjml_output/2026_04_08_run_for_10_locations/tropical_broadleaved_evergreen_tree/patch_5/output/mphen_tmin.nc + .json
phen_water          cdf  -           float  month   1 /projects/prjs2023/chapter3/lpjml_output/2026_04_08_run_for_10_locations/tropical_broadleaved_evergreen_tree/patch_5/output/mphen_water.nc + .json
rd                  cdf  gC/m2/month float  month   1 /projects/prjs2023/chapter3/lpjml_output/2026_04_08_run_for_10_locations/tropical_broadleaved_evergreen_tree/patch_5/output/rd.nc + .json
rh                  cdf  gC/m2/month float  month   1 /projects/prjs2023/chapter3/lpjml_output/2026_04_08_run_for_10_locations/tropical_broadleaved_evergreen_tree/patch_5/output/mrh.nc + .json
runoff              cdf  mm/month    float  month   1 /projects/prjs2023/chapter3/lpjml_output/2026_04_08_run_for_10_locations/tropical_broadleaved_evergreen_tree/patch_5/output/mrunoff.nc + .json
soilc               cdf  gC/m2       float  year    1 /projects/prjs2023/chapter3/lpjml_output/2026_04_08_run_for_10_locations/tropical_broadleaved_evergreen_tree/patch_5/output/soilc.nc + .json
soilc_layer         cdf  gC/m2       float  year    5 /projects/prjs2023/chapter3/lpjml_output/2026_04_08_run_for_10_locations/tropical_broadleaved_evergreen_tree/patch_5/output/soilc_layer.nc + .json
soiln               cdf  gN/m2       float  year    1 /projects/prjs2023/chapter3/lpjml_output/2026_04_08_run_for_10_locations/tropical_broadleaved_evergreen_tree/patch_5/output/soiln.nc + .json
soiln_layer         cdf  gN/m2       float  year    5 /projects/prjs2023/chapter3/lpjml_output/2026_04_08_run_for_10_locations/tropical_broadleaved_evergreen_tree/patch_5/output/soiln_layer.nc + .json
soilnh4             cdf  gN/m2       float  year    1 /projects/prjs2023/chapter3/lpjml_output/2026_04_08_run_for_10_locations/tropical_broadleaved_evergreen_tree/patch_5/output/soilnh4.nc + .json
soilnh4_layer       cdf  gN/m2       float  year    5 /projects/prjs2023/chapter3/lpjml_output/2026_04_08_run_for_10_locations/tropical_broadleaved_evergreen_tree/patch_5/output/soilnh4_layer.nc + .json
soilno3             cdf  gN/m2       float  year    1 /projects/prjs2023/chapter3/lpjml_output/2026_04_08_run_for_10_locations/tropical_broadleaved_evergreen_tree/patch_5/output/soilno3.nc + .json
soilno3_layer       cdf  gN/m2       float  year    5 /projects/prjs2023/chapter3/lpjml_output/2026_04_08_run_for_10_locations/tropical_broadleaved_evergreen_tree/patch_5/output/soilno3_layer.nc + .json
soiltemp1           cdf  Celsius     float  month   1 /projects/prjs2023/chapter3/lpjml_output/2026_04_08_run_for_10_locations/tropical_broadleaved_evergreen_tree/patch_5/output/msoiltemp1.nc + .json
soiltemp2           cdf  Celsius     float  month   1 /projects/prjs2023/chapter3/lpjml_output/2026_04_08_run_for_10_locations/tropical_broadleaved_evergreen_tree/patch_5/output/msoiltemp2.nc + .json
soiltemp3           cdf  Celsius     float  month   1 /projects/prjs2023/chapter3/lpjml_output/2026_04_08_run_for_10_locations/tropical_broadleaved_evergreen_tree/patch_5/output/msoiltemp3.nc + .json
swc1                cdf  1           float  month   1 /projects/prjs2023/chapter3/lpjml_output/2026_04_08_run_for_10_locations/tropical_broadleaved_evergreen_tree/patch_5/output/mswc1.nc + .json
swc2                cdf  1           float  month   1 /projects/prjs2023/chapter3/lpjml_output/2026_04_08_run_for_10_locations/tropical_broadleaved_evergreen_tree/patch_5/output/mswc2.nc + .json
swc3                cdf  1           float  month   1 /projects/prjs2023/chapter3/lpjml_output/2026_04_08_run_for_10_locations/tropical_broadleaved_evergreen_tree/patch_5/output/mswc3.nc + .json
swc4                cdf  1           float  month   1 /projects/prjs2023/chapter3/lpjml_output/2026_04_08_run_for_10_locations/tropical_broadleaved_evergreen_tree/patch_5/output/mswc4.nc + .json
swc5                cdf  1           float  month   1 /projects/prjs2023/chapter3/lpjml_output/2026_04_08_run_for_10_locations/tropical_broadleaved_evergreen_tree/patch_5/output/mswc5.nc + .json
transp              cdf  mm/month    float  month   1 /projects/prjs2023/chapter3/lpjml_output/2026_04_08_run_for_10_locations/tropical_broadleaved_evergreen_tree/patch_5/output/mtransp.nc + .json
vegc                cdf  gC/m2       float  year    1 /projects/prjs2023/chapter3/lpjml_output/2026_04_08_run_for_10_locations/tropical_broadleaved_evergreen_tree/patch_5/output/vegc.nc + .json
vegn                cdf  gN/m2       float  year    1 /projects/prjs2023/chapter3/lpjml_output/2026_04_08_run_for_10_locations/tropical_broadleaved_evergreen_tree/patch_5/output/vegn.nc + .json
wateramount         cdf  hm3         float  month   1 /projects/prjs2023/chapter3/lpjml_output/2026_04_08_run_for_10_locations/tropical_broadleaved_evergreen_tree/patch_5/output/mwateramount.nc + .json
wscal               cdf  -           float  month   1 /projects/prjs2023/chapter3/lpjml_output/2026_04_08_run_for_10_locations/tropical_broadleaved_evergreen_tree/patch_5/output/wscal.nc + .json
------------------- ---- ----------- ------ ----- --- -------------------------
Spinup years:                   180
Cycle length during spinup:      30
First year:                    1901
Last year:                     2019
Number of grid cells:            63
==============================================================================
Memory allocated for output: 7,096 bytes/cell
Simulation begins...
Spinup using climate starting from year 1901

                 Carbon flux (ktC/yr)                    Water (dam3/yr)                Nitrogen (MgN/yr)
       --------------------------------------- ---------------------------------- --------------------------------
Spinup NEP     estab   harvest product NBP     transp     evap    interc  wd      nuptake ndemand  nlosses ninflux
------ ------- ------- ------- ------- ------- ---------- ------- ------- ------- ------- -------- ------- -------
  1721 -913.914   6.996   8.423   0.000 -915.341  5760806.4 654172.0 1155748.9     0.0 51351.8  24040.6 10533.3 16432.5
  1722 -428.515   6.969  76.128   0.000 -497.673  6216961.4 542319.2 921943.9     0.0 54729.2  21501.0  7582.3 16240.1
  1723 361.634   6.982  85.824   0.000 282.792  6809259.1 546094.0 1174911.9     0.0 59071.0  23817.1 10491.0 19511.8
  1724 -670.530   6.292  78.041   0.000 -742.279  5213912.0 483013.2 805818.1     0.0 50513.0  12124.8  8121.2 10032.6
  1725 -334.477   6.983  75.924   0.000 -403.417  6443225.8 561362.7 1338500.1     0.0 58551.1  25351.2 14012.6 18372.8
  1726 333.542   5.046  87.558   0.000 251.029  6112794.2 554458.5 1238765.9     0.0 56253.9  21771.8 18897.1 18205.7
  1727 -1568.974   6.984  28.633   0.000 -1590.622  5051306.6 447351.0 650626.0     0.0 48490.6   9392.8  8638.2  8869.3
  1728 -469.117   6.984  88.911   0.000 -551.044  5943698.3 521569.1 1225192.4     0.0 63938.7  25639.0 20654.1 21087.1
  1729 -1847.013   6.985  86.837   0.000 -1926.865  4996981.2 468753.1 864674.1     0.0 44311.7  19513.9 12980.9 16034.6
  1730 -939.587   6.984  57.102   0.000 -989.706  5447542.2 451024.6 689358.7     0.0 65687.9  19050.8  9778.3 14582.8
  1731 -19.178   6.983  80.408   0.000 -92.604  6335334.4 614070.9 1141381.0     0.0 57035.2  28686.3 26080.4 22618.7
  1732 -533.902   6.983  82.608   0.000 -609.526  5837042.4 438695.5 583974.2     0.0 53813.1  15141.0  8871.3 11977.6
  1733 -34.451   6.983  64.711   0.000 -92.179  6290839.8 495802.5 876846.8     0.0 60774.4  21604.4 16815.0 15922.6
  1734 832.222   5.923  78.449   0.000 759.696  6813612.5 561807.2 1310919.3     0.0 58668.1  25312.6 22146.7 17991.1
  1735 1080.823   5.483  82.680   0.000 1003.627  7052837.6 479063.6 1038636.4     0.0 58379.4  19102.3 15737.6 14412.7
  1736 1406.331   6.758  92.296   0.000 1320.792  7316970.2 532541.9 1167373.5     0.0 62124.0  21981.9 19968.2 17718.2
  1737 -1904.623   6.985  44.793   0.000 -1942.430  4812213.5 434152.7 680719.0     0.0 39656.7   6643.6 11741.7  7302.6
  1738 1331.066   6.983  19.034   0.000 1319.014  6918569.5 574434.7 1186998.6     0.0 72987.1  23934.9 21828.7 19424.7
  1739 -3844.361   7.001  48.000   0.000 -3885.358  3509754.6 304378.8 328509.0     0.0 13796.8   1944.1 21877.7  3830.1
  1740 676.445   6.971  65.295   0.000 618.120  5670729.4 467998.5 548683.1     0.0 67975.5   8265.7 16719.2  8018.5
  1741 2601.550   6.982  79.780   0.000 2528.752  7238054.2 560185.3 1070594.7     0.0 72166.5  17592.1 37214.7 13961.5
  1742 2344.477   6.982  84.989   0.000 2266.471  7113959.2 532470.8 846058.4     0.0 57922.9  13760.3 14169.0 12371.6
  1743 1227.364   6.983  97.872   0.000 1136.475  7077400.0 531051.3 1284533.0     0.0 56011.1  19473.5 23517.3 15780.4
  1744 255.715   5.046  84.367   0.000 176.395  6783473.6 475109.0 906713.3     0.0 53407.4  17220.1 14407.2 13715.1
  1745 -3404.853   6.377  32.128   0.000 -3430.604  3673298.0 305769.6 321896.0     0.0 19254.1   3143.9 14845.2  3693.4

                 Carbon flux (ktC/yr)                    Water (dam3/yr)                Nitrogen (MgN/yr)
       --------------------------------------- ---------------------------------- --------------------------------
Spinup NEP     estab   harvest product NBP     transp     evap    interc  wd      nuptake ndemand  nlosses ninflux
------ ------- ------- ------- ------- ------- ---------- ------- ------- ------- ------- -------- ------- -------
  1746 2367.414   6.972  23.901   0.000 2350.485  6698423.5 547494.1 741211.0     0.0 87487.5  11744.5 24316.0  7942.9
  1747 1841.602   6.614  80.838   0.000 1767.378  7314686.8 484491.9 728216.1     0.0 54933.6  15275.3 16829.3 12897.4
  1748 1149.275   6.713  80.228   0.000 1075.759  7175442.0 467697.3 778357.4     0.0 57691.8  16434.2 14702.5 13616.9
  1749 -1945.904   5.937  52.980   0.000 -1992.947  4563704.4 411574.1 589973.3     0.0 35333.2   4789.2 12484.0  4978.0
  1750 763.896   6.982  31.687   0.000 739.192  7060901.0 564417.5 1002632.2     0.0 73486.4  24376.6 29843.2 19080.5
  1751 430.937   6.983  77.177   0.000 360.743  6780893.3 493654.6 857117.5     0.0 52632.1  18030.1 16155.6 13914.7
  1752 -1490.259   6.985  56.368   0.000 -1539.642  4966790.7 419533.0 601253.7     0.0 43566.6   6922.3 10100.6  6462.1
  1753  31.738   6.984  86.212   0.000 -47.490  6630499.1 464494.2 956590.1     0.0 67323.9  24139.0 18704.8 17262.3
  1754 853.819   6.983  86.164   0.000 774.638  6709855.9 473058.4 922008.2     0.0 56659.5  19576.6 17768.2 15036.4
  1755 1743.215   6.983  97.030   0.000 1653.168  7215591.3 517240.5 1166446.1     0.0 61959.6  24360.3 16807.3 19958.9
  1756 1755.476   6.983 105.941   0.000 1656.518  7266891.7 503919.4 1204466.5     0.0 59024.5  23623.6 15861.9 19256.0
  1757 418.686   6.983  93.332   0.000 332.337  6993096.3 474638.9 999791.2     0.0 50089.3  19927.4 15502.0 13674.2
  1758  20.936   6.983  90.850   0.000 -62.931  6525032.4 569222.3 1307301.1     0.0 50110.9  23531.5 15208.1 18872.0
  1759 -146.638   6.194  91.725   0.000 -232.169  6735178.6 478448.4 1018378.4     0.0 52176.6  21863.0 12000.9 16007.5
  1760 -52.626   6.983  66.829   0.000 -112.472  5976915.0 543527.3 1302970.3     0.0 54179.0  21650.3 18030.8 17945.7
  1761 -320.114   6.983  96.470   0.000 -409.601  6457807.2 580030.5 1313121.4     0.0 52278.9  25571.2 13638.5 21669.9
  1762 -888.813   6.984  91.885   0.000 -973.714  5924826.2 518181.9 960859.3     0.0 50842.1  20106.5  6722.8 16816.3
  1763 -629.183   6.984  85.457   0.000 -707.656  6410541.8 508595.6 998894.1     0.0 56128.1  25309.4 10100.2 19379.8
  1764 -146.233   6.983  94.918   0.000 -234.167  6755155.9 477937.4 914361.6     0.0 55695.0  26398.3 17311.0 19184.3
  1765 507.350   6.983  72.757   0.000 441.576  6825969.5 530189.5 1224227.4     0.0 58172.5  25075.1 19892.1 19525.3
  1766 106.621   6.983  88.516   0.000  25.088  6518820.4 517026.1 1058383.3     0.0 52886.3  23515.4 11615.3 17989.4
  1767 246.732   6.983  88.672   0.000 165.042  6153017.5 505982.2 1300243.9     0.0 57077.1  22180.9 16088.6 18474.5
  1768 -273.688   6.562  89.712   0.000 -356.838  6317508.7 508452.7 1090255.6     0.0 55579.2  21528.9 14076.8 16739.1
  1769 -975.027   6.984  62.886   0.000 -1030.929  5594188.8 442071.4 778513.7     0.0 55136.5  17773.9  8695.5 12608.8
  1770 -593.428   6.984  70.852   0.000 -657.296  5149279.3 468582.0 814633.4     0.0 58682.0  14806.8 10480.6 10585.8

                 Carbon flux (ktC/yr)                    Water (dam3/yr)                Nitrogen (MgN/yr)
       --------------------------------------- ---------------------------------- --------------------------------
Spinup NEP     estab   harvest product NBP     transp     evap    interc  wd      nuptake ndemand  nlosses ninflux
------ ------- ------- ------- ------- ------- ---------- ------- ------- ------- ------- -------- ------- -------
  1771 296.612   6.983  96.069   0.000 207.526  6763035.1 499574.6 960016.0     0.0 61233.9  27859.8 15630.2 18967.6
  1772 -1150.915   2.367  71.925   0.000 -1220.473  5490908.5 443114.0 616467.3     0.0 50420.6  13903.3  9554.7  7829.1
  1773 -222.760   6.474  86.013   0.000 -302.299  6364298.9 515043.9 1002900.8     0.0 58964.1  28745.5 15468.7 18145.7
  1774  39.351   6.137  88.640   0.000 -43.153  6367217.9 517556.1 1026144.7     0.0 54825.8  23353.9 20247.8 16497.1
  1775 456.558   6.857  67.158   0.000 396.257  6539468.7 494101.4 973325.0     0.0 56634.2  21905.9 12717.5 14790.9
  1776 -123.138   6.983  46.469   0.000 -162.624  6111469.7 492946.4 823461.7     0.0 51636.7  17749.1  7436.7 12383.8
  1777 -120.266   6.983  52.127   0.000 -165.410  6224450.3 508166.4 887411.4     0.0 61496.4  21593.2 13114.1 14701.6
  1778 -755.893   4.096  88.115   0.000 -839.913  5740629.9 540883.7 929217.4     0.0 53873.3  20249.4  9032.1 13520.1
  1779 -88.033   6.983  86.446   0.000 -167.496  5968640.9 479861.9 874781.2     0.0 63056.4  22134.8 13032.3 14977.6
  1780 -565.108   3.690  89.391   0.000 -650.809  5761690.6 527044.1 911926.9     0.0 55364.3  20991.3 10841.3 13268.0
  1781 823.237   6.983  91.994   0.000 738.225  6771679.3 520278.8 1123677.0     0.0 63197.6  25522.2 26399.8 17310.2
  1782 -111.775   6.983  84.404   0.000 -189.197  6056047.0 526273.9 935001.3     0.0 52583.4  19198.6 11239.2 13740.0
  1783 1211.208   6.531  79.574   0.000 1138.164  6975118.7 514839.8 1239349.9     0.0 65897.2  24215.3 22273.5 16157.0
  1784 -674.552   6.984  73.811   0.000 -741.379  5849579.8 434248.6 642990.9     0.0 52668.1  14695.2  8857.7  9665.9
  1785 -1112.278   6.985  75.601   0.000 -1180.894  5304574.4 433941.4 762295.1     0.0 60633.6  16738.2  8479.5 11196.7
  1786  47.301   6.983  70.447   0.000 -16.163  6387996.7 534901.6 935750.5     0.0 60526.3  25487.4 12961.4 17275.7
  1787 496.431   6.983  85.508   0.000 417.905  6585950.1 600821.0 1241675.2     0.0 52856.3  27556.9 25324.3 18187.5
  1788 -1643.888   6.634  49.595   0.000 -1686.848  4893353.3 429168.9 652010.9     0.0 41435.8   7245.3  7236.8  5343.4
  1789 122.377   6.984  71.367   0.000  57.993  6241800.5 536235.1 982586.0     0.0 60247.4  20758.7 12601.0 13837.6
  1790 -3551.150   6.650  28.689   0.000 -3573.189  3446461.5 311205.8 316626.5     0.0 16821.1   2369.5 16401.4  3019.7
  1791 2126.698   6.971   4.321   0.000 2129.347  6633634.7 609840.6 741146.3     0.0 81727.4  15402.1 19455.5 10278.4
  1792 156.344   6.983  67.561   0.000  95.766  5751058.0 464955.3 614751.3     0.0 40792.2  11075.7 14094.9  8632.9
  1793 1455.170   6.983  78.699   0.000 1383.454  7061855.7 498072.4 840248.2     0.0 70433.4  16622.3 23577.5 11083.3
  1794 1515.675   6.983  83.834   0.000 1438.823  7168740.3 461327.6 960772.4     0.0 56982.2  15823.0 12662.8 12179.9
  1795 -395.846   6.984  80.387   0.000 -469.249  5716362.2 426956.3 717835.4     0.0 46569.1  13000.4 12002.9 10185.0

                 Carbon flux (ktC/yr)                    Water (dam3/yr)                Nitrogen (MgN/yr)
       --------------------------------------- ---------------------------------- --------------------------------
Spinup NEP     estab   harvest product NBP     transp     evap    interc  wd      nuptake ndemand  nlosses ninflux
------ ------- ------- ------- ------- ------- ---------- ------- ------- ------- ------- -------- ------- -------
  1796 1330.449   6.983  87.806   0.000 1249.626  7157544.5 511950.4 1163812.8     0.0 73381.5  22350.8 27519.1 17025.6
  1797 846.960   6.983  82.310   0.000 771.634  6852826.7 492926.1 880231.9     0.0 52758.4  18213.5 10819.2 12526.6
  1798 1562.652   6.983  93.626   0.000 1476.009  7422340.6 510750.5 1133113.7     0.0 60625.8  22032.4 15024.7 16931.2
  1799 180.042   6.983  86.970   0.000 100.055  6509410.1 503262.7 1074496.4     0.0 51267.6  19519.2 14124.1 15229.2
  1800 428.077   6.194  78.011   0.000 356.260  6644029.3 471708.8 1011610.9     0.0 57801.2  20635.3 11340.1 13297.8
  1801 -674.553   6.984  65.333   0.000 -732.903  5960206.0 534534.4 957732.3     0.0 48862.2  19097.3  7776.0 13861.5
  1802 -3867.198   4.863  37.779   0.000 -3900.114  2896440.9 289546.1 328424.0     0.0 15954.7    896.1 19156.8  2962.9
  1803 148.313   6.964  58.940   0.000  96.338  5548936.1 467475.1 438153.0     0.0 79404.2   9268.1 11907.1  5843.9
  1804 -1561.793   6.986  44.981   0.000 -1599.787  4237455.3 425306.7 458429.7     0.0 32238.5   2771.4 16129.2  3633.0
  1805 1803.640   6.983  79.067   0.000 1731.557  6713301.4 479517.6 725094.9     0.0 90221.8  20935.2 30559.3 13766.0
  1806 -1191.739   6.985  64.070   0.000 -1248.824  5050806.0 416433.7 497581.7     0.0 32822.3   4570.5 14243.5  4107.8
  1807 1186.510   6.983  84.536   0.000 1108.957  6468108.7 453815.8 699366.0     0.0 82159.8  21309.2 19581.2 14282.0
  1808 1752.736   6.983  73.287   0.000 1686.431  7058295.5 452392.1 893017.0     0.0 59139.6  13231.9 16755.2  7603.7
  1809 -344.669   6.984  85.926   0.000 -423.612  5389760.4 434684.6 798187.5     0.0 38080.0  14201.6 23577.5 10882.6
  1810 1588.701   4.566  69.295   0.000 1523.972  6934143.7 567464.6 1128198.9     0.0 75969.9  18272.1 19944.3 11536.4
  1811 110.670   5.133  74.644   0.000  41.159  5454505.1 448999.3 763157.5     0.0 43075.1   8089.7  9909.9  5736.7
  1812 -549.238   6.984  56.916   0.000 -599.170  5604282.7 416503.4 717428.1     0.0 57679.8  13844.0  9289.1 10180.2
  1813 1442.353   6.983  66.489   0.000 1382.847  7183065.6 518773.0 1146586.8     0.0 70996.0  28315.6 20171.9 19402.6
  1814 1377.513   6.983  72.045   0.000 1312.451  7228080.9 533050.8 1323566.7     0.0 52588.2  23471.1 18820.2 14720.0
  1815 733.993   4.845  85.715   0.000 653.123  7235809.2 453031.9 855045.4     0.0 51822.7  20747.4  9150.4 13692.8
  1816 482.775   6.983  81.395   0.000 408.362  6034318.3 519343.1 1267592.4     0.0 51491.5  18646.0 18766.5 12735.7
  1817 -1082.756   6.985  15.307   0.000 -1091.078  5862473.5 443811.5 634814.7     0.0 48185.3  16259.8  7487.5 10107.6
  1818 -1027.570   6.985  54.119   0.000 -1074.704  5421127.6 462879.0 808124.2     0.0 53395.7  17490.3  6508.7 11932.0
  1819 -1915.050   6.985  84.114   0.000 -1992.179  5062742.4 445538.2 865412.2     0.0 45592.8  21975.4 14074.1 14413.2
  1820 -323.515   6.985  69.569   0.000 -386.099  6685170.4 498178.9 892648.5     0.0 58992.5  32163.9 10045.5 20625.8

                 Carbon flux (ktC/yr)                    Water (dam3/yr)                Nitrogen (MgN/yr)
       --------------------------------------- ---------------------------------- --------------------------------
Spinup NEP     estab   harvest product NBP     transp     evap    interc  wd      nuptake ndemand  nlosses ninflux
------ ------- ------- ------- ------- ------- ---------- ------- ------- ------- ------- -------- ------- -------
  1821 -276.628   5.924  78.042   0.000 -348.745  5819578.4 528140.3 1147724.5     0.0 46570.0  20956.6 19655.4 16010.0
  1822 -1749.164   6.985  56.884   0.000 -1799.062  5110872.5 450064.1 834962.4     0.0 41602.3  19941.3  7768.2 14088.9
  1823 -843.796   6.985  67.344   0.000 -904.156  6530425.1 499254.4 882970.5     0.0 54412.6  28843.2 10929.2 19003.9
  1824 144.332   6.983  92.466   0.000  58.849  6824961.4 487344.2 878196.9     0.0 53646.0  26249.6  8162.2 20325.5
  1825  65.383   6.983  85.015   0.000 -12.649  6889533.7 466267.5 858577.6     0.0 51106.2  25331.3 10190.1 17821.0
  1826  85.951   6.983  69.168   0.000  23.766  6859064.9 510435.2 933949.4     0.0 49826.5  24157.5  7879.1 17043.3
  1827 -314.907   6.983  77.840   0.000 -385.764  6009021.4 438705.1 790758.1     0.0 49523.8  16268.3  6572.3 11905.6
  1828 173.577   6.983  87.855   0.000  92.704  6746611.7 444419.9 1017414.9     0.0 58291.3  21375.2 13508.5 14642.2
  1829  -4.249   6.983  92.366   0.000 -89.632  6504789.8 489335.2 1041873.2     0.0 53818.0  21037.8 17326.3 15977.8
  1830 -3373.460   5.064  48.843   0.000 -3417.238  3558865.8 287193.9 324316.4     0.0 18340.4   2544.8 15645.0  2977.2
  1831 1916.642   6.970  28.090   0.000 1895.522  6557453.9 582051.0 734144.9     0.0 84243.7  14588.4 14183.3  8515.0
  1832 2365.241   6.193  81.290   0.000 2290.144  7425775.3 512470.0 805558.1     0.0 53917.0  14981.1 11849.6  9828.2
  1833 1941.339   6.983  81.376   0.000 1866.946  7447547.9 471004.6 848813.0     0.0 60219.4  17426.6 16735.0 13298.1
  1834 -499.577   6.346  62.350   0.000 -555.581  5857756.2 423216.0 588331.9     0.0 45828.0  11495.4  9731.5  7616.6
  1835 -1204.497   6.985  57.517   0.000 -1255.028  5217066.3 415731.0 583448.5     0.0 56326.6   9873.9 10836.1  6130.5
  1836 -3542.422   7.013  24.817   0.000 -3560.226  2873725.3 280336.6 299686.5     0.0 16578.1    842.7 24859.5  2966.4
  1837 2288.701   6.960  72.533   0.000 2223.128  7007221.2 539008.2 560068.9     0.0 98914.5  22294.7 20441.6 13520.8
  1838 3495.707   6.982  82.127   0.000 3420.562  7569624.2 569776.4 909028.0     0.0 56020.3  14623.9 30295.5  9686.8
  1839 -576.944   4.875  82.957   0.000 -655.026  5762522.6 413195.1 537095.8     0.0 34882.2   8171.5  8090.7  5439.5
  1840 -214.030   6.633  60.417   0.000 -267.813  5156368.6 435958.6 680110.0     0.0 57315.9   7979.1 10386.2  6140.7
  1841 1532.503   6.983  24.989   0.000 1514.497  6750178.2 526487.5 830287.1     0.0 70627.0  16258.5 11588.3 11211.8
  1842 1783.283   6.273  98.544   0.000 1691.013  6786985.9 487186.9 1153162.8     0.0 55266.6  18095.8 33028.7 13342.2
  1843 1200.786   6.106  88.699   0.000 1118.193  7247313.1 512175.4 1289275.3     0.0 51740.6  21540.9 13630.7 14925.4
  1844 799.932   6.361  94.390   0.000 711.902  7386190.1 454195.6 907108.2     0.0 51601.3  21853.2 10541.6 16597.7
  1845 500.319   6.983  79.598   0.000 427.704  6442013.8 491296.7 1254250.9     0.0 50706.0  21148.5 14588.7 15712.6

                 Carbon flux (ktC/yr)                    Water (dam3/yr)                Nitrogen (MgN/yr)
       --------------------------------------- ---------------------------------- --------------------------------
Spinup NEP     estab   harvest product NBP     transp     evap    interc  wd      nuptake ndemand  nlosses ninflux
------ ------- ------- ------- ------- ------- ---------- ------- ------- ------- ------- -------- ------- -------
  1846 -752.512   6.760  87.289   0.000 -833.042  6092020.7 499494.3 924055.9     0.0 45807.7  19228.7  6622.5 14429.0
  1847 -373.354   6.984  77.936   0.000 -444.306  6678928.7 522859.5 1342564.7     0.0 51273.5  26780.2 13071.1 18429.4
  1848 -42.601   6.633  94.067   0.000 -130.034  7045679.0 459074.7 906102.8     0.0 51227.7  25844.5 11128.4 19032.3
  1849 -1003.873   6.985  76.535   0.000 -1073.423  5712794.0 405564.4 743640.1     0.0 48145.3  17484.8  7135.7 13209.5
  1850 -155.088   6.984  82.552   0.000 -230.655  7044268.3 510973.9 1089784.8     0.0 55895.1  29108.9 16969.4 20272.2
  1851  -5.661   6.983  86.148   0.000 -84.826  6379745.4 470984.8 1059012.7     0.0 50081.9  22909.5  8109.5 16060.7
  1852  84.509   6.983  57.628   0.000  33.864  6576633.6 519210.1 935496.3     0.0 50765.7  22293.7 10203.4 16296.2
  1853 -522.432   5.930  69.126   0.000 -585.628  5275709.7 451246.4 802874.3     0.0 47174.5  12787.7 10360.1  9351.9
  1854 -696.420   6.984  21.705   0.000 -711.141  6128226.8 541522.3 1004415.3     0.0 48760.3  23347.4  9449.6 14996.9
  1855 -1770.813   6.985  80.660   0.000 -1844.488  5091290.6 447996.3 872233.2     0.0 41394.7  18800.4 11658.0 13609.2
  1856 -370.893   4.425  60.426   0.000 -426.894  6101935.9 498016.4 1010055.0     0.0 61716.3  25136.5  8503.9 15315.7
  1857 -401.455   6.983  70.661   0.000 -465.133  6064016.1 527479.1 839888.8     0.0 48484.5  23319.3 12023.0 15554.6
  1858 156.012   6.983  33.700   0.000 129.296  5699965.1 550586.9 1170180.8     0.0 51788.8  18284.0 19549.3 13820.7
  1859 157.412   6.983  91.681   0.000  72.713  6807233.8 482191.3 937094.5     0.0 51381.1  22816.5 11123.4 15315.8
  1860 -164.399   6.983  74.064   0.000 -231.479  6073751.9 436874.5 794359.1     0.0 50091.8  16546.4  5285.2 12316.7
  1861 602.010   6.982  93.654   0.000 515.339  7063465.8 500078.4 1112374.8     0.0 60487.3  24232.2 16489.5 18421.3
  1862  60.384   6.983  80.942   0.000 -13.576  6406526.3 457105.9 875662.6     0.0 54294.3  20646.6  9589.3 15492.0
  1863 -3738.812   7.011  38.679   0.000 -3770.479  3034586.7 274574.5 325568.0     0.0 12909.3    959.6 18306.6  3163.7
  1864 2040.730   6.960  70.754   0.000 1976.936  6701581.1 568848.2 607303.1     0.0 84611.7  14807.4 18805.0  8983.0
  1865 3327.210   6.982  89.767   0.000 3244.425  7044953.3 514485.0 977593.8     0.0 57547.7  11991.4 27879.6  7326.7
  1866 1427.131   6.983  88.000   0.000 1346.114  7096822.4 471811.9 790440.7     0.0 49273.0  14511.2 12162.4 10547.8
  1867 524.733   6.983  87.943   0.000 443.774  6502701.7 451757.7 810665.7     0.0 53811.9  16451.0  8888.3 14038.8
  1868 -227.166   6.984  70.478   0.000 -290.660  5197352.0 437540.7 752218.9     0.0 48973.2   9065.5  8948.9  6952.0
  1869 495.445   6.983  91.368   0.000 411.060  6987652.1 477596.9 916679.8     0.0 62535.3  21930.2 10916.8 15195.5
  1870 968.966   6.983  91.425   0.000 884.525  7115805.1 456755.1 939222.1     0.0 53991.7  19505.3 20428.0 12460.7

                 Carbon flux (ktC/yr)                    Water (dam3/yr)                Nitrogen (MgN/yr)
       --------------------------------------- ---------------------------------- --------------------------------
Spinup NEP     estab   harvest product NBP     transp     evap    interc  wd      nuptake ndemand  nlosses ninflux
------ ------- ------- ------- ------- ------- ---------- ------- ------- ------- ------- -------- ------- -------
  1871 1197.942   6.983  94.799   0.000 1110.126  7176428.6 463369.8 953374.9     0.0 56642.9  22184.2  9597.4 16353.1
  1872 515.043   6.983  85.023   0.000 437.004  6959226.7 458976.8 977367.3     0.0 50866.6  19907.0 14421.0 12880.7
  1873 372.947   6.983  92.530   0.000 287.401  6708658.2 476987.3 1046429.9     0.0 50912.9  22067.2 10204.6 16503.7
  1874 223.862   6.983  90.616   0.000 140.229  6650948.5 481869.0 1053843.2     0.0 51204.5  22492.1 10500.5 16600.1
  1875 263.675   6.983  87.761   0.000 182.898  6560318.3 500276.6 982395.9     0.0 53169.4  20526.3  8813.2 16289.1
  1876 761.021   6.983 108.737   0.000 659.268  7036760.5 484172.7 1240967.7     0.0 57862.0  26431.6 16609.3 20543.5
  1877 -20.072   6.984  86.848   0.000 -99.937  6575883.8 466429.0 933552.5     0.0 47884.1  21778.5 10079.7 14721.0
  1878  42.044   6.984  85.600   0.000 -36.573  6353522.0 468488.5 1138805.6     0.0 53071.2  21509.0  8984.5 14621.1
  1879 -20.436   6.984  86.686   0.000 -100.138  6941205.2 444726.9 876326.6     0.0 54186.6  24802.5 13833.9 16220.3
  1880 -556.429   6.984  75.674   0.000 -625.119  5148813.4 443854.6 841948.6     0.0 48461.9  12820.5  7779.7  8737.1
  1881 -1923.067   6.985  69.249   0.000 -1985.331  4540619.2 391522.4 643321.7     0.0 44561.4   8172.9  8687.3  5875.1
  1882 -730.089   6.985  90.678   0.000 -813.781  6030926.5 498141.4 956524.3     0.0 52930.1  25534.2 14454.2 17553.2
  1883 -237.018   6.984  89.320   0.000 -319.354  6310623.3 491356.0 962253.8     0.0 48399.1  25038.1 13127.6 18111.8
  1884 -972.554   6.984  81.470   0.000 -1047.039  5640841.0 414261.0 709072.9     0.0 47936.9  18283.4  8391.3 12986.3
  1885 -357.130   6.984  75.238   0.000 -425.383  6308738.3 474517.3 913221.3     0.0 53233.7  24802.4 13033.4 17933.7
  1886 -3023.578   6.993  50.892   0.000 -3067.476  3768277.3 289316.5 305942.6     0.0 24431.4   3573.6 11508.7  4268.2
  1887 662.355   6.978  76.586   0.000 592.746  6050339.5 529055.3 649063.0     0.0 68715.1  16243.9  8575.1 12697.1
  1888 1828.599   6.982  92.026   0.000 1743.556  6894184.3 476329.7 781978.1     0.0 57134.9  17995.9 10182.2 13795.4
  1889 1218.452   6.982  81.668   0.000 1143.766  6911420.6 442837.2 918318.3     0.0 51505.2  16163.3 14913.7 11725.0
  1890 308.921   6.982  91.075   0.000 224.829  6406122.0 450800.8 810383.0     0.0 51658.8  17868.9 14785.8 14539.6
  1891 687.588   5.923  83.981   0.000 609.531  6655473.9 483020.5 968588.9     0.0 56377.7  21227.0 10407.9 14925.4
  1892 455.995   6.982  88.921   0.000 374.056  6589553.7 489679.9 1012569.3     0.0 51921.3  20147.5 17531.9 15581.8
  1893 1259.147   6.982  81.041   0.000 1185.089  7269684.4 509716.1 1107323.9     0.0 59090.1  23793.1 15340.3 17556.1
  1894 1069.961   6.983  64.190   0.000 1012.753  6733782.1 517126.0 954750.4     0.0 52385.5  19048.2  9613.1 14408.5
  1895 164.770   5.252  82.933   0.000  87.089  6606454.6 489159.9 915493.8     0.0 47138.4  21196.8 11885.0 14588.3

                 Carbon flux (ktC/yr)                    Water (dam3/yr)                Nitrogen (MgN/yr)
       --------------------------------------- ---------------------------------- --------------------------------
Spinup NEP     estab   harvest product NBP     transp     evap    interc  wd      nuptake ndemand  nlosses ninflux
------ ------- ------- ------- ------- ------- ---------- ------- ------- ------- ------- -------- ------- -------
  1896 -37.990   4.744  77.482   0.000 -110.727  6495835.2 490808.4 922570.5     0.0 48920.3  21327.3  8822.4 14726.4
  1897 -351.385   5.478  70.441   0.000 -416.348  6047512.9 456526.0 832598.4     0.0 49881.7  18117.6  6806.7 12887.9
  1898 -96.482   6.983  62.614   0.000 -152.113  6380859.6 479039.8 998062.2     0.0 54516.4  22514.8 15217.8 15733.5
  1899 -340.913   6.984  52.288   0.000 -386.218  6093776.5 472057.2 821702.7     0.0 50453.5  19827.7  7122.6 13597.8
  1900  86.947   6.983  51.739   0.000  42.191  5984790.0 554267.7 1252811.6     0.0 52751.6  23150.7 23164.4 16681.9

                 Carbon flux (ktC/yr)                    Water (dam3/yr)                Nitrogen (MgN/yr)
       --------------------------------------- ---------------------------------- --------------------------------
Year   NEP     estab   harvest product NBP     transp     evap    interc  wd      nuptake ndemand  nlosses ninflux
------ ------- ------- ------- ------- ------- ---------- ------- ------- ------- ------- -------- ------- -------
  1901  46.521   6.983  97.206   0.000 -43.702  6715709.2 476946.4 987050.5     0.0 51796.7  24086.2 11514.4 17276.3
  1902 188.784   6.983  89.330   0.000 106.437  6684134.1 444371.7 1053240.4     0.0 52481.3  22627.0  8075.6 16162.5
  1903 209.221   6.983  98.310   0.000 117.894  6637914.1 516384.9 1385695.2     0.0 51786.1  25995.7 10909.4 19007.4
  1904 271.520   6.983  90.357   0.000 188.145  6909088.3 441192.7 873341.4     0.0 54312.5  23586.6  8532.0 16943.7
  1905 -228.928   6.983  77.350   0.000 -299.295  6408243.5 454153.3 950933.4     0.0 51336.4  20862.9 11262.5 14212.2
  1906 -276.095   6.983  68.617   0.000 -337.729  6314886.7 499372.0 923901.6     0.0 50948.0  23904.4  9705.9 15894.4
  1907 -26.428   4.836  92.664   0.000 -114.256  6204796.7 506874.0 1052675.9     0.0 51460.6  23654.3 10579.8 16251.2
  1908 226.440   6.712  83.020   0.000 150.132  6735485.5 502517.0 1010829.3     0.0 53934.4  24433.4  8990.2 16339.4
  1909 526.899   6.983  84.595   0.000 449.287  6496551.7 457727.3 1017472.8     0.0 55764.6  21569.0 13005.9 15177.7
  1910 451.335   6.983  81.392   0.000 376.926  6541908.5 497466.8 1077753.4     0.0 54170.2  23771.3 11627.9 16983.9
  1911 552.392   6.712  93.344   0.000 465.760  7011670.9 466109.8 958353.5     0.0 56117.8  24967.3 12740.9 17160.9
  1912 970.513   4.744  87.633   0.000 887.623  7095057.9 515663.5 1192980.5     0.0 57797.2  25818.3 14558.6 18513.7
  1913 1358.475   6.983 103.823   0.000 1261.635  7026009.9 499796.5 1286759.5     0.0 58951.0  26880.8 11779.3 20715.2
  1914 -44.897   6.984  50.698   0.000 -88.611  6242953.1 480278.7 944459.5     0.0 52475.4  21309.9  9549.5 14809.2
  1915 -58.539   4.846  76.451   0.000 -130.144  6008012.9 488852.7 1175520.9     0.0 54888.0  22961.4  8098.4 13705.3
  1916 -971.886   6.984   9.332   0.000 -974.233  5584288.7 461323.8 797611.6     0.0 50895.8  19296.7 13291.8 11623.0
  1917 -784.507   6.984  73.300   0.000 -850.823  5064269.9 468059.8 838381.7     0.0 53422.8  17336.4  8208.3 12062.5
  1918 -877.233   6.984 110.887   0.000 -981.136  5812136.2 511772.9 918874.7     0.0 49166.9  26337.9  8505.2 18034.8
  1919 -798.092   6.984  91.547   0.000 -882.655  5927573.6 571906.3 1233157.9     0.0 45874.8  26617.6 20593.8 19592.4
  1920 -1403.359   4.876  72.499   0.000 -1470.983  4875525.5 410825.5 624929.6     0.0 46281.6  11709.5  5504.6  6796.1
  1921 -898.607   6.984  34.455   0.000 -926.078  5749005.0 530811.6 1192458.6     0.0 51357.9  27557.4 16942.8 20216.5
  1922 -708.876   6.983  77.391   0.000 -779.284  5694421.7 549485.5 1166548.5     0.0 45481.8  24066.4 12734.2 18952.9
  1923 -2088.445   6.984  98.448   0.000 -2179.909  4912543.7 444473.7 837192.5     0.0 42267.9  20963.6  5771.1 16777.0
  1924 -3276.829   6.997  31.800   0.000 -3301.599  3098895.4 297593.3 291537.4     0.0 31110.6   2143.7 11951.2  3810.0
  1925 -329.102   6.977  70.476   0.000 -392.601  5504851.0 445383.7 436670.1     0.0 68981.5  19955.1  8393.9 13113.8

                 Carbon flux (ktC/yr)                    Water (dam3/yr)                Nitrogen (MgN/yr)
       --------------------------------------- ---------------------------------- --------------------------------
Year   NEP     estab   harvest product NBP     transp     evap    interc  wd      nuptake ndemand  nlosses ninflux
------ ------- ------- ------- ------- ------- ---------- ------- ------- ------- ------- -------- ------- -------
  1926 555.054   6.984  59.975   0.000 502.063  5499845.6 470759.1 596792.4     0.0 52254.1  13162.5  9573.5 10168.5
  1927 1372.252   6.982  94.890   0.000 1284.345  6574995.8 495439.3 855901.3     0.0 55495.3  21631.3 22727.4 16587.0
  1928 1525.875   6.981  77.932   0.000 1454.924  6692406.7 517017.7 826058.9     0.0 52379.1  17757.1  9458.0 14413.1
  1929 1503.002   6.981 101.089   0.000 1408.895  7183311.2 476206.4 899462.3     0.0 55080.4  22181.8 13343.2 17235.6
  1930 1375.984   6.982  91.035   0.000 1291.931  7112645.4 500305.5 1184620.0     0.0 54520.6  20747.6 17079.3 16366.8
  1931 453.720   4.095 103.248   0.000 354.567  6742391.1 511779.6 1251425.7     0.0 48436.1  21359.1 12125.9 17310.7
  1932 184.611   5.674  87.838   0.000 102.447  6392683.6 470688.8 1196754.7     0.0 49098.6  20441.0 10084.4 16204.4
  1933 -19.996   6.983  15.672   0.000 -28.685  6306283.4 561977.9 1172675.8     0.0 48779.7  22189.6 12334.4 16549.6
  1934 175.996   5.826  97.286   0.000  84.535  6372150.6 561181.6 1319549.0     0.0 51919.4  24374.2 11839.4 20479.6
  1935 270.446   6.983  79.323   0.000 198.106  6512023.6 514673.8 1339378.4     0.0 51682.1  24246.1 11510.1 18712.6
  1936 104.454   6.983  92.089   0.000  19.347  6608603.4 545405.3 1172503.7     0.0 49101.0  25055.5 11159.3 19507.0
  1937  62.312   6.983  85.675   0.000 -16.380  6328542.2 504846.3 1162078.4     0.0 50921.0  22779.6  8404.1 18104.0
  1938 365.519   6.983  93.250   0.000 279.251  6502490.1 534049.0 1383862.6     0.0 54032.1  24522.8 12209.9 19578.4
  1939 140.978   4.836  98.610   0.000  47.205  6346213.8 599392.2 1638430.2     0.0 50018.1  25507.9 13013.2 20538.9
  1940 270.497   6.983  70.594   0.000 206.886  6420932.5 605552.2 1462184.0     0.0 51214.0  25695.4  9898.7 19750.5
  1941 579.260   4.095  95.414   0.000 487.941  6604836.4 545291.1 1512157.8     0.0 54305.5  25315.4 14459.2 19544.6
  1942 913.162   5.809 102.758   0.000 816.213  6742849.5 522815.6 1174080.0     0.0 56104.5  25893.8 11984.3 20839.0
  1943 -269.854   4.413  89.721   0.000 -355.162  5764912.3 505894.9 1272225.2     0.0 50093.6  19662.9  6403.3 15605.1
  1944 -1243.803   6.984  48.999   0.000 -1285.818  5364034.8 481999.5 929839.2     0.0 48329.5  18942.9  7461.5 12308.4
  1945 -423.145   6.984  38.167   0.000 -454.328  5690346.9 529722.2 1140384.2     0.0 57565.2  24152.0 16576.1 16529.1
  1946 -97.738   6.983  85.518   0.000 -176.273  5926892.0 479229.3 1117423.9     0.0 55686.7  24163.6 15122.6 18171.4
  1947 130.694   6.983 106.727   0.000  30.950  6235034.6 522495.3 1210669.5     0.0 54226.1  28589.4 11456.5 21809.3
  1948 344.519   6.983 102.281   0.000 249.221  6009594.7 468680.6 1225351.1     0.0 54791.1  24110.7 10213.9 18131.5
  1949 -30.787   6.983  93.757   0.000 -117.560  5800450.8 493698.2 1276928.4     0.0 53674.3  23056.1 12508.9 18252.5
  1950 184.455   6.983  96.703   0.000  94.735  5985432.1 485115.1 1106027.7     0.0 56098.7  23828.3 10088.6 17902.5

                 Carbon flux (ktC/yr)                    Water (dam3/yr)                Nitrogen (MgN/yr)
       --------------------------------------- ---------------------------------- --------------------------------
Year   NEP     estab   harvest product NBP     transp     evap    interc  wd      nuptake ndemand  nlosses ninflux
------ ------- ------- ------- ------- ------- ---------- ------- ------- ------- ------- -------- ------- -------
  1951 115.440   6.983  89.755   0.000  32.669  6127404.7 443689.1 964281.8     0.0 55553.0  23205.3  7975.1 15550.7
  1952 570.422   6.983  80.704   0.000 496.702  6261621.4 436899.0 1067296.8     0.0 58876.8  21258.0 14177.3 14244.8
  1953 -296.078   6.984  70.428   0.000 -359.523  5961365.2 423272.4 909215.3     0.0 52809.9  17711.0 11483.3 13182.4
  1954 -1566.571   6.984  86.150   0.000 -1645.736  5449924.9 430065.8 927428.7     0.0 52327.8  21546.6 12836.3 16502.0
  1955 -896.217   6.984  86.155   0.000 -975.388  5638368.5 439773.3 1027320.6     0.0 61643.0  27306.5 14638.8 17498.4
  1956 -235.673   4.836  85.407   0.000 -316.243  5957848.5 382527.0 631347.1     0.0 60096.5  26080.1 13300.7 17273.7
  1957 669.895   2.146  82.484   0.000 589.556  6310210.3 490431.3 999980.8     0.0 58671.0  26865.2 14550.5 18787.1
  1958 512.612   6.983  72.082   0.000 447.512  6149630.5 490277.7 1003713.5     0.0 53533.4  21517.9  8073.1 14052.9
  1959 -376.909   6.983  65.603   0.000 -435.529  5816146.2 453430.5 837113.9     0.0 50813.1  21164.3 11637.1 15183.7
  1960 -1003.027   5.931  75.148   0.000 -1072.244  5189252.7 426936.9 688043.3     0.0 54910.0  15258.2  7201.9 10776.7
  1961 -783.475   6.532  77.291   0.000 -854.234  5733768.7 410270.3 706920.6     0.0 60264.6  20557.8 15767.3 14504.5
  1962 -1863.802   6.760  61.092   0.000 -1918.134  4488232.7 381439.6 617788.4     0.0 50641.2  11230.0  9576.5  8936.1
  1963 -416.138   6.984  74.675   0.000 -483.829  5697620.6 422149.0 690179.9     0.0 65107.1  23230.9 13302.1 15762.2
  1964 1141.589   6.983  80.405   0.000 1068.166  6438243.3 442549.6 751321.2     0.0 60585.5  22376.7 10866.2 15607.6
  1965 -359.469   6.983  74.803   0.000 -427.288  5523047.2 505598.5 795298.6     0.0 48223.2  17814.3  9897.2 12319.1
  1966 167.059   6.983  25.009   0.000 149.033  6026546.9 489548.0 741129.7     0.0 60215.9  21555.8 14690.6 13461.0
  1967 -715.825   6.984  74.109   0.000 -782.950  5402647.4 478626.2 893239.6     0.0 52066.8  19696.0 21923.5 13671.7
  1968 -1921.586   6.984  58.138   0.000 -1972.739  4208858.2 355350.3 739488.9     0.0 46369.6  10947.1 12351.4  9200.5
  1969 908.459   6.983  71.647   0.000 843.796  6237604.0 471534.6 722250.9     0.0 71645.6  21250.7 12607.2 14794.9
  1970 -1714.209   6.985  57.633   0.000 -1764.858  4619460.8 391642.6 528859.5     0.0 31354.8   8145.6 12398.5  6890.3
  1971 -1028.561   6.984  74.773   0.000 -1096.349  4772678.6 414718.0 589900.2     0.0 64298.1  11387.6 12401.8  9913.2
  1972 541.282   6.983  85.894   0.000 462.371  6153340.6 488608.3 735130.7     0.0 72191.7  23541.2 11807.3 16714.8
  1973 -459.576   6.984  51.765   0.000 -504.357  4902070.6 427490.1 616341.3     0.0 46186.5   7464.0 12648.9  6358.4
  1974 1521.616   6.983  96.435   0.000 1432.163  6072276.2 484682.8 887046.5     0.0 74623.7  24825.2 20813.6 20545.3
  1975 2466.267   6.982  99.828   0.000 2373.421  6931701.4 491328.4 878057.3     0.0 61134.1  22810.8 23554.8 17311.6

                 Carbon flux (ktC/yr)                    Water (dam3/yr)                Nitrogen (MgN/yr)
       --------------------------------------- ---------------------------------- --------------------------------
Year   NEP     estab   harvest product NBP     transp     evap    interc  wd      nuptake ndemand  nlosses ninflux
------ ------- ------- ------- ------- ------- ---------- ------- ------- ------- ------- -------- ------- -------
  1976 548.594   5.826  91.973   0.000 462.448  5638911.8 451568.0 912164.4     0.0 49984.7  13012.9  9228.2 12255.5
  1977 943.388   6.982  83.135   0.000 867.235  6441411.4 517777.1 1145259.7     0.0 62732.9  25657.0 26146.8 19963.9
  1978  96.383   6.983 100.673   0.000   2.692  6153417.2 457645.6 924250.2     0.0 49848.7  20735.6  9124.3 18471.9
  1979 519.778   6.982 106.318   0.000 420.443  6186030.4 466505.6 842730.0     0.0 65893.6  23459.4 13718.9 20253.9
  1980 1205.107   6.982 109.672   0.000 1102.417  6562396.3 471260.8 964012.3     0.0 60902.7  25360.7 11375.4 20902.3
  1981 2071.002   6.983 113.878   0.000 1964.107  6425134.8 480531.2 1290536.7     0.0 62605.4  27507.7 20878.9 22558.1
  1982 2049.988   6.983 116.301   0.000 1940.670  6529605.6 492824.8 1367386.7     0.0 58599.2  27212.3 15084.0 23160.7
  1983 1261.720   6.983 108.139   0.000 1160.563  6461559.8 502237.6 1408541.8     0.0 53891.0  23938.4  8658.7 20309.8
  1984 577.177   4.837 108.899   0.000 473.114  5967353.6 516664.6 1421563.3     0.0 53115.6  25510.1  9551.3 22399.9
  1985 502.532   6.983  84.257   0.000 425.259  6412288.5 505070.1 1156180.0     0.0 56658.3  26632.1  7525.0 23916.2
  1986 376.507   6.983 112.012   0.000 271.479  6447711.7 534139.1 1141218.7     0.0 55702.0  28221.7 11070.8 25706.0
  1987 397.185   6.983 106.180   0.000 297.988  6486463.8 540967.1 1273724.4     0.0 55577.6  27559.2  9937.6 24073.3
  1988 -875.332   6.984  85.643   0.000 -953.991  5571336.1 408340.6 971357.9     0.0 49367.2  19864.9  6908.6 17844.1
  1989 -184.367   6.984 113.514   0.000 -290.898  6278987.0 476527.0 1181624.3     0.0 64308.8  30084.5 10857.3 25646.1
  1990 112.842   6.983 106.019   0.000  13.806  6224020.5 492515.8 1003833.0     0.0 56408.1  29506.6 10991.6 24610.6
  1991 290.524   6.983 103.323   0.000 194.184  6231571.6 516258.6 1188229.9     0.0 55111.1  28940.4  8987.6 24359.1
  1992 1095.341   6.983 113.889   0.000 988.434  6429503.2 500157.4 1146836.4     0.0 59648.9  28653.1 13923.8 24658.5
  1993 424.960   4.836 106.752   0.000 323.045  6404358.4 519440.7 836759.2     0.0 53289.4  25826.1  4683.8 21889.6
  1994 -792.104   6.984  65.589   0.000 -850.708  5640242.4 477455.4 887384.7     0.0 51755.9  19205.7  5880.4 15385.5
  1995 -941.368   6.984  83.955   0.000 -1018.339  5425675.3 400346.7 611806.9     0.0 61274.8  22252.5  9409.0 16788.1
  1996  14.140   6.983  98.534   0.000 -77.410  6050149.6 496092.7 967044.9     0.0 61908.4  30556.9 13798.8 25144.2
  1997 219.640   6.983 103.323   0.000 123.300  6096842.6 508588.2 910018.6     0.0 55972.1  28562.6 10304.1 23666.0
  1998 806.782   6.983  92.066   0.000 721.698  6085165.4 470594.4 844809.6     0.0 58497.0  27489.3  7941.5 21538.1
  1999 177.427   5.827  81.078   0.000 102.176  5384318.2 413312.6 812062.6     0.0 56862.7  19207.9  7006.0 16073.1
  2000 483.870   6.983  87.296   0.000 403.557  5861596.2 525431.2 1103631.3     0.0 61782.5  28126.6 16162.0 22323.1

                 Carbon flux (ktC/yr)                    Water (dam3/yr)                Nitrogen (MgN/yr)
       --------------------------------------- ---------------------------------- --------------------------------
Year   NEP     estab   harvest product NBP     transp     evap    interc  wd      nuptake ndemand  nlosses ninflux
------ ------- ------- ------- ------- ------- ---------- ------- ------- ------- ------- -------- ------- -------
  2001 1422.343   6.982 108.799   0.000 1320.526  6337667.2 502803.4 998208.8     0.0 62442.3  27164.6 11846.2 23498.6
  2002 858.514   5.827 102.449   0.000 761.891  6174442.0 509660.7 959571.5     0.0 58398.1  23859.7  7230.6 20057.3
  2003 1107.092   6.983 115.924   0.000 998.151  6332911.3 514533.3 1060777.5     0.0 61736.5  26611.9  7429.0 23393.3
  2004 706.175   6.983  89.851   0.000 623.307  6013708.3 467085.3 841317.9     0.0 58737.7  22681.1  7387.8 17910.9
  2005 840.451   6.983 111.658   0.000 735.776  6279881.9 465406.2 818170.9     0.0 63748.8  25442.1  9920.6 22428.6
  2006 925.111   6.983 115.650   0.000 816.444  6187558.2 432298.3 910234.7     0.0 61048.3  24449.3 13962.3 20035.3
  2007 429.085   6.984 109.765   0.000 326.303  5457381.2 400549.1 1107404.0     0.0 58213.3  21767.1 15709.5 19450.5
  2008 273.392   6.984 117.520   0.000 162.856  5607213.3 434920.9 1279533.9     0.0 62008.1  24662.3 13263.5 22194.9
  2009 631.153   6.983 121.458   0.000 516.678  6005367.8 467132.0 1072209.6     0.0 62300.5  29164.4  9898.7 24379.5
  2010  30.959   6.984 101.261   0.000 -63.318  5788431.4 420692.7 917188.9     0.0 58147.9  23987.8  8433.2 19343.9
  2011 -40.617   6.984 118.181   0.000 -151.814  5611478.0 440377.2 1021806.5     0.0 62469.1  25562.8 10071.1 22473.7
  2012 647.963   6.983 124.782   0.000 530.164  5942521.6 458968.3 1013154.4     0.0 62623.0  29786.2 16505.1 24554.5
  2013 1330.265   6.983 123.215   0.000 1214.032  6046212.4 507171.2 1070700.7     0.0 61601.5  30389.4 10101.0 25372.7
  2014 1650.758   4.836 123.109   0.000 1532.485  6142473.2 481255.8 1378027.9     0.0 61489.1  27512.1 13778.5 24029.9
  2015 1272.198   6.983  99.563   0.000 1179.618  6329104.9 459275.8 1134118.2     0.0 59242.8  27028.2 10269.3 21651.3
  2016 1382.559   4.846 127.646   0.000 1259.759  6143995.8 452846.4 1139991.7     0.0 61977.3  27272.9  6284.8 22985.3
  2017 1151.349   6.983 115.413   0.000 1042.919  5966118.3 469849.7 1355975.2     0.0 60709.5  27000.2 12550.6 23333.6
  2018 1171.705   6.633 117.678   0.000 1060.661  6228391.9 482313.0 1110809.5     0.0 60356.1  27720.9  8971.9 25530.6
  2019 462.552   6.984 107.540   0.000 361.996  5912998.9 447356.6 766847.7     0.0 58476.1  23197.9  7422.7 20714.1
Simulation ended.
lpjml successfully terminated, 63 grid cells processed.
Wall clock time:	331 sec, 0.018 sec/cell/year.
Total wall clock time:	338 sec (00:05:38).
