--------------------------------------
Running config: /home/druijsch/LPJmL5/dev15oct2025/config_files/2026_04_08_run_for_10_locations/boreal_needleleaved_evergreen_tree/spinup/configs/boreal_needleleaved_evergreen_tree_patch5_config_restart.cjson
SLURM task ID: 8
Node: tcn287.local.snellius.surf.nl
--------------------------------------
******************************************************************************
****        _     ____     _           _       ____        _  ___         ****
****       | |   |  _ \   | |_ __ ___ | |     | ___|      / |/ _ \        ****
****       | |   | |_) |  | | '_ ` _ \| |     |___ \      | | | | |       ****
****       | |___|  __/ |_| | | | | | | |___   ___) |  _  | | |_| |       ****
****       |_____|_|   \___/|_| |_| |_|_____| |____/  (_) |_|\___/        ****
****                                                                      ****
****                 lpjml C Version 5.10.1 (Apr 14 2026)                 ****
****    Dynamic global vegetation model with natural and managed land     ****
****                     Compiled for Linux with MPI                      ****
****       (C) Potsdam Institute for Climate Impact Research (PIK),       ****
****                          see COPYRIGHT file                          ****
****              Authors, and contributors see AUTHORS file              ****
**** This version of LPJmL is licensed under GNU AGPL Version 3 or later  ****
****        See LICENSE file or go to http://www.gnu.org/licenses/        ****
****                 or invoke lpjml -l to print license                  ****
****      https://gitlab.pik-potsdam.de/lpjml/wur_team/lpjml-wur.git      ****
****          GIT hash: 5e6f8e1bb5c5d5f3357da68b6c43e9517864f3c2          ****
****                                                                      ****
******************************************************************************

Running for user druijsch on tcn287.local.snellius.surf.nl at Tue Apr 14 17:24:24 2026
Reading configuration from '/home/druijsch/LPJmL5/dev15oct2025/config_files/2026_04_08_run_for_10_locations/boreal_needleleaved_evergreen_tree/spinup/configs/boreal_needleleaved_evergreen_tree_patch5_config_restart.cjson'.
==============================================================================
/----------------------------------------------------------\
|institution: Potsdam Institute for Climate Impact Research|
|contact:                                                  |
|comment:                                                  |
\----------------------------------------------------------/
Simulation "LPJmL Run" running on 50 tasks
Simulation with shuffle spinup climate, nitrogen limitation, permafrost, 
Johansen conductivity, percolation heattransfer, GSI phenology, 
NPP controlled BNF, land use, potential irrigation, 
others to crop "maize" and "temperate cereals", land-use change timber, 
fixed residue remove, with auto fertilizer, pft.cjson LAImax, 
livestock grazing, bondau2007 crop PHU option, separate harvests.
Cultivation types: none, biomass, annual crop
Working directory: /gpfs/home5/druijsch/LPJmL5/dev15oct2025
cpp processed configuration file written to `/projects/prjs2023/chapter3/lpjml_output/2026_04_08_run_for_10_locations/boreal_needleleaved_evergreen_tree/patch_5/`.
Starting from restart file '/home/druijsch/LPJmL5/dev15oct2025/restart/2026_04_08_run_for_10_locations/boreal_needleleaved_evergreen_tree/patch_5/restart_1901_nv_stdfire.lpj'.
Input files:
Variable     Fmt  Varname  Filename
------------ ---- -------- ---------------------------------------------------
soil         cdf  soilcode /projects/prjs2023/chapter3/lpjml_input/run_for_10_locations/boreal_needleleaved_evergreen_tree/patch_5/soil.nc
temp         cdf  tas      /projects/prjs2023/chapter3/lpjml_input/run_for_10_locations/boreal_needleleaved_evergreen_tree/patch_5/temp.nc
prec         cdf  pr       /projects/prjs2023/chapter3/lpjml_input/run_for_10_locations/boreal_needleleaved_evergreen_tree/patch_5/prec.nc
lwdown       cdf  rlds     /projects/prjs2023/chapter3/lpjml_input/run_for_10_locations/boreal_needleleaved_evergreen_tree/patch_5/lwdown.nc
swdown       cdf  rsds     /projects/prjs2023/chapter3/lpjml_input/run_for_10_locations/boreal_needleleaved_evergreen_tree/patch_5/swdown.nc
no3_depo     cdf  noy      /projects/prjs2023/chapter3/lpjml_input/ndep-noy_histsoc_monthly_1901_2021_units.nc
nh4_depo     cdf  nhx      /projects/prjs2023/chapter3/lpjml_input/ndep-nhx_histsoc_monthly_1901_2021_units.nc
soilpH       cdf  soil_ph  /projects/prjs2023/chapter3/lpjml_input/hwsd_soil_data_all_land_oceanfilled.nc
co2          txt           /projects/prjs2023/chapter3/lpjml_input/co2_1832-2023.dat
windspeed    cdf  sfcwind  /projects/prjs2023/chapter3/lpjml_input/run_for_10_locations/boreal_needleleaved_evergreen_tree/patch_5/wind.nc
countries    cdf  country  /projects/prjs2023/chapter3/lpjml_input/regridded_cow_full_2018_5min_reduced_filled.nc
landuse      cdf  CFTfrac  /projects/prjs2023/chapter3/lpjml_input/MAPSPAM_2020_crops_filled_ESA_01deg_v7.nc
------------ ---- -------- ---------------------------------------------------
Writing restart file '/home/druijsch/LPJmL5/dev15oct2025/restart/2026_04_08_run_for_10_locations/boreal_needleleaved_evergreen_tree/patch_5/restart_1960_crop_stdfire_base.lpj' after year 1960.
Reading random seeds from restart file.
Number of output files:       65
Output written in year:       1901
Byte order in output files:   little endian

Compression level for NetCDF: 3
Missing value in NetCDF:      -1e+32
Base year in NetCDF:          1901
NetCDF grid:                  local
Variable            Fmt  Unit        Type   tstep nbd Filename
------------------- ---- ----------- ------ ----- --- -------------------------
albedo              cdf  -           float  month   1 /projects/prjs2023/chapter3/lpjml_output/2026_04_08_run_for_10_locations/boreal_needleleaved_evergreen_tree/patch_5/output/malbedo.nc + .json
cftfrac             cdf  -           float  year   32 /projects/prjs2023/chapter3/lpjml_output/2026_04_08_run_for_10_locations/boreal_needleleaved_evergreen_tree/patch_5/output/cftfrac.nc + .json
discharge           cdf  hm3/day     float  month   1 /projects/prjs2023/chapter3/lpjml_output/2026_04_08_run_for_10_locations/boreal_needleleaved_evergreen_tree/patch_5/output/mdischarge.nc + .json
evap                cdf  mm/month    float  month   1 /projects/prjs2023/chapter3/lpjml_output/2026_04_08_run_for_10_locations/boreal_needleleaved_evergreen_tree/patch_5/output/mevap.nc + .json
fapar               cdf  -           float  month   1 /projects/prjs2023/chapter3/lpjml_output/2026_04_08_run_for_10_locations/boreal_needleleaved_evergreen_tree/patch_5/output/mfapar.nc + .json
firec               cdf  gC/m2/yr    float  year    1 /projects/prjs2023/chapter3/lpjml_output/2026_04_08_run_for_10_locations/boreal_needleleaved_evergreen_tree/patch_5/output/firec.nc + .json
firef               cdf  1           float  year    1 /projects/prjs2023/chapter3/lpjml_output/2026_04_08_run_for_10_locations/boreal_needleleaved_evergreen_tree/patch_5/output/firef.nc + .json
flux_estabc         cdf  gC/m2/yr    float  year    1 /projects/prjs2023/chapter3/lpjml_output/2026_04_08_run_for_10_locations/boreal_needleleaved_evergreen_tree/patch_5/output/flux_estab.nc + .json
fpc                 cdf  -           float  month  12 /projects/prjs2023/chapter3/lpjml_output/2026_04_08_run_for_10_locations/boreal_needleleaved_evergreen_tree/patch_5/output/fpc.nc + .json
globalflux          txt  -           float  year    1 /projects/prjs2023/chapter3/lpjml_output/2026_04_08_run_for_10_locations/boreal_needleleaved_evergreen_tree/patch_5/output/globalflux.csv + .json
gpp                 cdf  gC/m2/month float  month   1 /projects/prjs2023/chapter3/lpjml_output/2026_04_08_run_for_10_locations/boreal_needleleaved_evergreen_tree/patch_5/output/mgpp.nc + .json
litc                cdf  gC/m2       float  year    1 /projects/prjs2023/chapter3/lpjml_output/2026_04_08_run_for_10_locations/boreal_needleleaved_evergreen_tree/patch_5/output/litc.nc + .json
litn                cdf  gN/m2       float  year    1 /projects/prjs2023/chapter3/lpjml_output/2026_04_08_run_for_10_locations/boreal_needleleaved_evergreen_tree/patch_5/output/litn.nc + .json
npp                 cdf  gC/m2/month float  month   1 /projects/prjs2023/chapter3/lpjml_output/2026_04_08_run_for_10_locations/boreal_needleleaved_evergreen_tree/patch_5/output/mnpp.nc + .json
nuptake             cdf  gN/m2/month float  month   1 /projects/prjs2023/chapter3/lpjml_output/2026_04_08_run_for_10_locations/boreal_needleleaved_evergreen_tree/patch_5/output/mnuptake.nc + .json
pet                 cdf  mm/month    float  month   1 /projects/prjs2023/chapter3/lpjml_output/2026_04_08_run_for_10_locations/boreal_needleleaved_evergreen_tree/patch_5/output/mpet.nc + .json
pft_chawo           cdf  gC/m2       float  year   43 /projects/prjs2023/chapter3/lpjml_output/2026_04_08_run_for_10_locations/boreal_needleleaved_evergreen_tree/patch_5/output/pft_chawo.nc + .json
pft_cleaf           cdf  gC/m2       float  year   43 /projects/prjs2023/chapter3/lpjml_output/2026_04_08_run_for_10_locations/boreal_needleleaved_evergreen_tree/patch_5/output/pft_cleaf.nc + .json
pft_croot           cdf  gC/m2       float  year   43 /projects/prjs2023/chapter3/lpjml_output/2026_04_08_run_for_10_locations/boreal_needleleaved_evergreen_tree/patch_5/output/pft_croot.nc + .json
pft_csapw           cdf  gC/m2       float  year   43 /projects/prjs2023/chapter3/lpjml_output/2026_04_08_run_for_10_locations/boreal_needleleaved_evergreen_tree/patch_5/output/pft_csapw.nc + .json
pft_fpar            cdf  -           float  month  43 /projects/prjs2023/chapter3/lpjml_output/2026_04_08_run_for_10_locations/boreal_needleleaved_evergreen_tree/patch_5/output/pft_fpar.nc + .json
pft_gpp             cdf  gC/m2/month float  month  43 /projects/prjs2023/chapter3/lpjml_output/2026_04_08_run_for_10_locations/boreal_needleleaved_evergreen_tree/patch_5/output/pft_gpp.nc + .json
pft_laimax          cdf  m2/m2       float  year   43 /projects/prjs2023/chapter3/lpjml_output/2026_04_08_run_for_10_locations/boreal_needleleaved_evergreen_tree/patch_5/output/pft_laimax.nc + .json
pft_mort            cdf  1/month     float  month  11 /projects/prjs2023/chapter3/lpjml_output/2026_04_08_run_for_10_locations/boreal_needleleaved_evergreen_tree/patch_5/output/pft_mort.nc + .json
pft_mort_background cdf  1/month     float  month  11 /projects/prjs2023/chapter3/lpjml_output/2026_04_08_run_for_10_locations/boreal_needleleaved_evergreen_tree/patch_5/output/pft_mort_background.nc + .json
pft_mort_drought    cdf  1/month     float  month  11 /projects/prjs2023/chapter3/lpjml_output/2026_04_08_run_for_10_locations/boreal_needleleaved_evergreen_tree/patch_5/output/pft_mort_drought.nc + .json
pft_mort_heat       cdf  1/month     float  month  11 /projects/prjs2023/chapter3/lpjml_output/2026_04_08_run_for_10_locations/boreal_needleleaved_evergreen_tree/patch_5/output/pft_mort_heat.nc + .json
pft_nind            cdf  ind/m²     float  month  11 /projects/prjs2023/chapter3/lpjml_output/2026_04_08_run_for_10_locations/boreal_needleleaved_evergreen_tree/patch_5/output/pft_nind.nc + .json
pft_nleaf           cdf  gN/m2       float  year   43 /projects/prjs2023/chapter3/lpjml_output/2026_04_08_run_for_10_locations/boreal_needleleaved_evergreen_tree/patch_5/output/pft_nleaf.nc + .json
pft_npp             cdf  gC/m2/yr    float  year   43 /projects/prjs2023/chapter3/lpjml_output/2026_04_08_run_for_10_locations/boreal_needleleaved_evergreen_tree/patch_5/output/pft_npp.nc + .json
pft_nroot           cdf  gN/m2       float  year   43 /projects/prjs2023/chapter3/lpjml_output/2026_04_08_run_for_10_locations/boreal_needleleaved_evergreen_tree/patch_5/output/pft_nroot.nc + .json
pft_nuptake         cdf  gN/m2/yr    float  year   43 /projects/prjs2023/chapter3/lpjml_output/2026_04_08_run_for_10_locations/boreal_needleleaved_evergreen_tree/patch_5/output/pft_nuptake.nc + .json
pft_phen            cdf  -           float  month  43 /projects/prjs2023/chapter3/lpjml_output/2026_04_08_run_for_10_locations/boreal_needleleaved_evergreen_tree/patch_5/output/pft_phen.nc + .json
pft_survive_frac    cdf  -           float  month  43 /projects/prjs2023/chapter3/lpjml_output/2026_04_08_run_for_10_locations/boreal_needleleaved_evergreen_tree/patch_5/output/pft_survive_frac.nc + .json
pft_vegc            cdf  gC/m2       float  year   43 /projects/prjs2023/chapter3/lpjml_output/2026_04_08_run_for_10_locations/boreal_needleleaved_evergreen_tree/patch_5/output/pft_vegc.nc + .json
pft_vegn            cdf  gN/m2       float  year   43 /projects/prjs2023/chapter3/lpjml_output/2026_04_08_run_for_10_locations/boreal_needleleaved_evergreen_tree/patch_5/output/pft_vegn.nc + .json
pft_water_demand    cdf  mm/yr       float  year   43 /projects/prjs2023/chapter3/lpjml_output/2026_04_08_run_for_10_locations/boreal_needleleaved_evergreen_tree/patch_5/output/pft_water_demand.nc + .json
phen_light          cdf  -           float  month   1 /projects/prjs2023/chapter3/lpjml_output/2026_04_08_run_for_10_locations/boreal_needleleaved_evergreen_tree/patch_5/output/mphen_light.nc + .json
phen_tmax           cdf  -           float  month   1 /projects/prjs2023/chapter3/lpjml_output/2026_04_08_run_for_10_locations/boreal_needleleaved_evergreen_tree/patch_5/output/mphen_tmax.nc + .json
phen_tmin           cdf  -           float  month   1 /projects/prjs2023/chapter3/lpjml_output/2026_04_08_run_for_10_locations/boreal_needleleaved_evergreen_tree/patch_5/output/mphen_tmin.nc + .json
phen_water          cdf  -           float  month   1 /projects/prjs2023/chapter3/lpjml_output/2026_04_08_run_for_10_locations/boreal_needleleaved_evergreen_tree/patch_5/output/mphen_water.nc + .json
rd                  cdf  gC/m2/month float  month   1 /projects/prjs2023/chapter3/lpjml_output/2026_04_08_run_for_10_locations/boreal_needleleaved_evergreen_tree/patch_5/output/rd.nc + .json
rh                  cdf  gC/m2/month float  month   1 /projects/prjs2023/chapter3/lpjml_output/2026_04_08_run_for_10_locations/boreal_needleleaved_evergreen_tree/patch_5/output/mrh.nc + .json
runoff              cdf  mm/month    float  month   1 /projects/prjs2023/chapter3/lpjml_output/2026_04_08_run_for_10_locations/boreal_needleleaved_evergreen_tree/patch_5/output/mrunoff.nc + .json
soilc               cdf  gC/m2       float  year    1 /projects/prjs2023/chapter3/lpjml_output/2026_04_08_run_for_10_locations/boreal_needleleaved_evergreen_tree/patch_5/output/soilc.nc + .json
soilc_layer         cdf  gC/m2       float  year    5 /projects/prjs2023/chapter3/lpjml_output/2026_04_08_run_for_10_locations/boreal_needleleaved_evergreen_tree/patch_5/output/soilc_layer.nc + .json
soiln               cdf  gN/m2       float  year    1 /projects/prjs2023/chapter3/lpjml_output/2026_04_08_run_for_10_locations/boreal_needleleaved_evergreen_tree/patch_5/output/soiln.nc + .json
soiln_layer         cdf  gN/m2       float  year    5 /projects/prjs2023/chapter3/lpjml_output/2026_04_08_run_for_10_locations/boreal_needleleaved_evergreen_tree/patch_5/output/soiln_layer.nc + .json
soilnh4             cdf  gN/m2       float  year    1 /projects/prjs2023/chapter3/lpjml_output/2026_04_08_run_for_10_locations/boreal_needleleaved_evergreen_tree/patch_5/output/soilnh4.nc + .json
soilnh4_layer       cdf  gN/m2       float  year    5 /projects/prjs2023/chapter3/lpjml_output/2026_04_08_run_for_10_locations/boreal_needleleaved_evergreen_tree/patch_5/output/soilnh4_layer.nc + .json
soilno3             cdf  gN/m2       float  year    1 /projects/prjs2023/chapter3/lpjml_output/2026_04_08_run_for_10_locations/boreal_needleleaved_evergreen_tree/patch_5/output/soilno3.nc + .json
soilno3_layer       cdf  gN/m2       float  year    5 /projects/prjs2023/chapter3/lpjml_output/2026_04_08_run_for_10_locations/boreal_needleleaved_evergreen_tree/patch_5/output/soilno3_layer.nc + .json
soiltemp1           cdf  Celsius     float  month   1 /projects/prjs2023/chapter3/lpjml_output/2026_04_08_run_for_10_locations/boreal_needleleaved_evergreen_tree/patch_5/output/msoiltemp1.nc + .json
soiltemp2           cdf  Celsius     float  month   1 /projects/prjs2023/chapter3/lpjml_output/2026_04_08_run_for_10_locations/boreal_needleleaved_evergreen_tree/patch_5/output/msoiltemp2.nc + .json
soiltemp3           cdf  Celsius     float  month   1 /projects/prjs2023/chapter3/lpjml_output/2026_04_08_run_for_10_locations/boreal_needleleaved_evergreen_tree/patch_5/output/msoiltemp3.nc + .json
swc1                cdf  1           float  month   1 /projects/prjs2023/chapter3/lpjml_output/2026_04_08_run_for_10_locations/boreal_needleleaved_evergreen_tree/patch_5/output/mswc1.nc + .json
swc2                cdf  1           float  month   1 /projects/prjs2023/chapter3/lpjml_output/2026_04_08_run_for_10_locations/boreal_needleleaved_evergreen_tree/patch_5/output/mswc2.nc + .json
swc3                cdf  1           float  month   1 /projects/prjs2023/chapter3/lpjml_output/2026_04_08_run_for_10_locations/boreal_needleleaved_evergreen_tree/patch_5/output/mswc3.nc + .json
swc4                cdf  1           float  month   1 /projects/prjs2023/chapter3/lpjml_output/2026_04_08_run_for_10_locations/boreal_needleleaved_evergreen_tree/patch_5/output/mswc4.nc + .json
swc5                cdf  1           float  month   1 /projects/prjs2023/chapter3/lpjml_output/2026_04_08_run_for_10_locations/boreal_needleleaved_evergreen_tree/patch_5/output/mswc5.nc + .json
transp              cdf  mm/month    float  month   1 /projects/prjs2023/chapter3/lpjml_output/2026_04_08_run_for_10_locations/boreal_needleleaved_evergreen_tree/patch_5/output/mtransp.nc + .json
vegc                cdf  gC/m2       float  year    1 /projects/prjs2023/chapter3/lpjml_output/2026_04_08_run_for_10_locations/boreal_needleleaved_evergreen_tree/patch_5/output/vegc.nc + .json
vegn                cdf  gN/m2       float  year    1 /projects/prjs2023/chapter3/lpjml_output/2026_04_08_run_for_10_locations/boreal_needleleaved_evergreen_tree/patch_5/output/vegn.nc + .json
wateramount         cdf  hm3         float  month   1 /projects/prjs2023/chapter3/lpjml_output/2026_04_08_run_for_10_locations/boreal_needleleaved_evergreen_tree/patch_5/output/mwateramount.nc + .json
wscal               cdf  -           float  month   1 /projects/prjs2023/chapter3/lpjml_output/2026_04_08_run_for_10_locations/boreal_needleleaved_evergreen_tree/patch_5/output/wscal.nc + .json
------------------- ---- ----------- ------ ----- --- -------------------------
Spinup years:                   180
Cycle length during spinup:      30
First year:                    1901
Last year:                     2019
Number of grid cells:            63
==============================================================================
Memory allocated for output: 7,096 bytes/cell
Simulation begins...
Spinup using climate starting from year 1901

                 Carbon flux (ktC/yr)                    Water (dam3/yr)                Nitrogen (MgN/yr)
       --------------------------------------- ---------------------------------- --------------------------------
Spinup NEP     estab   harvest product NBP     transp     evap    interc  wd      nuptake ndemand  nlosses ninflux
------ ------- ------- ------- ------- ------- ---------- ------- ------- ------- ------- -------- ------- -------
  1721  32.135   0.004   0.000   0.000  32.138   840366.2 308444.6 280566.8     0.0 33783.9   4785.1  3714.4  3806.7
  1722 184.720   0.003   0.097   0.000 184.627   814816.4 286215.9 222200.9     0.0 25488.0   5710.9  2456.9  4369.4
  1723 -115.940   0.004   0.093   0.000 -116.030   813259.0 276724.3 239052.5     0.0 33025.3   4618.0  5027.9  3143.7
  1724 153.656   0.004   0.069   0.000 153.591   763915.5 243445.2 164613.6     0.0 30341.1   4896.9  1961.3  3033.5
  1725 103.292   0.004   0.083   0.000 103.213   756922.2 300960.7 284630.2     0.0 24719.6   5167.1  2883.0  3862.1
  1726  89.828   0.005   0.087   0.000  89.746   856719.9 261861.6 196138.7     0.0 33533.2   4992.5  3539.7  3677.1
  1727  73.603   0.003   0.095   0.000  73.511   803033.5 296988.6 235108.5     0.0 23663.0   5269.6  3189.8  3777.8
  1728 100.505   0.004   0.081   0.000 100.428   876476.6 313215.5 292656.2     0.0 35900.2   4590.1  3419.2  3391.3
  1729  23.435   0.003   0.098   0.000  23.340   841607.5 320055.6 304579.8     0.0 29970.8   5909.3  2962.3  4097.0
  1730  72.375   0.004   0.089   0.000  72.289   827582.8 332279.7 340884.4     0.0 24689.3   5989.1  4484.4  4297.8
  1731 130.521   0.004   0.089   0.000 130.436   877866.2 282154.7 237729.9     0.0 26260.4   5712.4  4361.2  4093.5
  1732  81.094   0.004   0.096   0.000  81.002   870405.1 294507.5 211743.5     0.0 27386.0   5417.3  1683.8  3903.2
  1733 -51.415   0.004   0.080   0.000 -51.491   781502.3 288860.4 254018.6     0.0 29496.4   5641.8  1815.6  4120.9
  1734  46.543   0.004   0.077   0.000  46.471   767049.2 303266.7 282277.3     0.0 25978.8   5656.4  2622.4  4134.5
  1735 -34.929   0.005   0.087   0.000 -35.010   724007.3 361771.0 303070.6     0.0 32252.1   5377.5  2287.3  4232.1
  1736 -255.393   0.004   0.075   0.000 -255.464   745050.6 336908.7 237879.2     0.0 23498.3   6098.1  1863.8  3822.7
  1737 -118.784   0.004   0.090   0.000 -118.870   764364.0 297129.1 224156.0     0.0 25606.6   5967.3  3644.2  4558.8
  1738 180.401   0.003   0.081   0.000 180.323   885457.6 253136.3 219249.7     0.0 35441.2   5740.0  2744.7  4495.9
  1739 -144.581   0.004   0.093   0.000 -144.670   705481.7 244978.1 155057.7     0.0 21635.9   4672.9  2079.9  2998.1
  1740 -71.045   0.003   0.073   0.000 -71.115   780528.9 339674.0 308572.4     0.0 29019.9   5963.5  5110.5  4365.8
  1741  69.110   0.004   0.088   0.000  69.026   754330.5 303834.8 269771.2     0.0 21911.3   4750.0  3006.4  3822.2
  1742 -10.609   0.005   0.086   0.000 -10.690   789821.5 253534.6 164023.9     0.0 30670.9   4574.5  2249.1  3832.7
  1743 -23.062   0.004   0.090   0.000 -23.148   743185.9 302060.4 262481.0     0.0 23913.8   5078.0  3242.5  4132.5
  1744  52.934   0.004   0.087   0.000  52.852   809813.8 298199.8 226182.0     0.0 32390.6   5660.9  2711.5  4373.1
  1745 -69.371   0.004   0.076   0.000 -69.443   726994.1 244562.9 150651.2     0.0 24136.5   4581.1  1964.9  2988.9

                 Carbon flux (ktC/yr)                    Water (dam3/yr)                Nitrogen (MgN/yr)
       --------------------------------------- ---------------------------------- --------------------------------
Spinup NEP     estab   harvest product NBP     transp     evap    interc  wd      nuptake ndemand  nlosses ninflux
------ ------- ------- ------- ------- ------- ---------- ------- ------- ------- ------- -------- ------- -------
  1746  70.714   0.004   0.079   0.000  70.639   802166.3 291526.4 209053.4     0.0 30241.4   6196.1  2633.2  4759.7
  1747 -90.246   0.004   0.093   0.000 -90.335   764987.8 275167.2 183025.0     0.0 26756.0   4949.7  1911.6  3808.9
  1748  24.103   0.003   0.078   0.000  24.028   770919.2 273757.9 186366.2     0.0 25087.6   5052.8  2136.1  3964.2
  1749 -24.515   0.003   0.078   0.000 -24.590   791677.0 294627.9 227235.5     0.0 25638.7   5306.9  4232.6  4123.6
  1750 -48.799   0.004   0.081   0.000 -48.876   780822.2 332691.8 237138.6     0.0 27997.7   4378.4  2307.2  3112.5
  1751 148.990   0.004   0.090   0.000 148.904   815997.1 289564.9 235932.2     0.0 32538.5   5403.9  3221.2  4297.6
  1752  56.650   0.004   0.076   0.000  56.578   796567.8 293279.8 230813.1     0.0 24763.2   5650.9  4104.2  4097.3
  1753 174.742   0.005   0.081   0.000 174.666   757599.7 352236.8 301572.6     0.0 33116.3   4444.1  2716.6  3639.4
  1754  98.850   0.003   0.075   0.000  98.778   846956.9 283214.2 221149.3     0.0 29894.9   5786.3  3351.4  4228.3
  1755 198.531   0.003   0.093   0.000 198.441   916168.8 252425.8 229680.9     0.0 36725.5   5404.1  2766.0  3738.1
  1756 457.451   0.003   0.092   0.000 457.362   941503.0 242695.4 239350.9     0.0 31352.5   5695.2  3460.1  3944.6
  1757 129.853   0.004   0.093   0.000 129.764   853769.3 299718.7 308470.8     0.0 23139.1   5321.3  7315.3  3928.2
  1758  44.351   0.004   0.093   0.000  44.262   899260.5 283603.8 241411.3     0.0 28724.9   5545.5  6879.8  3943.8
  1759  -7.867   0.004   0.095   0.000  -7.958   863328.4 305395.8 307657.5     0.0 27431.2   4916.7  6395.8  3903.5
  1760  49.093   0.004   0.093   0.000  49.004   916011.0 251182.1 206893.7     0.0 33433.8   5059.8  4289.9  3642.7
  1761  93.396   0.003   0.094   0.000  93.306   893776.3 283301.3 236318.7     0.0 27595.0   5961.2  5973.7  3987.0
  1762 138.233   0.004   0.095   0.000 138.142   902897.8 280232.4 223750.7     0.0 26059.6   5519.2  2365.0  3975.0
  1763  76.741   0.004   0.086   0.000  76.659   894423.4 293108.2 304476.7     0.0 30830.2   5576.9  2846.7  4355.8
  1764 176.536   0.004   0.095   0.000 176.444   909032.9 281279.1 337193.3     0.0 33822.2   6740.8  3573.7  4888.2
  1765 -222.283   0.004   0.097   0.000 -222.376   844404.4 274992.8 254543.0     0.0 25052.1   5904.6  3944.6  3977.5
  1766 126.856   0.004   0.070   0.000 126.790   854382.3 254904.3 232587.9     0.0 29228.1   6391.1  2828.9  4070.9
  1767 -80.057   0.004   0.087   0.000 -80.140   877144.7 308597.9 305519.7     0.0 32237.4   5561.6  3521.5  4075.3
  1768 -169.888   0.004   0.098   0.000 -169.982   800790.5 304468.4 244288.1     0.0 26921.1   6188.1  4051.7  4292.1
  1769 -200.812   0.004   0.081   0.000 -200.889   798989.3 336566.4 335247.6     0.0 26161.3   7317.6  4258.6  4960.9
  1770 -180.718   0.004   0.089   0.000 -180.802   747957.0 248653.7 165735.6     0.0 27125.2   5783.2  1618.5  3862.8

                 Carbon flux (ktC/yr)                    Water (dam3/yr)                Nitrogen (MgN/yr)
       --------------------------------------- ---------------------------------- --------------------------------
Spinup NEP     estab   harvest product NBP     transp     evap    interc  wd      nuptake ndemand  nlosses ninflux
------ ------- ------- ------- ------- ------- ---------- ------- ------- ------- ------- -------- ------- -------
  1771 -359.701   0.005   0.091   0.000 -359.787   703575.6 249690.5 140256.5     0.0 24563.9   6435.3  1690.2  3915.6
  1772 -151.160   0.004   0.077   0.000 -151.233   772148.1 297760.0 189219.2     0.0 26881.1   6896.0  1820.1  4940.5
  1773 -21.606   0.004   0.074   0.000 -21.676   759805.1 256790.0 211159.5     0.0 26817.5   5980.3  2320.1  4138.0
  1774 -85.768   0.004   0.082   0.000 -85.846   762435.6 307956.7 219665.5     0.0 29656.9   4904.6  3743.6  3899.9
  1775  63.099   0.004   0.080   0.000  63.023   783671.5 290593.8 211163.7     0.0 29239.0   6687.8  2449.8  5017.5
  1776 -357.535   0.004   0.093   0.000 -357.623   659687.1 279524.6 155399.2     0.0 22635.5   5138.9  1952.6  3170.4
  1777  40.582   0.003   0.060   0.000  40.526   814016.4 301656.2 286870.9     0.0 32142.4   5284.1  5916.6  4138.7
  1778 287.796   0.003   0.091   0.000 287.708   862261.6 279588.4 204561.3     0.0 25944.9   4577.7  2385.1  3505.0
  1779  81.192   0.004   0.086   0.000  81.110   836884.6 298248.3 305769.7     0.0 27979.9   4622.3  4658.6  3545.2
  1780 272.396   0.004   0.092   0.000 272.308   870490.5 279289.0 212860.1     0.0 27728.1   4813.3  2088.3  3580.6
  1781 -256.483   0.005   0.086   0.000 -256.564   688482.8 321869.5 251842.5     0.0 22720.8   4085.6  1752.9  2586.9
  1782  -7.468   0.004   0.087   0.000  -7.552   799316.9 278103.2 204336.5     0.0 31312.2   6013.3  1820.7  4608.8
  1783 -161.956   0.004   0.085   0.000 -162.037   758989.7 269698.5 233203.2     0.0 27219.7   5187.0  3299.8  3765.4
  1784 184.599   0.003   0.069   0.000 184.533   822530.0 294109.3 189308.9     0.0 29587.0   6463.8  1663.1  4696.0
  1785  28.559   0.004   0.079   0.000  28.483   769236.7 337556.8 317332.5     0.0 23815.0   5360.4  3498.9  4193.1
  1786  82.744   0.004   0.088   0.000  82.660   783348.4 247556.0 169211.6     0.0 27286.4   4878.8  1802.1  4018.4
  1787 -60.246   0.004   0.089   0.000 -60.331   807985.8 280365.2 217701.2     0.0 27550.5   6460.6  3479.2  4817.4
  1788 -16.014   0.004   0.092   0.000 -16.102   770754.0 295713.7 226291.7     0.0 24765.1   5331.7  2556.3  4165.1
  1789 -56.046   0.005   0.081   0.000 -56.122   631626.9 289778.7 217398.8     0.0 21650.9   4442.5  2886.8  3294.0
  1790 -256.292   0.005   0.060   0.000 -256.347   683766.3 246232.6 143179.6     0.0 27887.0   5196.7  1711.3  3729.9
  1791  67.958   0.003   0.081   0.000  67.880   776823.1 265335.4 194958.0     0.0 30847.9   6604.0  2295.2  4730.2
  1792   1.841   0.003   0.087   0.000   1.757   781765.0 337914.3 295366.2     0.0 23760.8   4958.7  3817.9  4040.6
  1793  41.219   0.004   0.089   0.000  41.134   811161.6 306501.0 268629.7     0.0 26661.1   4776.5  3278.7  4074.1
  1794  16.349   0.005   0.093   0.000  16.261   727220.7 365712.2 282191.2     0.0 31136.2   4490.4  1623.3  3798.6
  1795 -70.037   0.004   0.075   0.000 -70.109   804701.6 345555.0 299585.8     0.0 27171.0   5504.7  3598.1  4273.9

                 Carbon flux (ktC/yr)                    Water (dam3/yr)                Nitrogen (MgN/yr)
       --------------------------------------- ---------------------------------- --------------------------------
Spinup NEP     estab   harvest product NBP     transp     evap    interc  wd      nuptake ndemand  nlosses ninflux
------ ------- ------- ------- ------- ------- ---------- ------- ------- ------- ------- -------- ------- -------
  1796  19.681   0.004   0.089   0.000  19.596   834494.4 275204.2 228406.2     0.0 27787.9   4592.1  2540.8  3222.5
  1797 125.386   0.003   0.069   0.000 125.320   874501.3 294410.3 249454.9     0.0 30502.3   4828.5  2622.9  3792.0
  1798 -304.888   0.004   0.084   0.000 -304.968   750630.0 329940.2 246518.7     0.0 23218.1   3608.6  1741.7  2235.3
  1799 -63.453   0.004   0.085   0.000 -63.534   794964.2 302836.5 227388.8     0.0 33232.2   4261.9  4364.6  3299.2
  1800 164.607   0.003   0.080   0.000 164.531   833705.0 288619.3 218651.2     0.0 30929.0   5686.6  2763.8  4394.7
  1801  95.418   0.003   0.094   0.000  95.328   850405.7 277860.4 206878.2     0.0 29240.7   5218.7  1912.7  3597.8
  1802 -385.379   0.005   0.085   0.000 -385.459   664514.4 240657.7 161091.7     0.0 20337.1   3150.1  2113.7  1923.0
  1803  42.392   0.004   0.066   0.000  42.330   834643.7 293881.8 188394.8     0.0 31283.1   5874.9  2186.5  4334.1
  1804 -13.980   0.004   0.076   0.000 -14.053   784979.8 294050.5 228620.8     0.0 24180.5   5111.0  3774.0  3952.6
  1805 216.466   0.004   0.081   0.000 216.389   850771.7 287482.9 217476.3     0.0 32390.9   4683.6  3242.6  3708.1
  1806 -15.937   0.004   0.093   0.000 -16.026   820042.5 299229.4 228702.1     0.0 28932.1   4765.6  5352.2  3369.0
  1807 166.481   0.003   0.081   0.000 166.403   890966.7 300790.1 302688.2     0.0 30589.9   4758.9  7330.8  3454.4
  1808 257.537   0.004   0.091   0.000 257.450   794689.1 343742.5 319423.3     0.0 30214.5   4011.3  2874.3  3241.2
  1809  -4.516   0.004   0.075   0.000  -4.588   877737.3 323361.4 304227.6     0.0 36048.5   5341.6  3620.2  3621.2
  1810 278.370   0.003   0.088   0.000 278.285   909510.7 278141.3 235473.3     0.0 26124.9   5995.0  6152.0  3906.7
  1811  17.119   0.004   0.095   0.000  17.029   788653.5 249132.3 174612.3     0.0 27924.3   4434.0  2459.5  2689.1
  1812 -153.730   0.004   0.090   0.000 -153.815   798278.6 334742.9 341408.5     0.0 26342.6   5788.2  4294.7  4155.3
  1813 186.517   0.004   0.089   0.000 186.432   925264.4 252188.6 237673.1     0.0 33996.6   6259.8  2599.1  4693.7
  1814  99.762   0.004   0.094   0.000  99.673   794090.4 302062.2 290267.2     0.0 22820.9   5792.5  3115.5  4219.7
  1815 -78.739   0.004   0.087   0.000 -78.821   792377.5 273022.2 198552.3     0.0 27958.1   5843.1  2132.1  4356.3
  1816  72.829   0.004   0.080   0.000  72.753   868345.3 248336.7 198298.6     0.0 29174.5   6307.7  3713.7  4573.7
  1817  95.792   0.004   0.095   0.000  95.701   857878.3 295854.5 200918.1     0.0 26949.6   6245.7  1929.2  4415.4
  1818 -415.200   0.005   0.080   0.000 -415.275   654254.2 272924.7 167076.9     0.0 18048.4   5043.3  1952.0  3196.5
  1819 -151.344   0.004   0.065   0.000 -151.405   816121.3 329424.2 283686.7     0.0 36579.3   5565.7  3249.3  4194.6
  1820  23.560   0.004   0.090   0.000  23.474   799089.9 247365.3 136145.0     0.0 25709.5   6211.3  2026.3  4098.3

                 Carbon flux (ktC/yr)                    Water (dam3/yr)                Nitrogen (MgN/yr)
       --------------------------------------- ---------------------------------- --------------------------------
Spinup NEP     estab   harvest product NBP     transp     evap    interc  wd      nuptake ndemand  nlosses ninflux
------ ------- ------- ------- ------- ------- ---------- ------- ------- ------- ------- -------- ------- -------
  1821  80.442   0.004   0.083   0.000  80.362   834782.7 250488.9 193133.0     0.0 28606.0   5681.5  3114.2  4164.4
  1822  65.225   0.004   0.088   0.000  65.140   835894.0 323422.4 289961.9     0.0 32221.1   5426.7  3076.2  3949.2
  1823  97.845   0.004   0.089   0.000  97.760   827436.6 303723.3 285028.8     0.0 23967.6   5925.9  4289.8  4660.3
  1824 -26.747   0.004   0.093   0.000 -26.836   811000.0 251447.6 142255.5     0.0 26722.6   5464.0  1969.9  3854.5
  1825 184.758   0.004   0.087   0.000 184.675   843370.8 283534.4 316454.3     0.0 33082.7   6015.8  3006.8  4749.8
  1826 194.460   0.004   0.098   0.000 194.366   898190.5 299432.4 287539.5     0.0 29986.1   6741.5  3362.3  5209.1
  1827 -231.359   0.005   0.095   0.000 -231.449   737992.6 283680.4 166384.8     0.0 22667.1   5422.1  1713.2  3380.8
  1828  91.815   0.004   0.070   0.000  91.750   752526.1 351959.6 303968.4     0.0 34659.3   5022.0  2388.4  3978.4
  1829 -146.654   0.004   0.075   0.000 -146.724   802083.0 313393.8 228300.6     0.0 29585.1   5755.3  4959.6  4074.7
  1830 -132.140   0.005   0.079   0.000 -132.215   726558.3 247922.2 156679.4     0.0 23233.5   5376.1  2351.4  3477.7
  1831 -142.708   0.005   0.079   0.000 -142.782   625203.7 293853.0 218096.7     0.0 20305.0   5417.4  4342.9  3802.3
  1832 -43.945   0.004   0.060   0.000 -44.001   837339.8 302368.0 263279.5     0.0 34861.3   7116.5  3710.6  5612.3
  1833 196.369   0.003   0.095   0.000 196.276   853354.0 285567.3 296357.3     0.0 30915.2   6949.1  3872.2  5201.0
  1834 101.903   0.003   0.098   0.000 101.808   853770.8 296669.3 192032.2     0.0 22835.7   6033.0  1749.2  4498.6
  1835  29.152   0.004   0.080   0.000  29.075   841453.8 293579.3 195712.4     0.0 24894.4   5600.4  1770.8  4187.4
  1836 -353.452   0.005   0.079   0.000 -353.526   676242.5 243996.9 156641.0     0.0 22315.5   4050.7  1851.6  2610.9
  1837 -81.714   0.004   0.072   0.000 -81.782   752945.5 277734.7 177591.5     0.0 30566.6   5894.0  1983.5  4459.7
  1838  47.431   0.003   0.078   0.000  47.356   831675.5 285542.4 207586.6     0.0 26564.1   6285.1  4504.6  4684.9
  1839 154.593   0.003   0.094   0.000 154.503   854283.7 295901.1 186760.1     0.0 26497.0   5504.5  1867.2  4244.9
  1840 -184.545   0.005   0.080   0.000 -184.620   701220.3 244588.7 156027.3     0.0 24963.9   4493.5  1803.4  2928.8
  1841 -122.191   0.004   0.075   0.000 -122.261   720186.5 248498.0 157802.5     0.0 28165.4   5388.1  1795.0  4207.2
  1842 -121.793   0.003   0.078   0.000 -121.867   803185.0 311740.4 260885.3     0.0 32170.6   6448.3  3151.7  5018.3
  1843 149.988   0.004   0.097   0.000 149.894   760253.0 301890.0 257346.2     0.0 19931.1   5363.6  2844.7  4269.5
  1844 278.115   0.003   0.087   0.000 278.031   864373.7 283597.6 297062.5     0.0 35428.5   5784.9  3561.1  4908.7
  1845  51.317   0.003   0.098   0.000  51.222   859644.1 310433.3 279725.3     0.0 28531.9   5396.0  3327.4  4293.9

                 Carbon flux (ktC/yr)                    Water (dam3/yr)                Nitrogen (MgN/yr)
       --------------------------------------- ---------------------------------- --------------------------------
Spinup NEP     estab   harvest product NBP     transp     evap    interc  wd      nuptake ndemand  nlosses ninflux
------ ------- ------- ------- ------- ------- ---------- ------- ------- ------- ------- -------- ------- -------
  1846 229.162   0.003   0.099   0.000 229.067   874288.0 277000.6 206922.4     0.0 24602.7   6051.8  1808.3  4467.0
  1847 147.117   0.004   0.086   0.000 147.035   788683.3 294691.9 280954.2     0.0 22490.8   4445.4  2513.9  3690.5
  1848 230.410   0.004   0.087   0.000 230.327   884046.6 282643.1 316495.9     0.0 36850.7   5944.5  2880.4  4954.4
  1849   6.791   0.004   0.099   0.000   6.696   830222.1 336991.2 328313.0     0.0 23926.1   5669.9  3871.9  4325.4
  1850 -37.279   0.004   0.090   0.000 -37.365   796494.6 333054.1 249031.2     0.0 23928.4   4955.7  1272.0  3338.7
  1851  34.352   0.004   0.093   0.000  34.263   862744.4 291063.1 242903.7     0.0 32603.7   6735.6  1340.5  5016.2
  1852 138.913   0.004   0.082   0.000 138.836   808189.1 247393.1 172273.9     0.0 26669.4   5090.4  1507.3  3892.2
  1853 -200.936   0.004   0.089   0.000 -201.020   723795.4 245704.1 160152.3     0.0 28008.5   5666.4  1412.1  3741.7
  1854 -350.315   0.005   0.074   0.000 -350.383   556291.8 289099.1 217451.1     0.0 16355.3   5077.2  1694.3  3115.7
  1855 -161.220   0.004   0.057   0.000 -161.273   778422.9 325015.7 258277.9     0.0 32929.4   6125.6  2581.0  4703.5
  1856 137.567   0.003   0.090   0.000 137.480   839107.0 292435.6 219258.2     0.0 28001.3   7411.4  1675.5  5503.5
  1857 354.895   0.003   0.082   0.000 354.816   859519.8 276411.7 197400.8     0.0 24812.0   5169.3  1560.4  4027.4
  1858 167.190   0.004   0.086   0.000 167.108   847017.2 243372.4 195087.9     0.0 26672.3   4477.5  2215.6  3503.8
  1859 107.498   0.004   0.091   0.000 107.411   839501.2 307368.6 279774.0     0.0 29010.7   5050.7  3310.3  4167.3
  1860 -174.827   0.004   0.093   0.000 -174.916   742133.8 277469.9 161231.0     0.0 25116.1   4931.3  1324.3  3422.2
  1861 -88.625   0.004   0.074   0.000 -88.695   770337.3 336514.0 235395.1     0.0 27748.5   4820.1  1352.4  3342.0
  1862  39.298   0.003   0.091   0.000  39.211   850097.6 299256.7 296666.2     0.0 30227.0   5420.2  4459.5  4271.3
  1863 -40.086   0.004   0.092   0.000 -40.174   756172.2 245754.3 158405.4     0.0 23305.3   3917.7  1325.0  2659.2
  1864 -63.850   0.004   0.082   0.000 -63.929   846674.2 297018.6 247327.4     0.0 33685.9   5715.4  3284.4  4440.7
  1865 160.636   0.003   0.084   0.000 160.555   894768.7 252496.3 194918.6     0.0 32306.1   4684.5  2827.2  3349.3
  1866 220.066   0.003   0.090   0.000 219.980   901444.0 296675.2 259051.4     0.0 31061.9   4452.8  4931.9  3422.7
  1867 122.565   0.003   0.084   0.000 122.484   923951.9 297862.6 321475.1     0.0 30573.9   4438.9  7368.9  3069.0
  1868  32.675   0.004   0.091   0.000  32.588   795850.3 245361.1 177591.2     0.0 27543.6   3960.9  2773.1  2352.3
  1869 150.215   0.004   0.089   0.000 150.130   899089.0 295084.0 304493.2     0.0 36149.2   6170.9  3342.7  4616.1
  1870 105.043   0.004   0.096   0.000 104.951   891476.6 303429.9 307952.5     0.0 28742.0   5598.2  7121.2  3966.8

                 Carbon flux (ktC/yr)                    Water (dam3/yr)                Nitrogen (MgN/yr)
       --------------------------------------- ---------------------------------- --------------------------------
Spinup NEP     estab   harvest product NBP     transp     evap    interc  wd      nuptake ndemand  nlosses ninflux
------ ------- ------- ------- ------- ------- ---------- ------- ------- ------- ------- -------- ------- -------
  1871  21.380   0.004   0.094   0.000  21.290   849689.0 249534.5 154809.9     0.0 26925.1   4592.3  2647.6  2876.4
  1872 -196.648   0.004   0.087   0.000 -196.730   819514.9 303280.3 306678.1     0.0 26725.7   4763.5  6029.2  3495.2
  1873  23.851   0.004   0.094   0.000  23.761   871355.5 260326.9 230183.7     0.0 33435.1   5406.0  5026.3  3587.5
  1874  67.708   0.004   0.089   0.000  67.622   864728.5 257870.4 231980.1     0.0 29393.3   5184.3  5202.6  3208.8
  1875 -31.690   0.004   0.088   0.000 -31.773   831932.8 248687.9 181487.3     0.0 28379.9   4762.1  4781.6  3564.3
  1876  47.752   0.004   0.091   0.000  47.665   908226.9 248449.7 238041.9     0.0 35729.9   6483.7  4680.9  4746.0
  1877 -136.376   0.004   0.095   0.000 -136.467   862966.5 293382.5 265275.1     0.0 27632.9   6622.5  7001.1  4593.0
  1878 -115.982   0.003   0.085   0.000 -116.064   867973.1 299659.3 256915.2     0.0 31750.4   6202.7  4360.2  4100.9
  1879  82.726   0.004   0.081   0.000  82.649   807073.2 271212.7 210421.5     0.0 24374.2   4456.0  5228.2  3224.3
  1880 -283.606   0.005   0.080   0.000 -283.681   720757.1 243368.5 174469.8     0.0 27817.1   4835.5  4866.8  2880.6
  1881 -280.980   0.004   0.080   0.000 -281.056   760050.8 295830.1 239674.9     0.0 26563.4   6402.4  7057.5  4580.8
  1882 -205.354   0.005   0.083   0.000 -205.432   630900.9 291290.6 227767.5     0.0 21736.0   4853.7  8109.9  3505.8
  1883 -135.865   0.004   0.061   0.000 -135.922   785548.5 265009.0 207176.0     0.0 31654.5   6780.0  5698.5  4852.3
  1884 -143.899   0.003   0.090   0.000 -143.986   790569.9 338981.8 308090.4     0.0 24923.6   5351.8  8167.5  4254.5
  1885  29.059   0.004   0.091   0.000  28.972   825758.1 289631.1 216292.2     0.0 27546.0   5450.7  3667.5  4364.9
  1886 -436.522   0.005   0.096   0.000 -436.613   686183.9 254524.7 152840.3     0.0 26760.1   3647.0  3205.0  2316.9
  1887  38.272   0.003   0.070   0.000  38.205   830498.8 281136.2 196422.3     0.0 30879.2   6484.0  3918.8  4767.0
  1888 -173.423   0.004   0.087   0.000 -173.506   741250.5 243383.1 137699.7     0.0 22934.8   4832.1  3614.3  3369.8
  1889 -89.180   0.005   0.075   0.000 -89.250   714453.3 349204.4 292585.6     0.0 31444.2   4785.5  4241.1  4215.5
  1890 -106.796   0.003   0.076   0.000 -106.869   829839.1 303324.4 288000.4     0.0 29165.5   6356.1 10610.1  4889.5
  1891 277.417   0.003   0.094   0.000 277.326   852053.6 261772.1 216217.6     0.0 29529.9   5134.7  4941.7  3633.5
  1892 -24.381   0.004   0.090   0.000 -24.468   800788.8 306937.5 231910.4     0.0 28353.1   4837.2  5982.8  3640.2
  1893 -120.567   0.004   0.082   0.000 -120.645   772358.3 332251.3 245908.4     0.0 25494.7   5780.0  3261.5  3909.1
  1894 -15.248   0.004   0.094   0.000 -15.338   785770.0 248661.4 169295.6     0.0 30781.1   5522.3  3821.9  4474.2
  1895 -233.521   0.004   0.092   0.000 -233.609   816692.7 296578.0 248531.3     0.0 29805.0   6690.9  4851.6  4982.4

                 Carbon flux (ktC/yr)                    Water (dam3/yr)                Nitrogen (MgN/yr)
       --------------------------------------- ---------------------------------- --------------------------------
Spinup NEP     estab   harvest product NBP     transp     evap    interc  wd      nuptake ndemand  nlosses ninflux
------ ------- ------- ------- ------- ------- ---------- ------- ------- ------- ------- -------- ------- -------
  1896 -127.746   0.003   0.086   0.000 -127.829   853956.3 297828.9 249333.7     0.0 32783.9   5100.4  8939.3  3908.1
  1897 -482.715   0.004   0.085   0.000 -482.796   690947.3 280412.2 165449.8     0.0 20746.6   3797.4  6138.7  2177.9
  1898 204.636   0.004   0.061   0.000 204.579   847725.4 285615.1 221504.2     0.0 36945.3   4422.2  9071.0  3328.0
  1899 -585.110   0.004   0.093   0.000 -585.199   671895.4 278352.5 166288.8     0.0 22872.9   3683.7 10357.7  2159.8
  1900 165.449   0.003   0.059   0.000 165.393   880719.3 247407.5 195764.1     0.0 39140.1   4597.1 16186.5  3445.0

                 Carbon flux (ktC/yr)                    Water (dam3/yr)                Nitrogen (MgN/yr)
       --------------------------------------- ---------------------------------- --------------------------------
Year   NEP     estab   harvest product NBP     transp     evap    interc  wd      nuptake ndemand  nlosses ninflux
------ ------- ------- ------- ------- ------- ---------- ------- ------- ------- ------- -------- ------- -------
  1901 265.539   0.003   0.091   0.000 265.451   852981.1 307255.7 290863.9     0.0 29079.8   4637.8 25883.7  3677.9
  1902 153.337   0.004   0.095   0.000 153.246   763945.1 350237.8 321035.0     0.0 32081.8   4386.3  9847.2  3538.9
  1903  32.008   0.004   0.077   0.000  31.935   795429.4 312634.9 286081.7     0.0 24775.7   5171.0 12888.7  3918.7
  1904 -13.408   0.004   0.088   0.000 -13.493   811211.7 270836.2 201604.0     0.0 30385.9   5018.3  7289.4  3817.1
  1905 216.343   0.003   0.081   0.000 216.266   832007.3 289910.4 252123.5     0.0 32969.0   5758.9  7355.8  4120.6
  1906  82.858   0.003   0.079   0.000  82.783   872867.0 292415.4 267381.2     0.0 31306.2   5657.1 10233.1  4232.0
  1907 -380.430   0.005   0.087   0.000 -380.513   615517.0 286931.2 247026.7     0.0 15823.0   3607.5  8376.0  2139.8
  1908 162.318   0.004   0.059   0.000 162.263   900645.3 297413.3 289914.5     0.0 40397.0   5859.2  8702.4  4721.1
  1909 169.813   0.004   0.098   0.000 169.718   868965.4 285995.8 230860.1     0.0 31911.8   5442.3  8066.2  3728.0
  1910 -24.147   0.003   0.098   0.000 -24.241   835631.6 260178.3 232185.3     0.0 29663.8   4828.9 13253.6  2719.8
  1911 400.773   0.003   0.087   0.000 400.689   911457.5 279769.4 340753.6     0.0 35938.3   5190.6 15735.3  3845.5
  1912 -129.045   0.004   0.101   0.000 -129.141   790747.9 331983.8 274913.8     0.0 20772.0   4926.4  8866.0  3111.3
  1913 128.810   0.004   0.095   0.000 128.719   909549.5 250356.0 243813.6     0.0 37006.6   6029.2  7576.0  4464.8
  1914  -8.772   0.004   0.098   0.000  -8.866   856960.3 297879.9 324298.6     0.0 26085.8   7064.5 13951.8  4793.1
  1915 114.409   0.004   0.097   0.000 114.316   882469.9 292093.1 265375.2     0.0 28959.9   6882.0  4603.5  4927.6
  1916  58.207   0.004   0.085   0.000  58.126   839989.1 331042.5 358892.5     0.0 26175.8   5340.4  6824.0  3957.8
  1917 -142.486   0.005   0.092   0.000 -142.573   759653.8 245584.8 178427.0     0.0 28199.7   5435.6  3000.9  3552.6
  1918 -167.164   0.004   0.095   0.000 -167.254   780942.7 278067.0 219239.9     0.0 25430.6   7226.9  2313.4  4763.2
  1919 -295.848   0.004   0.089   0.000 -295.932   732476.0 278582.7 229569.3     0.0 24359.5   6207.8  3982.0  4179.6
  1920 -162.711   0.004   0.092   0.000 -162.799   757725.1 298708.0 232496.8     0.0 26228.8   6367.8  4021.3  4866.3
  1921 -72.595   0.004   0.086   0.000 -72.676   818470.6 316419.3 279157.3     0.0 34765.2   5766.8  4125.9  4477.7
  1922 143.636   0.003   0.102   0.000 143.537   840222.4 246947.3 194238.7     0.0 27163.2   6865.9  4545.8  5083.2
  1923  57.833   0.003   0.100   0.000  57.736   816384.7 324394.8 295527.5     0.0 31566.3   6124.2  3574.1  4417.3
  1924 -57.767   0.004   0.093   0.000 -57.856   714685.5 245188.9 162847.3     0.0 22989.9   5260.2  2457.6  3508.2
  1925 -30.233   0.004   0.081   0.000 -30.309   805908.3 297136.8 197291.3     0.0 27721.4   7807.3  2284.0  5609.9

                 Carbon flux (ktC/yr)                    Water (dam3/yr)                Nitrogen (MgN/yr)
       --------------------------------------- ---------------------------------- --------------------------------
Year   NEP     estab   harvest product NBP     transp     evap    interc  wd      nuptake ndemand  nlosses ninflux
------ ------- ------- ------- ------- ------- ---------- ------- ------- ------- ------- -------- ------- -------
  1926 -284.900   0.005   0.083   0.000 -284.978   646987.1 276044.6 162708.7     0.0 20578.3   5893.7  2377.7  4096.3
  1927 -146.148   0.004   0.067   0.000 -146.211   735117.6 312981.9 219744.2     0.0 33427.9   5654.3  4461.5  4527.4
  1928  40.945   0.004   0.083   0.000  40.867   737242.9 251910.2 160434.2     0.0 25113.2   7204.1  2890.9  5384.6
  1929 -38.398   0.004   0.095   0.000 -38.490   737149.0 250620.7 130947.6     0.0 25893.2   6740.9  2449.6  4845.7
  1930 -128.107   0.004   0.083   0.000 -128.186   741315.5 277770.6 226252.2     0.0 27416.1   5590.0  4224.6  4419.3
  1931  60.459   0.004   0.073   0.000  60.390   833359.4 255707.1 174801.2     0.0 28776.1   5657.7  4454.2  4245.4
  1932 257.964   0.003   0.101   0.000 257.865   818543.2 269069.1 206230.4     0.0 31705.2   5281.4  3527.7  4005.1
  1933 329.479   0.004   0.087   0.000 329.395   846714.2 280671.4 196833.3     0.0 33282.8   5902.6  2795.9  4403.7
  1934 169.383   0.003   0.101   0.000 169.285   863191.5 274464.3 202389.5     0.0 32339.2   5414.6  3582.5  4204.2
  1935 352.674   0.003   0.087   0.000 352.591   827010.9 284107.8 298081.5     0.0 32080.4   5485.3  4893.0  3864.6
  1936 -124.267   0.004   0.092   0.000 -124.355   785516.0 325864.0 282293.0     0.0 24373.0   5909.3  3026.2  4377.0
  1937 -34.714   0.004   0.095   0.000 -34.805   858297.1 284740.3 252901.0     0.0 32522.0   6746.0  3564.3  5100.7
  1938 -129.342   0.004   0.181   0.000 -129.519   867152.8 274737.8 221037.3     0.0 33135.4   5703.9  2909.6  3564.7
  1939  52.293   0.004   0.009   0.000  52.288   792635.6 320312.5 301150.8     0.0 27995.1   5529.1  3836.3  3657.4
  1940 347.532   0.003   0.147   0.000 347.388   922950.5 276684.3 251724.1     0.0 34732.9   6204.5  4680.3  4194.8
  1941 -103.243   0.004   0.028   0.000 -103.268   891107.4 295895.0 230922.2     0.0 33355.9   3856.8  5834.8  2398.2
  1942 303.877   0.004   0.080   0.000 303.801   947237.9 245032.4 241428.3     0.0 31081.8   5294.4  7374.5  3645.8
  1943 116.641   0.004   0.097   0.000 116.547  1011512.1 301204.5 330554.1     0.0 35321.0   5003.5 10664.5  3423.8
  1944 284.050   0.004   0.186   0.000 283.867  1070595.7 237755.9 279782.5     0.0 34671.7   4873.7 13043.7  3239.9
  1945  26.769   0.005   0.008   0.000  26.767   820168.2 264212.6 216040.7     0.0 28283.7   2935.9  9100.0  1855.8
  1946  35.552   0.004   0.070   0.000  35.485   929831.3 324766.9 269810.2     0.0 38840.2   5893.2  9190.5  4293.4
  1947 121.135   0.004   0.083   0.000 121.056   811365.0 308590.9 313082.9     0.0 32110.1   5583.9  9285.3  3506.6
  1948 -367.657   0.004   0.175   0.000 -367.829   728911.7 274124.4 222708.3     0.0 24553.9   5196.9  7106.9  2961.2
  1949 -654.284   0.005   0.010   0.000 -654.289   647510.0 285611.1 226929.6     0.0 27255.5   6731.3  6187.6  3742.6
  1950 -422.858   0.005   0.077   0.000 -422.930   660046.3 284344.8 206009.9     0.0 25263.0   7052.1  5419.7  4498.0

                 Carbon flux (ktC/yr)                    Water (dam3/yr)                Nitrogen (MgN/yr)
       --------------------------------------- ---------------------------------- --------------------------------
Year   NEP     estab   harvest product NBP     transp     evap    interc  wd      nuptake ndemand  nlosses ninflux
------ ------- ------- ------- ------- ------- ---------- ------- ------- ------- ------- -------- ------- -------
  1951  15.039   0.004   0.074   0.000  14.969   767776.0 300982.5 225872.5     0.0 35882.1   7246.7  5081.3  5362.0
  1952 -116.433   0.003   0.095   0.000 -116.526   844861.9 312680.6 292091.5     0.0 30367.7   8562.7 10357.4  5996.3
  1953 242.449   0.004   0.101   0.000 242.352   876664.5 297084.6 257707.4     0.0 33749.0   5525.8 10950.3  4383.1
  1954 -122.010   0.005   0.102   0.000 -122.107   793149.6 304965.9 325064.5     0.0 23447.2   5068.5 19852.1  4408.0
  1955  68.568   0.004   0.088   0.000  68.483   887299.8 318438.4 262694.5     0.0 37887.7   4353.1  6999.2  3332.0
  1956 -90.653   0.004   0.095   0.000 -90.744   822765.7 298320.7 307797.0     0.0 30505.5   4774.0 17391.9  3367.4
  1957 182.837   0.004   0.105   0.000 182.736   823768.2 335633.3 319218.5     0.0 38378.8   5330.5  9843.9  3554.7
  1958 -350.926   0.004   0.092   0.000 -351.015   812486.9 275628.3 244163.8     0.0 29668.3   4944.3 10201.7  3276.9
  1959 222.961   0.004   0.094   0.000 222.870   873729.0 321309.1 313570.5     0.0 33572.7   4563.5 22348.0  3223.8
  1960 351.285   0.003   0.076   0.000 351.212   957916.7 336426.0 421839.3     0.0 39843.8   4647.0 23880.3  3054.8
  1961 -67.985   0.004   0.093   0.000 -68.074   869864.7 316308.7 252841.3     0.0 27371.1   3404.0  6441.2  2538.0
  1962 197.564   0.004   0.101   0.000 197.467   912640.6 367405.0 445775.7     0.0 41897.9   6651.6  9035.3  5077.9
  1963 112.570   0.004   0.187   0.000 112.387   909767.1 284022.3 249996.0     0.0 33404.6   6111.9  3707.3  3607.2
  1964 -390.744   0.004   0.010   0.000 -390.750   707978.9 322821.2 359546.8     0.0 24035.7   4965.7  7210.7  3030.0
  1965 -31.530   0.004   0.093   0.000 -31.619   820259.6 326185.4 346640.7     0.0 35595.5   4987.9 11457.1  4299.0
  1966 200.976   0.004   0.083   0.000 200.896   866964.8 321568.2 305898.2     0.0 35523.7   5920.6  6319.5  4366.4
  1967 -24.597   0.005   0.098   0.000 -24.691   791744.8 270677.9 243011.2     0.0 31152.8   5083.2  5161.0  3595.4
  1968 -351.719   0.004   0.093   0.000 -351.808   769423.4 287910.3 289046.4     0.0 35151.5   6139.5  8632.4  4046.7
  1969 114.689   0.003   0.097   0.000 114.596   848309.1 277291.3 227012.9     0.0 34492.6   7130.5  9240.6  4973.9
  1970  81.066   0.004   0.092   0.000  80.977   857117.7 298161.7 325584.8     0.0 34042.3   6590.3 10514.9  4418.9
  1971 201.042   0.003   0.205   0.000 200.841   899622.1 293907.4 335558.4     0.0 36801.4   6727.8  5053.9  5291.9
  1972 -191.564   0.004   0.010   0.000 -191.570   762540.3 291946.9 229463.9     0.0 26895.2   4299.1  5981.9  3265.6
  1973 -59.757   0.004   0.095   0.000 -59.849   877741.9 350424.3 367733.7     0.0 44895.1   6446.2 25525.1  5278.5
  1974 178.008   0.003   0.101   0.000 177.910   896299.1 355677.3 361726.1     0.0 34438.3   6230.7 11653.2  4798.8
  1975 496.291   0.003   0.095   0.000 496.199   914186.5 347166.7 395742.1     0.0 33180.2   5971.3  9255.8  4436.9

                 Carbon flux (ktC/yr)                    Water (dam3/yr)                Nitrogen (MgN/yr)
       --------------------------------------- ---------------------------------- --------------------------------
Year   NEP     estab   harvest product NBP     transp     evap    interc  wd      nuptake ndemand  nlosses ninflux
------ ------- ------- ------- ------- ------- ---------- ------- ------- ------- ------- -------- ------- -------
  1976 562.751   0.003   0.096   0.000 562.659   999815.6 304107.1 445143.1     0.0 40329.0   5916.4 11940.8  4537.5
  1977 464.189   0.004   0.095   0.000 464.097   937377.5 353031.4 424190.7     0.0 30799.7   6049.6  4259.4  4813.3
  1978 254.292   0.004   0.116   0.000 254.180   873498.5 328886.8 345946.5     0.0 37044.9   5162.2  5811.1  4078.5
  1979 139.056   0.004   0.102   0.000 138.958   888002.9 365801.7 370781.0     0.0 33290.9   6293.3  3862.8  4719.1
  1980 -177.684   0.004   0.100   0.000 -177.779   803839.4 307499.6 384569.8     0.0 33358.9   6837.4  6032.1  4966.7
  1981 -147.842   0.005   0.188   0.000 -148.025   861258.5 311088.0 310177.4     0.0 36772.9   6783.7  3332.3  5283.8
  1982 -54.859   0.004   0.013   0.000 -54.869   783398.5 311882.0 267808.8     0.0 31470.6   7135.9  3402.7  5428.4
  1983 -501.152   0.005   0.107   0.000 -501.254   749442.0 339877.3 287345.6     0.0 32984.5   6572.7  3839.5  4896.8
  1984 -97.046   0.004   0.095   0.000 -97.137   847539.4 347573.9 318375.5     0.0 33742.3   7955.1  9173.1  6559.5
  1985 122.238   0.004   0.095   0.000 122.146   799561.1 376618.2 288688.3     0.0 24074.8   7548.7  3645.6  6554.4
  1986 -108.209   0.004   0.099   0.000 -108.305   804951.1 364126.5 355155.0     0.0 33763.5   6895.0  6071.6  6645.5
  1987 -213.747   0.004   0.210   0.000 -213.953   909601.4 387453.5 323949.3     0.0 33052.9   9252.8  3217.0  7714.4
  1988  42.455   0.003   0.110   0.000  42.348   886343.8 321511.1 358199.4     0.0 31473.6   6377.7  8026.9  5451.8
  1989 177.362   0.004   0.012   0.000 177.354   812374.0 345035.5 356365.7     0.0 30547.4   5492.5  4268.7  5040.9
  1990 -162.695   0.005   0.098   0.000 -162.788   791667.1 323528.8 235436.3     0.0 25957.5   6123.9  3083.8  5657.4
  1991 -44.945   0.004   0.098   0.000 -45.039   835983.9 327193.8 281898.5     0.0 31357.8   7491.2  2767.4  7151.5
  1992 -230.997   0.005   0.092   0.000 -231.085   776167.5 327983.7 242599.1     0.0 28199.2   7497.0  2428.0  6689.9
  1993 -247.053   0.004   0.098   0.000 -247.146   736742.2 309843.2 323809.0     0.0 33519.5   7777.8  4538.5  6715.8
  1994  30.951   0.004   0.180   0.000  30.774   845530.6 297525.9 270810.9     0.0 28655.8   8551.4  3764.8  7792.4
  1995 -21.474   0.003   0.032   0.000 -21.503   734661.2 306366.3 285393.1     0.0 34754.9   5705.2  6065.6  5137.4
  1996  66.623   0.004   0.099   0.000  66.527   784873.8 319435.3 360352.8     0.0 33578.3   6242.8  6652.0  6177.1
  1997  41.892   0.003   0.085   0.000  41.810   858967.4 338020.3 305268.7     0.0 30882.9   6151.1  9050.4  5909.1
  1998 332.554   0.003   0.201   0.000 332.356   926322.2 293428.9 266058.4     0.0 36714.4   5723.1  4788.8  4541.9
  1999 318.240   0.003   0.000   0.000 318.244   891962.1 313048.6 274232.1     0.0 30836.5   4308.5  5646.9  4045.0
  2000 394.699   0.004   0.088   0.000 394.615   836701.1 319861.8 376461.8     0.0 38267.7   4206.4  6536.5  3953.5

                 Carbon flux (ktC/yr)                    Water (dam3/yr)                Nitrogen (MgN/yr)
       --------------------------------------- ---------------------------------- --------------------------------
Year   NEP     estab   harvest product NBP     transp     evap    interc  wd      nuptake ndemand  nlosses ninflux
------ ------- ------- ------- ------- ------- ---------- ------- ------- ------- ------- -------- ------- -------
  2001 539.694   0.004   0.094   0.000 539.604   900218.8 307000.1 399331.8     0.0 38987.6   6779.5  9993.1  6125.5
  2002  54.883   0.005   0.102   0.000  54.786   730617.8 320422.6 264385.0     0.0 24269.7   5404.6  5297.0  5109.4
  2003 -145.932   0.004   0.095   0.000 -146.023   843771.0 347391.5 373148.1     0.0 30874.6   7986.5  6454.3  7518.5
  2004 -66.067   0.004   0.102   0.000 -66.165   767494.3 345358.1 280189.0     0.0 23803.5   6918.3  4199.2  6289.5
  2005 -204.641   0.004   0.090   0.000 -204.727   799118.1 342868.6 352955.2     0.0 32117.3   7898.8  5964.4  7282.3
  2006  17.159   0.004   0.200   0.000  16.962   867052.1 281396.8 261455.4     0.0 32835.0   7802.0  1694.9  7516.0
  2007 106.913   0.003   0.014   0.000 106.902   866561.1 360189.3 315818.3     0.0 39614.5   7185.8  6356.1  6478.2
  2008 370.862   0.003   0.102   0.000 370.763   893157.6 325559.7 273370.4     0.0 38668.4   5530.5  4767.3  4809.4
  2009 479.578   0.003   0.103   0.000 479.479   894083.0 329285.4 315277.0     0.0 30033.3   5364.1  8266.6  4881.1
  2010 381.040   0.004   0.098   0.000 380.945   910782.5 364210.1 446548.0     0.0 36600.0   5829.4 12788.2  5432.8
  2011 495.380   0.004   0.120   0.000 495.264   876502.3 309507.9 421458.1     0.0 33984.4   5160.4 13173.6  4612.1
  2012 432.053   0.004   0.189   0.000 431.868   976116.5 345652.9 437058.9     0.0 46524.3   5777.1  6962.3  5177.2
  2013 371.914   0.004   0.096   0.000 371.823   877047.2 297327.3 297623.7     0.0 32897.1   7139.1  4488.3  5950.1
  2014  58.453   0.004   0.013   0.000  58.444   862931.6 349353.7 393817.7     0.0 34111.5   7904.1  4534.2  6343.9
  2015 -78.570   0.004   0.103   0.000 -78.669   861439.9 341586.0 315359.3     0.0 32282.9   8487.0  4551.4  6628.3
  2016 102.704   0.004   0.204   0.000 102.503   921706.9 319026.0 387616.5     0.0 32916.7   6767.1 11779.6  6086.2
  2017 392.419   0.004   0.112   0.000 392.311   981915.1 357151.8 350614.4     0.0 34420.7   6480.3  8720.5  5963.6
  2018 267.097   0.004   0.014   0.000 267.087   848269.8 317621.6 402258.0     0.0 39116.0   4790.9  7237.3  4190.4
  2019 271.422   0.004   0.105   0.000 271.321   872309.7 305755.9 379257.6     0.0 42748.2   7031.4  6020.4  5708.6
Simulation ended.
lpjml successfully terminated, 63 grid cells processed.
Wall clock time:	325 sec, 0.017 sec/cell/year.
Total wall clock time:	333 sec (00:05:33).
