--------------------------------------
Running config: /home/druijsch/LPJmL5/dev15oct2025/config_files/2026_04_08_run_for_10_locations/boreal_needleleaved_evergreen_tree/spinup/configs/boreal_needleleaved_evergreen_tree_patch7_config_restart_MM.cjson
SLURM task ID: 7
Node: tcn157.local.snellius.surf.nl
--------------------------------------
******************************************************************************
****        _     ____     _           _       ____        _  ___         ****
****       | |   |  _ \   | |_ __ ___ | |     | ___|      / |/ _ \        ****
****       | |   | |_) |  | | '_ ` _ \| |     |___ \      | | | | |       ****
****       | |___|  __/ |_| | | | | | | |___   ___) |  _  | | |_| |       ****
****       |_____|_|   \___/|_| |_| |_|_____| |____/  (_) |_|\___/        ****
****                                                                      ****
****                 lpjml C Version 5.10.1 (Apr 14 2026)                 ****
****    Dynamic global vegetation model with natural and managed land     ****
****                     Compiled for Linux with MPI                      ****
****       (C) Potsdam Institute for Climate Impact Research (PIK),       ****
****                          see COPYRIGHT file                          ****
****              Authors, and contributors see AUTHORS file              ****
**** This version of LPJmL is licensed under GNU AGPL Version 3 or later  ****
****        See LICENSE file or go to http://www.gnu.org/licenses/        ****
****                 or invoke lpjml -l to print license                  ****
****      https://gitlab.pik-potsdam.de/lpjml/wur_team/lpjml-wur.git      ****
****          GIT hash: 5e6f8e1bb5c5d5f3357da68b6c43e9517864f3c2          ****
****                                                                      ****
******************************************************************************

Running for user druijsch on tcn157.local.snellius.surf.nl at Wed Apr 15 09:40:35 2026
Reading configuration from '/home/druijsch/LPJmL5/dev15oct2025/config_files/2026_04_08_run_for_10_locations/boreal_needleleaved_evergreen_tree/spinup/configs/boreal_needleleaved_evergreen_tree_patch7_config_restart_MM.cjson'.
==============================================================================
/----------------------------------------------------------\
|institution: Potsdam Institute for Climate Impact Research|
|contact:                                                  |
|comment:                                                  |
\----------------------------------------------------------/
Simulation "LPJmL Run" running on 50 tasks
Simulation with shuffle spinup climate, nitrogen limitation, permafrost, 
Johansen conductivity, with monthly mortality, percolation heattransfer, 
GSI phenology, NPP controlled BNF, land use, potential irrigation, 
others to crop "maize" and "temperate cereals", land-use change timber, 
fixed residue remove, with auto fertilizer, pft.cjson LAImax, 
livestock grazing, bondau2007 crop PHU option, separate harvests.
Cultivation types: none, biomass, annual crop
Working directory: /gpfs/home5/druijsch
cpp processed configuration file written to `/projects/prjs2023/chapter3/lpjml_output/2026_04_08_run_for_10_locations/boreal_needleleaved_evergreen_tree/patch_7/`.
Starting from restart file '/home/druijsch/LPJmL5/dev15oct2025/restart/2026_04_08_run_for_10_locations/boreal_needleleaved_evergreen_tree/patch_7/restart_1901_nv_stdfire.lpj'.
Input files:
Variable     Fmt  Varname  Filename
------------ ---- -------- ---------------------------------------------------
soil         cdf  soilcode /projects/prjs2023/chapter3/lpjml_input/run_for_10_locations/boreal_needleleaved_evergreen_tree/patch_7/soil.nc
temp         cdf  tas      /projects/prjs2023/chapter3/lpjml_input/run_for_10_locations/boreal_needleleaved_evergreen_tree/patch_7/temp.nc
prec         cdf  pr       /projects/prjs2023/chapter3/lpjml_input/run_for_10_locations/boreal_needleleaved_evergreen_tree/patch_7/prec.nc
lwdown       cdf  rlds     /projects/prjs2023/chapter3/lpjml_input/run_for_10_locations/boreal_needleleaved_evergreen_tree/patch_7/lwdown.nc
swdown       cdf  rsds     /projects/prjs2023/chapter3/lpjml_input/run_for_10_locations/boreal_needleleaved_evergreen_tree/patch_7/swdown.nc
no3_depo     cdf  noy      /projects/prjs2023/chapter3/lpjml_input/ndep-noy_histsoc_monthly_1901_2021_units.nc
nh4_depo     cdf  nhx      /projects/prjs2023/chapter3/lpjml_input/ndep-nhx_histsoc_monthly_1901_2021_units.nc
soilpH       cdf  soil_ph  /projects/prjs2023/chapter3/lpjml_input/hwsd_soil_data_all_land_oceanfilled.nc
co2          txt           /projects/prjs2023/chapter3/lpjml_input/co2_1832-2023.dat
windspeed    cdf  sfcwind  /projects/prjs2023/chapter3/lpjml_input/run_for_10_locations/boreal_needleleaved_evergreen_tree/patch_7/wind.nc
countries    cdf  country  /projects/prjs2023/chapter3/lpjml_input/regridded_cow_full_2018_5min_reduced_filled.nc
landuse      cdf  CFTfrac  /projects/prjs2023/chapter3/lpjml_input/MAPSPAM_2020_crops_filled_ESA_01deg_v7.nc
------------ ---- -------- ---------------------------------------------------
Writing restart file '/home/druijsch/LPJmL5/dev15oct2025/restart/2026_04_08_run_for_10_locations/boreal_needleleaved_evergreen_tree/patch_7/restart_1960_crop_stdfire.lpj' after year 1960.
Reading random seeds from restart file.
Number of output files:       65
Output written in year:       1901
Byte order in output files:   little endian

Compression level for NetCDF: 3
Missing value in NetCDF:      -1e+32
Base year in NetCDF:          1901
NetCDF grid:                  local
Variable            Fmt  Unit        Type   tstep nbd Filename
------------------- ---- ----------- ------ ----- --- -------------------------
albedo              cdf  -           float  month   1 /projects/prjs2023/chapter3/lpjml_output/2026_04_08_run_for_10_locations/boreal_needleleaved_evergreen_tree/patch_7/output/malbedo.nc + .json
cftfrac             cdf  -           float  year   32 /projects/prjs2023/chapter3/lpjml_output/2026_04_08_run_for_10_locations/boreal_needleleaved_evergreen_tree/patch_7/output/cftfrac.nc + .json
discharge           cdf  hm3/day     float  month   1 /projects/prjs2023/chapter3/lpjml_output/2026_04_08_run_for_10_locations/boreal_needleleaved_evergreen_tree/patch_7/output/mdischarge.nc + .json
evap                cdf  mm/month    float  month   1 /projects/prjs2023/chapter3/lpjml_output/2026_04_08_run_for_10_locations/boreal_needleleaved_evergreen_tree/patch_7/output/mevap.nc + .json
fapar               cdf  -           float  month   1 /projects/prjs2023/chapter3/lpjml_output/2026_04_08_run_for_10_locations/boreal_needleleaved_evergreen_tree/patch_7/output/mfapar.nc + .json
firec               cdf  gC/m2/yr    float  year    1 /projects/prjs2023/chapter3/lpjml_output/2026_04_08_run_for_10_locations/boreal_needleleaved_evergreen_tree/patch_7/output/firec.nc + .json
firef               cdf  1           float  year    1 /projects/prjs2023/chapter3/lpjml_output/2026_04_08_run_for_10_locations/boreal_needleleaved_evergreen_tree/patch_7/output/firef.nc + .json
flux_estabc         cdf  gC/m2/yr    float  year    1 /projects/prjs2023/chapter3/lpjml_output/2026_04_08_run_for_10_locations/boreal_needleleaved_evergreen_tree/patch_7/output/flux_estab.nc + .json
fpc                 cdf  -           float  month  12 /projects/prjs2023/chapter3/lpjml_output/2026_04_08_run_for_10_locations/boreal_needleleaved_evergreen_tree/patch_7/output/fpc.nc + .json
globalflux          txt  -           float  year    1 /projects/prjs2023/chapter3/lpjml_output/2026_04_08_run_for_10_locations/boreal_needleleaved_evergreen_tree/patch_7/output/globalflux.csv + .json
gpp                 cdf  gC/m2/month float  month   1 /projects/prjs2023/chapter3/lpjml_output/2026_04_08_run_for_10_locations/boreal_needleleaved_evergreen_tree/patch_7/output/mgpp.nc + .json
litc                cdf  gC/m2       float  year    1 /projects/prjs2023/chapter3/lpjml_output/2026_04_08_run_for_10_locations/boreal_needleleaved_evergreen_tree/patch_7/output/litc.nc + .json
litn                cdf  gN/m2       float  year    1 /projects/prjs2023/chapter3/lpjml_output/2026_04_08_run_for_10_locations/boreal_needleleaved_evergreen_tree/patch_7/output/litn.nc + .json
npp                 cdf  gC/m2/month float  month   1 /projects/prjs2023/chapter3/lpjml_output/2026_04_08_run_for_10_locations/boreal_needleleaved_evergreen_tree/patch_7/output/mnpp.nc + .json
nuptake             cdf  gN/m2/month float  month   1 /projects/prjs2023/chapter3/lpjml_output/2026_04_08_run_for_10_locations/boreal_needleleaved_evergreen_tree/patch_7/output/mnuptake.nc + .json
pet                 cdf  mm/month    float  month   1 /projects/prjs2023/chapter3/lpjml_output/2026_04_08_run_for_10_locations/boreal_needleleaved_evergreen_tree/patch_7/output/mpet.nc + .json
pft_chawo           cdf  gC/m2       float  year   43 /projects/prjs2023/chapter3/lpjml_output/2026_04_08_run_for_10_locations/boreal_needleleaved_evergreen_tree/patch_7/output/pft_chawo.nc + .json
pft_cleaf           cdf  gC/m2       float  year   43 /projects/prjs2023/chapter3/lpjml_output/2026_04_08_run_for_10_locations/boreal_needleleaved_evergreen_tree/patch_7/output/pft_cleaf.nc + .json
pft_croot           cdf  gC/m2       float  year   43 /projects/prjs2023/chapter3/lpjml_output/2026_04_08_run_for_10_locations/boreal_needleleaved_evergreen_tree/patch_7/output/pft_croot.nc + .json
pft_csapw           cdf  gC/m2       float  year   43 /projects/prjs2023/chapter3/lpjml_output/2026_04_08_run_for_10_locations/boreal_needleleaved_evergreen_tree/patch_7/output/pft_csapw.nc + .json
pft_fpar            cdf  -           float  month  43 /projects/prjs2023/chapter3/lpjml_output/2026_04_08_run_for_10_locations/boreal_needleleaved_evergreen_tree/patch_7/output/pft_fpar.nc + .json
pft_gpp             cdf  gC/m2/month float  month  43 /projects/prjs2023/chapter3/lpjml_output/2026_04_08_run_for_10_locations/boreal_needleleaved_evergreen_tree/patch_7/output/pft_gpp.nc + .json
pft_laimax          cdf  m2/m2       float  year   43 /projects/prjs2023/chapter3/lpjml_output/2026_04_08_run_for_10_locations/boreal_needleleaved_evergreen_tree/patch_7/output/pft_laimax.nc + .json
pft_mort            cdf  1/month     float  month  11 /projects/prjs2023/chapter3/lpjml_output/2026_04_08_run_for_10_locations/boreal_needleleaved_evergreen_tree/patch_7/output/pft_mort.nc + .json
pft_mort_background cdf  1/month     float  month  11 /projects/prjs2023/chapter3/lpjml_output/2026_04_08_run_for_10_locations/boreal_needleleaved_evergreen_tree/patch_7/output/pft_mort_background.nc + .json
pft_mort_drought    cdf  1/month     float  month  11 /projects/prjs2023/chapter3/lpjml_output/2026_04_08_run_for_10_locations/boreal_needleleaved_evergreen_tree/patch_7/output/pft_mort_drought.nc + .json
pft_mort_heat       cdf  1/month     float  month  11 /projects/prjs2023/chapter3/lpjml_output/2026_04_08_run_for_10_locations/boreal_needleleaved_evergreen_tree/patch_7/output/pft_mort_heat.nc + .json
pft_nind            cdf  ind/m²     float  month  11 /projects/prjs2023/chapter3/lpjml_output/2026_04_08_run_for_10_locations/boreal_needleleaved_evergreen_tree/patch_7/output/pft_nind.nc + .json
pft_nleaf           cdf  gN/m2       float  year   43 /projects/prjs2023/chapter3/lpjml_output/2026_04_08_run_for_10_locations/boreal_needleleaved_evergreen_tree/patch_7/output/pft_nleaf.nc + .json
pft_npp             cdf  gC/m2/yr    float  year   43 /projects/prjs2023/chapter3/lpjml_output/2026_04_08_run_for_10_locations/boreal_needleleaved_evergreen_tree/patch_7/output/pft_npp.nc + .json
pft_nroot           cdf  gN/m2       float  year   43 /projects/prjs2023/chapter3/lpjml_output/2026_04_08_run_for_10_locations/boreal_needleleaved_evergreen_tree/patch_7/output/pft_nroot.nc + .json
pft_nuptake         cdf  gN/m2/yr    float  year   43 /projects/prjs2023/chapter3/lpjml_output/2026_04_08_run_for_10_locations/boreal_needleleaved_evergreen_tree/patch_7/output/pft_nuptake.nc + .json
pft_phen            cdf  -           float  month  43 /projects/prjs2023/chapter3/lpjml_output/2026_04_08_run_for_10_locations/boreal_needleleaved_evergreen_tree/patch_7/output/pft_phen.nc + .json
pft_survive_frac    cdf  -           float  month  43 /projects/prjs2023/chapter3/lpjml_output/2026_04_08_run_for_10_locations/boreal_needleleaved_evergreen_tree/patch_7/output/pft_survive_frac.nc + .json
pft_vegc            cdf  gC/m2       float  year   43 /projects/prjs2023/chapter3/lpjml_output/2026_04_08_run_for_10_locations/boreal_needleleaved_evergreen_tree/patch_7/output/pft_vegc.nc + .json
pft_vegn            cdf  gN/m2       float  year   43 /projects/prjs2023/chapter3/lpjml_output/2026_04_08_run_for_10_locations/boreal_needleleaved_evergreen_tree/patch_7/output/pft_vegn.nc + .json
pft_water_demand    cdf  mm/yr       float  year   43 /projects/prjs2023/chapter3/lpjml_output/2026_04_08_run_for_10_locations/boreal_needleleaved_evergreen_tree/patch_7/output/pft_water_demand.nc + .json
phen_light          cdf  -           float  month   1 /projects/prjs2023/chapter3/lpjml_output/2026_04_08_run_for_10_locations/boreal_needleleaved_evergreen_tree/patch_7/output/mphen_light.nc + .json
phen_tmax           cdf  -           float  month   1 /projects/prjs2023/chapter3/lpjml_output/2026_04_08_run_for_10_locations/boreal_needleleaved_evergreen_tree/patch_7/output/mphen_tmax.nc + .json
phen_tmin           cdf  -           float  month   1 /projects/prjs2023/chapter3/lpjml_output/2026_04_08_run_for_10_locations/boreal_needleleaved_evergreen_tree/patch_7/output/mphen_tmin.nc + .json
phen_water          cdf  -           float  month   1 /projects/prjs2023/chapter3/lpjml_output/2026_04_08_run_for_10_locations/boreal_needleleaved_evergreen_tree/patch_7/output/mphen_water.nc + .json
rd                  cdf  gC/m2/month float  month   1 /projects/prjs2023/chapter3/lpjml_output/2026_04_08_run_for_10_locations/boreal_needleleaved_evergreen_tree/patch_7/output/rd.nc + .json
rh                  cdf  gC/m2/month float  month   1 /projects/prjs2023/chapter3/lpjml_output/2026_04_08_run_for_10_locations/boreal_needleleaved_evergreen_tree/patch_7/output/mrh.nc + .json
runoff              cdf  mm/month    float  month   1 /projects/prjs2023/chapter3/lpjml_output/2026_04_08_run_for_10_locations/boreal_needleleaved_evergreen_tree/patch_7/output/mrunoff.nc + .json
soilc               cdf  gC/m2       float  year    1 /projects/prjs2023/chapter3/lpjml_output/2026_04_08_run_for_10_locations/boreal_needleleaved_evergreen_tree/patch_7/output/soilc.nc + .json
soilc_layer         cdf  gC/m2       float  year    5 /projects/prjs2023/chapter3/lpjml_output/2026_04_08_run_for_10_locations/boreal_needleleaved_evergreen_tree/patch_7/output/soilc_layer.nc + .json
soiln               cdf  gN/m2       float  year    1 /projects/prjs2023/chapter3/lpjml_output/2026_04_08_run_for_10_locations/boreal_needleleaved_evergreen_tree/patch_7/output/soiln.nc + .json
soiln_layer         cdf  gN/m2       float  year    5 /projects/prjs2023/chapter3/lpjml_output/2026_04_08_run_for_10_locations/boreal_needleleaved_evergreen_tree/patch_7/output/soiln_layer.nc + .json
soilnh4             cdf  gN/m2       float  year    1 /projects/prjs2023/chapter3/lpjml_output/2026_04_08_run_for_10_locations/boreal_needleleaved_evergreen_tree/patch_7/output/soilnh4.nc + .json
soilnh4_layer       cdf  gN/m2       float  year    5 /projects/prjs2023/chapter3/lpjml_output/2026_04_08_run_for_10_locations/boreal_needleleaved_evergreen_tree/patch_7/output/soilnh4_layer.nc + .json
soilno3             cdf  gN/m2       float  year    1 /projects/prjs2023/chapter3/lpjml_output/2026_04_08_run_for_10_locations/boreal_needleleaved_evergreen_tree/patch_7/output/soilno3.nc + .json
soilno3_layer       cdf  gN/m2       float  year    5 /projects/prjs2023/chapter3/lpjml_output/2026_04_08_run_for_10_locations/boreal_needleleaved_evergreen_tree/patch_7/output/soilno3_layer.nc + .json
soiltemp1           cdf  Celsius     float  month   1 /projects/prjs2023/chapter3/lpjml_output/2026_04_08_run_for_10_locations/boreal_needleleaved_evergreen_tree/patch_7/output/msoiltemp1.nc + .json
soiltemp2           cdf  Celsius     float  month   1 /projects/prjs2023/chapter3/lpjml_output/2026_04_08_run_for_10_locations/boreal_needleleaved_evergreen_tree/patch_7/output/msoiltemp2.nc + .json
soiltemp3           cdf  Celsius     float  month   1 /projects/prjs2023/chapter3/lpjml_output/2026_04_08_run_for_10_locations/boreal_needleleaved_evergreen_tree/patch_7/output/msoiltemp3.nc + .json
swc1                cdf  1           float  month   1 /projects/prjs2023/chapter3/lpjml_output/2026_04_08_run_for_10_locations/boreal_needleleaved_evergreen_tree/patch_7/output/mswc1.nc + .json
swc2                cdf  1           float  month   1 /projects/prjs2023/chapter3/lpjml_output/2026_04_08_run_for_10_locations/boreal_needleleaved_evergreen_tree/patch_7/output/mswc2.nc + .json
swc3                cdf  1           float  month   1 /projects/prjs2023/chapter3/lpjml_output/2026_04_08_run_for_10_locations/boreal_needleleaved_evergreen_tree/patch_7/output/mswc3.nc + .json
swc4                cdf  1           float  month   1 /projects/prjs2023/chapter3/lpjml_output/2026_04_08_run_for_10_locations/boreal_needleleaved_evergreen_tree/patch_7/output/mswc4.nc + .json
swc5                cdf  1           float  month   1 /projects/prjs2023/chapter3/lpjml_output/2026_04_08_run_for_10_locations/boreal_needleleaved_evergreen_tree/patch_7/output/mswc5.nc + .json
transp              cdf  mm/month    float  month   1 /projects/prjs2023/chapter3/lpjml_output/2026_04_08_run_for_10_locations/boreal_needleleaved_evergreen_tree/patch_7/output/mtransp.nc + .json
vegc                cdf  gC/m2       float  year    1 /projects/prjs2023/chapter3/lpjml_output/2026_04_08_run_for_10_locations/boreal_needleleaved_evergreen_tree/patch_7/output/vegc.nc + .json
vegn                cdf  gN/m2       float  year    1 /projects/prjs2023/chapter3/lpjml_output/2026_04_08_run_for_10_locations/boreal_needleleaved_evergreen_tree/patch_7/output/vegn.nc + .json
wateramount         cdf  hm3         float  month   1 /projects/prjs2023/chapter3/lpjml_output/2026_04_08_run_for_10_locations/boreal_needleleaved_evergreen_tree/patch_7/output/mwateramount.nc + .json
wscal               cdf  -           float  month   1 /projects/prjs2023/chapter3/lpjml_output/2026_04_08_run_for_10_locations/boreal_needleleaved_evergreen_tree/patch_7/output/wscal.nc + .json
------------------- ---- ----------- ------ ----- --- -------------------------
Spinup years:                   180
Cycle length during spinup:      30
First year:                    1901
Last year:                     2019
Number of grid cells:            63
==============================================================================
Memory allocated for output: 7,096 bytes/cell
Simulation begins...
Spinup using climate starting from year 1901

                 Carbon flux (ktC/yr)                    Water (dam3/yr)                Nitrogen (MgN/yr)
       --------------------------------------- ---------------------------------- --------------------------------
Spinup NEP     estab   harvest product NBP     transp     evap    interc  wd      nuptake ndemand  nlosses ninflux
------ ------- ------- ------- ------- ------- ---------- ------- ------- ------- ------- -------- ------- -------
  1721 -2395.841  35.765 695.672   0.000 -3055.748   346593.2 1074115.0 21949.6     0.0 52426.9    395.9  6819.5 51162.6
  1722 -1158.391  35.493 927.740   0.000 -2050.638   424201.7 934790.4 31609.0     0.0 71685.3    388.8 10350.3 94906.2
  1723 380.167  35.109 620.368   0.000 -205.091  1113211.5 266163.5 46540.6     0.0 119940.5    350.1 37076.0 230319.9
  1724 791.815  35.444 838.508   0.000 -11.249  1130610.3 287856.2 72065.6     0.0 111656.1    403.6 28964.5 153299.4
  1725 1544.746  35.454 818.394   0.000 761.805  1307385.1 305036.8 112818.8     0.0 102639.9    453.2 54925.6 123914.8
  1726 -317.797  35.454 584.863   0.000 -867.206   923589.0 261545.9 65583.6     0.0 63908.0    432.1 15320.1 104198.7
  1727 -336.900  35.455 742.996   0.000 -1044.441   880323.0 273587.1 56686.5     0.0 73910.9    408.3 14893.7 121581.0
  1728 -93.229  35.454 543.351   0.000 -601.127   928212.6 315022.1 62434.0     0.0 63903.5    529.0 32351.5 145164.8
  1729 788.335  35.453 816.629   0.000   7.159  1241895.3 343736.1 109798.8     0.0 91987.0    504.6 85309.3 119709.9
  1730 1698.598  35.454 1039.664   0.000 694.387  1374955.7 337406.8 166843.0     0.0 123251.7    515.7 90725.4 148726.0
  1731 805.143  35.454 828.327   0.000  12.270  1215213.7 282553.1 105490.9     0.0 83219.4    439.7 47648.9 123130.7
  1732 186.235  35.454 798.873   0.000 -577.184  1090202.4 293334.6 92972.9     0.0 84999.4    460.1 41903.4 130844.1
  1733 1237.131  35.445 1069.050   0.000 203.525  1320848.9 247971.8 86950.5     0.0 108082.2    435.6 38219.2 159630.2
  1734 1432.872  35.454 907.175   0.000 561.150  1296001.2 287083.3 122132.5     0.0 102908.7    380.4 29058.7 145658.1
  1735 2343.411  35.454 1211.693   0.000 1167.172  1536836.1 321510.2 202269.2     0.0 138107.2    496.6 144559.9 162423.6
  1736 864.010  35.454 978.317   0.000 -78.854  1379840.1 316883.6 191190.7     0.0 90316.6    458.2 51351.6 160863.2
  1737 -132.977  35.454 857.706   0.000 -955.230  1027071.6 255089.1 77157.2     0.0 76478.2    343.9 18044.8 172014.9
  1738 -472.778  35.454 525.542   0.000 -962.865   977231.3 274258.0 72095.9     0.0 50841.8    400.1 23573.5 177215.4
  1739 -299.213  35.454 548.522   0.000 -812.281   996470.9 313880.6 77308.5     0.0 73034.1    357.9 29682.3 149345.2
  1740 1727.629  35.454 1064.666   0.000 698.417  1471280.0 351241.4 172386.0     0.0 129649.6    449.7 76360.3 182568.1
  1741 1733.500  35.454 909.550   0.000 859.404  1402940.3 297277.6 135221.9     0.0 105064.3    377.0 37038.8 178945.5
  1742 576.717  35.454 962.856   0.000 -350.685  1178358.7 295056.6 125328.1     0.0 82504.8    396.0 36867.3 144298.9
  1743 1112.315  35.454 916.487   0.000 231.281  1270814.0 289978.8 124704.2     0.0 98878.6    388.9 28883.3 203603.2
  1744 511.958  35.454 1082.877   0.000 -535.466  1210152.9 239962.3 88521.2     0.0 93724.4    456.4 29371.8 186694.2
  1745 -354.791  35.454 618.660   0.000 -937.998  1002995.4 282750.1 83912.1     0.0 72444.5    333.5 30954.9 149763.9

                 Carbon flux (ktC/yr)                    Water (dam3/yr)                Nitrogen (MgN/yr)
       --------------------------------------- ---------------------------------- --------------------------------
Spinup NEP     estab   harvest product NBP     transp     evap    interc  wd      nuptake ndemand  nlosses ninflux
------ ------- ------- ------- ------- ------- ---------- ------- ------- ------- ------- -------- ------- -------
  1746 810.554  35.454 1076.695   0.000 -230.688  1242058.8 278902.0 104465.4     0.0 101657.0    389.9 63639.1 148215.1
  1747 -40.241  35.454 867.680   0.000 -872.468  1052657.5 236859.6 74035.8     0.0 82592.8    391.4 28036.9 218245.2
  1748 314.242  35.454 917.760   0.000 -568.064  1088795.4 238159.7 74203.3     0.0 96318.9    475.1 28446.5 214696.1
  1749 -77.506  35.454 815.169   0.000 -857.220   958274.6 259420.6 60282.3     0.0 82795.1    360.9 19088.8 169255.7
  1750 1212.539  35.453 806.893   0.000 441.099  1328281.6 324128.1 142303.2     0.0 101655.8    504.4 140712.5 147504.8
  1751 1162.690  35.454 1074.862   0.000 123.282  1298639.2 246437.3 89631.3     0.0 104431.9    471.1 55959.9 176355.1
  1752 -316.151  35.454 815.873   0.000 -1096.570   908959.1 251804.1 63731.3     0.0 75414.5    329.4 19379.2 159571.6
  1753 2513.734  35.453 1208.381   0.000 1340.806  1547661.6 320925.9 168454.3     0.0 139994.3    570.3 551761.6 171989.2
  1754 808.343  35.454 1077.600   0.000 -233.804  1190995.3 251668.8 111127.9     0.0 89351.2    446.1 39241.9 157231.3
  1755 -191.819  35.454 681.883   0.000 -838.249  1040247.6 252661.1 74054.2     0.0 57339.7    357.6 31495.1 178735.6
  1756 -78.282  35.454 692.434   0.000 -735.261  1031356.9 267752.0 69518.0     0.0 69958.9    414.4 31563.6 178162.1
  1757 1074.790  35.454 891.049   0.000 219.195  1312539.2 341027.3 130769.0     0.0 104138.3    479.2 541464.9 182150.5
  1758 932.615  35.454 860.021   0.000 108.047  1269269.6 282768.8 103034.6     0.0 93336.9    359.8 55079.5 170979.5
  1759 1287.393  35.454 895.384   0.000 427.463  1357960.5 338130.8 148008.3     0.0 104269.3    458.6 295090.1 153787.3
  1760  77.682  35.454 598.396   0.000 -485.261  1049718.5 261101.8 74898.8     0.0 67668.4    364.1 38736.5 155734.1
  1761 425.001  35.438 819.635   0.000 -359.196  1122064.0 291931.3 96052.1     0.0 82434.2    433.4 29896.9 198283.6
  1762 -354.882  35.454 578.416   0.000 -897.844   969871.9 274635.2 60864.6     0.0 71274.8    448.6 32361.8 116435.6
  1763 1261.134  35.454 1190.575   0.000 106.013  1318680.5 288291.3 114139.4     0.0 119043.6    408.9 56495.8 133877.5
  1764 1647.852  35.454 1027.180   0.000 656.126  1446201.3 305931.0 155892.5     0.0 113141.1    430.6 73749.5 140403.9
  1765 140.090  35.452 841.314   0.000 -665.772  1150130.6 232445.8 79487.6     0.0 77893.9    356.3 31352.9 142388.7
  1766 522.946  35.454 963.291   0.000 -404.891  1189505.1 258998.7 93215.7     0.0 93239.6    402.3 55892.4 169881.7
  1767 270.992  35.454 790.701   0.000 -484.255  1057844.4 293482.5 80823.1     0.0 79874.5    351.4 27722.3 149997.4
  1768 1278.611  35.454 1005.100   0.000 308.965  1248137.1 304774.8 122045.7     0.0 105512.7    381.6 36870.3 151010.8
  1769 1674.209  35.454 1091.749   0.000 617.914  1423039.1 326144.4 179179.7     0.0 119187.3    547.3 88921.6 154098.2
  1770 736.510  35.454 939.861   0.000 -167.897  1158630.1 281561.9 102571.3     0.0 97042.1    439.9 38740.0 145726.3

                 Carbon flux (ktC/yr)                    Water (dam3/yr)                Nitrogen (MgN/yr)
       --------------------------------------- ---------------------------------- --------------------------------
Spinup NEP     estab   harvest product NBP     transp     evap    interc  wd      nuptake ndemand  nlosses ninflux
------ ------- ------- ------- ------- ------- ---------- ------- ------- ------- ------- -------- ------- -------
  1771 -1274.753  35.455 618.094   0.000 -1857.392   760202.4 260923.7 48607.6     0.0 48737.8    406.4 24012.9 121263.7
  1772   7.879  35.452 630.694   0.000 -587.362  1023229.9 299439.3 72890.3     0.0 73248.9    391.6 90793.2 139360.2
  1773 1044.024  35.454 927.771   0.000 151.707  1253228.5 272138.3 89595.2     0.0 107527.2    470.8 92432.1 130453.9
  1774 1693.527  35.454 1026.768   0.000 702.212  1337353.8 307213.9 130118.2     0.0 115187.9    388.0 40773.4 126535.8
  1775 876.175  35.454 1078.113   0.000 -166.484  1196922.3 267922.5 109763.5     0.0 91286.2    416.9 46992.4 113383.0
  1776 601.995  35.454 997.754   0.000 -360.305  1196965.7 288208.7 104584.4     0.0 93276.0    390.4 183625.5 157483.7
  1777 1317.608  35.454 1071.548   0.000 281.514  1398615.3 271293.3 137313.5     0.0 116263.6    387.4 217060.5 153143.4
  1778 -168.241  35.454 691.075   0.000 -823.862  1106207.1 251934.1 72694.2     0.0 77293.7    315.2 37701.3 138673.6
  1779 624.299  35.445 1051.681   0.000 -391.937  1271182.4 284439.1 126465.6     0.0 98901.5    340.7 139146.9 141276.7
  1780 -116.315  35.454 683.111   0.000 -763.972  1099983.1 256007.0 69506.7     0.0 80451.7    305.6 38560.3 145748.8
  1781 1197.891  35.454 951.354   0.000 281.991  1371857.2 332577.1 161601.4     0.0 104982.9    333.1 102153.5 161222.6
  1782 -150.429  35.454 651.812   0.000 -766.787  1030288.1 262505.2 70857.2     0.0 72510.1    356.8 31066.1 109957.6
  1783 -373.038  35.454 824.630   0.000 -1162.214  1042385.3 254619.6 67803.8     0.0 72006.2    304.6 35626.9 127361.7
  1784 372.482  35.454 801.513   0.000 -393.577  1101126.9 292539.7 81475.9     0.0 92005.4    365.7 78041.4 139563.7
  1785 2377.472  35.442 1059.443   0.000 1353.472  1494928.6 336867.8 175726.7     0.0 134256.0    443.0 106168.7 139884.5
  1786 1354.980  35.454 953.028   0.000 437.406  1267840.0 295055.9 128828.6     0.0 93352.7    389.0 51366.8 123025.1
  1787 232.955  35.454 848.952   0.000 -580.543  1085324.3 279249.2 99209.2     0.0 75268.1    377.5 25035.7 165120.0
  1788 -26.908  35.454 794.506   0.000 -785.960   944323.8 264670.6 63468.0     0.0 79995.7    379.2 18242.6 154369.0
  1789 719.230  35.454 726.919   0.000  27.764  1082560.7 305146.1 79683.7     0.0 84512.1    456.2 39006.5 160183.7
  1790 116.960  35.454 597.296   0.000 -444.882  1033156.0 303573.3 79316.0     0.0 78458.8    444.3 41413.6 107438.8
  1791 743.217  35.454 943.647   0.000 -164.976  1224200.8 277282.1 91245.9     0.0 98417.1    477.2 68342.9 136739.2
  1792 2056.507  35.454 1079.126   0.000 1012.834  1442362.7 332010.0 177029.8     0.0 127450.9    424.0 106631.5 152859.9
  1793 1537.613  35.454 932.920   0.000 640.147  1407521.0 326092.2 159451.5     0.0 103463.4    415.3 575594.3 149821.5
  1794 2585.919  35.454 1217.927   0.000 1403.445  1584897.8 324033.4 215777.9     0.0 139407.9    471.4 266662.5 154379.3
  1795 1313.503  35.454 1095.693   0.000 253.263  1391493.3 320821.6 203162.2     0.0 100069.3    490.1 63723.1 158877.3

                 Carbon flux (ktC/yr)                    Water (dam3/yr)                Nitrogen (MgN/yr)
       --------------------------------------- ---------------------------------- --------------------------------
Spinup NEP     estab   harvest product NBP     transp     evap    interc  wd      nuptake ndemand  nlosses ninflux
------ ------- ------- ------- ------- ------- ---------- ------- ------- ------- ------- -------- ------- -------
  1796 257.446  35.454 883.161   0.000 -590.261  1240824.1 235875.4 87431.3     0.0 79752.2    409.1 37647.5 159252.0
  1797 220.810  35.454 994.955   0.000 -738.691  1197777.3 262871.8 96606.2     0.0 98740.1    428.1 31708.4 197069.3
  1798 1068.756  35.450 991.196   0.000 113.010  1439476.5 326332.4 171022.9     0.0 101324.6    393.1 78179.0 168214.4
  1799 1424.680  35.454 1046.288   0.000 413.846  1354992.9 300857.8 144729.2     0.0 108600.6    372.1 34472.3 172885.8
  1800 697.562  35.454 1081.523   0.000 -348.507  1203938.1 265836.4 115932.7     0.0 87165.5    395.8 34161.8 126271.4
  1801 -971.458  35.454 597.826   0.000 -1533.830   906067.7 250532.6 58503.5     0.0 54902.5    322.4 33983.5 107790.9
  1802 -269.245  35.454 553.101   0.000 -786.893   987642.9 305128.6 73233.7     0.0 70103.9    289.8 48220.9 97995.8
  1803 300.737  35.454 846.573   0.000 -510.382  1156462.3 303869.1 84535.4     0.0 96565.5    379.5 79766.8 119368.4
  1804 333.357  35.445 837.791   0.000 -468.989  1040787.0 264841.6 63173.5     0.0 91456.0    300.0 40305.1 130349.8
  1805 985.283  35.454 953.253   0.000  67.484  1134656.9 269157.0 93159.6     0.0 91330.1    414.4 49167.2 123217.8
  1806 -234.906  35.454 664.226   0.000 -863.678   879809.3 259325.4 55262.3     0.0 65794.3    314.2 22834.2 125420.6
  1807 839.147  35.453 832.039   0.000  42.561  1213215.6 286378.5 106348.5     0.0 94843.3    473.4 182378.4 140669.2
  1808 2638.016  35.454 1221.515   0.000 1451.955  1612304.4 332564.9 185869.0     0.0 149011.8    423.0 419644.9 150039.8
  1809 829.240  35.454 1005.057   0.000 -140.364  1343158.8 313314.4 150966.9     0.0 82061.9    355.1 56693.3 136937.8
  1810 506.002  35.454 865.570   0.000 -324.114  1159352.5 276468.1 105010.2     0.0 81583.6    349.9 38505.8 178841.8
  1811 588.614  35.454 896.104   0.000 -272.036  1086419.7 285796.3 91181.0     0.0 95454.8    390.8 29902.3 165608.0
  1812 1642.398  35.454 1030.551   0.000 647.300  1385912.8 328437.7 172560.4     0.0 114018.5    520.7 67756.0 171430.5
  1813 620.970  35.454 716.241   0.000 -59.818  1168320.6 262968.0 91918.6     0.0 74665.5    441.0 36648.5 171214.9
  1814 1459.210  35.454 894.817   0.000 599.846  1290351.0 299705.1 124647.5     0.0 98962.9    476.6 32672.0 179407.2
  1815 237.711  35.454 904.529   0.000 -631.364  1061303.9 243106.5 84666.8     0.0 87373.7    547.7 26703.9 192020.1
  1816 -209.570  35.454 575.516   0.000 -749.632   930608.9 258733.3 63881.2     0.0 60730.8    502.4 24977.8 139861.9
  1817 -64.997  35.454 752.912   0.000 -782.456  1000201.2 300514.4 76328.8     0.0 81141.7    528.4 70629.2 135234.0
  1818 1361.205  35.445 1030.223   0.000 366.427  1321036.0 300722.0 106764.4     0.0 120631.1    454.2 211224.9 145309.1
  1819 1625.692  35.454 993.146   0.000 668.000  1447306.5 324146.7 152734.7     0.0 106051.1    391.5 52667.6 135103.4
  1820 -1033.388  35.455 689.824   0.000 -1687.757   798635.2 259844.3 51963.7     0.0 60198.8    356.1 25429.1 150942.4

                 Carbon flux (ktC/yr)                    Water (dam3/yr)                Nitrogen (MgN/yr)
       --------------------------------------- ---------------------------------- --------------------------------
Spinup NEP     estab   harvest product NBP     transp     evap    interc  wd      nuptake ndemand  nlosses ninflux
------ ------- ------- ------- ------- ------- ---------- ------- ------- ------- ------- -------- ------- -------
  1821 -206.024  35.441 450.681   0.000 -621.263   881179.2 270189.2 53317.7     0.0 53553.4    307.7 33534.1 133350.6
  1822 1043.983  35.453 868.815   0.000 210.621  1259582.2 344752.6 112435.3     0.0 97481.7    460.3 62312.6 127689.5
  1823 1298.364  35.454 915.631   0.000 418.188  1318934.1 342871.4 138330.1     0.0 107132.8    451.3 550622.2 159377.5
  1824 -124.778  35.454 697.821   0.000 -787.145   938925.5 264688.7 54376.8     0.0 73886.5    365.2 43280.5 135176.1
  1825 1893.806  35.453 921.972   0.000 1007.287  1432606.5 320785.7 147474.3     0.0 110643.5    446.4 72168.2 140481.5
  1826 2002.626  35.454 1204.097   0.000 833.982  1420248.9 265795.7 139025.3     0.0 123177.3    438.9 51126.6 140503.0
  1827 809.135  35.454 1073.810   0.000 -229.222  1244380.9 288595.9 117895.5     0.0 96384.1    407.5 127529.3 177123.6
  1828 2642.659  35.454 1216.950   0.000 1461.163  1593645.8 318088.2 206193.2     0.0 142051.3    446.2 329485.8 173155.1
  1829 1178.672  35.454 1044.118   0.000 170.008  1294544.6 294049.4 149805.8     0.0 93199.6    397.7 43585.0 162375.9
  1830 -295.264  35.454 632.685   0.000 -892.495  1039791.5 283706.4 93942.0     0.0 61868.8    392.2 40089.9 118287.6
  1831 946.404  35.454 950.315   0.000  31.543  1265130.4 308377.3 101069.7     0.0 102368.6    379.3 37341.0 162525.2
  1832 1336.326  35.454 1240.485   0.000 131.294  1381426.8 269853.7 132225.1     0.0 120550.3    401.2 48222.3 165581.4
  1833 1505.564  35.454 1032.750   0.000 508.267  1437554.8 300581.0 165948.5     0.0 107176.5    434.3 57013.2 142017.9
  1834 225.034  35.454 806.254   0.000 -545.766  1124643.5 279528.1 103752.1     0.0 80140.5    368.5 51385.8 149544.0
  1835 436.728  35.454 815.618   0.000 -343.437  1168175.1 287159.4 98324.6     0.0 89053.0    395.1 55439.0 160328.5
  1836 162.301  35.445 610.243   0.000 -412.496  1087249.0 299077.5 87164.9     0.0 77007.7    352.9 37971.4 133574.3
  1837 434.379  35.454 949.826   0.000 -479.993  1134988.7 248753.9 80811.3     0.0 99706.7    417.7 29624.0 186395.6
  1838 623.240  35.454 851.055   0.000 -192.361  1170851.0 282298.4 95386.7     0.0 84575.1    431.5 29865.8 176681.4
  1839 318.102  35.454 792.602   0.000 -439.046  1090328.3 291326.6 88005.8     0.0 88506.6    420.6 54046.3 150475.2
  1840 918.308  35.445 907.991   0.000  45.762  1150124.4 288850.0 87291.3     0.0 103530.2    394.9 46463.9 145255.3
  1841 802.971  35.454 894.850   0.000 -56.425  1156781.0 300285.1 104939.8     0.0 83718.4    441.0 37582.4 112935.5
  1842 -177.970  35.454 745.470   0.000 -887.986   945445.4 296256.2 70954.4     0.0 68968.8    411.5 25691.7 152770.9
  1843 1597.546  35.442 848.036   0.000 784.952  1263623.7 298353.0 109613.9     0.0 102288.7    434.8 46018.5 152682.3
  1844 1844.645  35.454 993.268   0.000 886.831  1419106.4 312544.3 159710.3     0.0 113660.1    549.9 77188.5 121348.4
  1845 359.375  35.454 733.002   0.000 -338.173  1048015.1 294710.3 91289.8     0.0 67850.7    496.9 23326.1 118414.2

                 Carbon flux (ktC/yr)                    Water (dam3/yr)                Nitrogen (MgN/yr)
       --------------------------------------- ---------------------------------- --------------------------------
Spinup NEP     estab   harvest product NBP     transp     evap    interc  wd      nuptake ndemand  nlosses ninflux
------ ------- ------- ------- ------- ------- ---------- ------- ------- ------- ------- -------- ------- -------
  1846 -817.381  35.454 547.814   0.000 -1329.741   844763.3 266651.2 54537.1     0.0 57385.6    437.1 28149.0 100707.9
  1847 1568.218  35.453 850.375   0.000 753.296  1273250.5 316061.4 107141.1     0.0 99661.1    414.2 52474.1 127802.0
  1848 1846.949  35.454 994.097   0.000 888.306  1420038.9 317165.0 157954.0     0.0 114193.1    520.1 82192.3 120588.2
  1849 2113.697  35.454 1061.335   0.000 1087.815  1439891.8 324903.0 195099.0     0.0 118228.5    527.0 91210.5 129579.4
  1850 1708.932  35.454 953.908   0.000 790.478  1462799.2 321648.5 201218.7     0.0 103849.1    515.1 135339.5 138811.1
  1851 1796.144  35.454 1200.237   0.000 631.361  1509838.8 312293.0 197663.4     0.0 122099.7    560.6 47521.4 187420.7
  1852 557.097  35.454 980.917   0.000 -388.367  1179717.8 282028.1 130205.5     0.0 74945.9    390.5 34321.9 132290.9
  1853 -48.502  35.454 938.755   0.000 -951.803  1014563.1 279549.7 89815.6     0.0 87282.9    338.2 21019.9 188955.6
  1854 636.098  35.454 887.347   0.000 -215.796  1142279.8 298646.5 89891.5     0.0 90415.9    372.1 29359.0 177059.1
  1855 1005.381  35.454 1003.872   0.000  36.963  1344616.5 318791.6 136407.2     0.0 99262.7    433.7 37712.6 149093.8
  1856 1508.305  35.454 1204.603   0.000 339.156  1438374.7 305619.9 165662.3     0.0 127377.8    483.3 46048.0 185753.1
  1857 -619.813  35.454 664.539   0.000 -1248.898   952038.6 244825.2 66638.9     0.0 60903.2    370.5 28333.6 111972.0
  1858 -512.627  35.454 594.343   0.000 -1071.516   881109.0 259804.4 56499.6     0.0 61873.8    266.6 28461.8 118067.9
  1859 1165.090  35.453 864.161   0.000 336.382  1290199.5 347023.1 125869.7     0.0 102636.8    419.1 802777.9 147610.9
  1860 1449.703  35.454 1054.267   0.000 430.890  1359454.1 296398.0 118484.1     0.0 121053.8    428.1 182733.7 147927.1
  1861 1911.645  35.454 961.114   0.000 985.984  1508018.5 319632.7 194254.2     0.0 112639.7    431.3 133644.2 143103.8
  1862 1185.566  35.454 1066.010   0.000 155.010  1371009.8 276927.6 151854.5     0.0 103285.8    438.3 152303.1 141721.4
  1863  49.024  35.454 628.523   0.000 -544.045  1120678.4 288416.8 100069.1     0.0 69434.9    289.7 41761.3 114176.2
  1864 567.183  35.454 1010.048   0.000 -407.411  1253530.5 275899.5 99080.1     0.0 103795.1    417.6 29435.6 162870.6
  1865 -458.371  35.454 644.554   0.000 -1067.471   969852.8 256113.6 65935.3     0.0 55798.5    295.5 30223.3 119933.3
  1866 227.725  35.454 948.671   0.000 -685.492  1099480.0 270304.8 81678.9     0.0 99456.0    394.8 35941.7 146517.6
  1867 1117.579  35.445 1048.664   0.000 104.360  1318765.5 274661.8 123816.4     0.0 103852.6    439.1 151352.9 132432.9
  1868 893.893  35.442 975.089   0.000 -45.754  1199101.0 278151.7 94598.3     0.0 105677.1    330.4 38627.3 130810.7
  1869 1440.530  35.454 1224.970   0.000 251.013  1344157.8 264748.8 126744.6     0.0 114148.1    381.7 49518.5 137145.7
  1870 1249.508  35.454 959.842   0.000 325.120  1345161.5 312543.0 147740.0     0.0 99847.7    410.8 445747.2 147060.6

                 Carbon flux (ktC/yr)                    Water (dam3/yr)                Nitrogen (MgN/yr)
       --------------------------------------- ---------------------------------- --------------------------------
Spinup NEP     estab   harvest product NBP     transp     evap    interc  wd      nuptake ndemand  nlosses ninflux
------ ------- ------- ------- ------- ------- ---------- ------- ------- ------- ------- -------- ------- -------
  1871 -200.731  35.454 719.349   0.000 -884.626   941689.4 252236.6 57484.9     0.0 73154.6    341.0 46156.0 151408.0
  1872 1262.471  35.454 836.159   0.000 461.765  1329679.3 334979.5 137693.2     0.0 97016.8    434.5 331607.5 155867.1
  1873 1066.100  35.454 955.207   0.000 146.346  1278466.5 259724.3 106219.9     0.0 102904.4    461.2 68958.2 176616.7
  1874 788.304  35.454 965.039   0.000 -141.282  1220112.0 255540.5 102663.3     0.0 94865.0    423.6 52717.2 176394.6
  1875 1238.250  35.454 967.761   0.000 305.942  1256499.7 287042.3 120649.4     0.0 97686.7    384.4 44946.2 133803.2
  1876 -133.196  35.454 739.080   0.000 -836.822  1010991.0 257857.3 77346.5     0.0 65041.1    334.2 33808.3 144904.3
  1877 293.710  35.454 972.843   0.000 -643.679  1118474.1 262623.4 83899.6     0.0 98807.1    504.9 31947.6 177797.2
  1878 1926.297  35.454 1199.838   0.000 761.912  1492955.6 308217.8 155981.7     0.0 126428.3    583.0 51660.8 166760.1
  1879 437.087  35.454 943.881   0.000 -471.340  1081274.8 231833.7 84882.4     0.0 88754.0    408.9 33001.4 169207.6
  1880 642.106  35.454 938.883   0.000 -261.323  1079705.1 277603.5 88442.8     0.0 94743.0    421.0 27123.6 146887.1
  1881 -155.001  35.454 792.909   0.000 -912.456   910857.9 255564.1 60926.3     0.0 72820.5    363.9 24377.3 131736.6
  1882 879.658  35.453 730.489   0.000 184.622  1079869.2 297182.9 78909.9     0.0 87254.3    444.9 52202.3 153678.1
  1883 767.638  35.454 940.512   0.000 -137.421  1158724.7 260404.8 88237.6     0.0 96302.4    530.1 84820.0 122755.2
  1884 2276.080  35.454 1092.627   0.000 1218.906  1438858.0 323768.6 177052.3     0.0 130583.9    498.6 103510.9 129106.3
  1885 1444.189  35.454 1063.565   0.000 416.078  1259317.9 258410.5 119715.6     0.0 98317.1    445.0 101462.7 121352.6
  1886 -66.283  35.454 556.314   0.000 -587.143   984617.2 283845.5 86044.8     0.0 60052.3    337.8 30682.2 115881.8
  1887 -148.668  35.454 653.060   0.000 -766.274  1012526.2 266214.2 62867.4     0.0 74348.2    390.0 32008.8 109108.4
  1888 -979.326  35.459 638.021   0.000 -1581.888   754281.9 271125.3 41962.8     0.0 59365.3    328.2 28786.0 132939.9
  1889 2965.472  35.449 1221.596   0.000 1779.325  1579099.2 332210.6 157024.0     0.0 149068.3    438.1 490996.0 163018.8
  1890 1122.091  35.454 1080.857   0.000  76.688  1300873.2 265235.4 134092.1     0.0 100404.6    400.5 140873.8 129343.5
  1891 1073.085  35.454 1004.228   0.000 104.311  1307005.1 250093.2 107722.1     0.0 101634.9    371.3 55388.2 156948.8
  1892 1805.732  35.454 1052.651   0.000 788.535  1349115.2 294992.5 143163.5     0.0 112950.8    344.9 34797.9 136246.3
  1893 1463.081  35.454 997.925   0.000 500.609  1416983.8 319947.3 189150.7     0.0 100541.3    459.1 70027.9 140584.0
  1894 1092.024  35.454 1000.044   0.000 127.433  1241109.3 282350.8 132706.8     0.0 89577.4    426.7 36111.2 136054.7
  1895 -24.201  35.454 1023.363   0.000 -1012.110  1086855.9 256334.6 93594.2     0.0 92009.5    385.2 26770.0 167560.7

                 Carbon flux (ktC/yr)                    Water (dam3/yr)                Nitrogen (MgN/yr)
       --------------------------------------- ---------------------------------- --------------------------------
Spinup NEP     estab   harvest product NBP     transp     evap    interc  wd      nuptake ndemand  nlosses ninflux
------ ------- ------- ------- ------- ------- ---------- ------- ------- ------- ------- -------- ------- -------
  1896 334.123  35.454 1036.874   0.000 -667.297  1176370.0 255321.1 89269.0     0.0 94615.4    459.7 31789.3 177387.8
  1897 1057.063  35.454 1083.368   0.000   9.148  1283554.6 287002.5 109820.3     0.0 105569.8    445.4 165111.1 150095.2
  1898 1546.562  35.454 1074.471   0.000 507.545  1290676.9 253892.5 114693.9     0.0 106183.2    366.9 84354.6 132860.9
  1899 841.768  35.454 1019.842   0.000 -142.620  1204849.5 284490.9 111199.7     0.0 94596.0    391.3 120535.9 170139.7
  1900 374.329  35.445 607.781   0.000 -198.006  1047005.2 243333.4 72511.6     0.0 70975.1    409.5 35314.5 138179.9

                 Carbon flux (ktC/yr)                    Water (dam3/yr)                Nitrogen (MgN/yr)
       --------------------------------------- ---------------------------------- --------------------------------
Year   NEP     estab   harvest product NBP     transp     evap    interc  wd      nuptake ndemand  nlosses ninflux
------ ------- ------- ------- ------- ------- ---------- ------- ------- ------- ------- -------- ------- -------
  1901 1258.384  35.454 905.737   0.000 388.102  1290801.1 337974.1 140324.2     0.0 103998.1    561.6 439539.2 171123.8
  1902 2806.586  35.454 1236.067   0.000 1605.973  1583810.4 324035.7 206504.4     0.0 147324.3    594.1 336721.2 153699.6
  1903 1545.450  35.454 945.414   0.000 635.489  1324226.8 279392.3 141255.7     0.0 89827.3    500.6 51345.5 157665.9
  1904 349.691  35.454 935.706   0.000 -550.561  1079326.1 237116.7 92837.8     0.0 86664.8    562.9 37993.9 175262.0
  1905 1027.112  35.454 1109.819   0.000 -47.253  1263683.9 238301.4 90112.8     0.0 98401.3    544.0 37678.7 180159.9
  1906 228.301  35.454 1017.462   0.000 -753.707  1120152.0 250562.3 91037.5     0.0 99140.7    512.9 33794.2 191326.1
  1907 888.410  35.454 979.748   0.000 -55.884  1207472.5 293964.4 93409.6     0.0 95908.1    375.0 39982.9 152843.0
  1908 1595.317  35.454 1268.946   0.000 361.825  1371052.0 261003.8 129775.8     0.0 125981.8    416.3 56037.0 153995.3
  1909 1058.427  35.454 1094.356   0.000  -0.475  1186206.6 247880.4 112282.7     0.0 93809.3    344.4 40982.3 126293.1
  1910 364.987  35.454 940.433   0.000 -539.992  1119073.0 245765.0 91203.4     0.0 80271.3    367.1 49995.8 175773.5
  1911 2034.930  35.454 1051.397   0.000 1018.987  1473897.2 301420.4 161331.6     0.0 124453.4    464.4 72545.4 139934.6
  1912 1798.196  35.454 972.489   0.000 861.160  1428928.8 313607.6 195602.1     0.0 107834.4    495.4 87673.0 143733.5
  1913 396.387  35.454 745.065   0.000 -313.224  1116690.4 258879.1 96095.1     0.0 67333.4    486.4 29098.2 156514.0
  1914 725.498  35.454 1063.723   0.000 -302.771  1247569.0 279549.1 134060.3     0.0 99354.6    538.4 145699.9 151527.4
  1915 2261.281  35.454 1235.672   0.000 1061.063  1575943.1 309083.9 188647.3     0.0 138684.7    574.5 61270.3 189757.9
  1916 1850.092  35.454 1119.353   0.000 766.192  1406567.0 318436.0 205342.7     0.0 113217.7    509.1 66617.5 153003.5
  1917 814.231  35.454 958.085   0.000 -108.400  1146466.7 278240.3 111628.0     0.0 93697.4    461.0 37571.8 146986.3
  1918 -880.909  35.454 618.023   0.000 -1463.477   899592.7 255600.2 65331.0     0.0 53864.2    471.8 26372.0 101481.8
  1919 492.888  35.454 871.597   0.000 -343.255  1109823.1 285291.2 91388.3     0.0 82357.7    436.7 28905.8 130257.9
  1920 116.377  35.454 826.887   0.000 -675.055   942967.5 262363.2 61696.7     0.0 86677.8    384.9 21095.4 129521.3
  1921 129.259  35.454 611.685   0.000 -446.972   927539.8 299224.8 66985.0     0.0 65767.3    546.6 26785.7 123917.9
  1922 -333.633  35.454 464.519   0.000 -762.698   814243.0 271184.5 50996.1     0.0 61440.8    444.4 27354.6 126998.8
  1923 1233.115  35.453 892.718   0.000 375.851  1245248.7 338403.0 111647.5     0.0 98015.7    601.6 69883.0 111484.0
  1924 220.455  35.454 600.136   0.000 -344.227   988244.4 302697.0 81509.0     0.0 78882.6    426.2 49334.6 101683.5
  1925 622.701  35.454 861.404   0.000 -203.249  1135036.1 299451.6 89125.3     0.0 94563.1    415.3 92202.5 112871.3

                 Carbon flux (ktC/yr)                    Water (dam3/yr)                Nitrogen (MgN/yr)
       --------------------------------------- ---------------------------------- --------------------------------
Year   NEP     estab   harvest product NBP     transp     evap    interc  wd      nuptake ndemand  nlosses ninflux
------ ------- ------- ------- ------- ------- ---------- ------- ------- ------- ------- -------- ------- -------
  1926 1605.017  35.445 1088.893   0.000 551.569  1321327.5 294316.9 114010.1     0.0 121325.8    374.7 219309.9 151553.0
  1927 2073.338  35.454 1075.807   0.000 1032.985  1387348.4 298176.4 143530.7     0.0 117887.6    324.9 53382.7 134926.6
  1928 1123.924  35.454 1022.002   0.000 137.376  1202556.0 288880.9 126113.4     0.0 85379.0    400.2 35565.0 115542.5
  1929 -1127.444  35.455 736.405   0.000 -1828.393   754046.2 249760.4 48685.2     0.0 60913.8    322.5 22726.0 168974.4
  1930 183.163  35.453 751.648   0.000 -533.033  1052657.5 235522.7 62008.9     0.0 75044.8    367.4 39694.1 153839.8
  1931 822.523  35.453 877.063   0.000 -19.087  1221603.2 228350.6 91263.7     0.0 101323.0    411.3 97697.5 135790.4
  1932 1343.277  35.454 1023.112   0.000 355.619  1295493.0 278000.5 117252.3     0.0 107032.1    382.4 52021.1 124735.1
  1933 922.501  35.442 847.950   0.000 109.994  1106643.9 235654.4 73718.3     0.0 89104.0    356.9 39095.8 108091.3
  1934  88.389  35.454 1005.261   0.000 -881.418  1045761.1 219176.4 73302.2     0.0 83930.8    392.6 36775.7 130361.5
  1935 2231.760  35.454 1138.297   0.000 1128.917  1382419.3 295569.8 139644.7     0.0 129135.0    471.7 215344.4 125134.6
  1936 561.142  35.454 940.757   0.000 -344.161  1168064.2 297847.7 107184.1     0.0 79767.4    460.8 31504.5 95778.5
  1937 580.369  35.454 858.767   0.000 -242.945  1161490.7 306219.2 112155.8     0.0 86811.4    440.0 102508.1 108222.4
  1938 1330.572  35.454 893.338   0.000 472.688  1333236.6 342888.3 133823.4     0.0 103357.8    439.9 56226.6 105390.8
  1939 280.230  35.454 1142.714   0.000 -827.030  1145879.8 294603.5 119556.0     0.0 98530.1    399.2 40366.5 163840.2
  1940 570.257  35.454 839.284   0.000 -233.574  1077722.0 300224.3 95811.9     0.0 91933.3    327.6 41782.0 111951.2
  1941 177.576  35.454 817.178   0.000 -604.148  1104151.2 293665.1 92829.9     0.0 74388.5    331.5 39756.6 108078.1
  1942 1446.079  35.454 1087.281   0.000 394.252  1326835.3 278086.8 131437.0     0.0 114393.6    452.1 87344.8 140523.7
  1943 785.515  35.454 1017.695   0.000 -196.726  1223992.4 272866.1 108818.5     0.0 94701.3    368.1 33430.4 113783.1
  1944 1642.974  35.454 1103.161   0.000 575.267  1435413.4 273584.9 140232.7     0.0 116171.8    385.1 208547.2 128695.0
  1945 445.734  35.454 873.750   0.000 -392.563  1056616.0 270093.5 95661.1     0.0 88023.5    358.7 28612.7 148194.8
  1946 926.483  35.454 968.037   0.000  -6.100  1280262.2 310947.3 119632.4     0.0 92792.1    432.0 33149.7 129696.3
  1947 835.904  35.454 906.739   0.000 -35.381  1168419.9 321702.3 117414.7     0.0 86901.9    434.2 30815.2 146851.1
  1948 220.437  35.454 669.772   0.000 -413.881   990725.2 324613.3 94295.8     0.0 79032.1    362.5 25812.7 112719.6
  1949 -594.001  35.454 565.891   0.000 -1124.439   826832.7 285209.3 56970.9     0.0 54946.5    364.9 52957.8 86030.8
  1950 -131.314  35.454 627.686   0.000 -723.546   812552.1 325523.1 56196.5     0.0 74044.9    441.3 27164.3 112418.6

                 Carbon flux (ktC/yr)                    Water (dam3/yr)                Nitrogen (MgN/yr)
       --------------------------------------- ---------------------------------- --------------------------------
Year   NEP     estab   harvest product NBP     transp     evap    interc  wd      nuptake ndemand  nlosses ninflux
------ ------- ------- ------- ------- ------- ---------- ------- ------- ------- ------- -------- ------- -------
  1951 1919.697  35.453 996.286   0.000 958.864  1261601.1 305882.9 89286.0     0.0 114050.1    602.7 43892.0 134339.9
  1952 2032.091  35.454 1042.204   0.000 1025.341  1347982.8 303711.1 143360.8     0.0 119456.5    619.9 45734.8 149944.8
  1953 1896.553  35.454 1176.929   0.000 755.078  1376671.2 293523.1 162821.0     0.0 114031.9    438.0 31151.9 142547.4
  1954 1533.117  35.454 1077.298   0.000 491.273  1254544.4 299812.2 168833.0     0.0 98647.2    368.2 357788.4 151414.8
  1955 952.739  35.454 877.911   0.000 110.282  1214537.8 324389.4 131436.0     0.0 101624.5    388.7 32513.8 131944.7
  1956 895.670  35.454 798.793   0.000 132.331  1193697.1 329885.2 127230.4     0.0 69140.3    435.5 29811.7 116735.8
  1957 203.101  35.454 722.471   0.000 -483.916  1029616.9 339572.7 91553.9     0.0 77879.1    458.6 24659.1 131684.2
  1958 120.309  35.454 796.756   0.000 -640.993  1034091.7 300346.9 85275.2     0.0 87122.3    440.6 24193.6 156146.8
  1959 1281.859  35.454 996.153   0.000 321.160  1173867.6 321295.6 114154.3     0.0 102857.1    405.7 33499.1 154753.7
  1960 1131.106  35.454 1018.773   0.000 147.786  1217913.9 285832.9 100634.9     0.0 100758.2    434.9 30549.0 137252.5
  1961 -326.321  35.454 652.931   0.000 -943.798   957702.0 299455.5 77399.4     0.0 64855.7    331.2 28367.0 145102.5
  1962 1595.909  35.454 1007.587   0.000 623.776  1252263.7 352975.5 122355.7     0.0 100137.5    546.5 31849.9 120711.2
  1963 1359.459  35.454 932.764   0.000 462.148  1302460.4 366499.7 145212.8     0.0 101591.5    512.2 39029.9 125455.0
  1964 935.825  35.454 1036.338   0.000 -65.059  1128934.4 324082.0 126555.2     0.0 107271.9    523.8 31701.8 135412.4
  1965 1690.941  35.454 1171.754   0.000 554.640  1317881.8 322566.0 146570.8     0.0 106261.1    453.4 206307.3 119770.4
  1966 1068.589  35.454 921.042   0.000 183.001  1141439.7 328086.4 120534.7     0.0 85288.3    461.0 26701.9 127555.7
  1967 -629.550  35.454 901.790   0.000 -1495.886   835936.8 244768.3 59187.0     0.0 65883.9    355.7 20054.1 114258.6
  1968  31.920  35.453 680.815   0.000 -613.442   981239.9 279897.7 71171.3     0.0 77226.9    373.8 50828.4 141183.8
  1969 972.495  35.454 793.175   0.000 214.775  1115441.2 283194.6 96748.4     0.0 100499.0    548.9 58890.9 109329.0
  1970 1108.152  35.454 816.687   0.000 326.918  1223678.3 349410.6 128521.6     0.0 88616.6    385.6 199836.0 101315.2
  1971 461.948  35.454 843.688   0.000 -346.286  1040073.6 306195.4 89654.0     0.0 77567.2    431.3 49177.8 102240.7
  1972 1742.759  35.454 1010.104   0.000 768.109  1315730.8 343055.9 129099.2     0.0 105190.6    462.7 32745.1 121824.7
  1973 2006.762  35.454 1088.454   0.000 953.762  1412128.5 319597.9 161501.2     0.0 116961.6    438.1 170498.5 123555.2
  1974 1837.238  35.454 1133.731   0.000 738.960  1356902.3 303530.4 151688.5     0.0 96175.2    506.4 25916.1 118920.3
  1975 894.688  35.454 1096.515   0.000 -166.374  1124163.0 279380.8 110867.4     0.0 96792.3    372.2 20854.8 145748.8

                 Carbon flux (ktC/yr)                    Water (dam3/yr)                Nitrogen (MgN/yr)
       --------------------------------------- ---------------------------------- --------------------------------
Year   NEP     estab   harvest product NBP     transp     evap    interc  wd      nuptake ndemand  nlosses ninflux
------ ------- ------- ------- ------- ------- ---------- ------- ------- ------- ------- -------- ------- -------
  1976 612.503  35.454 1025.057   0.000 -377.100  1148721.2 287655.9 112822.6     0.0 88847.6    411.6 23552.7 192000.7
  1977 1341.578  35.454 1100.038   0.000 276.993  1230927.2 303623.2 138765.8     0.0 112553.2    541.6 70515.3 172857.9
  1978 1164.154  35.454 1098.839   0.000 100.769  1221430.9 318406.7 150538.1     0.0 100784.8    582.2 407313.6 162814.0
  1979 1483.900  35.454 965.388   0.000 553.966  1231109.1 317478.1 122678.3     0.0 97281.5    510.6 66600.2 124051.4
  1980 1028.838  35.454 840.845   0.000 223.446  1245577.4 334262.6 149462.3     0.0 88505.1    476.5 137403.6 107519.9
  1981 1618.484  35.454 1154.592   0.000 499.346  1392976.2 320833.2 155187.3     0.0 121294.6    606.4 95180.5 138943.0
  1982 1094.789  35.454 856.483   0.000 273.760  1224790.8 337044.0 132475.9     0.0 85445.4    477.0 373347.4 123346.6
  1983 654.227  35.454 776.851   0.000 -87.170  1132075.3 343587.7 117578.5     0.0 74716.7    563.8 193388.7 120124.1
  1984 808.926  35.454 1112.710   0.000 -268.330  1129512.0 304063.5 116470.6     0.0 94553.1    535.5 79083.0 137764.4
  1985 1396.121  35.454 926.445   0.000 505.129  1175908.6 312505.3 122097.2     0.0 98187.2    579.4 84531.9 129520.3
  1986 1863.348  35.454 926.636   0.000 972.165  1462540.6 354894.7 150365.3     0.0 126093.5    631.3 103988.9 143398.3
  1987 1312.349  35.454 889.262   0.000 458.541  1304224.9 325624.8 147830.3     0.0 85345.4    652.7 30864.3 128340.9
  1988 550.487  35.454 840.627   0.000 -254.687  1250539.2 332980.7 140875.3     0.0 84653.2    525.1 46327.9 142127.4
  1989 1658.869  35.454 1117.493   0.000 576.829  1322507.6 349866.3 160975.3     0.0 105050.4    447.7 23365.9 145870.1
  1990 1711.079  35.454 1174.281   0.000 572.252  1440386.5 293270.1 153125.4     0.0 112852.6    481.1 170263.1 172969.8
  1991 2051.994  35.454 1262.579   0.000 824.869  1479897.0 324378.1 195665.2     0.0 111137.6    569.4 39849.4 144611.6
  1992 771.626  35.454 1043.064   0.000 -235.984  1210509.1 292789.5 129954.4     0.0 97901.9    493.9 21563.0 156735.3
  1993 1202.631  35.454 973.550   0.000 264.535  1206598.0 311998.8 133447.3     0.0 87659.2    522.6 23112.8 111189.8
  1994 1106.013  35.454 1179.832   0.000 -38.365  1354864.1 313847.9 169237.4     0.0 108966.7    480.0 28860.8 177175.5
  1995 1495.367  35.454 1023.838   0.000 506.982  1248775.6 309887.0 144782.3     0.0 110646.8    545.0 24620.6 132550.3
  1996 1551.366  35.454 1151.073   0.000 435.747  1266075.4 297799.3 157350.2     0.0 109901.8    599.5 22726.5 136089.7
  1997 1273.965  35.454 1127.698   0.000 181.722  1310539.0 290809.4 163775.7     0.0 96654.1    585.3 23095.3 127615.1
  1998 744.329  35.454 1038.696   0.000 -258.913  1243278.2 299786.8 142592.8     0.0 102904.6    546.5 87073.4 120956.7
  1999 1973.873  35.454 1175.249   0.000 834.077  1409591.9 306393.1 150684.3     0.0 115886.9    488.1 160700.5 141837.5
  2000 1777.884  35.454 1268.736   0.000 544.602  1339856.3 306757.0 166897.3     0.0 119116.3    501.8 28335.3 160705.1

                 Carbon flux (ktC/yr)                    Water (dam3/yr)                Nitrogen (MgN/yr)
       --------------------------------------- ---------------------------------- --------------------------------
Year   NEP     estab   harvest product NBP     transp     evap    interc  wd      nuptake ndemand  nlosses ninflux
------ ------- ------- ------- ------- ------- ---------- ------- ------- ------- ------- -------- ------- -------
  2001 480.375  35.454 1003.128   0.000 -487.300  1061863.2 264188.4 96310.4     0.0 80182.9    575.7 59255.0 102047.8
  2002 -93.425  35.454 746.436   0.000 -804.407   871862.0 268051.9 75237.8     0.0 64992.7    427.3 18251.3 139908.1
  2003 715.057  35.454 1035.288   0.000 -284.777  1115258.9 295662.5 95189.5     0.0 96008.8    574.8 17286.5 156614.9
  2004 1181.790  35.454 1040.237   0.000 177.006  1163094.8 314092.9 112276.0     0.0 102763.8    517.7 23904.7 178836.6
  2005 1288.189  35.454 1095.365   0.000 228.278  1188291.3 295354.4 106174.4     0.0 107411.5    529.1 56248.1 151615.7
  2006 980.361  35.454 944.841   0.000  70.974  1220507.2 278777.9 115928.5     0.0 98377.1    453.6 135858.4 142975.6
  2007 2463.144  35.454 1247.117   0.000 1251.481  1432141.0 307853.6 159848.8     0.0 129355.8    567.3 243986.2 166109.0
  2008 1156.482  35.454 1150.657   0.000  41.278  1152742.1 298050.0 119583.0     0.0 98084.4    543.8 18536.3 141599.5
  2009 -473.165  35.454 822.394   0.000 -1260.105   867723.7 302162.0 77947.7     0.0 60159.5    428.8 17737.6 138732.0
  2010 2129.821  35.454 1171.871   0.000 993.404  1455606.4 306698.6 158909.6     0.0 137030.2    575.7 175129.0 169789.0
  2011 1987.095  35.454 1192.055   0.000 830.494  1312734.4 287312.8 147382.5     0.0 107855.2    567.5 45211.1 127678.9
  2012 1763.727  35.454 1242.409   0.000 556.772  1335798.8 307682.4 175551.2     0.0 121738.6    517.2 26186.9 155359.0
  2013 934.208  35.454 1124.468   0.000 -154.806  1154671.9 297764.0 126402.8     0.0 84260.7    516.8 22973.6 126224.0
  2014 1469.285  35.454 1179.818   0.000 324.921  1218960.4 326502.2 132226.7     0.0 95933.7    521.7 23945.8 136435.7
  2015 342.553  35.454 859.099   0.000 -481.093  1122040.9 325034.1 107165.2     0.0 88456.7    523.3 33171.0 111033.6
  2016 1495.895  35.454 1111.690   0.000 419.658  1363597.5 304778.7 169969.7     0.0 121333.7    519.4 61490.9 143216.2
  2017 1528.326  35.454 1179.961   0.000 383.819  1299028.2 282157.5 138158.4     0.0 110190.4    534.2 34437.4 128154.6
  2018 471.936  35.454 915.417   0.000 -408.027   943012.4 293840.5 108675.5     0.0 74032.2    504.5 19682.1 114325.8
  2019 1740.108  35.454 1053.341   0.000 722.221  1216940.4 301466.4 133765.6     0.0 102336.6    574.3 66313.5 145540.9
Simulation ended.
lpjml successfully terminated, 63 grid cells processed.
Wall clock time:	340 sec, 0.018 sec/cell/year.
Total wall clock time:	349 sec (00:05:49).
