--------------------------------------
Running config: /home/druijsch/LPJmL5/dev15oct2025/config_files/2026_04_08_run_for_10_locations/boreal_needleleaved_evergreen_tree/spinup/configs/boreal_needleleaved_evergreen_tree_patch8_config_restart.cjson
SLURM task ID: 9
Node: tcn244.local.snellius.surf.nl
--------------------------------------
******************************************************************************
****        _     ____     _           _       ____        _  ___         ****
****       | |   |  _ \   | |_ __ ___ | |     | ___|      / |/ _ \        ****
****       | |   | |_) |  | | '_ ` _ \| |     |___ \      | | | | |       ****
****       | |___|  __/ |_| | | | | | | |___   ___) |  _  | | |_| |       ****
****       |_____|_|   \___/|_| |_| |_|_____| |____/  (_) |_|\___/        ****
****                                                                      ****
****                 lpjml C Version 5.10.1 (Apr 14 2026)                 ****
****    Dynamic global vegetation model with natural and managed land     ****
****                     Compiled for Linux with MPI                      ****
****       (C) Potsdam Institute for Climate Impact Research (PIK),       ****
****                          see COPYRIGHT file                          ****
****              Authors, and contributors see AUTHORS file              ****
**** This version of LPJmL is licensed under GNU AGPL Version 3 or later  ****
****        See LICENSE file or go to http://www.gnu.org/licenses/        ****
****                 or invoke lpjml -l to print license                  ****
****      https://gitlab.pik-potsdam.de/lpjml/wur_team/lpjml-wur.git      ****
****          GIT hash: 5e6f8e1bb5c5d5f3357da68b6c43e9517864f3c2          ****
****                                                                      ****
******************************************************************************

Running for user druijsch on tcn244.local.snellius.surf.nl at Tue Apr 14 17:24:23 2026
Reading configuration from '/home/druijsch/LPJmL5/dev15oct2025/config_files/2026_04_08_run_for_10_locations/boreal_needleleaved_evergreen_tree/spinup/configs/boreal_needleleaved_evergreen_tree_patch8_config_restart.cjson'.
==============================================================================
/----------------------------------------------------------\
|institution: Potsdam Institute for Climate Impact Research|
|contact:                                                  |
|comment:                                                  |
\----------------------------------------------------------/
Simulation "LPJmL Run" running on 50 tasks
Simulation with shuffle spinup climate, nitrogen limitation, permafrost, 
Johansen conductivity, percolation heattransfer, GSI phenology, 
NPP controlled BNF, land use, potential irrigation, 
others to crop "maize" and "temperate cereals", land-use change timber, 
fixed residue remove, with auto fertilizer, pft.cjson LAImax, 
livestock grazing, bondau2007 crop PHU option, separate harvests.
Cultivation types: none, biomass, annual crop
Working directory: /gpfs/home5/druijsch/LPJmL5/dev15oct2025
cpp processed configuration file written to `/projects/prjs2023/chapter3/lpjml_output/2026_04_08_run_for_10_locations/boreal_needleleaved_evergreen_tree/patch_8/`.
Starting from restart file '/home/druijsch/LPJmL5/dev15oct2025/restart/2026_04_08_run_for_10_locations/boreal_needleleaved_evergreen_tree/patch_8/restart_1901_nv_stdfire.lpj'.
Input files:
Variable     Fmt  Varname  Filename
------------ ---- -------- ---------------------------------------------------
soil         cdf  soilcode /projects/prjs2023/chapter3/lpjml_input/run_for_10_locations/boreal_needleleaved_evergreen_tree/patch_8/soil.nc
temp         cdf  tas      /projects/prjs2023/chapter3/lpjml_input/run_for_10_locations/boreal_needleleaved_evergreen_tree/patch_8/temp.nc
prec         cdf  pr       /projects/prjs2023/chapter3/lpjml_input/run_for_10_locations/boreal_needleleaved_evergreen_tree/patch_8/prec.nc
lwdown       cdf  rlds     /projects/prjs2023/chapter3/lpjml_input/run_for_10_locations/boreal_needleleaved_evergreen_tree/patch_8/lwdown.nc
swdown       cdf  rsds     /projects/prjs2023/chapter3/lpjml_input/run_for_10_locations/boreal_needleleaved_evergreen_tree/patch_8/swdown.nc
no3_depo     cdf  noy      /projects/prjs2023/chapter3/lpjml_input/ndep-noy_histsoc_monthly_1901_2021_units.nc
nh4_depo     cdf  nhx      /projects/prjs2023/chapter3/lpjml_input/ndep-nhx_histsoc_monthly_1901_2021_units.nc
soilpH       cdf  soil_ph  /projects/prjs2023/chapter3/lpjml_input/hwsd_soil_data_all_land_oceanfilled.nc
co2          txt           /projects/prjs2023/chapter3/lpjml_input/co2_1832-2023.dat
windspeed    cdf  sfcwind  /projects/prjs2023/chapter3/lpjml_input/run_for_10_locations/boreal_needleleaved_evergreen_tree/patch_8/wind.nc
countries    cdf  country  /projects/prjs2023/chapter3/lpjml_input/regridded_cow_full_2018_5min_reduced_filled.nc
landuse      cdf  CFTfrac  /projects/prjs2023/chapter3/lpjml_input/MAPSPAM_2020_crops_filled_ESA_01deg_v7.nc
------------ ---- -------- ---------------------------------------------------
Writing restart file '/home/druijsch/LPJmL5/dev15oct2025/restart/2026_04_08_run_for_10_locations/boreal_needleleaved_evergreen_tree/patch_8/restart_1960_crop_stdfire_base.lpj' after year 1960.
Reading random seeds from restart file.
Number of output files:       65
Output written in year:       1901
Byte order in output files:   little endian

Compression level for NetCDF: 3
Missing value in NetCDF:      -1e+32
Base year in NetCDF:          1901
NetCDF grid:                  local
Variable            Fmt  Unit        Type   tstep nbd Filename
------------------- ---- ----------- ------ ----- --- -------------------------
albedo              cdf  -           float  month   1 /projects/prjs2023/chapter3/lpjml_output/2026_04_08_run_for_10_locations/boreal_needleleaved_evergreen_tree/patch_8/output/malbedo.nc + .json
cftfrac             cdf  -           float  year   32 /projects/prjs2023/chapter3/lpjml_output/2026_04_08_run_for_10_locations/boreal_needleleaved_evergreen_tree/patch_8/output/cftfrac.nc + .json
discharge           cdf  hm3/day     float  month   1 /projects/prjs2023/chapter3/lpjml_output/2026_04_08_run_for_10_locations/boreal_needleleaved_evergreen_tree/patch_8/output/mdischarge.nc + .json
evap                cdf  mm/month    float  month   1 /projects/prjs2023/chapter3/lpjml_output/2026_04_08_run_for_10_locations/boreal_needleleaved_evergreen_tree/patch_8/output/mevap.nc + .json
fapar               cdf  -           float  month   1 /projects/prjs2023/chapter3/lpjml_output/2026_04_08_run_for_10_locations/boreal_needleleaved_evergreen_tree/patch_8/output/mfapar.nc + .json
firec               cdf  gC/m2/yr    float  year    1 /projects/prjs2023/chapter3/lpjml_output/2026_04_08_run_for_10_locations/boreal_needleleaved_evergreen_tree/patch_8/output/firec.nc + .json
firef               cdf  1           float  year    1 /projects/prjs2023/chapter3/lpjml_output/2026_04_08_run_for_10_locations/boreal_needleleaved_evergreen_tree/patch_8/output/firef.nc + .json
flux_estabc         cdf  gC/m2/yr    float  year    1 /projects/prjs2023/chapter3/lpjml_output/2026_04_08_run_for_10_locations/boreal_needleleaved_evergreen_tree/patch_8/output/flux_estab.nc + .json
fpc                 cdf  -           float  month  12 /projects/prjs2023/chapter3/lpjml_output/2026_04_08_run_for_10_locations/boreal_needleleaved_evergreen_tree/patch_8/output/fpc.nc + .json
globalflux          txt  -           float  year    1 /projects/prjs2023/chapter3/lpjml_output/2026_04_08_run_for_10_locations/boreal_needleleaved_evergreen_tree/patch_8/output/globalflux.csv + .json
gpp                 cdf  gC/m2/month float  month   1 /projects/prjs2023/chapter3/lpjml_output/2026_04_08_run_for_10_locations/boreal_needleleaved_evergreen_tree/patch_8/output/mgpp.nc + .json
litc                cdf  gC/m2       float  year    1 /projects/prjs2023/chapter3/lpjml_output/2026_04_08_run_for_10_locations/boreal_needleleaved_evergreen_tree/patch_8/output/litc.nc + .json
litn                cdf  gN/m2       float  year    1 /projects/prjs2023/chapter3/lpjml_output/2026_04_08_run_for_10_locations/boreal_needleleaved_evergreen_tree/patch_8/output/litn.nc + .json
npp                 cdf  gC/m2/month float  month   1 /projects/prjs2023/chapter3/lpjml_output/2026_04_08_run_for_10_locations/boreal_needleleaved_evergreen_tree/patch_8/output/mnpp.nc + .json
nuptake             cdf  gN/m2/month float  month   1 /projects/prjs2023/chapter3/lpjml_output/2026_04_08_run_for_10_locations/boreal_needleleaved_evergreen_tree/patch_8/output/mnuptake.nc + .json
pet                 cdf  mm/month    float  month   1 /projects/prjs2023/chapter3/lpjml_output/2026_04_08_run_for_10_locations/boreal_needleleaved_evergreen_tree/patch_8/output/mpet.nc + .json
pft_chawo           cdf  gC/m2       float  year   43 /projects/prjs2023/chapter3/lpjml_output/2026_04_08_run_for_10_locations/boreal_needleleaved_evergreen_tree/patch_8/output/pft_chawo.nc + .json
pft_cleaf           cdf  gC/m2       float  year   43 /projects/prjs2023/chapter3/lpjml_output/2026_04_08_run_for_10_locations/boreal_needleleaved_evergreen_tree/patch_8/output/pft_cleaf.nc + .json
pft_croot           cdf  gC/m2       float  year   43 /projects/prjs2023/chapter3/lpjml_output/2026_04_08_run_for_10_locations/boreal_needleleaved_evergreen_tree/patch_8/output/pft_croot.nc + .json
pft_csapw           cdf  gC/m2       float  year   43 /projects/prjs2023/chapter3/lpjml_output/2026_04_08_run_for_10_locations/boreal_needleleaved_evergreen_tree/patch_8/output/pft_csapw.nc + .json
pft_fpar            cdf  -           float  month  43 /projects/prjs2023/chapter3/lpjml_output/2026_04_08_run_for_10_locations/boreal_needleleaved_evergreen_tree/patch_8/output/pft_fpar.nc + .json
pft_gpp             cdf  gC/m2/month float  month  43 /projects/prjs2023/chapter3/lpjml_output/2026_04_08_run_for_10_locations/boreal_needleleaved_evergreen_tree/patch_8/output/pft_gpp.nc + .json
pft_laimax          cdf  m2/m2       float  year   43 /projects/prjs2023/chapter3/lpjml_output/2026_04_08_run_for_10_locations/boreal_needleleaved_evergreen_tree/patch_8/output/pft_laimax.nc + .json
pft_mort            cdf  1/month     float  month  11 /projects/prjs2023/chapter3/lpjml_output/2026_04_08_run_for_10_locations/boreal_needleleaved_evergreen_tree/patch_8/output/pft_mort.nc + .json
pft_mort_background cdf  1/month     float  month  11 /projects/prjs2023/chapter3/lpjml_output/2026_04_08_run_for_10_locations/boreal_needleleaved_evergreen_tree/patch_8/output/pft_mort_background.nc + .json
pft_mort_drought    cdf  1/month     float  month  11 /projects/prjs2023/chapter3/lpjml_output/2026_04_08_run_for_10_locations/boreal_needleleaved_evergreen_tree/patch_8/output/pft_mort_drought.nc + .json
pft_mort_heat       cdf  1/month     float  month  11 /projects/prjs2023/chapter3/lpjml_output/2026_04_08_run_for_10_locations/boreal_needleleaved_evergreen_tree/patch_8/output/pft_mort_heat.nc + .json
pft_nind            cdf  ind/m²     float  month  11 /projects/prjs2023/chapter3/lpjml_output/2026_04_08_run_for_10_locations/boreal_needleleaved_evergreen_tree/patch_8/output/pft_nind.nc + .json
pft_nleaf           cdf  gN/m2       float  year   43 /projects/prjs2023/chapter3/lpjml_output/2026_04_08_run_for_10_locations/boreal_needleleaved_evergreen_tree/patch_8/output/pft_nleaf.nc + .json
pft_npp             cdf  gC/m2/yr    float  year   43 /projects/prjs2023/chapter3/lpjml_output/2026_04_08_run_for_10_locations/boreal_needleleaved_evergreen_tree/patch_8/output/pft_npp.nc + .json
pft_nroot           cdf  gN/m2       float  year   43 /projects/prjs2023/chapter3/lpjml_output/2026_04_08_run_for_10_locations/boreal_needleleaved_evergreen_tree/patch_8/output/pft_nroot.nc + .json
pft_nuptake         cdf  gN/m2/yr    float  year   43 /projects/prjs2023/chapter3/lpjml_output/2026_04_08_run_for_10_locations/boreal_needleleaved_evergreen_tree/patch_8/output/pft_nuptake.nc + .json
pft_phen            cdf  -           float  month  43 /projects/prjs2023/chapter3/lpjml_output/2026_04_08_run_for_10_locations/boreal_needleleaved_evergreen_tree/patch_8/output/pft_phen.nc + .json
pft_survive_frac    cdf  -           float  month  43 /projects/prjs2023/chapter3/lpjml_output/2026_04_08_run_for_10_locations/boreal_needleleaved_evergreen_tree/patch_8/output/pft_survive_frac.nc + .json
pft_vegc            cdf  gC/m2       float  year   43 /projects/prjs2023/chapter3/lpjml_output/2026_04_08_run_for_10_locations/boreal_needleleaved_evergreen_tree/patch_8/output/pft_vegc.nc + .json
pft_vegn            cdf  gN/m2       float  year   43 /projects/prjs2023/chapter3/lpjml_output/2026_04_08_run_for_10_locations/boreal_needleleaved_evergreen_tree/patch_8/output/pft_vegn.nc + .json
pft_water_demand    cdf  mm/yr       float  year   43 /projects/prjs2023/chapter3/lpjml_output/2026_04_08_run_for_10_locations/boreal_needleleaved_evergreen_tree/patch_8/output/pft_water_demand.nc + .json
phen_light          cdf  -           float  month   1 /projects/prjs2023/chapter3/lpjml_output/2026_04_08_run_for_10_locations/boreal_needleleaved_evergreen_tree/patch_8/output/mphen_light.nc + .json
phen_tmax           cdf  -           float  month   1 /projects/prjs2023/chapter3/lpjml_output/2026_04_08_run_for_10_locations/boreal_needleleaved_evergreen_tree/patch_8/output/mphen_tmax.nc + .json
phen_tmin           cdf  -           float  month   1 /projects/prjs2023/chapter3/lpjml_output/2026_04_08_run_for_10_locations/boreal_needleleaved_evergreen_tree/patch_8/output/mphen_tmin.nc + .json
phen_water          cdf  -           float  month   1 /projects/prjs2023/chapter3/lpjml_output/2026_04_08_run_for_10_locations/boreal_needleleaved_evergreen_tree/patch_8/output/mphen_water.nc + .json
rd                  cdf  gC/m2/month float  month   1 /projects/prjs2023/chapter3/lpjml_output/2026_04_08_run_for_10_locations/boreal_needleleaved_evergreen_tree/patch_8/output/rd.nc + .json
rh                  cdf  gC/m2/month float  month   1 /projects/prjs2023/chapter3/lpjml_output/2026_04_08_run_for_10_locations/boreal_needleleaved_evergreen_tree/patch_8/output/mrh.nc + .json
runoff              cdf  mm/month    float  month   1 /projects/prjs2023/chapter3/lpjml_output/2026_04_08_run_for_10_locations/boreal_needleleaved_evergreen_tree/patch_8/output/mrunoff.nc + .json
soilc               cdf  gC/m2       float  year    1 /projects/prjs2023/chapter3/lpjml_output/2026_04_08_run_for_10_locations/boreal_needleleaved_evergreen_tree/patch_8/output/soilc.nc + .json
soilc_layer         cdf  gC/m2       float  year    5 /projects/prjs2023/chapter3/lpjml_output/2026_04_08_run_for_10_locations/boreal_needleleaved_evergreen_tree/patch_8/output/soilc_layer.nc + .json
soiln               cdf  gN/m2       float  year    1 /projects/prjs2023/chapter3/lpjml_output/2026_04_08_run_for_10_locations/boreal_needleleaved_evergreen_tree/patch_8/output/soiln.nc + .json
soiln_layer         cdf  gN/m2       float  year    5 /projects/prjs2023/chapter3/lpjml_output/2026_04_08_run_for_10_locations/boreal_needleleaved_evergreen_tree/patch_8/output/soiln_layer.nc + .json
soilnh4             cdf  gN/m2       float  year    1 /projects/prjs2023/chapter3/lpjml_output/2026_04_08_run_for_10_locations/boreal_needleleaved_evergreen_tree/patch_8/output/soilnh4.nc + .json
soilnh4_layer       cdf  gN/m2       float  year    5 /projects/prjs2023/chapter3/lpjml_output/2026_04_08_run_for_10_locations/boreal_needleleaved_evergreen_tree/patch_8/output/soilnh4_layer.nc + .json
soilno3             cdf  gN/m2       float  year    1 /projects/prjs2023/chapter3/lpjml_output/2026_04_08_run_for_10_locations/boreal_needleleaved_evergreen_tree/patch_8/output/soilno3.nc + .json
soilno3_layer       cdf  gN/m2       float  year    5 /projects/prjs2023/chapter3/lpjml_output/2026_04_08_run_for_10_locations/boreal_needleleaved_evergreen_tree/patch_8/output/soilno3_layer.nc + .json
soiltemp1           cdf  Celsius     float  month   1 /projects/prjs2023/chapter3/lpjml_output/2026_04_08_run_for_10_locations/boreal_needleleaved_evergreen_tree/patch_8/output/msoiltemp1.nc + .json
soiltemp2           cdf  Celsius     float  month   1 /projects/prjs2023/chapter3/lpjml_output/2026_04_08_run_for_10_locations/boreal_needleleaved_evergreen_tree/patch_8/output/msoiltemp2.nc + .json
soiltemp3           cdf  Celsius     float  month   1 /projects/prjs2023/chapter3/lpjml_output/2026_04_08_run_for_10_locations/boreal_needleleaved_evergreen_tree/patch_8/output/msoiltemp3.nc + .json
swc1                cdf  1           float  month   1 /projects/prjs2023/chapter3/lpjml_output/2026_04_08_run_for_10_locations/boreal_needleleaved_evergreen_tree/patch_8/output/mswc1.nc + .json
swc2                cdf  1           float  month   1 /projects/prjs2023/chapter3/lpjml_output/2026_04_08_run_for_10_locations/boreal_needleleaved_evergreen_tree/patch_8/output/mswc2.nc + .json
swc3                cdf  1           float  month   1 /projects/prjs2023/chapter3/lpjml_output/2026_04_08_run_for_10_locations/boreal_needleleaved_evergreen_tree/patch_8/output/mswc3.nc + .json
swc4                cdf  1           float  month   1 /projects/prjs2023/chapter3/lpjml_output/2026_04_08_run_for_10_locations/boreal_needleleaved_evergreen_tree/patch_8/output/mswc4.nc + .json
swc5                cdf  1           float  month   1 /projects/prjs2023/chapter3/lpjml_output/2026_04_08_run_for_10_locations/boreal_needleleaved_evergreen_tree/patch_8/output/mswc5.nc + .json
transp              cdf  mm/month    float  month   1 /projects/prjs2023/chapter3/lpjml_output/2026_04_08_run_for_10_locations/boreal_needleleaved_evergreen_tree/patch_8/output/mtransp.nc + .json
vegc                cdf  gC/m2       float  year    1 /projects/prjs2023/chapter3/lpjml_output/2026_04_08_run_for_10_locations/boreal_needleleaved_evergreen_tree/patch_8/output/vegc.nc + .json
vegn                cdf  gN/m2       float  year    1 /projects/prjs2023/chapter3/lpjml_output/2026_04_08_run_for_10_locations/boreal_needleleaved_evergreen_tree/patch_8/output/vegn.nc + .json
wateramount         cdf  hm3         float  month   1 /projects/prjs2023/chapter3/lpjml_output/2026_04_08_run_for_10_locations/boreal_needleleaved_evergreen_tree/patch_8/output/mwateramount.nc + .json
wscal               cdf  -           float  month   1 /projects/prjs2023/chapter3/lpjml_output/2026_04_08_run_for_10_locations/boreal_needleleaved_evergreen_tree/patch_8/output/wscal.nc + .json
------------------- ---- ----------- ------ ----- --- -------------------------
Spinup years:                   180
Cycle length during spinup:      30
First year:                    1901
Last year:                     2019
Number of grid cells:            63
==============================================================================
Memory allocated for output: 7,096 bytes/cell
Simulation begins...
Spinup using climate starting from year 1901

                 Carbon flux (ktC/yr)                    Water (dam3/yr)                Nitrogen (MgN/yr)
       --------------------------------------- ---------------------------------- --------------------------------
Spinup NEP     estab   harvest product NBP     transp     evap    interc  wd      nuptake ndemand  nlosses ninflux
------ ------- ------- ------- ------- ------- ---------- ------- ------- ------- ------- -------- ------- -------
  1721 -50.504  -0.001   0.000   0.000 -50.505   711643.5 255028.5 185766.1     0.0 28666.7   3862.6  1164.2  2906.3
  1722 230.085  -0.000   0.000   0.000 230.085   707100.6 237853.3 170555.3     0.0 23524.9   3666.7  1080.0  2941.0
  1723 -66.184   0.000   0.000   0.000 -66.184   684475.6 249872.9 175877.1     0.0 29877.1   3406.0  1834.7  2198.4
  1724 -83.376   0.000   0.000   0.000 -83.376   633039.4 236441.3 143514.9     0.0 22824.5   3627.6  1606.9  2442.5
  1725  -2.602   0.001   0.000   0.000  -2.601   635248.9 272694.8 157541.8     0.0 25733.3   2855.8  2558.1  2348.2
  1726 -87.109  -0.000   0.000   0.000 -87.109   694444.0 263458.5 168939.2     0.0 29003.9   3938.0  4445.1  3112.9
  1727 -318.185   0.000   0.000   0.000 -318.185   611375.4 255636.8 167668.7     0.0 21317.1   3632.6  4556.8  2702.2
  1728 -15.568  -0.001   0.000   0.000 -15.569   720656.2 252610.1 183772.8     0.0 32942.0   3953.7  2067.3  2992.1
  1729 -145.933  -0.000   0.000   0.000 -145.933   642013.4 263841.7 190665.0     0.0 24893.5   3269.3  2047.5  2314.5
  1730 108.337  -0.001   0.000   0.000 108.336   679110.4 247113.8 209723.1     0.0 28661.9   4360.6  3026.1  3294.7
  1731 394.712  -0.001   0.000   0.000 394.712   777733.6 267645.0 188204.0     0.0 27223.0   4364.7  2151.6  3376.8
  1732 139.429   0.000   0.000   0.000 139.429   695063.4 276786.5 204110.7     0.0 25414.0   3882.5  1251.5  2704.7
  1733 127.508   0.000   0.000   0.000 127.508   666520.4 240580.0 182395.8     0.0 27849.7   5057.2  1176.5  3610.5
  1734  79.640   0.001   0.000   0.000  79.641   641231.9 274626.3 164567.4     0.0 24141.7   3453.7  1911.8  2575.0
  1735 -148.202   0.000   0.000   0.000 -148.201   556959.6 277971.9 201037.2     0.0 24250.2   3563.1  3059.5  2877.2
  1736 -278.028   0.000   0.000   0.000 -278.028   631999.0 302343.8 163996.7     0.0 23568.0   3976.7  1287.3  2896.5
  1737 -382.486   0.001   0.000   0.000 -382.486   550707.6 254588.6 164424.2     0.0 20515.0   3728.1  2217.9  2704.8
  1738  13.254  -0.000   0.000   0.000  13.254   646369.3 263814.1 153917.3     0.0 32834.6   4369.6  2935.2  3363.5
  1739 -65.445   0.000   0.000   0.000 -65.444   583512.6 221459.3 132225.6     0.0 18767.8   3982.0  1924.1  2974.2
  1740 101.733  -0.001   0.000   0.000 101.732   653227.0 255091.0 195442.6     0.0 28966.0   4026.4  2270.6  3316.2
  1741 171.642   0.000   0.000   0.000 171.642   595631.4 263460.0 151021.3     0.0 19041.8   3031.8  1704.4  2633.1
  1742  68.091  -0.000   0.000   0.000  68.091   658266.6 207665.1 123833.4     0.0 28092.9   3880.0  1119.9  3220.3
  1743  45.497   0.001   0.000   0.000  45.498   583948.2 258296.4 145730.1     0.0 20522.9   3388.2  1581.4  2957.0
  1744  84.457  -0.000   0.000   0.000  84.457   659880.9 244690.2 151916.8     0.0 31092.9   5003.6  1419.0  3991.3
  1745 -232.680   0.000   0.000   0.000 -232.680   608218.6 235661.2 129304.1     0.0 19399.8   3419.9  2295.0  2619.9

                 Carbon flux (ktC/yr)                    Water (dam3/yr)                Nitrogen (MgN/yr)
       --------------------------------------- ---------------------------------- --------------------------------
Spinup NEP     estab   harvest product NBP     transp     evap    interc  wd      nuptake ndemand  nlosses ninflux
------ ------- ------- ------- ------- ------- ---------- ------- ------- ------- ------- -------- ------- -------
  1746 172.785  -0.001   0.000   0.000 172.785   684969.7 238405.3 155605.8     0.0 28209.4   3561.9  1138.0  3028.2
  1747 -109.386   0.000   0.000   0.000 -109.386   639894.2 264611.2 161470.3     0.0 25681.7   3358.5  1514.6  2557.6
  1748 -63.194   0.000   0.000   0.000 -63.194   651153.3 265555.0 162634.7     0.0 25523.7   3720.2  1783.6  2852.7
  1749 -182.404   0.000   0.000   0.000 -182.404   613406.1 256575.7 161858.4     0.0 22067.2   3796.8  2916.0  2780.7
  1750 -44.155   0.000   0.000   0.000 -44.155   652043.2 299970.9 157444.3     0.0 24927.7   3356.3  1146.5  2437.5
  1751 107.899   0.000   0.000   0.000 107.899   626249.9 239577.9 163524.5     0.0 27357.2   4269.2  1120.4  3093.2
  1752 -219.951   0.001   0.000   0.000 -219.950   619861.1 265291.5 163029.8     0.0 23407.0   3610.1  2537.1  2729.1
  1753  23.735   0.000   0.000   0.000  23.735   563126.2 276004.0 186352.8     0.0 25346.7   2971.6  2702.2  2477.8
  1754 146.132  -0.000   0.000   0.000 146.131   683906.9 241943.7 158632.9     0.0 27338.3   3997.1  1178.0  3351.4
  1755   4.788  -0.001   0.000   0.000   4.788   674542.0 262200.7 158139.7     0.0 30725.5   3829.6  3076.8  2848.2
  1756 191.244  -0.001   0.000   0.000 191.243   699126.0 258687.8 162937.8     0.0 27948.8   4370.5  2928.5  3192.1
  1757 211.583  -0.001   0.000   0.000 211.582   697519.0 274108.6 173754.2     0.0 23603.9   4095.3   964.3  3030.2
  1758 210.717  -0.001   0.000   0.000 210.717   761144.8 269802.6 188327.6     0.0 27116.7   4527.0  1692.3  3496.8
  1759 124.728   0.000   0.000   0.000 124.728   707825.3 277283.9 181941.4     0.0 25333.5   3492.8  1075.6  2689.1
  1760 -76.801   0.001   0.000   0.000 -76.800   708639.9 266799.0 179589.9     0.0 26576.5   4031.0  2687.2  3083.2
  1761 220.057  -0.001   0.000   0.000 220.057   790154.4 271575.3 188257.0     0.0 30214.7   4669.7  2415.4  3610.3
  1762  80.723   0.000   0.000   0.000  80.724   672984.3 263740.3 175777.9     0.0 20451.6   3420.7  2420.2  2545.3
  1763 -216.854  -0.000   0.000   0.000 -216.854   708908.7 271721.5 221357.1     0.0 33644.2   3286.5  3729.8  2354.5
  1764 118.180  -0.000   0.000   0.000 118.180   693861.0 247177.3 169645.7     0.0 28965.0   4440.0  2160.3  3109.4
  1765  24.928  -0.000   0.000   0.000  24.927   726765.2 251477.3 181720.2     0.0 24863.8   4268.6  2390.2  3021.6
  1766 218.987  -0.000   0.000   0.000 218.986   758682.2 248190.3 186391.6     0.0 30320.1   4338.3  1832.4  2933.4
  1767 -85.945  -0.000   0.000   0.000 -85.946   732568.4 251469.2 203778.3     0.0 25792.9   4367.7  1102.1  3203.7
  1768 -118.494   0.001   0.000   0.000 -118.493   684340.3 260156.0 175462.8     0.0 26412.3   3863.3  1587.2  2697.3
  1769  83.315  -0.000   0.000   0.000  83.315   692013.3 255657.9 217675.3     0.0 27443.4   5489.0  2191.0  3872.6
  1770  19.371   0.001   0.000   0.000  19.372   627528.6 239038.3 148081.7     0.0 21224.3   4010.1  1152.7  2684.3

                 Carbon flux (ktC/yr)                    Water (dam3/yr)                Nitrogen (MgN/yr)
       --------------------------------------- ---------------------------------- --------------------------------
Spinup NEP     estab   harvest product NBP     transp     evap    interc  wd      nuptake ndemand  nlosses ninflux
------ ------- ------- ------- ------- ------- ---------- ------- ------- ------- ------- -------- ------- -------
  1771 -98.352  -0.000   0.000   0.000 -98.352   683933.6 239060.8 176519.3     0.0 34687.2   3769.5  3604.0  2688.6
  1772 -68.263   0.000   0.000   0.000 -68.263   681624.9 277745.7 196260.0     0.0 22335.6   4880.2  1088.2  3427.5
  1773 200.216  -0.000   0.000   0.000 200.216   732593.7 250243.7 179441.0     0.0 30496.2   4497.1  1927.2  3145.3
  1774 -136.891   0.001   0.000   0.000 -136.890   646285.7 260207.5 168825.3     0.0 23645.2   3837.3  1438.0  2755.6
  1775 164.599   0.000   0.000   0.000 164.600   659785.9 239243.5 167212.7     0.0 24984.5   5313.7   930.8  3993.7
  1776 -80.888   0.001   0.000   0.000 -80.887   602304.9 291905.2 178607.7     0.0 24007.0   4429.5   996.8  3173.6
  1777 -18.489  -0.000   0.000   0.000 -18.490   658544.6 221706.2 191145.6     0.0 25272.6   4012.0  3491.6  2860.1
  1778  47.481   0.001   0.000   0.000  47.481   606530.8 261755.7 162665.8     0.0 19301.4   3669.8  1657.9  2861.9
  1779 -136.767  -0.000   0.000   0.000 -136.767   676795.2 220783.1 188089.8     0.0 29590.1   3634.6  4062.8  2623.5
  1780  31.270   0.000   0.000   0.000  31.271   614564.3 261447.7 160640.0     0.0 19616.2   3610.5  1567.7  2819.0
  1781 -290.949  -0.000   0.000   0.000 -290.949   653848.3 299987.4 155980.2     0.0 26252.2   3246.4   938.6  2437.5
  1782 -119.644   0.001   0.000   0.000 -119.643   586853.5 257818.7 156235.3     0.0 21080.4   3614.3  1584.2  2778.4
  1783 -53.219  -0.001   0.000   0.000 -53.220   723515.3 256083.8 157580.9     0.0 33111.2   3703.8  2519.9  2729.4
  1784 130.056  -0.001   0.000   0.000 130.055   689224.3 273477.0 178825.6     0.0 26257.2   3919.9  1103.2  2774.3
  1785  64.087  -0.001   0.000   0.000  64.086   687485.6 257368.3 204131.9     0.0 25331.9   3869.8  2669.0  3148.2
  1786 174.803  -0.000   0.000   0.000 174.803   691500.2 207144.1 132470.3     0.0 24642.9   3624.3  1145.1  2916.4
  1787 196.847  -0.000   0.000   0.000 196.847   745361.5 264821.4 182068.2     0.0 27674.0   4779.7  1897.4  3757.3
  1788 -142.549   0.001   0.000   0.000 -142.548   609364.1 256776.6 171123.8     0.0 20108.4   3534.8  2022.0  2686.2
  1789  39.586   0.002   0.000   0.000  39.588   547078.1 294056.3 180109.0     0.0 23493.5   3433.9  1117.5  2653.5
  1790 -228.888   0.000   0.000   0.000 -228.888   551034.1 224617.6 125084.9     0.0 21114.3   4866.0  1161.9  3644.8
  1791 175.513  -0.001   0.000   0.000 175.512   670035.1 250292.6 155437.2     0.0 31455.4   4880.9   994.5  3800.8
  1792  55.043  -0.000   0.000   0.000  55.043   639836.4 251089.7 191309.2     0.0 21422.8   4334.3  1235.8  3515.2
  1793  41.202  -0.000   0.000   0.000  41.202   657564.4 278366.6 158940.6     0.0 24093.6   4011.3   623.5  3389.5
  1794 -171.818   0.002   0.000   0.000 -171.816   542745.3 286952.3 182643.7     0.0 22560.1   3353.3  1500.1  2895.0
  1795  34.684  -0.002   0.000   0.000  34.682   668119.4 259505.2 188870.1     0.0 29360.4   4417.9  2082.9  3560.4

                 Carbon flux (ktC/yr)                    Water (dam3/yr)                Nitrogen (MgN/yr)
       --------------------------------------- ---------------------------------- --------------------------------
Spinup NEP     estab   harvest product NBP     transp     evap    interc  wd      nuptake ndemand  nlosses ninflux
------ ------- ------- ------- ------- ------- ---------- ------- ------- ------- ------- -------- ------- -------
  1796 175.875  -0.001   0.000   0.000 175.874   711276.6 254438.0 162743.8     0.0 26473.8   3931.6  1495.5  2927.3
  1797 -18.398  -0.000   0.000   0.000 -18.398   666487.8 275206.1 159617.5     0.0 25218.6   3472.9  1678.4  2687.7
  1798 -11.914  -0.000   0.000   0.000 -11.915   657590.2 299980.1 161039.4     0.0 23163.9   3704.6   669.6  2610.6
  1799 -51.944   0.000   0.000   0.000 -51.944   622121.5 256522.3 161111.0     0.0 25984.4   3277.5   851.5  2451.2
  1800 260.814  -0.000   0.000   0.000 260.814   657454.7 236596.8 162296.0     0.0 25015.7   4588.9   545.6  3648.0
  1801  11.781   0.000   0.000   0.000  11.781   600394.4 260833.8 160603.0     0.0 22307.3   3794.5  1032.0  2810.2
  1802 -263.323   0.000   0.000   0.000 -263.322   617383.4 232569.8 133429.2     0.0 22742.2   2993.1  1648.1  2379.6
  1803  88.872  -0.000   0.000   0.000  88.872   679640.0 273857.3 176607.2     0.0 29995.8   3895.6   838.0  2911.7
  1804 -196.546   0.000   0.000   0.000 -196.545   596471.4 255042.8 163424.4     0.0 19404.2   3624.3  1840.5  2788.4
  1805 233.870  -0.000   0.000   0.000 233.870   684947.3 238262.6 158435.6     0.0 28939.2   3701.8   701.2  3080.4
  1806 -252.859   0.001   0.000   0.000 -252.859   568612.0 253552.3 161361.7     0.0 21624.6   3284.9  1557.6  2394.0
  1807 105.888  -0.001   0.000   0.000 105.888   653999.1 220571.7 182954.1     0.0 27715.5   3854.3  2839.2  2799.1
  1808  26.231   0.000   0.000   0.000  26.232   541442.5 272199.9 186318.5     0.0 21736.6   3145.9  1285.2  2745.5
  1809 -165.656   0.000   0.000   0.000 -165.656   601649.2 272041.6 175806.8     0.0 28052.0   3531.6   738.6  2646.6
  1810 323.588  -0.001   0.000   0.000 323.587   714545.0 263902.7 167095.0     0.0 27338.3   5374.5  1110.2  4177.4
  1811 141.846  -0.000   0.000   0.000 141.846   623223.7 238728.9 135537.9     0.0 21182.8   3510.8   656.2  2592.9
  1812  76.447  -0.001   0.000   0.000  76.446   701953.9 264610.0 202078.7     0.0 30750.1   3561.8  1614.5  2899.5
  1813 164.108  -0.000   0.000   0.000 164.108   693324.1 261875.6 165959.4     0.0 27855.9   3800.1  1726.0  2876.7
  1814 201.226   0.001   0.000   0.000 201.227   616898.0 254763.9 159344.7     0.0 20332.1   3623.5  1003.7  3026.9
  1815 -70.276   0.000   0.000   0.000 -70.275   632738.9 265754.8 168972.3     0.0 28317.9   4249.3   805.6  3260.5
  1816 -22.938  -0.000   0.000   0.000 -22.938   677704.7 268453.2 166555.5     0.0 25282.9   4693.1  1815.8  3713.9
  1817  46.475  -0.000   0.000   0.000  46.475   685303.2 274707.7 186753.6     0.0 27447.2   4329.9   595.7  3090.7
  1818   3.854   0.000   0.000   0.000   3.854   640861.1 289209.7 182226.2     0.0 21338.5   4096.8   659.7  3113.3
  1819 -193.567   0.000   0.000   0.000 -193.567   631589.9 268008.2 189028.8     0.0 28296.5   3172.3   785.7  2330.0
  1820  14.807  -0.000   0.000   0.000  14.807   643893.3 234533.9 168704.3     0.0 29727.6   4414.5  2547.3  3003.1

                 Carbon flux (ktC/yr)                    Water (dam3/yr)                Nitrogen (MgN/yr)
       --------------------------------------- ---------------------------------- --------------------------------
Spinup NEP     estab   harvest product NBP     transp     evap    interc  wd      nuptake ndemand  nlosses ninflux
------ ------- ------- ------- ------- ------- ---------- ------- ------- ------- ------- -------- ------- -------
  1821   6.922  -0.000   0.000   0.000   6.922   688853.4 264447.4 170239.8     0.0 24534.4   4425.3  2400.4  3553.4
  1822 -165.003   0.000   0.000   0.000 -165.003   642445.7 268437.9 190903.5     0.0 26850.4   3091.5   819.4  2238.3
  1823  87.488  -0.000   0.000   0.000  87.487   678531.7 275078.5 170968.8     0.0 24887.4   4168.8   476.8  3161.3
  1824 -117.092   0.000   0.000   0.000 -117.092   651669.8 237093.2 173633.7     0.0 27723.3   3613.5  3104.8  2503.7
  1825 152.665  -0.000   0.000   0.000 152.665   675672.8 249073.0 164111.5     0.0 27642.8   4295.4  1070.0  3279.7
  1826 -79.526   0.000   0.000   0.000 -79.526   670976.5 267826.3 215855.9     0.0 28740.6   3888.6  1885.6  2881.0
  1827  39.432  -0.000   0.000   0.000  39.432   666077.7 289982.1 185152.7     0.0 25123.6   4439.4   939.9  3137.7
  1828  -6.342   0.000   0.000   0.000  -6.341   576549.7 274432.8 200777.9     0.0 23912.1   3078.9  2482.7  2445.9
  1829 -134.143   0.000   0.000   0.000 -134.143   658621.0 263949.1 163354.4     0.0 28759.3   3657.8  1433.1  2709.1
  1830 -50.267   0.000   0.000   0.000 -50.266   600873.4 223619.2 137932.5     0.0 20524.2   4119.1  1364.4  2979.1
  1831  72.053   0.001   0.000   0.000  72.054   545531.7 290367.8 179659.5     0.0 23884.5   3449.4  1169.2  2673.5
  1832 -236.983   0.000   0.000   0.000 -236.983   601773.5 271757.1 193115.6     0.0 28135.8   5244.7  1626.9  3966.2
  1833 103.874   0.000   0.000   0.000 103.874   637341.2 251365.5 148594.4     0.0 27451.3   4777.7  1076.9  3632.4
  1834 159.762  -0.001   0.000   0.000 159.761   664553.9 272811.5 179151.2     0.0 23849.4   4425.6   722.2  3373.7
  1835 116.470  -0.000   0.000   0.000 116.469   665934.9 274456.8 183980.7     0.0 23708.5   4354.9   669.6  3185.9
  1836 -104.190   0.001   0.000   0.000 -104.189   595278.1 226726.1 137400.9     0.0 19431.8   3346.5  1249.7  2583.2
  1837 -12.900   0.000   0.000   0.000 -12.900   630537.4 264736.9 161825.8     0.0 28800.3   3695.2  1077.7  2940.2
  1838 275.436  -0.001   0.000   0.000 275.435   745510.3 272840.8 170402.3     0.0 28431.5   5033.8  1608.6  3950.3
  1839 238.254  -0.000   0.000   0.000 238.253   681410.9 278308.2 186081.4     0.0 24807.1   4144.4   792.1  3002.4
  1840 -26.310   0.001   0.000   0.000 -26.309   612385.8 237568.5 140849.3     0.0 20490.9   3910.1   722.6  2802.6
  1841  39.730   0.000   0.000   0.000  39.730   695162.7 221302.3 129547.4     0.0 30441.4   3546.7   817.6  2960.6
  1842 -37.576  -0.001   0.000   0.000 -37.577   707300.3 250489.1 184629.5     0.0 28297.5   4196.4   899.3  3248.5
  1843 106.867   0.001   0.000   0.000 106.867   625370.7 262944.2 157634.3     0.0 19344.6   3267.3  1584.6  2651.9
  1844  97.398  -0.000   0.000   0.000  97.398   666249.6 249699.0 158052.8     0.0 32036.8   4228.8  1221.5  3228.6
  1845  21.852  -0.001   0.000   0.000  21.851   715118.3 251809.6 187185.4     0.0 27553.8   4370.8   996.6  3466.7

                 Carbon flux (ktC/yr)                    Water (dam3/yr)                Nitrogen (MgN/yr)
       --------------------------------------- ---------------------------------- --------------------------------
Spinup NEP     estab   harvest product NBP     transp     evap    interc  wd      nuptake ndemand  nlosses ninflux
------ ------- ------- ------- ------- ------- ---------- ------- ------- ------- ------- -------- ------- -------
  1846  32.819   0.000   0.000   0.000  32.819   649113.9 260961.5 168311.3     0.0 19439.5   3966.9  1978.0  2953.1
  1847 -22.136   0.000   0.000   0.000 -22.136   644409.3 264693.9 157813.1     0.0 26067.3   2903.5  2253.3  2344.4
  1848  59.843  -0.000   0.000   0.000  59.843   668587.4 249363.1 159538.5     0.0 30830.7   4164.1  1372.8  3139.2
  1849  59.959  -0.000   0.000   0.000  59.958   682507.6 252853.8 207455.5     0.0 25511.1   4270.8  2251.3  3397.7
  1850 -37.063   0.000   0.000   0.000 -37.063   654190.5 300823.9 168980.8     0.0 20686.0   3388.6   684.6  2387.5
  1851 -216.890   0.000   0.000   0.000 -216.890   613509.7 257035.7 172451.2     0.0 26552.4   4519.8   591.3  2927.7
  1852   6.909   0.000   0.000   0.000   6.909   643456.9 210569.2 129866.6     0.0 25609.4   4017.2   636.1  3148.1
  1853 -168.954   0.000   0.000   0.000 -168.953   584596.6 235624.6 135923.8     0.0 22086.3   4112.9   643.0  2907.4
  1854 -54.883   0.001   0.000   0.000 -54.881   555487.9 300619.1 174417.7     0.0 24519.3   3003.2  1136.7  2434.8
  1855 -191.625   0.000   0.000   0.000 -191.625   575856.0 271979.4 165144.2     0.0 26458.3   4116.6   993.6  3055.9
  1856  13.193  -0.001   0.000   0.000  13.192   636497.6 261179.9 149493.0     0.0 26083.7   5256.0   593.4  3714.9
  1857  66.592  -0.000   0.000   0.000  66.592   619905.9 259985.1 153462.2     0.0 19847.7   3462.7  1550.7  2753.6
  1858 -68.968  -0.000   0.000   0.000 -68.968   704959.0 266044.3 162165.7     0.0 29716.5   3112.5  3677.3  2656.8
  1859 -63.812  -0.000   0.000   0.000 -63.812   691083.9 281861.8 162913.3     0.0 27171.9   3306.8   973.6  2643.0
  1860 -185.452  -0.000   0.000   0.000 -185.452   616096.1 289722.9 176982.4     0.0 23340.4   3763.9  1080.5  2873.9
  1861 -189.922  -0.000   0.000   0.000 -189.922   646255.8 298589.3 160840.4     0.0 24819.5   3429.2   979.6  2502.9
  1862 -152.737  -0.000   0.000   0.000 -152.737   635372.8 212372.7 193179.1     0.0 24642.8   3580.6  5126.0  2385.0
  1863 -99.368   0.000   0.000   0.000 -99.368   602283.0 220800.7 137401.2     0.0 20934.1   3340.0  1848.0  2618.4
  1864 -106.014   0.000   0.000   0.000 -106.014   645023.3 277135.7 157540.3     0.0 29954.5   3472.4  2422.8  2826.1
  1865  48.131  -0.000   0.000   0.000  48.130   675233.0 266059.0 163641.4     0.0 28083.1   4482.0  3378.3  3551.4
  1866 -93.768  -0.000   0.000   0.000 -93.768   662432.8 281033.8 161210.5     0.0 26934.0   3416.7  3035.7  2690.4
  1867  83.890  -0.001   0.000   0.000  83.889   675155.9 217669.2 196258.1     0.0 25587.5   4115.3  5637.3  2929.4
  1868  47.636   0.000   0.000   0.000  47.636   627958.2 235536.4 144438.1     0.0 21710.2   3411.6  1119.5  2391.5
  1869 -125.950  -0.000   0.000   0.000 -125.950   686387.5 274503.2 216022.6     0.0 35111.5   3293.4  3047.5  2478.3
  1870  18.272  -0.000   0.000   0.000  18.272   693066.2 279671.2 176013.2     0.0 24767.3   4143.3  1512.4  3029.9

                 Carbon flux (ktC/yr)                    Water (dam3/yr)                Nitrogen (MgN/yr)
       --------------------------------------- ---------------------------------- --------------------------------
Spinup NEP     estab   harvest product NBP     transp     evap    interc  wd      nuptake ndemand  nlosses ninflux
------ ------- ------- ------- ------- ------- ---------- ------- ------- ------- ------- -------- ------- -------
  1871 -142.913   0.000   0.000   0.000 -142.913   653262.8 237328.2 177857.1     0.0 27063.2   3496.5  4964.4  2377.6
  1872 -28.668  -0.000   0.000   0.000 -28.668   689907.3 280332.8 177449.6     0.0 25089.4   3910.4  1794.8  3081.9
  1873  87.990  -0.000   0.000   0.000  87.990   729739.9 249640.8 182431.5     0.0 31830.9   4124.3  3284.9  2752.6
  1874 198.485  -0.000   0.000   0.000 198.485   740298.9 243610.9 186004.3     0.0 27954.7   4354.1  3465.2  2951.6
  1875  79.311   0.000   0.000   0.000  79.311   695591.8 203575.5 140983.5     0.0 23258.8   3952.1  2308.0  2947.7
  1876 -18.523   0.000   0.000   0.000 -18.523   684363.8 256843.6 173959.9     0.0 31449.8   4431.5  4731.1  3236.7
  1877 -44.583   0.000   0.000   0.000 -44.582   669561.6 272355.6 172935.8     0.0 26300.1   4268.0  3476.9  3057.0
  1878  20.939  -0.000   0.000   0.000  20.939   684286.0 261507.7 180287.9     0.0 29078.1   5377.6  1799.0  3501.3
  1879  19.776   0.000   0.000   0.000  19.777   661191.8 264413.0 179750.6     0.0 24665.4   3675.6  2263.0  2621.7
  1880 -93.311   0.000   0.000   0.000 -93.310   634480.1 239965.6 148331.4     0.0 22322.5   4084.6  2375.2  2806.7
  1881 -289.370   0.001   0.000   0.000 -289.370   617384.1 263833.6 173828.8     0.0 25155.9   3438.1  4929.0  2538.4
  1882  16.044   0.001   0.000   0.000  16.045   561940.4 293086.0 187415.1     0.0 24576.6   3135.2  2978.4  2441.0
  1883  66.895  -0.001   0.000   0.000  66.895   675373.8 250348.1 164391.4     0.0 30499.8   5880.7  3383.9  4327.8
  1884  86.149  -0.001   0.000   0.000  86.149   649659.4 250787.6 201186.0     0.0 23424.1   4408.9  3272.8  3509.8
  1885 238.810  -0.000   0.000   0.000 238.810   676338.2 241582.9 165674.5     0.0 23674.7   3977.8  1414.0  3273.6
  1886 -265.836   0.002   0.000   0.000 -265.835   582364.3 230647.8 137790.9     0.0 20732.4   3173.2  2160.5  2391.9
  1887 -42.661   0.000   0.000   0.000 -42.660   613292.5 261675.6 157114.3     0.0 23914.1   3953.7  3537.5  3215.1
  1888 -182.265  -0.000   0.000   0.000 -182.266   660987.7 235500.9 161866.5     0.0 32185.8   3647.8  7407.7  2799.8
  1889 -147.706   0.000   0.000   0.000 -147.705   549141.3 280720.6 187929.1     0.0 21281.7   3398.2  4684.2  2934.4
  1890 -64.890  -0.001   0.000   0.000 -64.891   656244.9 220066.3 186473.4     0.0 27813.8   4188.8  7250.2  3104.4
  1891 359.776  -0.001   0.000   0.000 359.775   725478.3 246820.8 170517.9     0.0 30022.1   4093.6  2197.6  2974.4
  1892 -66.560   0.000   0.000   0.000 -66.560   635767.3 259973.0 163951.0     0.0 23106.5   3773.3  1882.0  2847.8
  1893  -7.856   0.000   0.000   0.000  -7.856   623148.1 301301.7 163242.7     0.0 22915.9   4217.6  1136.7  2965.4
  1894 148.030   0.000   0.000   0.000 148.030   626023.6 202379.2 129035.7     0.0 25387.7   4245.5  1114.8  3444.7
  1895 -119.689   0.001   0.000   0.000 -119.688   614787.4 273285.9 159265.3     0.0 24902.9   4105.5  1863.3  3343.3

                 Carbon flux (ktC/yr)                    Water (dam3/yr)                Nitrogen (MgN/yr)
       --------------------------------------- ---------------------------------- --------------------------------
Spinup NEP     estab   harvest product NBP     transp     evap    interc  wd      nuptake ndemand  nlosses ninflux
------ ------- ------- ------- ------- ------- ---------- ------- ------- ------- ------- -------- ------- -------
  1896 -69.514  -0.000   0.000   0.000 -69.514   626427.9 280220.0 154820.3     0.0 27844.6   4311.2  2288.7  3400.9
  1897 156.381  -0.001   0.000   0.000 156.380   633361.6 291739.8 171495.7     0.0 24026.7   4989.4  1665.6  3704.1
  1898 298.932  -0.000   0.000   0.000 298.931   685668.2 239021.5 163711.2     0.0 26686.7   3723.3  1434.0  3140.5
  1899 -22.749   0.000   0.000   0.000 -22.748   611478.3 287816.2 181306.0     0.0 23827.7   3438.5  1589.3  2594.6
  1900  28.098  -0.000   0.000   0.000  28.097   684644.4 265940.8 169453.2     0.0 28032.2   3732.4  4024.5  3063.9

                 Carbon flux (ktC/yr)                    Water (dam3/yr)                Nitrogen (MgN/yr)
       --------------------------------------- ---------------------------------- --------------------------------
Year   NEP     estab   harvest product NBP     transp     evap    interc  wd      nuptake ndemand  nlosses ninflux
------ ------- ------- ------- ------- ------- ---------- ------- ------- ------- ------- -------- ------- -------
  1901 -33.453   0.000   0.000   0.000 -33.453   685580.1 281843.5 170366.0     0.0 26587.7   3754.2  2694.6  2968.1
  1902 -199.673   0.001   0.000   0.000 -199.671   550653.7 283309.2 197967.4     0.0 23086.7   3201.0  4899.3  2629.1
  1903  -2.461   0.001   0.000   0.000  -2.460   599817.9 266702.0 152316.0     0.0 24239.0   3642.4  4469.9  3162.8
  1904 -178.341   0.001   0.000   0.000 -178.340   626030.2 268962.3 161478.8     0.0 28071.5   4289.6  3263.2  3318.8
  1905 155.414  -0.001   0.000   0.000 155.414   678544.8 245229.5 162482.8     0.0 28223.3   5190.7  3096.0  3894.9
  1906 -176.192   0.000   0.000   0.000 -176.192   670780.6 288235.7 161789.2     0.0 26201.1   3597.5  5774.9  2729.9
  1907  43.374   0.000   0.000   0.000  43.374   561904.7 290648.8 185346.5     0.0 22613.6   3587.5  3708.8  2657.8
  1908 -281.455  -0.000   0.000   0.000 -281.455   636853.1 271190.0 203710.3     0.0 31576.1   5340.0  4889.1  3892.8
  1909 179.548  -0.001   0.000   0.000 179.547   692283.7 241821.0 164906.3     0.0 25851.9   4393.8  2647.8  3297.0
  1910 250.257  -0.001   0.000   0.000 250.257   724794.9 248445.7 176703.4     0.0 31883.4   3920.5  3835.8  2651.3
  1911 134.878  -0.000   0.000   0.000 134.878   662517.2 249161.4 170013.6     0.0 23937.7   4053.3  2627.2  2914.7
  1912 -177.829   0.000   0.000   0.000 -177.828   644937.4 299385.2 175189.7     0.0 21250.3   3875.0  2065.7  2784.7
  1913   6.333   0.000   0.000   0.000   6.333   643204.9 257995.9 167035.9     0.0 29478.6   4211.2  3263.6  2958.4
  1914  93.002  -0.000   0.000   0.000  93.002   656778.3 218154.7 196587.3     0.0 23869.5   5013.7  4230.3  3385.4
  1915 128.451  -0.000   0.000   0.000 128.451   674301.1 261581.7 176376.8     0.0 27112.2   4779.2  1331.9  3232.1
  1916 119.601  -0.000   0.000   0.000 119.601   678495.4 257082.8 216092.5     0.0 26776.3   4128.5  2679.9  3132.7
  1917  36.385   0.001   0.000   0.000  36.385   627256.4 238219.7 147853.9     0.0 21894.1   3978.3  1795.4  2777.1
  1918 -21.694   0.000   0.000   0.000 -21.694   655680.7 267116.7 168560.1     0.0 26490.8   3669.5  3112.9  2754.1
  1919 166.475  -0.001   0.000   0.000 166.475   780116.8 271839.4 182684.5     0.0 31479.2   4497.9  4719.1  3495.7
  1920 -111.339   0.000   0.000   0.000 -111.338   623151.9 256133.2 176036.5     0.0 20348.9   3557.1  3751.9  2499.6
  1921  80.998  -0.000   0.000   0.000  80.998   722430.1 254764.0 192842.1     0.0 33103.0   4275.4  2107.8  3178.6
  1922  85.327  -0.000   0.000   0.000  85.327   708038.1 262771.9 177797.2     0.0 24982.4   4303.9  4689.3  3349.1
  1923 -122.517   0.000   0.000   0.000 -122.516   648324.4 269699.0 200086.1     0.0 28727.4   3432.7  3351.4  2223.1
  1924 -94.477   0.001   0.000   0.000 -94.476   602096.7 222569.7 145251.0     0.0 20620.2   3991.2  3059.4  2705.7
  1925  60.442  -0.000   0.000   0.000  60.442   666426.6 275990.2 193961.1     0.0 29439.3   4849.5  1994.5  3533.9

                 Carbon flux (ktC/yr)                    Water (dam3/yr)                Nitrogen (MgN/yr)
       --------------------------------------- ---------------------------------- --------------------------------
Year   NEP     estab   harvest product NBP     transp     evap    interc  wd      nuptake ndemand  nlosses ninflux
------ ------- ------- ------- ------- ------- ---------- ------- ------- ------- ------- -------- ------- -------
  1926  20.193   0.000   0.000   0.000  20.193   628418.3 291724.5 186248.6     0.0 22538.8   4767.7  2204.3  3624.0
  1927 -77.061   0.000   0.000   0.000 -77.061   648767.5 266022.0 164575.2     0.0 29120.3   4037.5  2823.8  2945.2
  1928 176.645  -0.000   0.000   0.000 176.645   656390.1 208362.5 130975.1     0.0 24056.3   5522.3  2205.5  4142.6
  1929  11.280  -0.000   0.000   0.000  11.280   625103.1 237903.0 170705.7     0.0 28295.0   4964.1  4085.9  3517.0
  1930  35.707  -0.000   0.000   0.000  35.707   685823.9 258478.3 171909.0     0.0 24962.3   4983.9  3652.0  3921.7
  1931  62.440   0.000   0.000   0.000  62.440   727950.0 231097.8 191950.6     0.0 27447.9   4881.2  3910.5  3630.7
  1932 201.292  -0.000   0.000   0.000 201.292   706277.6 246118.7 179047.6     0.0 29298.3   4209.6  2946.5  3149.1
  1933 314.070  -0.000   0.000   0.000 314.069   732662.6 262485.1 173950.9     0.0 31005.4   4568.1  4817.5  3217.5
  1934  50.735   0.000   0.000   0.000  50.735   694254.0 269457.7 156984.5     0.0 28333.4   4596.0  2441.4  3164.8
  1935 -12.386  -0.000   0.000   0.000 -12.386   682672.6 270892.5 241517.4     0.0 27382.7   4480.0 10297.0  3239.3
  1936 -11.023   0.000   0.000   0.000 -11.023   668564.7 260064.5 242706.7     0.0 26247.3   3443.3  8334.5  2407.4
  1937  44.568  -0.000   0.000   0.000  44.568   789235.9 254171.3 208459.9     0.0 33117.0   5126.7  2313.1  3666.8
  1938 -79.915   0.000   0.000   0.000 -79.915   739467.0 235440.2 197365.6     0.0 23785.1   3882.0  2480.6  2324.6
  1939 -48.266   0.000   0.000   0.000 -48.265   659271.9 271756.4 226458.5     0.0 26146.7   3981.1  3062.1  2574.0
  1940  50.438  -0.000   0.000   0.000  50.437   708542.9 244929.8 174454.2     0.0 28334.9   5724.6  3127.8  3928.1
  1941 -268.994   0.001   0.000   0.000 -268.993   690635.0 303718.1 280474.6     0.0 30234.1   4038.3  8462.6  2540.7
  1942  55.965  -0.000   0.000   0.000  55.965   711465.7 190621.8 124198.5     0.0 25688.7   5429.0  2557.0  3313.3
  1943 -153.463  -0.000   0.000   0.000 -153.463   709571.5 240338.0 200009.1     0.0 30567.4   4684.6  4358.7  3064.7
  1944  30.676  -0.000   0.000   0.000  30.676   801103.8 215248.5 224679.0     0.0 27144.0   5394.6  3999.6  3739.2
  1945  33.237   0.001   0.000   0.000  33.238   640642.1 214877.9 185089.8     0.0 27829.0   3014.6  5093.0  2004.9
  1946 -66.707  -0.000   0.000   0.000 -66.708   732272.1 268828.1 215251.0     0.0 28958.2   6507.2  4643.2  4590.0
  1947 127.527  -0.000   0.000   0.000 127.527   666408.1 270260.0 225078.7     0.0 23147.5   4785.9  3186.9  3562.5
  1948 -278.620   0.000   0.000   0.000 -278.620   653945.5 264995.3 205386.5     0.0 26547.3   4371.9  3378.2  3036.6
  1949 113.709  -0.001   0.000   0.000 113.708   768504.5 292990.9 256973.6     0.0 34993.4   5891.9  3828.5  4446.2
  1950 146.780   0.000   0.000   0.000 146.780   670933.5 273764.9 166871.8     0.0 24837.5   5101.0  2084.8  3349.1

                 Carbon flux (ktC/yr)                    Water (dam3/yr)                Nitrogen (MgN/yr)
       --------------------------------------- ---------------------------------- --------------------------------
Year   NEP     estab   harvest product NBP     transp     evap    interc  wd      nuptake ndemand  nlosses ninflux
------ ------- ------- ------- ------- ------- ---------- ------- ------- ------- ------- -------- ------- -------
  1951 237.627  -0.000   0.000   0.000 237.627   732783.0 288609.9 193591.0     0.0 33224.7   4830.7  2313.3  3879.8
  1952 -79.856  -0.000   0.000   0.000 -79.856   695545.8 244529.3 216470.9     0.0 29124.4   6136.6  2634.0  3753.1
  1953  60.193   0.000   0.000   0.000  60.193   692149.0 201568.0 154733.1     0.0 22546.7   4468.0  4489.3  2789.8
  1954 -91.071   0.000   0.000   0.000 -91.071   682112.3 256735.6 212291.8     0.0 25322.7   4616.8  6631.4  3743.6
  1955 -16.977  -0.000   0.000   0.000 -16.978   755186.8 279344.1 250752.5     0.0 31814.0   4381.6  5141.6  3327.8
  1956 -129.740   0.001   0.000   0.000 -129.739   641358.5 261672.7 203755.4     0.0 24218.5   3993.0 10059.7  2847.0
  1957 -69.401   0.000   0.000   0.000 -69.401   664644.3 282382.2 217147.0     0.0 33722.5   4994.7  5582.8  3564.1
  1958 -185.232  -0.000   0.000   0.000 -185.232   657918.2 266772.0 182219.8     0.0 22447.9   5951.1  4808.4  3817.1
  1959 257.337   0.000   0.000   0.000 257.337   646750.0 298915.5 267943.4     0.0 23260.4   4038.6 12291.1  3202.9
  1960 -28.753  -0.000   0.000   0.000 -28.753   694529.8 276019.5 264111.4     0.0 33739.0   4632.5  9013.8  3409.3
  1961 -164.267   0.001   0.000   0.000 -164.267   658921.6 265753.8 228303.3     0.0 24119.6   4082.1  4090.9  3085.7
  1962 -163.689  -0.000   0.000   0.000 -163.689   679587.4 322621.3 327247.6     0.0 35299.5   4656.1 11538.5  3411.3
  1963  21.990  -0.001   0.000   0.000  21.990   723953.6 277796.2 260392.6     0.0 29117.5   4784.9 11809.5  3235.0
  1964 125.197  -0.000   0.000   0.000 125.197   703964.8 300518.3 255413.7     0.0 25276.5   3936.0  8988.9  2877.6
  1965 196.748  -0.000   0.000   0.000 196.748   715781.1 260132.7 242393.8     0.0 27837.3   3880.7  7632.3  3135.6
  1966  86.000   0.000   0.000   0.000  86.001   680484.3 308024.7 304032.5     0.0 28228.9   4368.8 11462.2  3491.7
  1967 -41.355   0.000   0.000   0.000 -41.355   720780.0 269980.0 189061.4     0.0 30195.9   4603.5  5025.1  3800.1
  1968 -141.305   0.001   0.000   0.000 -141.304   688706.4 253113.7 181785.8     0.0 30806.0   4771.0  6833.0  3376.7
  1969 -143.126   0.000   0.000   0.000 -143.126   634089.2 251235.6 151090.0     0.0 25884.7   5123.2  9535.7  3405.8
  1970   3.765  -0.000   0.000   0.000   3.764   731068.6 263461.3 229180.7     0.0 28582.5   4800.2  8082.5  3928.8
  1971  44.166  -0.001   0.000   0.000  44.165   718242.3 238885.5 172892.9     0.0 32991.6   4445.2  4642.2  3574.4
  1972 227.428  -0.000   0.000   0.000 227.427   699013.5 279359.7 233862.9     0.0 27031.6   4815.3  6286.6  4082.8
  1973 -101.544  -0.000   0.000   0.000 -101.544   716831.5 283542.4 298111.2     0.0 35997.6   4825.4 17684.2  3798.8
  1974 256.485  -0.000   0.000   0.000 256.484   761915.8 314108.5 303369.4     0.0 26370.4   5156.2  7385.4  4056.9
  1975 348.889  -0.000   0.000   0.000 348.888   757894.2 318868.1 375956.3     0.0 32370.3   4970.4 14847.1  3945.7

                 Carbon flux (ktC/yr)                    Water (dam3/yr)                Nitrogen (MgN/yr)
       --------------------------------------- ---------------------------------- --------------------------------
Year   NEP     estab   harvest product NBP     transp     evap    interc  wd      nuptake ndemand  nlosses ninflux
------ ------- ------- ------- ------- ------- ---------- ------- ------- ------- ------- -------- ------- -------
  1976 226.514  -0.000   0.000   0.000 226.513   801342.6 284848.8 292062.7     0.0 38023.6   4534.6  6352.2  3344.7
  1977 474.006  -0.000   0.000   0.000 474.005   811752.6 281831.5 301369.1     0.0 29027.0   5913.6  7396.0  4591.9
  1978 248.989   0.000   0.000   0.000 248.989   698801.0 283190.4 289138.8     0.0 26445.2   4743.0 13821.9  4159.0
  1979 -193.619   0.001   0.000   0.000 -193.618   629977.3 327752.9 280968.4     0.0 22759.6   5594.4  5967.4  4799.9
  1980 -290.852   0.001   0.000   0.000 -290.851   669836.5 245141.6 246267.5     0.0 30451.6   6208.2  3983.5  4819.3
  1981 -23.135   0.000   0.000   0.000 -23.134   748843.6 287831.7 182639.8     0.0 31744.7   5252.4  3407.2  4756.4
  1982 -178.965   0.000   0.000   0.000 -178.965   622535.9 322021.5 209883.4     0.0 24188.6   5545.5  3218.9  4440.2
  1983 -320.627   0.000   0.000   0.000 -320.626   641013.1 329043.4 207668.4     0.0 27894.9   5368.3  3454.6  4626.5
  1984 -119.780  -0.000   0.000   0.000 -119.781   719447.5 301040.6 257484.1     0.0 27691.3   6633.8 11554.6  5675.6
  1985 128.982   0.000   0.000   0.000 128.982   631158.9 310373.5 208765.8     0.0 21394.0   5858.9  3434.4  5115.7
  1986 -149.371   0.000   0.000   0.000 -149.370   670439.7 337806.1 264868.9     0.0 27876.0   4966.7  4843.1  4897.6
  1987 -63.039  -0.000   0.000   0.000 -63.039   721353.8 319224.1 248727.7     0.0 28717.4   6353.1  3962.4  5772.1
  1988 -153.680  -0.000   0.000   0.000 -153.680   700014.8 303825.9 238030.5     0.0 25347.4   5152.6  7077.4  4722.9
  1989  65.068  -0.000   0.000   0.000  65.068   701459.8 304994.2 308340.9     0.0 31528.8   4042.5  5472.7  3398.2
  1990 -61.749   0.000   0.000   0.000 -61.749   733261.6 332788.8 201870.9     0.0 32831.8   3937.1  4607.4  3272.9
  1991  -0.228  -0.001   0.000   0.000  -0.229   737691.3 284524.4 256771.2     0.0 31138.0   4756.9 11524.7  3875.2
  1992 128.830  -0.000   0.000   0.000 128.830   755275.1 331801.6 230368.3     0.0 29378.1   3954.0  9171.5  3387.8
  1993 255.324  -0.000   0.000   0.000 255.324   739250.2 294551.4 293118.6     0.0 32922.4   4711.2 11768.2  3825.5
  1994 337.269  -0.000   0.000   0.000 337.269   782631.0 270428.5 232696.1     0.0 31882.3   5216.9  6955.9  4207.8
  1995  17.558   0.000   0.000   0.000  17.558   648616.1 262280.4 244567.4     0.0 24805.3   4965.6  7787.0  3447.2
  1996  24.860   0.001   0.000   0.000  24.861   639377.5 284811.2 292092.9     0.0 31321.7   5151.5 17691.2  4417.5
  1997 -137.242   0.000   0.000   0.000 -137.241   659283.2 287708.4 274177.0     0.0 24958.4   6695.2 14236.0  5348.8
  1998   3.422  -0.000   0.000   0.000   3.422   718767.7 269980.4 180651.8     0.0 31080.7   6530.8  2263.7  5051.0
  1999  79.995  -0.000   0.000   0.000  79.994   704957.5 282232.6 273334.6     0.0 25688.1   5494.1  3255.5  4850.3
  2000  99.046   0.000   0.000   0.000  99.047   677254.0 289010.2 338199.0     0.0 30575.1   4379.0  7311.6  3886.2

                 Carbon flux (ktC/yr)                    Water (dam3/yr)                Nitrogen (MgN/yr)
       --------------------------------------- ---------------------------------- --------------------------------
Year   NEP     estab   harvest product NBP     transp     evap    interc  wd      nuptake ndemand  nlosses ninflux
------ ------- ------- ------- ------- ------- ---------- ------- ------- ------- ------- -------- ------- -------
  2001 164.824  -0.000   0.000   0.000 164.824   723412.6 307782.2 248695.8     0.0 32579.0   5418.5  3457.4  4666.9
  2002 -10.489   0.001   0.000   0.000 -10.488   594288.0 286396.4 239391.7     0.0 23984.4   5114.9  9307.4  4479.8
  2003 -109.815  -0.000   0.000   0.000 -109.815   690124.8 294797.8 281701.6     0.0 30973.9   6874.8  5304.8  5869.6
  2004 -13.812   0.001   0.000   0.000 -13.811   557112.2 278125.1 178847.3     0.0 18598.3   5265.5  2135.7  4396.2
  2005 -222.184  -0.000   0.000   0.000 -222.184   643195.6 307164.3 281368.0     0.0 28231.3   6952.3  6182.4  5899.1
  2006  61.656  -0.000   0.000   0.000  61.656   734549.4 274574.5 222843.0     0.0 29652.7   6611.1  2488.1  6209.8
  2007 -114.817   0.000   0.000   0.000 -114.817   591197.9 319579.0 202970.1     0.0 24627.0   5733.4  3373.1  4811.2
  2008 -35.275   0.000   0.000   0.000 -35.275   641914.9 282487.3 181733.8     0.0 31777.1   5841.7  2905.6  5139.1
  2009  14.611  -0.000   0.000   0.000  14.611   653090.4 325199.4 227261.7     0.0 25484.1   6424.0  3985.0  5582.2
  2010   8.677  -0.000   0.000   0.000   8.677   676271.0 322661.6 232831.1     0.0 29583.2   6252.7  5939.4  5565.5
  2011 126.762  -0.000   0.000   0.000 126.762   622305.5 275651.8 168322.1     0.0 24957.6   5367.7  2791.7  5022.7
  2012 -91.776   0.000   0.000   0.000 -91.775   668537.5 297024.6 255704.4     0.0 33150.9   5990.1  8917.0  5294.2
  2013 240.045  -0.000   0.000   0.000 240.045   711449.0 292590.0 255577.3     0.0 31461.4   5581.7  8353.3  4782.8
  2014 163.611  -0.000   0.000   0.000 163.611   682638.5 319751.6 236949.0     0.0 32265.9   5243.2  6661.4  4421.8
  2015  92.386  -0.000   0.000   0.000  92.385   687229.0 306540.7 266126.5     0.0 31408.1   6437.7  4941.3  4974.7
  2016 240.770  -0.000   0.000   0.000 240.769   762831.4 302655.9 279631.4     0.0 31322.8   5702.5 14225.4  4646.6
  2017 449.857  -0.000   0.000   0.000 449.857   787377.6 303834.5 245376.5     0.0 33197.3   5641.5  6385.2  4688.3
  2018 172.282   0.000   0.000   0.000 172.283   702203.9 278166.4 258537.7     0.0 31136.8   3571.4 12247.7  2715.3
  2019 386.955  -0.000   0.000   0.000 386.954   694106.8 294334.8 378651.9     0.0 38196.8   5166.5 24428.8  3654.4
Simulation ended.
lpjml successfully terminated, 63 grid cells processed.
Wall clock time:	321 sec, 0.017 sec/cell/year.
Total wall clock time:	329 sec (00:05:29).
