--------------------------------------
Running config: /home/druijsch/LPJmL5/dev15oct2025/config_files/2026_04_08_run_for_10_locations/boreal_needleleaved_evergreen_tree/spinup/configs/boreal_needleleaved_evergreen_tree_patch8_config_restart_MM.cjson
SLURM task ID: 9
Node: tcn287.local.snellius.surf.nl
--------------------------------------
******************************************************************************
****        _     ____     _           _       ____        _  ___         ****
****       | |   |  _ \   | |_ __ ___ | |     | ___|      / |/ _ \        ****
****       | |   | |_) |  | | '_ ` _ \| |     |___ \      | | | | |       ****
****       | |___|  __/ |_| | | | | | | |___   ___) |  _  | | |_| |       ****
****       |_____|_|   \___/|_| |_| |_|_____| |____/  (_) |_|\___/        ****
****                                                                      ****
****                 lpjml C Version 5.10.1 (Apr 14 2026)                 ****
****    Dynamic global vegetation model with natural and managed land     ****
****                     Compiled for Linux with MPI                      ****
****       (C) Potsdam Institute for Climate Impact Research (PIK),       ****
****                          see COPYRIGHT file                          ****
****              Authors, and contributors see AUTHORS file              ****
**** This version of LPJmL is licensed under GNU AGPL Version 3 or later  ****
****        See LICENSE file or go to http://www.gnu.org/licenses/        ****
****                 or invoke lpjml -l to print license                  ****
****      https://gitlab.pik-potsdam.de/lpjml/wur_team/lpjml-wur.git      ****
****          GIT hash: 5e6f8e1bb5c5d5f3357da68b6c43e9517864f3c2          ****
****                                                                      ****
******************************************************************************

Running for user druijsch on tcn287.local.snellius.surf.nl at Wed Apr 15 09:47:01 2026
Reading configuration from '/home/druijsch/LPJmL5/dev15oct2025/config_files/2026_04_08_run_for_10_locations/boreal_needleleaved_evergreen_tree/spinup/configs/boreal_needleleaved_evergreen_tree_patch8_config_restart_MM.cjson'.
==============================================================================
/----------------------------------------------------------\
|institution: Potsdam Institute for Climate Impact Research|
|contact:                                                  |
|comment:                                                  |
\----------------------------------------------------------/
Simulation "LPJmL Run" running on 50 tasks
Simulation with shuffle spinup climate, nitrogen limitation, permafrost, 
Johansen conductivity, with monthly mortality, percolation heattransfer, 
GSI phenology, NPP controlled BNF, land use, potential irrigation, 
others to crop "maize" and "temperate cereals", land-use change timber, 
fixed residue remove, with auto fertilizer, pft.cjson LAImax, 
livestock grazing, bondau2007 crop PHU option, separate harvests.
Cultivation types: none, biomass, annual crop
Working directory: /gpfs/home5/druijsch
cpp processed configuration file written to `/projects/prjs2023/chapter3/lpjml_output/2026_04_08_run_for_10_locations/boreal_needleleaved_evergreen_tree/patch_8/`.
Starting from restart file '/home/druijsch/LPJmL5/dev15oct2025/restart/2026_04_08_run_for_10_locations/boreal_needleleaved_evergreen_tree/patch_8/restart_1901_nv_stdfire.lpj'.
Input files:
Variable     Fmt  Varname  Filename
------------ ---- -------- ---------------------------------------------------
soil         cdf  soilcode /projects/prjs2023/chapter3/lpjml_input/run_for_10_locations/boreal_needleleaved_evergreen_tree/patch_8/soil.nc
temp         cdf  tas      /projects/prjs2023/chapter3/lpjml_input/run_for_10_locations/boreal_needleleaved_evergreen_tree/patch_8/temp.nc
prec         cdf  pr       /projects/prjs2023/chapter3/lpjml_input/run_for_10_locations/boreal_needleleaved_evergreen_tree/patch_8/prec.nc
lwdown       cdf  rlds     /projects/prjs2023/chapter3/lpjml_input/run_for_10_locations/boreal_needleleaved_evergreen_tree/patch_8/lwdown.nc
swdown       cdf  rsds     /projects/prjs2023/chapter3/lpjml_input/run_for_10_locations/boreal_needleleaved_evergreen_tree/patch_8/swdown.nc
no3_depo     cdf  noy      /projects/prjs2023/chapter3/lpjml_input/ndep-noy_histsoc_monthly_1901_2021_units.nc
nh4_depo     cdf  nhx      /projects/prjs2023/chapter3/lpjml_input/ndep-nhx_histsoc_monthly_1901_2021_units.nc
soilpH       cdf  soil_ph  /projects/prjs2023/chapter3/lpjml_input/hwsd_soil_data_all_land_oceanfilled.nc
co2          txt           /projects/prjs2023/chapter3/lpjml_input/co2_1832-2023.dat
windspeed    cdf  sfcwind  /projects/prjs2023/chapter3/lpjml_input/run_for_10_locations/boreal_needleleaved_evergreen_tree/patch_8/wind.nc
countries    cdf  country  /projects/prjs2023/chapter3/lpjml_input/regridded_cow_full_2018_5min_reduced_filled.nc
landuse      cdf  CFTfrac  /projects/prjs2023/chapter3/lpjml_input/MAPSPAM_2020_crops_filled_ESA_01deg_v7.nc
------------ ---- -------- ---------------------------------------------------
Writing restart file '/home/druijsch/LPJmL5/dev15oct2025/restart/2026_04_08_run_for_10_locations/boreal_needleleaved_evergreen_tree/patch_8/restart_1960_crop_stdfire.lpj' after year 1960.
Reading random seeds from restart file.
Number of output files:       65
Output written in year:       1901
Byte order in output files:   little endian

Compression level for NetCDF: 3
Missing value in NetCDF:      -1e+32
Base year in NetCDF:          1901
NetCDF grid:                  local
Variable            Fmt  Unit        Type   tstep nbd Filename
------------------- ---- ----------- ------ ----- --- -------------------------
albedo              cdf  -           float  month   1 /projects/prjs2023/chapter3/lpjml_output/2026_04_08_run_for_10_locations/boreal_needleleaved_evergreen_tree/patch_8/output/malbedo.nc + .json
cftfrac             cdf  -           float  year   32 /projects/prjs2023/chapter3/lpjml_output/2026_04_08_run_for_10_locations/boreal_needleleaved_evergreen_tree/patch_8/output/cftfrac.nc + .json
discharge           cdf  hm3/day     float  month   1 /projects/prjs2023/chapter3/lpjml_output/2026_04_08_run_for_10_locations/boreal_needleleaved_evergreen_tree/patch_8/output/mdischarge.nc + .json
evap                cdf  mm/month    float  month   1 /projects/prjs2023/chapter3/lpjml_output/2026_04_08_run_for_10_locations/boreal_needleleaved_evergreen_tree/patch_8/output/mevap.nc + .json
fapar               cdf  -           float  month   1 /projects/prjs2023/chapter3/lpjml_output/2026_04_08_run_for_10_locations/boreal_needleleaved_evergreen_tree/patch_8/output/mfapar.nc + .json
firec               cdf  gC/m2/yr    float  year    1 /projects/prjs2023/chapter3/lpjml_output/2026_04_08_run_for_10_locations/boreal_needleleaved_evergreen_tree/patch_8/output/firec.nc + .json
firef               cdf  1           float  year    1 /projects/prjs2023/chapter3/lpjml_output/2026_04_08_run_for_10_locations/boreal_needleleaved_evergreen_tree/patch_8/output/firef.nc + .json
flux_estabc         cdf  gC/m2/yr    float  year    1 /projects/prjs2023/chapter3/lpjml_output/2026_04_08_run_for_10_locations/boreal_needleleaved_evergreen_tree/patch_8/output/flux_estab.nc + .json
fpc                 cdf  -           float  month  12 /projects/prjs2023/chapter3/lpjml_output/2026_04_08_run_for_10_locations/boreal_needleleaved_evergreen_tree/patch_8/output/fpc.nc + .json
globalflux          txt  -           float  year    1 /projects/prjs2023/chapter3/lpjml_output/2026_04_08_run_for_10_locations/boreal_needleleaved_evergreen_tree/patch_8/output/globalflux.csv + .json
gpp                 cdf  gC/m2/month float  month   1 /projects/prjs2023/chapter3/lpjml_output/2026_04_08_run_for_10_locations/boreal_needleleaved_evergreen_tree/patch_8/output/mgpp.nc + .json
litc                cdf  gC/m2       float  year    1 /projects/prjs2023/chapter3/lpjml_output/2026_04_08_run_for_10_locations/boreal_needleleaved_evergreen_tree/patch_8/output/litc.nc + .json
litn                cdf  gN/m2       float  year    1 /projects/prjs2023/chapter3/lpjml_output/2026_04_08_run_for_10_locations/boreal_needleleaved_evergreen_tree/patch_8/output/litn.nc + .json
npp                 cdf  gC/m2/month float  month   1 /projects/prjs2023/chapter3/lpjml_output/2026_04_08_run_for_10_locations/boreal_needleleaved_evergreen_tree/patch_8/output/mnpp.nc + .json
nuptake             cdf  gN/m2/month float  month   1 /projects/prjs2023/chapter3/lpjml_output/2026_04_08_run_for_10_locations/boreal_needleleaved_evergreen_tree/patch_8/output/mnuptake.nc + .json
pet                 cdf  mm/month    float  month   1 /projects/prjs2023/chapter3/lpjml_output/2026_04_08_run_for_10_locations/boreal_needleleaved_evergreen_tree/patch_8/output/mpet.nc + .json
pft_chawo           cdf  gC/m2       float  year   43 /projects/prjs2023/chapter3/lpjml_output/2026_04_08_run_for_10_locations/boreal_needleleaved_evergreen_tree/patch_8/output/pft_chawo.nc + .json
pft_cleaf           cdf  gC/m2       float  year   43 /projects/prjs2023/chapter3/lpjml_output/2026_04_08_run_for_10_locations/boreal_needleleaved_evergreen_tree/patch_8/output/pft_cleaf.nc + .json
pft_croot           cdf  gC/m2       float  year   43 /projects/prjs2023/chapter3/lpjml_output/2026_04_08_run_for_10_locations/boreal_needleleaved_evergreen_tree/patch_8/output/pft_croot.nc + .json
pft_csapw           cdf  gC/m2       float  year   43 /projects/prjs2023/chapter3/lpjml_output/2026_04_08_run_for_10_locations/boreal_needleleaved_evergreen_tree/patch_8/output/pft_csapw.nc + .json
pft_fpar            cdf  -           float  month  43 /projects/prjs2023/chapter3/lpjml_output/2026_04_08_run_for_10_locations/boreal_needleleaved_evergreen_tree/patch_8/output/pft_fpar.nc + .json
pft_gpp             cdf  gC/m2/month float  month  43 /projects/prjs2023/chapter3/lpjml_output/2026_04_08_run_for_10_locations/boreal_needleleaved_evergreen_tree/patch_8/output/pft_gpp.nc + .json
pft_laimax          cdf  m2/m2       float  year   43 /projects/prjs2023/chapter3/lpjml_output/2026_04_08_run_for_10_locations/boreal_needleleaved_evergreen_tree/patch_8/output/pft_laimax.nc + .json
pft_mort            cdf  1/month     float  month  11 /projects/prjs2023/chapter3/lpjml_output/2026_04_08_run_for_10_locations/boreal_needleleaved_evergreen_tree/patch_8/output/pft_mort.nc + .json
pft_mort_background cdf  1/month     float  month  11 /projects/prjs2023/chapter3/lpjml_output/2026_04_08_run_for_10_locations/boreal_needleleaved_evergreen_tree/patch_8/output/pft_mort_background.nc + .json
pft_mort_drought    cdf  1/month     float  month  11 /projects/prjs2023/chapter3/lpjml_output/2026_04_08_run_for_10_locations/boreal_needleleaved_evergreen_tree/patch_8/output/pft_mort_drought.nc + .json
pft_mort_heat       cdf  1/month     float  month  11 /projects/prjs2023/chapter3/lpjml_output/2026_04_08_run_for_10_locations/boreal_needleleaved_evergreen_tree/patch_8/output/pft_mort_heat.nc + .json
pft_nind            cdf  ind/m²     float  month  11 /projects/prjs2023/chapter3/lpjml_output/2026_04_08_run_for_10_locations/boreal_needleleaved_evergreen_tree/patch_8/output/pft_nind.nc + .json
pft_nleaf           cdf  gN/m2       float  year   43 /projects/prjs2023/chapter3/lpjml_output/2026_04_08_run_for_10_locations/boreal_needleleaved_evergreen_tree/patch_8/output/pft_nleaf.nc + .json
pft_npp             cdf  gC/m2/yr    float  year   43 /projects/prjs2023/chapter3/lpjml_output/2026_04_08_run_for_10_locations/boreal_needleleaved_evergreen_tree/patch_8/output/pft_npp.nc + .json
pft_nroot           cdf  gN/m2       float  year   43 /projects/prjs2023/chapter3/lpjml_output/2026_04_08_run_for_10_locations/boreal_needleleaved_evergreen_tree/patch_8/output/pft_nroot.nc + .json
pft_nuptake         cdf  gN/m2/yr    float  year   43 /projects/prjs2023/chapter3/lpjml_output/2026_04_08_run_for_10_locations/boreal_needleleaved_evergreen_tree/patch_8/output/pft_nuptake.nc + .json
pft_phen            cdf  -           float  month  43 /projects/prjs2023/chapter3/lpjml_output/2026_04_08_run_for_10_locations/boreal_needleleaved_evergreen_tree/patch_8/output/pft_phen.nc + .json
pft_survive_frac    cdf  -           float  month  43 /projects/prjs2023/chapter3/lpjml_output/2026_04_08_run_for_10_locations/boreal_needleleaved_evergreen_tree/patch_8/output/pft_survive_frac.nc + .json
pft_vegc            cdf  gC/m2       float  year   43 /projects/prjs2023/chapter3/lpjml_output/2026_04_08_run_for_10_locations/boreal_needleleaved_evergreen_tree/patch_8/output/pft_vegc.nc + .json
pft_vegn            cdf  gN/m2       float  year   43 /projects/prjs2023/chapter3/lpjml_output/2026_04_08_run_for_10_locations/boreal_needleleaved_evergreen_tree/patch_8/output/pft_vegn.nc + .json
pft_water_demand    cdf  mm/yr       float  year   43 /projects/prjs2023/chapter3/lpjml_output/2026_04_08_run_for_10_locations/boreal_needleleaved_evergreen_tree/patch_8/output/pft_water_demand.nc + .json
phen_light          cdf  -           float  month   1 /projects/prjs2023/chapter3/lpjml_output/2026_04_08_run_for_10_locations/boreal_needleleaved_evergreen_tree/patch_8/output/mphen_light.nc + .json
phen_tmax           cdf  -           float  month   1 /projects/prjs2023/chapter3/lpjml_output/2026_04_08_run_for_10_locations/boreal_needleleaved_evergreen_tree/patch_8/output/mphen_tmax.nc + .json
phen_tmin           cdf  -           float  month   1 /projects/prjs2023/chapter3/lpjml_output/2026_04_08_run_for_10_locations/boreal_needleleaved_evergreen_tree/patch_8/output/mphen_tmin.nc + .json
phen_water          cdf  -           float  month   1 /projects/prjs2023/chapter3/lpjml_output/2026_04_08_run_for_10_locations/boreal_needleleaved_evergreen_tree/patch_8/output/mphen_water.nc + .json
rd                  cdf  gC/m2/month float  month   1 /projects/prjs2023/chapter3/lpjml_output/2026_04_08_run_for_10_locations/boreal_needleleaved_evergreen_tree/patch_8/output/rd.nc + .json
rh                  cdf  gC/m2/month float  month   1 /projects/prjs2023/chapter3/lpjml_output/2026_04_08_run_for_10_locations/boreal_needleleaved_evergreen_tree/patch_8/output/mrh.nc + .json
runoff              cdf  mm/month    float  month   1 /projects/prjs2023/chapter3/lpjml_output/2026_04_08_run_for_10_locations/boreal_needleleaved_evergreen_tree/patch_8/output/mrunoff.nc + .json
soilc               cdf  gC/m2       float  year    1 /projects/prjs2023/chapter3/lpjml_output/2026_04_08_run_for_10_locations/boreal_needleleaved_evergreen_tree/patch_8/output/soilc.nc + .json
soilc_layer         cdf  gC/m2       float  year    5 /projects/prjs2023/chapter3/lpjml_output/2026_04_08_run_for_10_locations/boreal_needleleaved_evergreen_tree/patch_8/output/soilc_layer.nc + .json
soiln               cdf  gN/m2       float  year    1 /projects/prjs2023/chapter3/lpjml_output/2026_04_08_run_for_10_locations/boreal_needleleaved_evergreen_tree/patch_8/output/soiln.nc + .json
soiln_layer         cdf  gN/m2       float  year    5 /projects/prjs2023/chapter3/lpjml_output/2026_04_08_run_for_10_locations/boreal_needleleaved_evergreen_tree/patch_8/output/soiln_layer.nc + .json
soilnh4             cdf  gN/m2       float  year    1 /projects/prjs2023/chapter3/lpjml_output/2026_04_08_run_for_10_locations/boreal_needleleaved_evergreen_tree/patch_8/output/soilnh4.nc + .json
soilnh4_layer       cdf  gN/m2       float  year    5 /projects/prjs2023/chapter3/lpjml_output/2026_04_08_run_for_10_locations/boreal_needleleaved_evergreen_tree/patch_8/output/soilnh4_layer.nc + .json
soilno3             cdf  gN/m2       float  year    1 /projects/prjs2023/chapter3/lpjml_output/2026_04_08_run_for_10_locations/boreal_needleleaved_evergreen_tree/patch_8/output/soilno3.nc + .json
soilno3_layer       cdf  gN/m2       float  year    5 /projects/prjs2023/chapter3/lpjml_output/2026_04_08_run_for_10_locations/boreal_needleleaved_evergreen_tree/patch_8/output/soilno3_layer.nc + .json
soiltemp1           cdf  Celsius     float  month   1 /projects/prjs2023/chapter3/lpjml_output/2026_04_08_run_for_10_locations/boreal_needleleaved_evergreen_tree/patch_8/output/msoiltemp1.nc + .json
soiltemp2           cdf  Celsius     float  month   1 /projects/prjs2023/chapter3/lpjml_output/2026_04_08_run_for_10_locations/boreal_needleleaved_evergreen_tree/patch_8/output/msoiltemp2.nc + .json
soiltemp3           cdf  Celsius     float  month   1 /projects/prjs2023/chapter3/lpjml_output/2026_04_08_run_for_10_locations/boreal_needleleaved_evergreen_tree/patch_8/output/msoiltemp3.nc + .json
swc1                cdf  1           float  month   1 /projects/prjs2023/chapter3/lpjml_output/2026_04_08_run_for_10_locations/boreal_needleleaved_evergreen_tree/patch_8/output/mswc1.nc + .json
swc2                cdf  1           float  month   1 /projects/prjs2023/chapter3/lpjml_output/2026_04_08_run_for_10_locations/boreal_needleleaved_evergreen_tree/patch_8/output/mswc2.nc + .json
swc3                cdf  1           float  month   1 /projects/prjs2023/chapter3/lpjml_output/2026_04_08_run_for_10_locations/boreal_needleleaved_evergreen_tree/patch_8/output/mswc3.nc + .json
swc4                cdf  1           float  month   1 /projects/prjs2023/chapter3/lpjml_output/2026_04_08_run_for_10_locations/boreal_needleleaved_evergreen_tree/patch_8/output/mswc4.nc + .json
swc5                cdf  1           float  month   1 /projects/prjs2023/chapter3/lpjml_output/2026_04_08_run_for_10_locations/boreal_needleleaved_evergreen_tree/patch_8/output/mswc5.nc + .json
transp              cdf  mm/month    float  month   1 /projects/prjs2023/chapter3/lpjml_output/2026_04_08_run_for_10_locations/boreal_needleleaved_evergreen_tree/patch_8/output/mtransp.nc + .json
vegc                cdf  gC/m2       float  year    1 /projects/prjs2023/chapter3/lpjml_output/2026_04_08_run_for_10_locations/boreal_needleleaved_evergreen_tree/patch_8/output/vegc.nc + .json
vegn                cdf  gN/m2       float  year    1 /projects/prjs2023/chapter3/lpjml_output/2026_04_08_run_for_10_locations/boreal_needleleaved_evergreen_tree/patch_8/output/vegn.nc + .json
wateramount         cdf  hm3         float  month   1 /projects/prjs2023/chapter3/lpjml_output/2026_04_08_run_for_10_locations/boreal_needleleaved_evergreen_tree/patch_8/output/mwateramount.nc + .json
wscal               cdf  -           float  month   1 /projects/prjs2023/chapter3/lpjml_output/2026_04_08_run_for_10_locations/boreal_needleleaved_evergreen_tree/patch_8/output/wscal.nc + .json
------------------- ---- ----------- ------ ----- --- -------------------------
Spinup years:                   180
Cycle length during spinup:      30
First year:                    1901
Last year:                     2019
Number of grid cells:            63
==============================================================================
Memory allocated for output: 7,096 bytes/cell
Simulation begins...
Spinup using climate starting from year 1901

                 Carbon flux (ktC/yr)                    Water (dam3/yr)                Nitrogen (MgN/yr)
       --------------------------------------- ---------------------------------- --------------------------------
Spinup NEP     estab   harvest product NBP     transp     evap    interc  wd      nuptake ndemand  nlosses ninflux
------ ------- ------- ------- ------- ------- ---------- ------- ------- ------- ------- -------- ------- -------
  1721 -50.518  -0.001   0.000   0.000 -50.519   711641.3 255036.0 185762.5     0.0 28667.0   3862.5  1164.2  2906.2
  1722 235.981  -0.000   0.000   0.000 235.980   708085.1 238198.5 171094.5     0.0 23483.6   3651.9  1078.2  2913.8
  1723 -58.450  -0.000   0.000   0.000 -58.450   685271.3 250317.6 176677.7     0.0 30091.4   3360.0  1814.9  2138.4
  1724 -68.898   0.000   0.000   0.000 -68.898   634637.5 237264.4 145014.9     0.0 22683.7   3602.5  1580.7  2382.6
  1725  20.725   0.001   0.000   0.000  20.725   638233.9 274049.4 159701.3     0.0 25548.8   2795.8  2501.3  2259.6
  1726 -61.904  -0.000   0.000   0.000 -61.904   698902.7 264195.1 171369.5     0.0 28790.0   3839.0  4404.4  3002.7
  1727 -310.262   0.000   0.000   0.000 -310.262   612241.9 256516.7 169918.1     0.0 21243.3   3583.3  4567.4  2644.5
  1728  12.348  -0.000   0.000   0.000  12.348   725197.6 254900.3 187450.6     0.0 33285.6   3891.6  2052.2  2857.7
  1729 -131.101  -0.000   0.000   0.000 -131.101   642770.9 264733.2 193011.6     0.0 24574.7   3245.8  2048.0  2260.8
  1730 127.697  -0.000   0.000   0.000 127.697   680657.9 248444.7 212636.5     0.0 28849.7   4324.9  3028.5  3211.8
  1731 407.221  -0.000   0.000   0.000 407.221   778506.6 268615.9 190267.3     0.0 27130.0   4342.5  2174.4  3331.3
  1732 147.204  -0.000   0.000   0.000 147.204   694306.9 277815.2 206245.6     0.0 25280.7   3862.5  1279.2  2655.3
  1733 135.094   0.000   0.000   0.000 135.094   666325.0 242316.0 184727.5     0.0 28182.8   5029.8  1174.7  3503.2
  1734  87.596   0.000   0.000   0.000  87.596   640406.5 276025.9 166753.8     0.0 24231.5   3485.4  1905.6  2538.1
  1735 -124.133   0.000   0.000   0.000 -124.132   557992.2 280823.3 204670.8     0.0 24334.3   3578.2  3039.0  2832.3
  1736 -250.478   0.001   0.000   0.000 -250.477   632555.8 306981.1 168095.6     0.0 23431.8   3924.3  1298.2  2790.2
  1737 -373.656   0.001   0.000   0.000 -373.655   547401.0 256453.1 167524.5     0.0 20232.2   3633.9  2208.3  2589.1
  1738  34.182   0.000   0.000   0.000  34.183   645153.7 267001.7 156907.6     0.0 33221.3   4347.8  2973.5  3279.2
  1739 -51.457  -0.000   0.000   0.000 -51.457   582418.9 222683.0 133617.8     0.0 18632.9   3977.1  1928.7  2917.1
  1740 123.112  -0.000   0.000   0.000 123.112   651895.1 257721.6 198976.8     0.0 28978.4   3987.3  2268.1  3230.9
  1741 173.212   0.000   0.000   0.000 173.212   592755.5 264832.2 152538.0     0.0 18811.8   3012.0  1712.2  2589.9
  1742  70.426   0.000   0.000   0.000  70.426   655141.4 209336.9 125395.9     0.0 28251.8   3846.9  1123.4  3154.8
  1743  47.139   0.000   0.000   0.000  47.139   580015.7 259787.5 147770.7     0.0 20462.9   3372.4  1586.7  2895.8
  1744  96.890   0.000   0.000   0.000  96.891   655794.1 247275.0 154486.4     0.0 31462.6   4986.2  1412.4  3898.9
  1745 -230.113  -0.000   0.000   0.000 -230.113   604334.4 236927.9 130003.8     0.0 19095.0   3415.8  2315.8  2595.6

                 Carbon flux (ktC/yr)                    Water (dam3/yr)                Nitrogen (MgN/yr)
       --------------------------------------- ---------------------------------- --------------------------------
Spinup NEP     estab   harvest product NBP     transp     evap    interc  wd      nuptake ndemand  nlosses ninflux
------ ------- ------- ------- ------- ------- ---------- ------- ------- ------- ------- -------- ------- -------
  1746 183.744  -0.000   0.000   0.000 183.744   682518.3 240142.4 157727.1     0.0 28260.1   3532.1  1139.9  2943.4
  1747 -112.218  -0.000   0.000   0.000 -112.218   636092.4 265957.5 162249.0     0.0 25534.3   3336.5  1520.0  2517.6
  1748 -63.415   0.000   0.000   0.000 -63.415   646690.3 267217.5 163683.6     0.0 25591.4   3703.6  1795.0  2810.0
  1749 -178.941   0.000   0.000   0.000 -178.941   609375.4 258245.0 162784.3     0.0 22003.0   3781.9  2932.6  2740.5
  1750 -41.987   0.000   0.000   0.000 -41.987   647719.5 303046.0 159367.4     0.0 24912.3   3316.0  1146.0  2385.6
  1751 107.686  -0.000   0.000   0.000 107.686   621978.5 241233.7 164561.0     0.0 27381.9   4247.3  1128.3  3059.2
  1752 -219.608   0.000   0.000   0.000 -219.607   615179.8 267359.4 163738.8     0.0 23579.9   3629.5  2559.3  2708.5
  1753  34.537   0.000   0.000   0.000  34.537   559246.4 279048.6 188183.8     0.0 25158.3   2959.0  2709.1  2427.4
  1754 154.989  -0.000   0.000   0.000 154.989   680278.9 243459.1 159986.2     0.0 27204.5   3937.0  1186.6  3271.4
  1755   1.928  -0.001   0.000   0.000   1.927   669460.2 264021.2 158946.6     0.0 30665.1   3788.3  3120.4  2806.6
  1756 184.724  -0.001   0.000   0.000 184.723   692481.4 260274.4 163387.6     0.0 27982.0   4367.1  2964.6  3164.3
  1757 206.876  -0.001   0.000   0.000 206.875   691615.4 275611.7 174268.4     0.0 23174.5   4115.9   968.3  3015.4
  1758 206.282  -0.000   0.000   0.000 206.281   756113.5 271388.4 188826.7     0.0 27140.9   4472.2  1732.6  3459.1
  1759 119.179  -0.000   0.000   0.000 119.179   702022.7 279089.8 182111.7     0.0 24855.9   3477.5  1090.3  2650.4
  1760 -71.418   0.001   0.000   0.000 -71.417   706079.8 268675.6 179817.0     0.0 26748.4   3894.6  2751.4  2956.5
  1761 219.557  -0.000   0.000   0.000 219.557   785406.1 273355.7 189023.4     0.0 29981.2   4581.4  2476.3  3514.6
  1762  74.866  -0.000   0.000   0.000  74.866   666714.4 265130.0 175471.9     0.0 20456.3   3400.7  2491.7  2533.5
  1763 -207.882   0.000   0.000   0.000 -207.881   705709.1 275328.7 222764.0     0.0 33810.2   3246.7  3769.0  2289.3
  1764 130.261  -0.000   0.000   0.000 130.261   689386.7 248976.1 170132.8     0.0 28538.6   4376.6  2222.8  3022.6
  1765  30.110  -0.000   0.000   0.000  30.110   723481.1 252888.3 182121.2     0.0 25034.1   4211.8  2423.9  2938.0
  1766 223.664  -0.000   0.000   0.000 223.664   754854.0 249883.7 187416.1     0.0 30255.4   4278.6  1851.4  2857.2
  1767 -84.297  -0.000   0.000   0.000 -84.297   727959.4 253320.8 204610.3     0.0 25913.7   4323.9  1113.8  3139.2
  1768 -116.533   0.000   0.000   0.000 -116.533   679428.7 261910.3 176280.8     0.0 26561.6   3857.7  1621.6  2659.7
  1769 111.278   0.000   0.000   0.000 111.278   690020.0 258584.6 219835.0     0.0 27803.5   5411.0  2191.9  3773.3
  1770  34.910   0.000   0.000   0.000  34.910   625376.4 240428.8 149315.8     0.0 20824.6   3931.3  1169.5  2589.4

                 Carbon flux (ktC/yr)                    Water (dam3/yr)                Nitrogen (MgN/yr)
       --------------------------------------- ---------------------------------- --------------------------------
Spinup NEP     estab   harvest product NBP     transp     evap    interc  wd      nuptake ndemand  nlosses ninflux
------ ------- ------- ------- ------- ------- ---------- ------- ------- ------- ------- -------- ------- -------
  1771 -79.316   0.000   0.000   0.000 -79.316   683414.4 241238.9 178575.1     0.0 34868.7   3660.5  3614.9  2548.5
  1772 -61.559   0.000   0.000   0.000 -61.559   678306.4 279812.6 198857.2     0.0 22019.1   4790.4  1102.7  3309.5
  1773 204.865  -0.000   0.000   0.000 204.865   728642.5 252120.3 181492.1     0.0 30604.7   4419.0  1934.1  3044.4
  1774 -137.253   0.000   0.000   0.000 -137.253   641722.8 261984.2 169943.0     0.0 23753.7   3809.7  1475.7  2710.4
  1775 177.472   0.001   0.000   0.000 177.472   656030.7 241456.5 169704.0     0.0 25281.2   5335.4   946.5  3940.1
  1776 -63.132   0.000   0.000   0.000 -63.131   599609.0 294377.1 181071.4     0.0 23799.2   4397.9  1007.3  3084.2
  1777  -2.627  -0.000   0.000   0.000  -2.627   656760.8 224256.0 193465.2     0.0 25195.4   3948.2  3513.8  2748.9
  1778  48.877   0.000   0.000   0.000  48.877   602156.5 263605.7 163869.2     0.0 19046.5   3635.9  1693.5  2804.7
  1779 -140.420   0.000   0.000   0.000 -140.420   671356.2 223619.0 190218.1     0.0 29524.8   3602.4  4129.2  2561.2
  1780  30.596   0.000   0.000   0.000  30.597   609206.2 263098.9 161320.0     0.0 19594.7   3610.5  1610.9  2788.4
  1781 -285.690   0.000   0.000   0.000 -285.690   648707.7 303932.9 158263.1     0.0 26468.7   3244.5   957.7  2389.8
  1782 -114.501   0.000   0.000   0.000 -114.500   581479.3 259402.0 157320.4     0.0 20907.5   3607.7  1626.2  2749.7
  1783 -43.470  -0.000   0.000   0.000 -43.470   718104.5 258566.5 159888.6     0.0 33115.9   3643.2  2580.6  2647.7
  1784 123.995  -0.001   0.000   0.000 123.994   683135.2 274798.4 180481.3     0.0 25971.3   3915.1  1139.6  2751.8
  1785  55.958  -0.001   0.000   0.000  55.957   680667.0 258829.6 205003.6     0.0 25429.9   3853.1  2768.2  3107.5
  1786 164.072  -0.000   0.000   0.000 164.072   684310.9 208247.0 132699.5     0.0 24473.6   3628.8  1170.0  2904.2
  1787 195.705  -0.000   0.000   0.000 195.705   738166.6 266664.4 182587.0     0.0 27781.6   4757.4  1962.2  3717.1
  1788 -140.218   0.000   0.000   0.000 -140.218   603318.8 258706.4 171497.7     0.0 20221.8   3519.9  2054.8  2673.9
  1789  53.358   0.002   0.000   0.000  53.360   543324.7 297243.2 182253.8     0.0 23990.3   3407.8  1130.3  2583.0
  1790 -207.377   0.001   0.000   0.000 -207.376   546728.6 226700.0 127021.9     0.0 21264.7   4865.4  1175.9  3587.2
  1791 208.383  -0.000   0.000   0.000 208.382   668245.6 252596.4 158185.5     0.0 31416.8   4789.0  1007.7  3660.3
  1792  55.856  -0.001   0.000   0.000  55.856   633741.5 252675.7 193312.1     0.0 22194.6   4240.1  1256.4  3429.3
  1793  17.345  -0.000   0.000   0.000  17.345   648312.2 280271.6 160621.6     0.0 23149.7   4092.9   631.1  3439.7
  1794 -178.758   0.001   0.000   0.000 -178.756   536714.6 289473.2 183878.0     0.0 22692.9   3285.5  1531.1  2825.7
  1795  46.063  -0.001   0.000   0.000  46.062   661963.5 262554.5 190292.1     0.0 29558.7   4397.9  2100.1  3493.4

                 Carbon flux (ktC/yr)                    Water (dam3/yr)                Nitrogen (MgN/yr)
       --------------------------------------- ---------------------------------- --------------------------------
Spinup NEP     estab   harvest product NBP     transp     evap    interc  wd      nuptake ndemand  nlosses ninflux
------ ------- ------- ------- ------- ------- ---------- ------- ------- ------- ------- -------- ------- -------
  1796 175.422  -0.001   0.000   0.000 175.421   705365.3 255845.6 162760.6     0.0 26150.5   3913.7  1524.9  2886.5
  1797 -28.800  -0.000   0.000   0.000 -28.801   659991.4 276531.4 159769.5     0.0 25049.1   3415.3  1719.8  2654.8
  1798 -21.287  -0.000   0.000   0.000 -21.287   651344.7 303210.4 161867.2     0.0 23274.3   3675.9   679.7  2573.8
  1799 -51.536  -0.000   0.000   0.000 -51.536   617244.8 258285.0 161008.4     0.0 26045.0   3279.4   877.2  2433.3
  1800 268.765   0.000   0.000   0.000 268.765   652351.5 238578.8 163308.7     0.0 24983.7   4588.2   554.5  3616.7
  1801  19.426  -0.000   0.000   0.000  19.426   597056.1 262410.6 160889.4     0.0 22031.9   3756.8  1070.9  2777.3
  1802 -253.790   0.000   0.000   0.000 -253.790   614793.6 234574.1 134380.3     0.0 22799.3   2896.8  1680.2  2280.1
  1803 104.644  -0.000   0.000   0.000 104.644   676019.9 275975.1 178543.3     0.0 30035.3   3803.6   848.5  2797.9
  1804 -193.636  -0.000   0.000   0.000 -193.636   592200.9 256642.7 164139.5     0.0 19290.7   3583.6  1907.9  2750.6
  1805 238.471   0.000   0.000   0.000 238.471   681240.5 240256.8 160280.6     0.0 28980.5   3657.3   721.2  2996.9
  1806 -249.986  -0.000   0.000   0.000 -249.986   564768.4 255327.3 162076.0     0.0 21818.1   3264.0  1605.1  2374.9
  1807 114.700   0.000   0.000   0.000 114.700   649673.3 223431.8 185037.2     0.0 27643.6   3836.8  2889.3  2726.8
  1808  27.603  -0.000   0.000   0.000  27.603   537036.2 274186.3 187291.7     0.0 21107.9   3128.2  1302.3  2689.7
  1809 -168.132   0.000   0.000   0.000 -168.132   596288.1 274508.8 177893.9     0.0 28168.8   3430.2   755.2  2572.7
  1810 328.647  -0.000   0.000   0.000 328.646   709312.8 265864.1 168388.7     0.0 27559.7   5351.4  1136.1  4100.2
  1811 142.796  -0.000   0.000   0.000 142.795   618327.6 239900.4 135860.9     0.0 20987.3   3520.6   687.5  2578.9
  1812  77.879  -0.000   0.000   0.000  77.878   696645.6 266841.1 203227.6     0.0 30810.7   3516.4  1680.8  2835.6
  1813 152.980  -0.000   0.000   0.000 152.979   685712.2 263549.1 166144.0     0.0 27712.7   3773.7  1790.9  2842.9
  1814 192.552   0.000   0.000   0.000 192.553   609910.9 256270.3 159512.4     0.0 20411.1   3622.5  1041.9  2994.0
  1815 -68.197   0.000   0.000   0.000 -68.197   628609.7 267796.8 169914.0     0.0 28621.5   4259.5   822.3  3231.8
  1816  -6.409   0.000   0.000   0.000  -6.409   673981.1 270268.2 167500.5     0.0 25351.4   4677.1  1857.0  3629.9
  1817  56.155  -0.000   0.000   0.000  56.155   680706.9 276201.5 188151.9     0.0 26914.1   4307.9   597.8  3042.6
  1818   3.498  -0.000   0.000   0.000   3.498   636666.4 291012.0 183529.0     0.0 21186.7   4007.4   683.2  3045.7
  1819 -199.174   0.000   0.000   0.000 -199.174   625781.3 270577.0 190404.0     0.0 28649.4   3130.8   806.9  2279.7
  1820  16.462  -0.000   0.000   0.000  16.462   637968.0 236399.2 169677.9     0.0 29679.8   4406.1  2612.4  2959.2

                 Carbon flux (ktC/yr)                    Water (dam3/yr)                Nitrogen (MgN/yr)
       --------------------------------------- ---------------------------------- --------------------------------
Spinup NEP     estab   harvest product NBP     transp     evap    interc  wd      nuptake ndemand  nlosses ninflux
------ ------- ------- ------- ------- ------- ---------- ------- ------- ------- ------- -------- ------- -------
  1821  12.754   0.000   0.000   0.000  12.755   684144.3 265963.9 170699.0     0.0 24370.6   4396.8  2430.3  3478.4
  1822 -170.188   0.000   0.000   0.000 -170.188   636035.8 271096.2 191564.6     0.0 26818.4   3055.8   832.4  2202.0
  1823  87.137   0.000   0.000   0.000  87.137   672882.1 277595.6 172050.8     0.0 24888.3   4154.5   483.0  3108.4
  1824 -123.724   0.000   0.000   0.000 -123.724   645332.5 238339.0 173686.4     0.0 27187.1   3624.8  3197.9  2508.2
  1825 152.726  -0.000   0.000   0.000 152.726   670106.2 250984.3 164582.0     0.0 27779.5   4251.0  1102.7  3217.7
  1826 -84.767  -0.000   0.000   0.000 -84.767   664115.4 269902.9 216174.3     0.0 28691.6   3870.2  1953.3  2850.7
  1827  28.083   0.000   0.000   0.000  28.083   658970.2 292557.7 186071.8     0.0 24887.9   4507.8   983.7  3170.2
  1828  -5.703   0.000   0.000   0.000  -5.703   571011.1 276793.4 200954.8     0.0 23777.7   3052.8  2540.4  2412.0
  1829 -127.075   0.000   0.000   0.000 -127.075   654576.4 266261.9 164361.3     0.0 28937.8   3602.5  1467.5  2633.9
  1830 -41.875   0.000   0.000   0.000 -41.875   596397.2 225302.7 138455.4     0.0 20512.8   4084.9  1391.0  2913.5
  1831  88.329   0.001   0.000   0.000  88.330   542644.9 293131.8 181423.3     0.0 24020.2   3401.6  1182.2  2577.8
  1832 -214.690   0.000   0.000   0.000 -214.690   598965.1 275555.5 196203.1     0.0 28322.2   5190.3  1656.0  3870.3
  1833 120.718   0.001   0.000   0.000 120.718   634906.6 253810.8 150272.9     0.0 27345.6   4729.7  1095.5  3524.5
  1834 161.818  -0.001   0.000   0.000 161.817   660610.2 274380.7 180557.2     0.0 23285.1   4409.3   741.9  3334.0
  1835 113.026  -0.000   0.000   0.000 113.025   661805.5 276098.9 185368.9     0.0 23486.9   4282.0   693.8  3121.5
  1836 -111.783   0.000   0.000   0.000 -111.783   591079.3 228195.1 137646.9     0.0 19534.4   3294.0  1305.9  2526.4
  1837 -11.367   0.001   0.000   0.000 -11.366   628187.6 266999.5 162774.6     0.0 28925.0   3646.6  1125.9  2868.5
  1838 273.762  -0.001   0.000   0.000 273.762   739009.2 274700.2 171094.8     0.0 28239.9   5026.6  1663.2  3927.1
  1839 236.894  -0.001   0.000   0.000 236.893   676457.5 279569.5 186389.2     0.0 24578.1   4141.2   811.9  3001.3
  1840 -26.423   0.000   0.000   0.000 -26.423   609139.0 238863.6 141054.8     0.0 20483.2   3862.9   755.8  2753.4
  1841  45.166   0.001   0.000   0.000  45.167   693066.5 223228.7 130432.6     0.0 30607.9   3433.2   840.2  2831.4
  1842 -40.652  -0.001   0.000   0.000 -40.652   703133.0 252335.3 185185.3     0.0 28072.7   4179.4   930.8  3190.6
  1843 103.799   0.000   0.000   0.000 103.799   620590.5 264417.0 157719.6     0.0 19274.7   3279.1  1647.8  2621.9
  1844  97.299  -0.000   0.000   0.000  97.299   661681.2 252104.8 159058.5     0.0 32082.9   4213.1  1264.3  3183.2
  1845  19.540  -0.000   0.000   0.000  19.539   709723.1 253752.4 187667.0     0.0 27096.6   4354.0  1037.9  3436.6

                 Carbon flux (ktC/yr)                    Water (dam3/yr)                Nitrogen (MgN/yr)
       --------------------------------------- ---------------------------------- --------------------------------
Spinup NEP     estab   harvest product NBP     transp     evap    interc  wd      nuptake ndemand  nlosses ninflux
------ ------- ------- ------- ------- ------- ---------- ------- ------- ------- ------- -------- ------- -------
  1846  28.623  -0.000   0.000   0.000  28.623   644142.6 262430.1 168161.8     0.0 19327.5   3908.3  2053.4  2908.1
  1847 -25.388   0.000   0.000   0.000 -25.388   640269.8 267059.2 158540.5     0.0 26213.2   2868.4  2340.6  2289.3
  1848  61.219  -0.000   0.000   0.000  61.219   663776.6 251506.5 160103.8     0.0 30832.7   4171.1  1425.7  3114.6
  1849  62.815  -0.000   0.000   0.000  62.815   677314.9 254760.1 207943.9     0.0 25309.7   4247.0  2315.1  3355.9
  1850 -41.154  -0.000   0.000   0.000 -41.154   649607.0 303109.2 169701.1     0.0 20527.8   3342.8   703.9  2351.2
  1851 -210.912   0.000   0.000   0.000 -210.911   611057.7 259350.0 174008.0     0.0 26614.2   4446.7   611.1  2849.6
  1852  16.963   0.001   0.000   0.000  16.963   641525.2 212753.9 130685.0     0.0 25665.8   3912.2   658.1  3014.5
  1853 -161.152   0.000   0.000   0.000 -161.152   583023.1 237169.5 136802.8     0.0 21965.0   4052.2   668.9  2824.9
  1854 -43.459   0.001   0.000   0.000 -43.457   553412.8 303591.6 176657.6     0.0 24579.6   2952.7  1166.5  2359.4
  1855 -178.158   0.001   0.000   0.000 -178.157   573665.8 274653.6 168368.5     0.0 26704.1   4118.6  1027.8  3015.2
  1856  24.541  -0.001   0.000   0.000  24.540   633652.3 263181.7 152166.6     0.0 25764.3   5249.2   622.2  3674.8
  1857  66.868  -0.000   0.000   0.000  66.867   617102.8 261247.3 154472.4     0.0 19705.5   3426.7  1595.2  2703.1
  1858 -72.087  -0.000   0.000   0.000 -72.088   701663.2 267599.6 163076.1     0.0 29707.3   3110.3  3790.9  2629.4
  1859 -71.810  -0.000   0.000   0.000 -71.810   686122.7 283423.3 163906.7     0.0 26838.4   3321.9  1019.5  2636.7
  1860 -183.803  -0.000   0.000   0.000 -183.803   613315.3 291678.1 178089.1     0.0 23542.7   3751.4  1115.6  2848.8
  1861 -183.959  -0.000   0.000   0.000 -183.959   643009.5 301465.3 162253.4     0.0 24792.6   3416.4  1013.1  2460.8
  1862 -146.401  -0.000   0.000   0.000 -146.402   632271.9 214154.6 194005.4     0.0 24599.9   3555.9  5246.0  2334.7
  1863 -94.847   0.000   0.000   0.000 -94.847   599526.9 222294.8 138005.3     0.0 20769.1   3303.4  1906.4  2564.3
  1864 -100.712   0.000   0.000   0.000 -100.712   643613.7 278708.8 159188.0     0.0 30016.3   3432.4  2467.2  2764.1
  1865  52.052  -0.000   0.000   0.000  52.052   672144.8 267820.8 164784.3     0.0 27947.6   4486.7  3431.4  3495.6
  1866 -88.933  -0.000   0.000   0.000 -88.933   659434.1 282419.2 161710.9     0.0 26945.2   3408.1  3097.2  2646.8
  1867  84.606  -0.001   0.000   0.000  84.605   672164.2 219587.2 197040.1     0.0 25213.1   4099.2  5701.9  2878.5
  1868  48.497  -0.000   0.000   0.000  48.497   624800.3 236912.5 144652.1     0.0 21683.6   3370.0  1136.6  2352.9
  1869 -132.127  -0.000   0.000   0.000 -132.127   682771.1 277338.8 216890.7     0.0 35215.9   3280.6  3086.2  2448.5
  1870  22.139  -0.000   0.000   0.000  22.139   689422.0 281148.2 176697.5     0.0 24677.2   4155.7  1526.7  2996.7

                 Carbon flux (ktC/yr)                    Water (dam3/yr)                Nitrogen (MgN/yr)
       --------------------------------------- ---------------------------------- --------------------------------
Spinup NEP     estab   harvest product NBP     transp     evap    interc  wd      nuptake ndemand  nlosses ninflux
------ ------- ------- ------- ------- ------- ---------- ------- ------- ------- ------- -------- ------- -------
  1871 -148.035   0.000   0.000   0.000 -148.035   648675.1 237738.3 178261.5     0.0 26521.4   3536.2  5051.9  2404.2
  1872 -29.534  -0.000   0.000   0.000 -29.534   686228.2 282362.8 178554.7     0.0 24740.9   3862.9  1812.3  3012.1
  1873  81.779  -0.000   0.000   0.000  81.779   725600.1 250740.2 183229.7     0.0 31798.1   4033.7  3320.1  2687.3
  1874 187.149  -0.000   0.000   0.000 187.149   733761.3 245179.7 186204.9     0.0 28113.7   4357.3  3532.5  2941.8
  1875  75.713   0.000   0.000   0.000  75.713   690061.2 204782.3 140979.7     0.0 23301.8   3966.9  2360.2  2935.6
  1876 -10.834   0.000   0.000   0.000 -10.834   680363.7 259023.4 174377.6     0.0 31649.4   4448.5  4822.6  3213.1
  1877 -33.362   0.000   0.000   0.000 -33.362   664990.0 273687.4 173682.2     0.0 26395.8   4264.3  3495.7  3010.0
  1878  34.642   0.000   0.000   0.000  34.642   681907.0 263681.5 182631.6     0.0 28455.2   5329.5  1802.0  3403.6
  1879  19.361   0.000   0.000   0.000  19.361   658002.2 265928.8 180311.1     0.0 24558.8   3598.9  2261.7  2530.0
  1880 -94.031  -0.000   0.000   0.000 -94.031   630384.2 241485.0 148947.5     0.0 22347.1   4079.4  2410.5  2779.4
  1881 -280.201   0.001   0.000   0.000 -280.200   614350.8 266291.3 175048.4     0.0 25392.6   3419.4  4967.5  2474.6
  1882  24.679   0.001   0.000   0.000  24.680   557778.9 295839.7 189433.1     0.0 24423.6   3135.6  3001.2  2408.1
  1883  83.216  -0.000   0.000   0.000  83.216   671135.0 252624.1 167162.3     0.0 30546.7   5871.8  3369.5  4263.5
  1884  84.771  -0.001   0.000   0.000  84.771   644358.2 252485.5 202633.9     0.0 22867.2   4401.6  3271.1  3473.2
  1885 236.622  -0.000   0.000   0.000 236.622   671659.8 242815.2 166534.4     0.0 23747.0   3963.5  1429.6  3222.6
  1886 -264.026   0.001   0.000   0.000 -264.025   578291.9 232257.5 138129.7     0.0 20832.9   3167.9  2205.9  2370.9
  1887 -31.968   0.001   0.000   0.000 -31.968   610216.5 264046.7 159013.0     0.0 24149.7   3945.1  3571.8  3147.5
  1888 -179.220  -0.000   0.000   0.000 -179.220   655642.8 237313.3 163444.5     0.0 31255.2   3673.1  7434.3  2773.5
  1889 -135.985  -0.000   0.000   0.000 -135.985   546307.1 282385.1 189370.9     0.0 21280.0   3344.6  4660.3  2849.5
  1890 -63.431  -0.000   0.000   0.000 -63.431   651881.6 222172.0 188483.3     0.0 27808.4   4138.9  7250.4  3036.6
  1891 344.104  -0.001   0.000   0.000 344.103   718425.9 248241.6 171608.2     0.0 29550.2   4093.7  2213.2  2964.9
  1892 -80.825  -0.000   0.000   0.000 -80.825   629727.1 261354.3 164069.4     0.0 23183.7   3754.0  1911.9  2840.8
  1893  -8.757   0.000   0.000   0.000  -8.756   618196.6 305151.3 164347.2     0.0 23071.5   4214.5  1141.2  2924.6
  1894 156.932   0.000   0.000   0.000 156.932   622138.1 203861.4 129350.3     0.0 25362.4   4228.2  1116.1  3394.3
  1895 -105.834   0.000   0.000   0.000 -105.834   612390.9 274694.8 160190.8     0.0 24895.4   4074.1  1875.4  3289.6

                 Carbon flux (ktC/yr)                    Water (dam3/yr)                Nitrogen (MgN/yr)
       --------------------------------------- ---------------------------------- --------------------------------
Spinup NEP     estab   harvest product NBP     transp     evap    interc  wd      nuptake ndemand  nlosses ninflux
------ ------- ------- ------- ------- ------- ---------- ------- ------- ------- ------- -------- ------- -------
  1896 -59.543   0.000   0.000   0.000 -59.543   623369.5 282016.2 156745.8     0.0 28099.5   4324.2  2291.0  3358.3
  1897 166.381  -0.000   0.000   0.000 166.381   629462.1 293803.5 173231.5     0.0 23679.9   5028.2  1670.9  3667.6
  1898 293.912  -0.000   0.000   0.000 293.912   680353.3 240242.4 164414.3     0.0 26395.3   3746.2  1439.1  3128.7
  1899 -26.544  -0.000   0.000   0.000 -26.544   607929.9 289506.6 182051.9     0.0 23806.9   3464.4  1598.2  2616.4
  1900  27.588  -0.000   0.000   0.000  27.588   679890.0 267635.7 170180.9     0.0 28011.3   3713.0  4074.2  3023.8

                 Carbon flux (ktC/yr)                    Water (dam3/yr)                Nitrogen (MgN/yr)
       --------------------------------------- ---------------------------------- --------------------------------
Year   NEP     estab   harvest product NBP     transp     evap    interc  wd      nuptake ndemand  nlosses ninflux
------ ------- ------- ------- ------- ------- ---------- ------- ------- ------- ------- -------- ------- -------
  1901 -36.275   0.000   0.000   0.000 -36.275   679602.7 283972.3 171143.0     0.0 26364.0   3742.6  2711.3  2928.0
  1902 -198.676   0.001   0.000   0.000 -198.675   546289.3 286304.4 198552.6     0.0 23218.6   3170.1  4945.8  2578.2
  1903   6.282   0.001   0.000   0.000   6.283   595741.9 267973.9 153926.7     0.0 24404.7   3669.9  4494.8  3105.3
  1904 -170.797   0.001   0.000   0.000 -170.796   622068.5 270766.7 163003.0     0.0 28052.1   4304.7  3301.8  3296.7
  1905 160.462  -0.000   0.000   0.000 160.462   673730.3 247004.7 164235.1     0.0 28198.4   5235.2  3144.0  3875.7
  1906 -181.286  -0.000   0.000   0.000 -181.286   664838.7 290265.6 162150.8     0.0 26006.2   3595.9  5808.2  2709.2
  1907  47.808  -0.000   0.000   0.000  47.808   558283.7 292687.7 186252.2     0.0 22637.4   3568.6  3685.3  2612.9
  1908 -265.280   0.000   0.000   0.000 -265.280   634505.3 274529.1 205882.0     0.0 31725.8   5299.2  4862.5  3800.7
  1909 189.407  -0.000   0.000   0.000 189.406   689660.5 243310.4 165942.5     0.0 25539.7   4375.5  2611.0  3213.6
  1910 251.224  -0.001   0.000   0.000 251.224   720699.6 249721.1 177107.5     0.0 31508.4   3910.1  3808.6  2625.3
  1911 127.843  -0.000   0.000   0.000 127.843   658154.6 250587.3 170252.8     0.0 23819.8   4022.8  2616.1  2876.7
  1912 -189.388   0.000   0.000   0.000 -189.388   639791.6 302169.3 175927.7     0.0 21351.4   3873.1  2055.0  2769.3
  1913   6.498   0.000   0.000   0.000   6.498   638922.3 260336.5 167637.5     0.0 29486.5   4222.6  3276.1  2940.8
  1914  93.753  -0.000   0.000   0.000  93.753   651430.6 219861.0 197231.7     0.0 23665.2   5011.3  4197.5  3350.0
  1915 131.853  -0.000   0.000   0.000 131.853   670530.8 263138.8 177348.4     0.0 26848.4   4744.4  1323.0  3174.5
  1916 109.685  -0.000   0.000   0.000 109.685   672894.2 258733.5 216354.3     0.0 26457.5   4107.1  2703.1  3105.7
  1917  24.545   0.000   0.000   0.000  24.545   621949.3 239557.0 147895.2     0.0 21947.7   3978.0  1808.1  2770.9
  1918 -20.860   0.000   0.000   0.000 -20.860   651691.1 269353.4 169271.4     0.0 26482.1   3646.6  3154.4  2706.3
  1919 163.092  -0.000   0.000   0.000 163.091   773221.8 273709.7 183617.3     0.0 31174.0   4496.4  4754.5  3479.1
  1920 -109.338  -0.000   0.000   0.000 -109.338   618453.8 257505.5 175820.4     0.0 20170.7   3558.9  3778.0  2488.4
  1921  98.957   0.000   0.000   0.000  98.957   720798.1 257342.8 194686.2     0.0 33283.1   4184.3  2079.5  3031.3
  1922  91.388  -0.000   0.000   0.000  91.388   703085.5 264076.5 177996.4     0.0 24724.2   4260.6  4706.8  3273.8
  1923 -124.194   0.000   0.000   0.000 -124.194   643121.3 271532.5 200890.2     0.0 28778.4   3401.0  3393.5  2184.1
  1924 -89.193   0.000   0.000   0.000 -89.193   598544.6 224190.8 145738.0     0.0 20664.3   3972.1  3054.2  2655.8
  1925  82.346   0.000   0.000   0.000  82.346   663816.2 278531.5 196435.2     0.0 29350.7   4777.3  1965.2  3387.5

                 Carbon flux (ktC/yr)                    Water (dam3/yr)                Nitrogen (MgN/yr)
       --------------------------------------- ---------------------------------- --------------------------------
Year   NEP     estab   harvest product NBP     transp     evap    interc  wd      nuptake ndemand  nlosses ninflux
------ ------- ------- ------- ------- ------- ---------- ------- ------- ------- ------- -------- ------- -------
  1926  25.964   0.000   0.000   0.000  25.964   623718.9 293636.7 187664.9     0.0 22272.8   4699.8  2209.3  3539.9
  1927 -76.552   0.000   0.000   0.000 -76.552   643941.6 267906.7 165960.7     0.0 29348.1   4004.7  2830.0  2891.6
  1928 174.857   0.000   0.000   0.000 174.857   649572.4 209841.4 132044.0     0.0 23827.1   5571.3  2179.9  4139.3
  1929  20.393  -0.000   0.000   0.000  20.393   620944.3 239335.2 171792.5     0.0 28109.1   4948.9  4081.2  3466.6
  1930  33.253   0.000   0.000   0.000  33.253   680925.5 260100.2 173155.5     0.0 24264.1   4960.5  3679.7  3870.4
  1931  45.806   0.001   0.000   0.000  45.807   719546.5 234326.1 191979.5     0.0 27293.8   4723.7  3963.7  3497.3
  1932 192.071  -0.001   0.000   0.000 192.071   699600.6 247671.0 178529.9     0.0 29352.6   4177.6  2977.2  3110.2
  1933 305.940  -0.000   0.000   0.000 305.940   725637.8 263979.6 173226.7     0.0 30931.3   4590.5  4834.2  3204.9
  1934  48.887  -0.000   0.000   0.000  48.887   688600.9 270747.5 156458.0     0.0 28268.9   4611.9  2464.9  3158.1
  1935 -12.017  -0.000   0.000   0.000 -12.017   677403.1 273203.3 241139.6     0.0 27246.7   4461.2 10314.7  3194.1
  1936 -15.146  -0.000   0.000   0.000 -15.146   662835.2 262116.0 242022.6     0.0 26008.0   3419.6  8340.9  2361.2
  1937  42.890  -0.000   0.000   0.000  42.890   782906.4 255808.6 208580.8     0.0 33129.3   5117.6  2304.8  3628.7
  1938 -81.307  -0.000   0.000   0.000 -81.307   733683.2 237373.0 197086.0     0.0 23763.0   3883.3  2487.3  2316.1
  1939 -35.866   0.000   0.000   0.000 -35.866   657790.4 273625.5 226623.7     0.0 26160.8   3977.6  3075.7  2551.3
  1940  70.668  -0.000   0.000   0.000  70.668   706638.1 246719.4 175728.2     0.0 28415.2   5713.5  3146.8  3877.8
  1941 -261.570   0.000   0.000   0.000 -261.569   685821.8 309172.1 281433.7     0.0 30015.8   3978.3  8620.4  2453.3
  1942  71.844  -0.000   0.000   0.000  71.844   708903.4 191863.0 124888.5     0.0 25555.9   5344.3  2561.1  3218.9
  1943 -138.034  -0.000   0.000   0.000 -138.034   707561.9 242729.0 201017.1     0.0 30320.8   4612.4  4365.2  2966.6
  1944  36.191  -0.000   0.000   0.000  36.191   797483.7 217036.5 225801.0     0.0 26965.4   5340.3  4008.4  3656.4
  1945  29.997   0.001   0.000   0.000  29.998   635472.9 217100.4 184999.4     0.0 27630.4   2973.7  5112.9  1939.5
  1946 -44.032   0.000   0.000   0.000 -44.032   730010.9 271601.7 217427.0     0.0 29132.9   6440.5  4602.3  4489.2
  1947 137.180  -0.000   0.000   0.000 137.180   663726.2 272525.8 226458.5     0.0 22782.2   4741.9  3186.7  3471.9
  1948 -282.193   0.000   0.000   0.000 -282.193   649474.4 267750.1 206407.6     0.0 26485.7   4354.0  3384.4  2995.5
  1949 112.277  -0.000   0.000   0.000 112.277   762779.8 296144.5 258876.8     0.0 34811.5   5945.4  3848.3  4414.5
  1950 145.669  -0.000   0.000   0.000 145.669   665055.7 275328.5 167204.0     0.0 24136.8   5132.9  2118.5  3340.5

                 Carbon flux (ktC/yr)                    Water (dam3/yr)                Nitrogen (MgN/yr)
       --------------------------------------- ---------------------------------- --------------------------------
Year   NEP     estab   harvest product NBP     transp     evap    interc  wd      nuptake ndemand  nlosses ninflux
------ ------- ------- ------- ------- ------- ---------- ------- ------- ------- ------- -------- ------- -------
  1951 242.246   0.000   0.000   0.000 242.246   728487.0 291666.2 194419.4     0.0 33428.0   4757.4  2315.5  3767.6
  1952 -84.972  -0.001   0.000   0.000 -84.972   689989.9 246556.9 216464.4     0.0 28800.9   6127.9  2684.2  3725.8
  1953  53.864   0.000   0.000   0.000  53.864   687338.9 203239.5 154218.9     0.0 22445.0   4475.1  4525.5  2776.2
  1954 -86.721   0.000   0.000   0.000 -86.720   678232.5 259500.2 213311.4     0.0 25297.4   4580.0  6599.4  3670.8
  1955 -10.215  -0.000   0.000   0.000 -10.215   750892.0 281700.1 251719.5     0.0 31664.4   4317.1  5125.9  3226.3
  1956 -135.712   0.000   0.000   0.000 -135.712   634841.1 263869.3 203891.2     0.0 24016.1   3989.7 10063.0  2822.4
  1957 -64.028   0.001   0.000   0.000 -64.027   658767.8 287293.1 218361.5     0.0 34133.1   4965.4  5541.0  3481.7
  1958 -176.992  -0.000   0.000   0.000 -176.992   653640.0 269066.6 182263.1     0.0 22061.6   5952.5  4813.3  3776.6
  1959 266.104   0.000   0.000   0.000 266.104   643186.1 301096.1 268640.3     0.0 23182.4   3994.8 12219.5  3129.2
  1960 -34.363  -0.000   0.000   0.000 -34.363   688433.9 278757.5 264893.1     0.0 33620.4   4633.5  8966.3  3376.4
  1961 -165.592   0.000   0.000   0.000 -165.592   653241.2 267383.9 228840.1     0.0 24234.3   4113.6  4081.1  3071.8
  1962 -153.889   0.000   0.000   0.000 -153.889   674741.9 326793.0 328998.4     0.0 35386.4   4708.0 11459.4  3363.0
  1963  22.810  -0.000   0.000   0.000  22.810   717761.1 280319.9 260489.4     0.0 28703.2   4802.3 11825.3  3193.5
  1964 118.255  -0.000   0.000   0.000 118.255   697724.4 302482.6 255369.5     0.0 25063.5   3919.9  9001.1  2837.2
  1965 188.868  -0.000   0.000   0.000 188.867   709451.0 262179.3 241934.9     0.0 27834.9   3876.2  7636.0  3110.4
  1966  79.263   0.000   0.000   0.000  79.263   673682.1 311112.3 303509.5     0.0 28163.7   4369.7 11385.3  3454.7
  1967 -38.591   0.000   0.000   0.000 -38.591   714731.0 272125.6 188971.2     0.0 30113.6   4596.6  5000.3  3753.0
  1968 -135.096   0.000   0.000   0.000 -135.096   684389.0 254838.7 182525.1     0.0 30732.2   4778.7  6802.3  3334.5
  1969 -132.841   0.000   0.000   0.000 -132.841   631952.0 252508.1 151975.2     0.0 25685.0   5074.1  9460.6  3334.2
  1970  21.033  -0.000   0.000   0.000  21.033   728844.9 266114.4 230766.5     0.0 28458.7   4740.6  8023.2  3828.1
  1971  50.059  -0.001   0.000   0.000  50.058   713534.9 240378.4 173306.7     0.0 32964.5   4404.7  4633.7  3518.0
  1972 222.022  -0.000   0.000   0.000 222.022   692955.9 281221.7 234231.6     0.0 26765.0   4827.8  6323.1  4056.4
  1973 -106.411  -0.000   0.000   0.000 -106.411   710639.3 285999.2 298366.0     0.0 36056.4   4828.6 17600.2  3763.5
  1974 245.869  -0.000   0.000   0.000 245.869   753619.0 316960.6 303104.5     0.0 26103.4   5183.9  7377.1  4046.5
  1975 337.888  -0.000   0.000   0.000 337.888   749439.9 321616.5 374813.6     0.0 32247.7   4979.8 14795.5  3935.6

                 Carbon flux (ktC/yr)                    Water (dam3/yr)                Nitrogen (MgN/yr)
       --------------------------------------- ---------------------------------- --------------------------------
Year   NEP     estab   harvest product NBP     transp     evap    interc  wd      nuptake ndemand  nlosses ninflux
------ ------- ------- ------- ------- ------- ---------- ------- ------- ------- ------- -------- ------- -------
  1976 216.925  -0.000   0.000   0.000 216.924   794003.8 286966.7 291110.4     0.0 37942.7   4568.1  6346.1  3360.1
  1977 458.915  -0.000   0.000   0.000 458.914   803359.5 283815.7 300559.3     0.0 28733.3   5965.2  7375.5  4612.8
  1978 246.963   0.000   0.000   0.000 246.963   694727.9 284836.1 288393.9     0.0 26373.0   4762.4 13776.8  4156.5
  1979 -188.410   0.001   0.000   0.000 -188.410   625895.3 331058.4 281178.2     0.0 22733.1   5584.9  5895.5  4736.6
  1980 -273.509   0.001   0.000   0.000 -273.508   668655.6 250175.4 248747.4     0.0 30562.0   6167.5  3858.4  4659.5
  1981  15.125   0.001   0.000   0.000  15.126   749374.0 290084.2 185247.4     0.0 31818.2   5193.9  3352.3  4580.0
  1982 -155.909  -0.000   0.000   0.000 -155.909   618760.1 323908.7 211790.7     0.0 23868.5   5495.7  3205.6  4342.6
  1983 -302.192   0.000   0.000   0.000 -302.191   638528.9 332485.2 211200.6     0.0 28071.2   5309.4  3379.9  4525.3
  1984 -87.635   0.000   0.000   0.000 -87.635   717815.8 304858.9 261959.5     0.0 27658.9   6642.2 11400.3  5603.9
  1985 141.122  -0.000   0.000   0.000 141.122   627699.2 312154.8 210726.6     0.0 20999.2   5890.9  3420.1  5052.2
  1986 -150.671   0.000   0.000   0.000 -150.671   664489.6 341069.2 268225.5     0.0 27787.6   4963.8  4818.2  4822.3
  1987 -72.544  -0.000   0.000   0.000 -72.544   713726.4 322264.7 251158.4     0.0 28458.9   6418.2  3976.2  5735.8
  1988 -161.738  -0.000   0.000   0.000 -161.739   691962.2 306047.9 239245.5     0.0 25260.8   5207.4  7110.7  4696.7
  1989  47.517  -0.000   0.000   0.000  47.517   692622.0 307320.9 309597.0     0.0 31163.1   4118.1  5500.9  3431.9
  1990 -72.824   0.000   0.000   0.000 -72.824   724735.1 334421.1 202619.7     0.0 32370.2   3960.6  4668.6  3272.7
  1991 -12.498  -0.001   0.000   0.000 -12.499   729215.8 286615.4 257095.7     0.0 31237.3   4747.2 11561.4  3844.0
  1992 112.904  -0.000   0.000   0.000 112.904   745291.1 333636.8 230356.6     0.0 28940.9   4010.5  9340.0  3410.4
  1993 241.316  -0.000   0.000   0.000 241.316   729075.3 296539.8 292505.4     0.0 32815.4   4700.1 11742.8  3802.6
  1994 325.981  -0.000   0.000   0.000 325.981   772786.2 272379.9 231596.8     0.0 31918.7   5200.1  6996.7  4187.2
  1995  19.822  -0.000   0.000   0.000  19.822   642894.5 263967.8 243755.2     0.0 24850.7   5042.8  7914.5  3484.5
  1996  37.156   0.001   0.000   0.000  37.156   635406.1 288590.4 293069.7     0.0 31148.8   5154.1 17257.9  4351.5
  1997 -112.425   0.000   0.000   0.000 -112.425   654753.4 291089.1 276597.2     0.0 25017.0   6680.0 13807.1  5253.1
  1998  31.178   0.000   0.000   0.000  31.178   715376.4 272264.9 182802.3     0.0 30876.8   6503.4  2262.8  4938.8
  1999  92.472  -0.000   0.000   0.000  92.471   699349.1 283977.2 274966.2     0.0 25493.8   5452.3  3243.0  4739.5
  2000  82.173   0.000   0.000   0.000  82.173   667758.8 294256.0 338899.7     0.0 30245.4   4337.2  7242.3  3806.3

                 Carbon flux (ktC/yr)                    Water (dam3/yr)                Nitrogen (MgN/yr)
       --------------------------------------- ---------------------------------- --------------------------------
Year   NEP     estab   harvest product NBP     transp     evap    interc  wd      nuptake ndemand  nlosses ninflux
------ ------- ------- ------- ------- ------- ---------- ------- ------- ------- ------- -------- ------- -------
  2001 158.894  -0.000   0.000   0.000 158.894   715868.7 310562.7 248773.2     0.0 32397.2   5410.7  3502.7  4630.5
  2002  -7.656   0.000   0.000   0.000  -7.656   588183.3 288527.7 239181.3     0.0 23769.8   5113.6  9198.6  4430.1
  2003 -92.445   0.000   0.000   0.000 -92.445   686070.9 298352.6 283890.8     0.0 31297.6   6896.3  5215.8  5829.6
  2004   0.659   0.000   0.000   0.000   0.660   553843.8 280050.0 179690.7     0.0 18339.3   5230.8  2139.4  4302.8
  2005 -193.042   0.000   0.000   0.000 -193.041   640550.8 311955.4 285115.9     0.0 28634.2   6976.3  6022.7  5814.3
  2006  81.822  -0.000   0.000   0.000  81.822   729509.0 276878.2 224792.0     0.0 28981.3   6677.0  2486.5  6138.9
  2007 -111.078  -0.000   0.000   0.000 -111.078   586036.6 321053.5 204809.4     0.0 24425.0   5676.2  3364.5  4748.1
  2008 -31.001   0.000   0.000   0.000 -31.000   637162.6 285386.0 183567.8     0.0 31958.6   5791.6  2914.0  5044.8
  2009  12.373  -0.000   0.000   0.000  12.372   645816.3 328325.2 228889.7     0.0 25202.1   6465.8  3961.9  5547.3
  2010   4.647  -0.000   0.000   0.000   4.647   669566.5 325542.0 234162.3     0.0 29632.2   6308.7  5863.2  5550.3
  2011 113.552  -0.000   0.000   0.000 113.552   615606.1 277657.2 168779.0     0.0 24667.7   5472.4  2744.8  5059.8
  2012 -98.482   0.000   0.000   0.000 -98.482   661179.7 299932.7 256506.1     0.0 33082.9   6098.8  8883.6  5342.4
  2013 231.701  -0.000   0.000   0.000 231.701   702090.3 295143.2 255873.2     0.0 31325.0   5648.5  8333.5  4791.1
  2014 150.862  -0.000   0.000   0.000 150.861   673794.1 321498.3 236719.7     0.0 32020.5   5300.1  6623.9  4438.8
  2015  80.451  -0.000   0.000   0.000  80.450   678937.7 308810.0 266162.5     0.0 31034.5   6512.6  4948.7  5000.1
  2016 223.982  -0.000   0.000   0.000 223.982   751766.1 307496.4 278272.0     0.0 31438.3   5648.6 14261.9  4590.0
  2017 425.327  -0.000   0.000   0.000 425.326   776690.9 306301.3 243814.4     0.0 32296.3   5659.9  6467.7  4704.7
  2018 160.569   0.000   0.000   0.000 160.569   696646.2 280086.6 256906.2     0.0 31313.9   3494.1 12217.8  2657.7
  2019 374.709  -0.000   0.000   0.000 374.709   688140.0 297641.3 376926.0     0.0 38274.2   5130.3 24071.3  3600.5
Simulation ended.
lpjml successfully terminated, 63 grid cells processed.
Wall clock time:	326 sec, 0.017 sec/cell/year.
Total wall clock time:	334 sec (00:05:34).
