--------------------------------------
Running config: /home/druijsch/LPJmL5/dev15oct2025/config_files/2026_04_08_run_for_10_locations/boreal_needleleaved_evergreen_tree/spinup/configs/boreal_needleleaved_evergreen_tree_patch7_config_restart.cjson
SLURM task ID: 7
Node: tcn244.local.snellius.surf.nl
--------------------------------------
******************************************************************************
****        _     ____     _           _       ____        _  ___         ****
****       | |   |  _ \   | |_ __ ___ | |     | ___|      / |/ _ \        ****
****       | |   | |_) |  | | '_ ` _ \| |     |___ \      | | | | |       ****
****       | |___|  __/ |_| | | | | | | |___   ___) |  _  | | |_| |       ****
****       |_____|_|   \___/|_| |_| |_|_____| |____/  (_) |_|\___/        ****
****                                                                      ****
****                 lpjml C Version 5.10.1 (Apr 14 2026)                 ****
****    Dynamic global vegetation model with natural and managed land     ****
****                     Compiled for Linux with MPI                      ****
****       (C) Potsdam Institute for Climate Impact Research (PIK),       ****
****                          see COPYRIGHT file                          ****
****              Authors, and contributors see AUTHORS file              ****
**** This version of LPJmL is licensed under GNU AGPL Version 3 or later  ****
****        See LICENSE file or go to http://www.gnu.org/licenses/        ****
****                 or invoke lpjml -l to print license                  ****
****      https://gitlab.pik-potsdam.de/lpjml/wur_team/lpjml-wur.git      ****
****          GIT hash: 5e6f8e1bb5c5d5f3357da68b6c43e9517864f3c2          ****
****                                                                      ****
******************************************************************************

Running for user druijsch on tcn244.local.snellius.surf.nl at Tue Apr 14 17:18:12 2026
Reading configuration from '/home/druijsch/LPJmL5/dev15oct2025/config_files/2026_04_08_run_for_10_locations/boreal_needleleaved_evergreen_tree/spinup/configs/boreal_needleleaved_evergreen_tree_patch7_config_restart.cjson'.
==============================================================================
/----------------------------------------------------------\
|institution: Potsdam Institute for Climate Impact Research|
|contact:                                                  |
|comment:                                                  |
\----------------------------------------------------------/
Simulation "LPJmL Run" running on 50 tasks
Simulation with shuffle spinup climate, nitrogen limitation, permafrost, 
Johansen conductivity, percolation heattransfer, GSI phenology, 
NPP controlled BNF, land use, potential irrigation, 
others to crop "maize" and "temperate cereals", land-use change timber, 
fixed residue remove, with auto fertilizer, pft.cjson LAImax, 
livestock grazing, bondau2007 crop PHU option, separate harvests.
Cultivation types: none, biomass, annual crop
Working directory: /gpfs/home5/druijsch/LPJmL5/dev15oct2025
cpp processed configuration file written to `/projects/prjs2023/chapter3/lpjml_output/2026_04_08_run_for_10_locations/boreal_needleleaved_evergreen_tree/patch_7/`.
Starting from restart file '/home/druijsch/LPJmL5/dev15oct2025/restart/2026_04_08_run_for_10_locations/boreal_needleleaved_evergreen_tree/patch_7/restart_1901_nv_stdfire.lpj'.
Input files:
Variable     Fmt  Varname  Filename
------------ ---- -------- ---------------------------------------------------
soil         cdf  soilcode /projects/prjs2023/chapter3/lpjml_input/run_for_10_locations/boreal_needleleaved_evergreen_tree/patch_7/soil.nc
temp         cdf  tas      /projects/prjs2023/chapter3/lpjml_input/run_for_10_locations/boreal_needleleaved_evergreen_tree/patch_7/temp.nc
prec         cdf  pr       /projects/prjs2023/chapter3/lpjml_input/run_for_10_locations/boreal_needleleaved_evergreen_tree/patch_7/prec.nc
lwdown       cdf  rlds     /projects/prjs2023/chapter3/lpjml_input/run_for_10_locations/boreal_needleleaved_evergreen_tree/patch_7/lwdown.nc
swdown       cdf  rsds     /projects/prjs2023/chapter3/lpjml_input/run_for_10_locations/boreal_needleleaved_evergreen_tree/patch_7/swdown.nc
no3_depo     cdf  noy      /projects/prjs2023/chapter3/lpjml_input/ndep-noy_histsoc_monthly_1901_2021_units.nc
nh4_depo     cdf  nhx      /projects/prjs2023/chapter3/lpjml_input/ndep-nhx_histsoc_monthly_1901_2021_units.nc
soilpH       cdf  soil_ph  /projects/prjs2023/chapter3/lpjml_input/hwsd_soil_data_all_land_oceanfilled.nc
co2          txt           /projects/prjs2023/chapter3/lpjml_input/co2_1832-2023.dat
windspeed    cdf  sfcwind  /projects/prjs2023/chapter3/lpjml_input/run_for_10_locations/boreal_needleleaved_evergreen_tree/patch_7/wind.nc
countries    cdf  country  /projects/prjs2023/chapter3/lpjml_input/regridded_cow_full_2018_5min_reduced_filled.nc
landuse      cdf  CFTfrac  /projects/prjs2023/chapter3/lpjml_input/MAPSPAM_2020_crops_filled_ESA_01deg_v7.nc
------------ ---- -------- ---------------------------------------------------
Writing restart file '/home/druijsch/LPJmL5/dev15oct2025/restart/2026_04_08_run_for_10_locations/boreal_needleleaved_evergreen_tree/patch_7/restart_1960_crop_stdfire_base.lpj' after year 1960.
Reading random seeds from restart file.
Number of output files:       65
Output written in year:       1901
Byte order in output files:   little endian

Compression level for NetCDF: 3
Missing value in NetCDF:      -1e+32
Base year in NetCDF:          1901
NetCDF grid:                  local
Variable            Fmt  Unit        Type   tstep nbd Filename
------------------- ---- ----------- ------ ----- --- -------------------------
albedo              cdf  -           float  month   1 /projects/prjs2023/chapter3/lpjml_output/2026_04_08_run_for_10_locations/boreal_needleleaved_evergreen_tree/patch_7/output/malbedo.nc + .json
cftfrac             cdf  -           float  year   32 /projects/prjs2023/chapter3/lpjml_output/2026_04_08_run_for_10_locations/boreal_needleleaved_evergreen_tree/patch_7/output/cftfrac.nc + .json
discharge           cdf  hm3/day     float  month   1 /projects/prjs2023/chapter3/lpjml_output/2026_04_08_run_for_10_locations/boreal_needleleaved_evergreen_tree/patch_7/output/mdischarge.nc + .json
evap                cdf  mm/month    float  month   1 /projects/prjs2023/chapter3/lpjml_output/2026_04_08_run_for_10_locations/boreal_needleleaved_evergreen_tree/patch_7/output/mevap.nc + .json
fapar               cdf  -           float  month   1 /projects/prjs2023/chapter3/lpjml_output/2026_04_08_run_for_10_locations/boreal_needleleaved_evergreen_tree/patch_7/output/mfapar.nc + .json
firec               cdf  gC/m2/yr    float  year    1 /projects/prjs2023/chapter3/lpjml_output/2026_04_08_run_for_10_locations/boreal_needleleaved_evergreen_tree/patch_7/output/firec.nc + .json
firef               cdf  1           float  year    1 /projects/prjs2023/chapter3/lpjml_output/2026_04_08_run_for_10_locations/boreal_needleleaved_evergreen_tree/patch_7/output/firef.nc + .json
flux_estabc         cdf  gC/m2/yr    float  year    1 /projects/prjs2023/chapter3/lpjml_output/2026_04_08_run_for_10_locations/boreal_needleleaved_evergreen_tree/patch_7/output/flux_estab.nc + .json
fpc                 cdf  -           float  month  12 /projects/prjs2023/chapter3/lpjml_output/2026_04_08_run_for_10_locations/boreal_needleleaved_evergreen_tree/patch_7/output/fpc.nc + .json
globalflux          txt  -           float  year    1 /projects/prjs2023/chapter3/lpjml_output/2026_04_08_run_for_10_locations/boreal_needleleaved_evergreen_tree/patch_7/output/globalflux.csv + .json
gpp                 cdf  gC/m2/month float  month   1 /projects/prjs2023/chapter3/lpjml_output/2026_04_08_run_for_10_locations/boreal_needleleaved_evergreen_tree/patch_7/output/mgpp.nc + .json
litc                cdf  gC/m2       float  year    1 /projects/prjs2023/chapter3/lpjml_output/2026_04_08_run_for_10_locations/boreal_needleleaved_evergreen_tree/patch_7/output/litc.nc + .json
litn                cdf  gN/m2       float  year    1 /projects/prjs2023/chapter3/lpjml_output/2026_04_08_run_for_10_locations/boreal_needleleaved_evergreen_tree/patch_7/output/litn.nc + .json
npp                 cdf  gC/m2/month float  month   1 /projects/prjs2023/chapter3/lpjml_output/2026_04_08_run_for_10_locations/boreal_needleleaved_evergreen_tree/patch_7/output/mnpp.nc + .json
nuptake             cdf  gN/m2/month float  month   1 /projects/prjs2023/chapter3/lpjml_output/2026_04_08_run_for_10_locations/boreal_needleleaved_evergreen_tree/patch_7/output/mnuptake.nc + .json
pet                 cdf  mm/month    float  month   1 /projects/prjs2023/chapter3/lpjml_output/2026_04_08_run_for_10_locations/boreal_needleleaved_evergreen_tree/patch_7/output/mpet.nc + .json
pft_chawo           cdf  gC/m2       float  year   43 /projects/prjs2023/chapter3/lpjml_output/2026_04_08_run_for_10_locations/boreal_needleleaved_evergreen_tree/patch_7/output/pft_chawo.nc + .json
pft_cleaf           cdf  gC/m2       float  year   43 /projects/prjs2023/chapter3/lpjml_output/2026_04_08_run_for_10_locations/boreal_needleleaved_evergreen_tree/patch_7/output/pft_cleaf.nc + .json
pft_croot           cdf  gC/m2       float  year   43 /projects/prjs2023/chapter3/lpjml_output/2026_04_08_run_for_10_locations/boreal_needleleaved_evergreen_tree/patch_7/output/pft_croot.nc + .json
pft_csapw           cdf  gC/m2       float  year   43 /projects/prjs2023/chapter3/lpjml_output/2026_04_08_run_for_10_locations/boreal_needleleaved_evergreen_tree/patch_7/output/pft_csapw.nc + .json
pft_fpar            cdf  -           float  month  43 /projects/prjs2023/chapter3/lpjml_output/2026_04_08_run_for_10_locations/boreal_needleleaved_evergreen_tree/patch_7/output/pft_fpar.nc + .json
pft_gpp             cdf  gC/m2/month float  month  43 /projects/prjs2023/chapter3/lpjml_output/2026_04_08_run_for_10_locations/boreal_needleleaved_evergreen_tree/patch_7/output/pft_gpp.nc + .json
pft_laimax          cdf  m2/m2       float  year   43 /projects/prjs2023/chapter3/lpjml_output/2026_04_08_run_for_10_locations/boreal_needleleaved_evergreen_tree/patch_7/output/pft_laimax.nc + .json
pft_mort            cdf  1/month     float  month  11 /projects/prjs2023/chapter3/lpjml_output/2026_04_08_run_for_10_locations/boreal_needleleaved_evergreen_tree/patch_7/output/pft_mort.nc + .json
pft_mort_background cdf  1/month     float  month  11 /projects/prjs2023/chapter3/lpjml_output/2026_04_08_run_for_10_locations/boreal_needleleaved_evergreen_tree/patch_7/output/pft_mort_background.nc + .json
pft_mort_drought    cdf  1/month     float  month  11 /projects/prjs2023/chapter3/lpjml_output/2026_04_08_run_for_10_locations/boreal_needleleaved_evergreen_tree/patch_7/output/pft_mort_drought.nc + .json
pft_mort_heat       cdf  1/month     float  month  11 /projects/prjs2023/chapter3/lpjml_output/2026_04_08_run_for_10_locations/boreal_needleleaved_evergreen_tree/patch_7/output/pft_mort_heat.nc + .json
pft_nind            cdf  ind/m²     float  month  11 /projects/prjs2023/chapter3/lpjml_output/2026_04_08_run_for_10_locations/boreal_needleleaved_evergreen_tree/patch_7/output/pft_nind.nc + .json
pft_nleaf           cdf  gN/m2       float  year   43 /projects/prjs2023/chapter3/lpjml_output/2026_04_08_run_for_10_locations/boreal_needleleaved_evergreen_tree/patch_7/output/pft_nleaf.nc + .json
pft_npp             cdf  gC/m2/yr    float  year   43 /projects/prjs2023/chapter3/lpjml_output/2026_04_08_run_for_10_locations/boreal_needleleaved_evergreen_tree/patch_7/output/pft_npp.nc + .json
pft_nroot           cdf  gN/m2       float  year   43 /projects/prjs2023/chapter3/lpjml_output/2026_04_08_run_for_10_locations/boreal_needleleaved_evergreen_tree/patch_7/output/pft_nroot.nc + .json
pft_nuptake         cdf  gN/m2/yr    float  year   43 /projects/prjs2023/chapter3/lpjml_output/2026_04_08_run_for_10_locations/boreal_needleleaved_evergreen_tree/patch_7/output/pft_nuptake.nc + .json
pft_phen            cdf  -           float  month  43 /projects/prjs2023/chapter3/lpjml_output/2026_04_08_run_for_10_locations/boreal_needleleaved_evergreen_tree/patch_7/output/pft_phen.nc + .json
pft_survive_frac    cdf  -           float  month  43 /projects/prjs2023/chapter3/lpjml_output/2026_04_08_run_for_10_locations/boreal_needleleaved_evergreen_tree/patch_7/output/pft_survive_frac.nc + .json
pft_vegc            cdf  gC/m2       float  year   43 /projects/prjs2023/chapter3/lpjml_output/2026_04_08_run_for_10_locations/boreal_needleleaved_evergreen_tree/patch_7/output/pft_vegc.nc + .json
pft_vegn            cdf  gN/m2       float  year   43 /projects/prjs2023/chapter3/lpjml_output/2026_04_08_run_for_10_locations/boreal_needleleaved_evergreen_tree/patch_7/output/pft_vegn.nc + .json
pft_water_demand    cdf  mm/yr       float  year   43 /projects/prjs2023/chapter3/lpjml_output/2026_04_08_run_for_10_locations/boreal_needleleaved_evergreen_tree/patch_7/output/pft_water_demand.nc + .json
phen_light          cdf  -           float  month   1 /projects/prjs2023/chapter3/lpjml_output/2026_04_08_run_for_10_locations/boreal_needleleaved_evergreen_tree/patch_7/output/mphen_light.nc + .json
phen_tmax           cdf  -           float  month   1 /projects/prjs2023/chapter3/lpjml_output/2026_04_08_run_for_10_locations/boreal_needleleaved_evergreen_tree/patch_7/output/mphen_tmax.nc + .json
phen_tmin           cdf  -           float  month   1 /projects/prjs2023/chapter3/lpjml_output/2026_04_08_run_for_10_locations/boreal_needleleaved_evergreen_tree/patch_7/output/mphen_tmin.nc + .json
phen_water          cdf  -           float  month   1 /projects/prjs2023/chapter3/lpjml_output/2026_04_08_run_for_10_locations/boreal_needleleaved_evergreen_tree/patch_7/output/mphen_water.nc + .json
rd                  cdf  gC/m2/month float  month   1 /projects/prjs2023/chapter3/lpjml_output/2026_04_08_run_for_10_locations/boreal_needleleaved_evergreen_tree/patch_7/output/rd.nc + .json
rh                  cdf  gC/m2/month float  month   1 /projects/prjs2023/chapter3/lpjml_output/2026_04_08_run_for_10_locations/boreal_needleleaved_evergreen_tree/patch_7/output/mrh.nc + .json
runoff              cdf  mm/month    float  month   1 /projects/prjs2023/chapter3/lpjml_output/2026_04_08_run_for_10_locations/boreal_needleleaved_evergreen_tree/patch_7/output/mrunoff.nc + .json
soilc               cdf  gC/m2       float  year    1 /projects/prjs2023/chapter3/lpjml_output/2026_04_08_run_for_10_locations/boreal_needleleaved_evergreen_tree/patch_7/output/soilc.nc + .json
soilc_layer         cdf  gC/m2       float  year    5 /projects/prjs2023/chapter3/lpjml_output/2026_04_08_run_for_10_locations/boreal_needleleaved_evergreen_tree/patch_7/output/soilc_layer.nc + .json
soiln               cdf  gN/m2       float  year    1 /projects/prjs2023/chapter3/lpjml_output/2026_04_08_run_for_10_locations/boreal_needleleaved_evergreen_tree/patch_7/output/soiln.nc + .json
soiln_layer         cdf  gN/m2       float  year    5 /projects/prjs2023/chapter3/lpjml_output/2026_04_08_run_for_10_locations/boreal_needleleaved_evergreen_tree/patch_7/output/soiln_layer.nc + .json
soilnh4             cdf  gN/m2       float  year    1 /projects/prjs2023/chapter3/lpjml_output/2026_04_08_run_for_10_locations/boreal_needleleaved_evergreen_tree/patch_7/output/soilnh4.nc + .json
soilnh4_layer       cdf  gN/m2       float  year    5 /projects/prjs2023/chapter3/lpjml_output/2026_04_08_run_for_10_locations/boreal_needleleaved_evergreen_tree/patch_7/output/soilnh4_layer.nc + .json
soilno3             cdf  gN/m2       float  year    1 /projects/prjs2023/chapter3/lpjml_output/2026_04_08_run_for_10_locations/boreal_needleleaved_evergreen_tree/patch_7/output/soilno3.nc + .json
soilno3_layer       cdf  gN/m2       float  year    5 /projects/prjs2023/chapter3/lpjml_output/2026_04_08_run_for_10_locations/boreal_needleleaved_evergreen_tree/patch_7/output/soilno3_layer.nc + .json
soiltemp1           cdf  Celsius     float  month   1 /projects/prjs2023/chapter3/lpjml_output/2026_04_08_run_for_10_locations/boreal_needleleaved_evergreen_tree/patch_7/output/msoiltemp1.nc + .json
soiltemp2           cdf  Celsius     float  month   1 /projects/prjs2023/chapter3/lpjml_output/2026_04_08_run_for_10_locations/boreal_needleleaved_evergreen_tree/patch_7/output/msoiltemp2.nc + .json
soiltemp3           cdf  Celsius     float  month   1 /projects/prjs2023/chapter3/lpjml_output/2026_04_08_run_for_10_locations/boreal_needleleaved_evergreen_tree/patch_7/output/msoiltemp3.nc + .json
swc1                cdf  1           float  month   1 /projects/prjs2023/chapter3/lpjml_output/2026_04_08_run_for_10_locations/boreal_needleleaved_evergreen_tree/patch_7/output/mswc1.nc + .json
swc2                cdf  1           float  month   1 /projects/prjs2023/chapter3/lpjml_output/2026_04_08_run_for_10_locations/boreal_needleleaved_evergreen_tree/patch_7/output/mswc2.nc + .json
swc3                cdf  1           float  month   1 /projects/prjs2023/chapter3/lpjml_output/2026_04_08_run_for_10_locations/boreal_needleleaved_evergreen_tree/patch_7/output/mswc3.nc + .json
swc4                cdf  1           float  month   1 /projects/prjs2023/chapter3/lpjml_output/2026_04_08_run_for_10_locations/boreal_needleleaved_evergreen_tree/patch_7/output/mswc4.nc + .json
swc5                cdf  1           float  month   1 /projects/prjs2023/chapter3/lpjml_output/2026_04_08_run_for_10_locations/boreal_needleleaved_evergreen_tree/patch_7/output/mswc5.nc + .json
transp              cdf  mm/month    float  month   1 /projects/prjs2023/chapter3/lpjml_output/2026_04_08_run_for_10_locations/boreal_needleleaved_evergreen_tree/patch_7/output/mtransp.nc + .json
vegc                cdf  gC/m2       float  year    1 /projects/prjs2023/chapter3/lpjml_output/2026_04_08_run_for_10_locations/boreal_needleleaved_evergreen_tree/patch_7/output/vegc.nc + .json
vegn                cdf  gN/m2       float  year    1 /projects/prjs2023/chapter3/lpjml_output/2026_04_08_run_for_10_locations/boreal_needleleaved_evergreen_tree/patch_7/output/vegn.nc + .json
wateramount         cdf  hm3         float  month   1 /projects/prjs2023/chapter3/lpjml_output/2026_04_08_run_for_10_locations/boreal_needleleaved_evergreen_tree/patch_7/output/mwateramount.nc + .json
wscal               cdf  -           float  month   1 /projects/prjs2023/chapter3/lpjml_output/2026_04_08_run_for_10_locations/boreal_needleleaved_evergreen_tree/patch_7/output/wscal.nc + .json
------------------- ---- ----------- ------ ----- --- -------------------------
Spinup years:                   180
Cycle length during spinup:      30
First year:                    1901
Last year:                     2019
Number of grid cells:            63
==============================================================================
Memory allocated for output: 7,096 bytes/cell
Simulation begins...
Spinup using climate starting from year 1901

                 Carbon flux (ktC/yr)                    Water (dam3/yr)                Nitrogen (MgN/yr)
       --------------------------------------- ---------------------------------- --------------------------------
Spinup NEP     estab   harvest product NBP     transp     evap    interc  wd      nuptake ndemand  nlosses ninflux
------ ------- ------- ------- ------- ------- ---------- ------- ------- ------- ------- -------- ------- -------
  1721 -2395.808  35.765 695.672   0.000 -3055.716   346621.3 1074105.8 21954.3     0.0 52426.7    396.1  6819.4 51162.7
  1722 -1158.821  35.493 927.740   0.000 -2051.068   424141.6 934784.4 31549.8     0.0 71676.3    391.2 10350.4 94908.8
  1723 379.000  35.109 620.368   0.000 -206.259  1113019.3 266109.1 46385.0     0.0 119961.5    358.5 37075.6 230329.1
  1724 789.417  35.444 838.508   0.000 -13.647  1130628.8 287666.8 71809.9     0.0 111631.7    414.3 28963.9 153309.8
  1725 1544.287  35.454 818.394   0.000 761.346  1307636.3 304948.5 112635.2     0.0 102647.2    456.5 54928.6 123915.3
  1726 -319.598  35.454 584.863   0.000 -869.007   923511.9 261504.9 65473.8     0.0 63884.9    440.6 15318.6 104207.7
  1727 -337.897  35.455 742.996   0.000 -1045.438   880315.2 273500.4 56437.6     0.0 73898.3    413.4 14892.7 121588.3
  1728 -95.085  35.454 543.351   0.000 -602.983   928356.2 314881.7 62137.2     0.0 63876.0    534.8 32350.8 145174.7
  1729 786.997  35.453 816.629   0.000   5.821  1242104.0 343501.9 109443.7     0.0 92006.0    501.4 85312.8 119714.1
  1730 1697.619  35.454 1039.664   0.000 693.408  1375108.7 337257.2 166521.0     0.0 123255.6    520.1 90722.8 148731.2
  1731 805.159  35.454 828.327   0.000  12.285  1215376.3 282449.0 105328.7     0.0 83218.6    441.2 47647.3 123132.7
  1732 186.022  35.454 798.873   0.000 -577.397  1090359.9 293209.1 92859.0     0.0 84985.2    457.1 41901.8 130845.6
  1733 1236.010  35.445 1069.050   0.000 202.404  1320926.7 247839.6 86843.2     0.0 108087.4    432.0 38218.3 159632.2
  1734 1432.657  35.454 907.175   0.000 560.935  1296296.6 286987.5 122033.1     0.0 102926.7    380.9 29058.0 145659.1
  1735 2343.980  35.454 1211.693   0.000 1167.740  1537198.7 321405.3 202080.8     0.0 138129.9    497.5 144559.3 162425.1
  1736 864.441  35.454 978.317   0.000 -78.423  1380249.3 316711.9 191012.0     0.0 90303.9    461.9 51349.7 160865.1
  1737 -132.887  35.454 857.706   0.000 -955.140  1027323.0 254987.4 77104.2     0.0 76437.8    342.4 18044.1 172015.0
  1738 -474.505  35.454 525.542   0.000 -964.592   977316.5 274095.7 71952.2     0.0 50816.7    403.2 23573.2 177220.7
  1739 -300.472  35.454 548.522   0.000 -813.541   996502.7 313713.7 77157.8     0.0 73069.4    365.8 29683.9 149354.4
  1740 1726.243  35.454 1064.666   0.000 697.030  1471356.9 350967.3 172122.6     0.0 129641.2    456.5 76363.3 182573.9
  1741 1734.238  35.454 909.550   0.000 860.142  1403346.8 297156.5 135181.7     0.0 105110.2    375.2 37034.3 178946.7
  1742 576.268  35.454 962.856   0.000 -351.134  1178655.6 294884.5 125256.9     0.0 82471.2    401.9 36865.7 144304.7
  1743 1111.975  35.454 916.487   0.000 230.941  1271112.6 289844.0 124660.5     0.0 98885.2    386.8 28882.1 203603.6
  1744 511.404  35.454 1082.877   0.000 -536.020  1210410.9 239854.7 88506.0     0.0 93730.3    455.7 29371.0 186694.9
  1745 -355.364  35.454 618.660   0.000 -938.570  1003164.1 282622.8 83852.1     0.0 72457.4    336.7 30955.0 149767.7

                 Carbon flux (ktC/yr)                    Water (dam3/yr)                Nitrogen (MgN/yr)
       --------------------------------------- ---------------------------------- --------------------------------
Spinup NEP     estab   harvest product NBP     transp     evap    interc  wd      nuptake ndemand  nlosses ninflux
------ ------- ------- ------- ------- ------- ---------- ------- ------- ------- ------- -------- ------- -------
  1746 809.238  35.454 1076.695   0.000 -232.003  1241940.6 278818.2 104325.1     0.0 101634.8    396.9 63638.8 148223.0
  1747 -40.722  35.454 867.680   0.000 -872.949  1052843.9 236728.0 73961.5     0.0 82576.5    391.0 28035.4 218249.1
  1748 313.579  35.454 917.760   0.000 -568.726  1089068.6 238021.3 74108.7     0.0 96327.3    472.8 28444.9 214697.6
  1749 -77.942  35.454 815.169   0.000 -857.656   958507.1 259327.2 60196.1     0.0 82805.4    365.7 19087.8 169258.6
  1750 1210.779  35.453 806.893   0.000 439.338  1328512.1 323832.3 141940.2     0.0 101623.0    506.6 140714.1 147511.4
  1751 1161.914  35.454 1074.862   0.000 122.506  1298806.2 246293.2 89577.6     0.0 104454.6    469.0 55959.5 176357.5
  1752 -316.359  35.454 815.873   0.000 -1096.777   909182.2 251697.4 63655.2     0.0 75356.9    322.3 19379.4 159570.3
  1753 2512.571  35.453 1208.381   0.000 1339.643  1547835.8 320678.0 168015.6     0.0 140018.1    551.9 551763.1 171991.4
  1754 807.607  35.454 1077.600   0.000 -234.539  1191284.6 251576.1 111009.6     0.0 89368.4    444.3 39239.2 157234.0
  1755 -192.362  35.454 681.883   0.000 -838.791  1040543.3 252523.1 73815.6     0.0 57337.7    358.3 31494.1 178739.8
  1756 -79.548  35.454 692.434   0.000 -736.527  1031608.0 267546.8 69254.1     0.0 69933.1    418.8 31564.7 178169.5
  1757 1074.487  35.454 891.049   0.000 218.892  1312964.5 340838.8 130607.6     0.0 104153.1    475.9 541464.1 182152.0
  1758 932.586  35.454 860.021   0.000 108.019  1269682.7 282642.2 102931.6     0.0 93333.6    358.4 55079.4 170979.4
  1759 1287.659  35.454 895.384   0.000 427.729  1358509.5 337980.1 147924.0     0.0 104277.5    455.2 295089.9 153787.7
  1760  77.959  35.454 598.396   0.000 -484.984  1050107.8 261013.1 74866.5     0.0 67673.3    362.5 38737.3 155734.5
  1761 424.388  35.438 819.635   0.000 -359.810  1122390.6 291756.2 95937.6     0.0 82421.9    432.5 29897.1 198285.4
  1762 -355.369  35.454 578.416   0.000 -898.332   970259.4 274496.8 60736.0     0.0 71265.9    446.1 32361.9 116437.4
  1763 1261.489  35.454 1190.575   0.000 106.368  1319115.8 288117.7 113986.4     0.0 119055.0    403.2 56492.8 133875.8
  1764 1647.111  35.454 1027.180   0.000 655.386  1446677.2 305792.7 155799.2     0.0 113146.1    432.6 73746.8 140406.4
  1765 140.070  35.452 841.314   0.000 -665.792  1150551.1 232352.3 79447.1     0.0 77904.8    356.4 31353.4 142389.6
  1766 522.919  35.454 963.291   0.000 -404.918  1189822.9 258863.4 93136.4     0.0 93238.4    402.0 55891.4 169882.4
  1767 270.767  35.454 790.701   0.000 -484.480  1058200.4 293360.9 80760.2     0.0 79869.6    352.6 27722.9 149998.6
  1768 1278.410  35.454 1005.100   0.000 308.764  1248518.0 304619.7 122007.9     0.0 105513.9    380.4 36870.6 151009.8
  1769 1672.968  35.454 1091.749   0.000 616.673  1423275.8 325867.0 178996.7     0.0 119165.8    546.6 88924.2 154102.7
  1770 735.331  35.454 939.861   0.000 -169.076  1158924.4 281403.6 102432.6     0.0 97053.0    441.6 38741.1 145728.7

                 Carbon flux (ktC/yr)                    Water (dam3/yr)                Nitrogen (MgN/yr)
       --------------------------------------- ---------------------------------- --------------------------------
Spinup NEP     estab   harvest product NBP     transp     evap    interc  wd      nuptake ndemand  nlosses ninflux
------ ------- ------- ------- ------- ------- ---------- ------- ------- ------- ------- -------- ------- -------
  1771 -1275.305  35.456 618.094   0.000 -1857.944   760420.3 260819.9 48490.4     0.0 48748.4    410.3 24013.6 121267.1
  1772   6.653  35.452 630.694   0.000 -588.588  1023191.2 299245.6 72712.8     0.0 73223.8    399.4 90793.6 139368.9
  1773 1042.330  35.454 927.771   0.000 150.012  1253334.8 271944.1 89418.0     0.0 107517.7    473.6 92440.3 130461.4
  1774 1692.916  35.454 1026.768   0.000 701.602  1337685.1 307065.1 130019.6     0.0 115200.6    388.9 40773.7 126539.3
  1775 876.033  35.454 1078.113   0.000 -166.626  1197234.3 267824.3 109699.1     0.0 91293.8    417.0 46991.2 113385.4
  1776 602.105  35.454 997.754   0.000 -360.195  1197316.7 288030.0 104427.3     0.0 93271.2    391.5 183625.6 157486.0
  1777 1317.818  35.454 1071.548   0.000 281.724  1399134.1 271146.3 137243.3     0.0 116262.0    387.3 217060.3 153144.4
  1778 -168.161  35.454 691.075   0.000 -823.782  1106633.2 251838.8 72662.2     0.0 77300.9    314.6 37703.2 138673.7
  1779 624.063  35.445 1051.681   0.000 -392.174  1271564.2 284305.4 126432.4     0.0 98897.8    341.5 139146.6 141277.8
  1780 -116.015  35.454 683.111   0.000 -763.672  1100423.6 255907.2 69481.2     0.0 80456.1    305.5 38566.0 145749.3
  1781 1197.429  35.454 951.354   0.000 281.529  1372251.3 332355.0 161560.2     0.0 104955.1    335.3 102155.0 161227.8
  1782 -150.149  35.454 651.812   0.000 -766.507  1030746.4 262394.0 70859.2     0.0 72519.3    355.4 31070.5 109956.3
  1783 -374.372  35.454 824.630   0.000 -1163.547  1042329.6 254512.7 67747.5     0.0 72037.8    306.8 35630.9 127364.9
  1784 370.096  35.454 801.513   0.000 -395.963  1100952.1 292353.7 81341.0     0.0 91953.8    385.7 78045.7 139579.3
  1785 2376.448  35.442 1059.443   0.000 1352.447  1495125.0 336547.8 175399.5     0.0 134265.3    450.3 106180.4 139892.6
  1786 1354.924  35.454 953.028   0.000 437.350  1268349.7 294843.2 128699.1     0.0 93373.1    392.1 51368.6 123029.6
  1787 233.198  35.454 848.952   0.000 -580.301  1085679.1 279062.9 99120.5     0.0 75223.8    377.1 25036.9 165121.1
  1788 -27.405  35.454 794.506   0.000 -786.456   944594.5 264531.4 63377.6     0.0 79999.4    367.8 18243.9 154367.0
  1789 717.726  35.454 726.919   0.000  26.260  1082780.1 304909.6 79488.6     0.0 84517.3    453.4 39006.3 160186.5
  1790 115.271  35.454 597.296   0.000 -446.572  1033311.5 303349.1 79131.1     0.0 78454.9    453.5 41416.4 107447.8
  1791 742.352  35.454 943.647   0.000 -165.841  1224300.7 277109.1 91078.7     0.0 98433.6    484.9 68345.4 136748.3
  1792 2056.109  35.454 1079.126   0.000 1012.436  1442738.5 331822.1 176905.3     0.0 127450.8    428.4 106629.9 152865.0
  1793 1538.042  35.454 932.920   0.000 640.577  1408018.0 325931.5 159400.0     0.0 103505.7    414.0 575593.5 149823.4
  1794 2585.678  35.454 1217.927   0.000 1403.204  1585395.3 323825.9 215673.0     0.0 139381.6    482.3 266663.6 154386.5
  1795 1313.950  35.454 1095.693   0.000 253.711  1391953.1 320596.6 203127.0     0.0 100094.1    490.9 63721.7 158877.7

                 Carbon flux (ktC/yr)                    Water (dam3/yr)                Nitrogen (MgN/yr)
       --------------------------------------- ---------------------------------- --------------------------------
Spinup NEP     estab   harvest product NBP     transp     evap    interc  wd      nuptake ndemand  nlosses ninflux
------ ------- ------- ------- ------- ------- ---------- ------- ------- ------- ------- -------- ------- -------
  1796 257.427  35.454 883.161   0.000 -590.280  1241190.9 235782.5 87418.7     0.0 79732.4    411.4 37647.0 159253.4
  1797 219.537  35.454 994.955   0.000 -739.964  1197892.4 262722.2 96542.7     0.0 98724.8    433.1 31708.8 197074.0
  1798 1067.911  35.450 991.196   0.000 112.164  1439761.4 326120.1 170917.2     0.0 101330.2    399.3 78178.8 168222.3
  1799 1425.721  35.454 1046.288   0.000 414.887  1355507.3 300721.6 144725.3     0.0 108625.0    369.5 34473.1 172884.9
  1800 698.005  35.454 1081.523   0.000 -348.064  1204324.0 265737.2 115950.5     0.0 87159.1    394.5 34163.0 126271.6
  1801 -971.772  35.454 597.826   0.000 -1534.144   906198.1 250400.5 58416.8     0.0 54882.2    326.9 33985.6 107796.5
  1802 -269.833  35.454 553.101   0.000 -787.481   987908.8 304890.5 73096.9     0.0 70064.7    292.2 48223.5 98001.5
  1803 298.707  35.454 846.573   0.000 -512.412  1156656.9 303641.2 84322.1     0.0 96516.7    376.8 79772.6 119373.5
  1804 331.836  35.445 837.791   0.000 -470.510  1041069.1 264729.7 63003.2     0.0 91446.9    295.3 40310.2 130352.3
  1805 983.442  35.454 953.253   0.000  65.643  1134899.3 269083.4 92865.5     0.0 91324.7    413.5 49173.7 123222.4
  1806 -234.914  35.454 664.226   0.000 -863.686   880103.1 259193.4 55022.4     0.0 65808.9    315.4 22837.1 125422.4
  1807 838.424  35.453 832.039   0.000  41.838  1213621.8 286122.6 106023.4     0.0 94826.2    468.1 182380.7 140675.3
  1808 2638.088  35.454 1221.515   0.000 1452.027  1612860.9 332380.1 185644.3     0.0 149030.2    421.0 419678.5 150044.8
  1809 830.353  35.454 1005.057   0.000 -139.250  1343770.7 313154.9 150771.0     0.0 82069.2    349.0 56701.7 136935.8
  1810 507.768  35.454 865.570   0.000 -322.348  1160052.7 276341.9 104946.0     0.0 81656.4    341.8 38509.2 178833.2
  1811 589.349  35.454 896.104   0.000 -271.301  1086713.8 285644.6 91132.9     0.0 95420.2    394.9 29902.5 165607.2
  1812 1642.296  35.454 1030.551   0.000 647.199  1386282.1 328154.7 172449.7     0.0 113985.6    512.6 67754.2 171431.7
  1813 620.258  35.454 716.241   0.000 -60.529  1168780.9 262810.5 91869.7     0.0 74653.7    435.1 36651.1 171214.5
  1814 1459.977  35.454 894.817   0.000 600.614  1290957.0 299531.6 124480.4     0.0 98974.0    464.9 32673.1 179402.6
  1815 237.218  35.454 904.529   0.000 -631.857  1061736.8 242972.2 84578.4     0.0 87351.9    536.1 26706.9 192018.4
  1816 -210.809  35.454 575.516   0.000 -750.871   930883.3 258615.9 63791.2     0.0 60744.2    496.0 24979.3 139864.0
  1817 -67.219  35.454 752.912   0.000 -784.678  1000301.1 300290.9 76162.3     0.0 81150.3    527.7 70630.9 135237.4
  1818 1359.395  35.445 1030.223   0.000 364.617  1321141.6 300449.3 106473.0     0.0 120583.6    462.6 211229.6 145319.4
  1819 1626.647  35.454 993.146   0.000 668.955  1447923.5 323912.6 152435.1     0.0 106074.3    389.0 52670.1 135108.1
  1820 -1033.557  35.455 689.824   0.000 -1687.926   799032.3 259737.8 51852.8     0.0 60181.6    348.7 25430.4 150942.3

                 Carbon flux (ktC/yr)                    Water (dam3/yr)                Nitrogen (MgN/yr)
       --------------------------------------- ---------------------------------- --------------------------------
Spinup NEP     estab   harvest product NBP     transp     evap    interc  wd      nuptake ndemand  nlosses ninflux
------ ------- ------- ------- ------- ------- ---------- ------- ------- ------- ------- -------- ------- -------
  1821 -206.763  35.441 450.681   0.000 -622.002   881475.2 270076.7 53229.1     0.0 53550.8    306.0 33535.4 133352.2
  1822 1043.042  35.453 868.815   0.000 209.681  1259973.5 344383.9 112049.0     0.0 97490.0    455.6 62314.4 127690.5
  1823 1298.490  35.454 915.631   0.000 418.313  1319505.1 342657.4 138200.6     0.0 107160.4    452.9 550625.7 159382.7
  1824 -124.461  35.454 697.821   0.000 -786.828   939302.2 264562.5 54278.9     0.0 73884.8    364.4 43282.1 135178.0
  1825 1893.427  35.453 921.972   0.000 1006.908  1433039.0 320562.9 147289.3     0.0 110648.6    446.4 72168.8 140485.0
  1826 2003.360  35.454 1204.097   0.000 834.717  1420901.0 265660.4 138999.7     0.0 123195.1    438.3 51127.4 140503.8
  1827 809.924  35.454 1073.810   0.000 -228.433  1244935.2 288426.0 117849.7     0.0 96380.3    406.1 127527.8 177122.8
  1828 2644.153  35.454 1216.950   0.000 1462.656  1594499.9 317889.7 206169.4     0.0 142077.9    443.1 329486.9 173153.7
  1829 1179.046  35.454 1044.118   0.000 170.382  1295120.1 293909.0 149842.5     0.0 93190.3    397.9 43584.8 162376.9
  1830 -295.568  35.454 632.685   0.000 -892.799  1040125.4 283522.6 93908.2     0.0 61857.0    392.3 40089.6 118289.2
  1831 944.956  35.454 950.315   0.000  30.095  1265423.9 308138.1 100977.4     0.0 102362.0    384.3 37340.4 162531.7
  1832 1335.934  35.454 1240.485   0.000 130.902  1381872.6 269714.1 132237.7     0.0 120607.0    403.8 48222.0 165584.8
  1833 1506.287  35.454 1032.750   0.000 508.991  1438166.4 300398.3 165959.9     0.0 107183.5    445.7 57008.2 142022.9
  1834 225.519  35.454 806.254   0.000 -545.281  1125012.0 279401.0 103812.4     0.0 80109.8    371.5 51386.2 149548.0
  1835 436.306  35.454 815.618   0.000 -343.858  1168483.2 287002.9 98313.5     0.0 89024.6    391.0 55440.6 160328.7
  1836 161.821  35.445 610.243   0.000 -412.977  1087673.6 298901.5 87079.1     0.0 77048.6    353.1 37971.7 133575.4
  1837 432.964  35.454 949.826   0.000 -481.408  1135062.7 248592.5 80717.0     0.0 99710.8    433.3 29625.9 186411.0
  1838 623.354  35.454 851.055   0.000 -192.247  1171146.0 282151.9 95334.3     0.0 84578.4    439.8 29867.3 176686.7
  1839 317.572  35.454 792.602   0.000 -439.577  1090503.9 291185.8 87964.2     0.0 88486.9    424.0 54047.5 150477.9
  1840 916.806  35.445 907.991   0.000  44.260  1150263.2 288604.1 87126.1     0.0 103514.1    398.0 46465.2 145262.0
  1841 802.747  35.454 894.850   0.000 -56.649  1157169.3 300088.1 104748.5     0.0 83706.9    439.3 37584.3 112937.9
  1842 -178.574  35.454 745.470   0.000 -888.590   945714.6 296112.3 70760.0     0.0 68969.7    405.1 25693.9 152772.5
  1843 1596.724  35.442 848.036   0.000 784.130  1263871.8 298192.1 109475.7     0.0 102288.9    433.9 46022.1 152686.3
  1844 1843.654  35.454 993.268   0.000 885.840  1419334.5 312338.8 159447.0     0.0 113670.5    548.9 77193.4 121351.0
  1845 358.846  35.454 733.002   0.000 -338.702  1048282.6 294572.6 91144.0     0.0 67851.5    497.3 23326.9 118416.7

                 Carbon flux (ktC/yr)                    Water (dam3/yr)                Nitrogen (MgN/yr)
       --------------------------------------- ---------------------------------- --------------------------------
Spinup NEP     estab   harvest product NBP     transp     evap    interc  wd      nuptake ndemand  nlosses ninflux
------ ------- ------- ------- ------- ------- ---------- ------- ------- ------- ------- -------- ------- -------
  1846 -817.281  35.454 547.814   0.000 -1329.641   845034.2 266524.9 54407.7     0.0 57385.1    436.1 28149.9 100709.6
  1847 1567.085  35.453 850.375   0.000 752.163  1273439.8 315861.5 106953.1     0.0 99640.8    415.0 52475.3 127805.1
  1848 1846.904  35.454 994.097   0.000 888.261  1420341.6 317010.5 157814.7     0.0 114220.5    515.5 82194.0 120588.3
  1849 2114.042  35.454 1061.335   0.000 1088.161  1440250.3 324720.0 194938.4     0.0 118239.0    523.7 91212.8 129579.7
  1850 1709.425  35.454 953.908   0.000 790.970  1463216.6 321456.2 201056.1     0.0 103884.3    513.0 135340.8 138811.4
  1851 1796.024  35.454 1200.237   0.000 631.240  1510239.2 312080.4 197510.9     0.0 122107.1    569.8 47523.2 187424.8
  1852 557.438  35.454 980.917   0.000 -388.025  1180011.8 281879.0 130166.4     0.0 74925.0    394.5 34322.8 132296.0
  1853 -46.934  35.454 938.755   0.000 -950.235  1015005.1 279404.8 89785.5     0.0 87288.4    329.4 21021.1 188949.3
  1854 635.439  35.454 887.347   0.000 -216.454  1142517.9 298482.0 89884.6     0.0 90414.9    369.0 29360.3 177058.6
  1855 1003.743  35.454 1003.872   0.000  35.324  1344742.3 318436.9 136169.6     0.0 99248.0    436.6 37716.4 149099.9
  1856 1508.711  35.454 1204.603   0.000 339.562  1438827.0 305441.1 165584.1     0.0 127419.0    482.7 46048.3 185752.9
  1857 -619.662  35.454 664.539   0.000 -1248.747   952245.1 244728.9 66653.6     0.0 60892.0    373.3 28334.4 111974.8
  1858 -512.785  35.454 594.343   0.000 -1071.674   881198.6 259729.8 56479.8     0.0 61865.7    268.0 28462.8 118071.7
  1859 1163.967  35.453 864.161   0.000 335.260  1290170.1 346790.8 125734.7     0.0 102659.0    419.1 802788.0 147615.4
  1860 1449.343  35.454 1054.267   0.000 430.530  1359720.4 296194.0 118361.0     0.0 121039.0    431.5 182736.4 147932.0
  1861 1912.091  35.454 961.114   0.000 986.431  1508557.1 319408.2 194145.1     0.0 112640.7    428.7 133644.9 143103.2
  1862 1186.356  35.454 1066.010   0.000 155.800  1371438.4 276780.8 151863.4     0.0 103345.3    440.2 152302.2 141721.0
  1863  50.864  35.454 628.523   0.000 -542.205  1121044.6 288293.6 100078.4     0.0 69443.6    291.4 41757.4 114178.4
  1864 568.265  35.454 1010.048   0.000 -406.329  1253839.6 275747.9 99050.7     0.0 103789.6    414.2 29432.9 162870.3
  1865 -458.242  35.454 644.554   0.000 -1067.343   970108.9 256024.3 65995.6     0.0 55797.8    296.4 30221.0 119934.0
  1866 227.016  35.454 948.671   0.000 -686.201  1099688.2 270155.0 81675.9     0.0 99459.6    394.7 35942.7 146518.9
  1867 1116.532  35.445 1048.664   0.000 103.313  1318805.1 274482.1 123782.1     0.0 103864.5    444.6 151353.8 132439.5
  1868 893.818  35.442 975.089   0.000 -45.829  1199342.3 278002.1 94606.9     0.0 105701.3    332.6 38625.0 130814.5
  1869 1439.857  35.454 1224.970   0.000 250.341  1344285.8 264628.0 126778.8     0.0 114137.8    387.1 49518.9 137151.3
  1870 1249.633  35.454 959.842   0.000 325.244  1345459.2 312393.2 147751.6     0.0 99851.6    414.7 445747.8 147064.7

                 Carbon flux (ktC/yr)                    Water (dam3/yr)                Nitrogen (MgN/yr)
       --------------------------------------- ---------------------------------- --------------------------------
Spinup NEP     estab   harvest product NBP     transp     evap    interc  wd      nuptake ndemand  nlosses ninflux
------ ------- ------- ------- ------- ------- ---------- ------- ------- ------- ------- -------- ------- -------
  1871 -200.691  35.454 719.349   0.000 -884.586   941886.8 252141.0 57450.8     0.0 73160.1    343.0 46156.7 151410.7
  1872 1260.833  35.454 836.159   0.000 460.128  1329531.2 334737.5 137536.2     0.0 96988.4    438.9 331612.4 155873.8
  1873 1065.365  35.454 955.207   0.000 145.611  1278550.3 259595.1 106119.3     0.0 102897.3    459.1 68958.8 176618.8
  1874 787.205  35.454 965.039   0.000 -142.380  1220172.1 255423.2 102537.0     0.0 94892.8    427.5 52718.7 176399.9
  1875 1237.767  35.454 967.761   0.000 305.460  1256728.5 286857.7 120449.1     0.0 97694.5    390.6 44946.0 133808.0
  1876 -132.965  35.454 739.080   0.000 -836.591  1011266.8 257717.2 77234.5     0.0 65037.0    337.3 33808.1 144908.3
  1877 292.459  35.454 972.843   0.000 -644.930  1118483.5 262423.6 83720.3     0.0 98774.4    504.4 31949.4 177803.8
  1878 1925.381  35.454 1199.838   0.000 760.997  1493233.0 307989.6 155723.7     0.0 126449.5    582.1 51663.8 166762.6
  1879 437.236  35.454 943.881   0.000 -471.191  1081564.2 231734.0 84851.7     0.0 88771.0    406.6 33004.2 169206.6
  1880 643.052  35.454 938.883   0.000 -260.377  1080098.2 277463.1 88352.0     0.0 94747.9    419.4 27123.9 146887.3
  1881 -153.850  35.454 792.909   0.000 -911.305   911196.6 255427.6 60844.1     0.0 72817.8    355.7 24376.8 131734.9
  1882 878.655  35.453 730.489   0.000 183.619  1080161.8 296922.6 78758.7     0.0 87229.0    441.3 52201.9 153680.3
  1883 766.256  35.454 940.512   0.000 -138.803  1158813.8 260212.7 88119.7     0.0 96279.5    528.0 84823.7 122761.0
  1884 2275.011  35.454 1092.627   0.000 1217.837  1439185.8 323556.1 176948.6     0.0 130611.7    493.4 103511.6 129105.8
  1885 1444.451  35.454 1063.565   0.000 416.340  1259677.4 258321.4 119683.5     0.0 98349.7    442.7 101462.5 121352.2
  1886 -66.361  35.454 556.314   0.000 -587.221   984918.6 283653.5 85933.8     0.0 60091.6    347.5 30681.5 115888.7
  1887 -149.123  35.454 653.060   0.000 -766.729  1012485.8 266043.7 62743.5     0.0 74405.0    418.1 32005.6 109128.6
  1888 -977.434  35.459 638.021   0.000 -1579.996   754606.8 271011.8 41971.9     0.0 59345.1    338.5 28784.2 132945.1
  1889 2964.861  35.449 1221.596   0.000 1778.714  1579373.0 331922.5 157100.5     0.0 149050.8    438.4 490994.9 163024.5
  1890 1121.048  35.454 1080.857   0.000  75.645  1301053.1 265097.5 134212.4     0.0 100408.5    406.4 140869.6 129349.4
  1891 1073.159  35.454 1004.228   0.000 104.386  1307159.2 249975.1 107769.0     0.0 101665.4    374.9 55380.7 156954.1
  1892 1805.076  35.454 1052.651   0.000 787.879  1349249.7 294875.6 143242.4     0.0 112937.5    345.8 34795.8 136251.9
  1893 1463.160  35.454 997.925   0.000 500.689  1417249.7 319779.9 189185.2     0.0 100566.2    464.8 70026.1 140588.2
  1894 1092.457  35.454 1000.044   0.000 127.866  1241379.4 282193.1 132694.9     0.0 89574.9    432.8 36112.2 136058.8
  1895 -23.771  35.454 1023.363   0.000 -1011.680  1087048.3 256219.7 93588.8     0.0 92030.2    387.5 26771.1 167561.0

                 Carbon flux (ktC/yr)                    Water (dam3/yr)                Nitrogen (MgN/yr)
       --------------------------------------- ---------------------------------- --------------------------------
Spinup NEP     estab   harvest product NBP     transp     evap    interc  wd      nuptake ndemand  nlosses ninflux
------ ------- ------- ------- ------- ------- ---------- ------- ------- ------- ------- -------- ------- -------
  1896 332.859  35.454 1036.874   0.000 -668.561  1176351.1 255144.9 89194.9     0.0 94594.5    469.5 31792.5 177397.6
  1897 1056.442  35.454 1083.368   0.000   8.527  1283705.5 286864.8 109809.6     0.0 105597.7    450.5 165113.4 150101.0
  1898 1546.337  35.454 1074.471   0.000 507.320  1290880.2 253796.9 114725.4     0.0 106182.8    369.1 84357.0 132864.4
  1899 842.140  35.454 1019.842   0.000 -142.249  1205055.4 284331.3 111163.0     0.0 94596.6    392.8 120537.8 170142.6
  1900 373.678  35.445 607.781   0.000 -198.658  1047153.8 243258.0 72441.0     0.0 70946.8    408.5 35315.9 138184.2

                 Carbon flux (ktC/yr)                    Water (dam3/yr)                Nitrogen (MgN/yr)
       --------------------------------------- ---------------------------------- --------------------------------
Year   NEP     estab   harvest product NBP     transp     evap    interc  wd      nuptake ndemand  nlosses ninflux
------ ------- ------- ------- ------- ------- ---------- ------- ------- ------- ------- -------- ------- -------
  1901 1257.373  35.454 905.737   0.000 387.090  1291027.0 337749.3 140182.5     0.0 103971.8    548.9 439542.8 171123.4
  1902 2805.506  35.454 1236.067   0.000 1604.892  1584023.0 323785.8 206229.4     0.0 147368.2    583.1 336722.6 153701.8
  1903 1544.926  35.454 945.414   0.000 634.965  1324557.0 279232.9 141135.4     0.0 89852.7    507.0 51345.6 157671.5
  1904 349.150  35.454 935.706   0.000 -551.102  1079494.4 236967.1 92734.3     0.0 86660.5    572.0 37994.6 175266.8
  1905 1026.318  35.454 1109.819   0.000 -48.047  1263695.6 238137.1 90004.5     0.0 98390.3    548.6 37679.6 180164.4
  1906 227.980  35.454 1017.462   0.000 -754.029  1120361.6 250421.1 90946.5     0.0 99138.7    511.2 33795.0 191328.6
  1907 888.133  35.454 979.748   0.000 -56.161  1207690.1 293813.6 93315.9     0.0 95909.4    372.8 39984.7 152846.6
  1908 1595.837  35.454 1268.946   0.000 362.344  1371424.1 260892.0 129729.8     0.0 126005.1    412.8 56039.8 153995.2
  1909 1059.363  35.454 1094.356   0.000   0.461  1186575.2 247793.5 112288.7     0.0 93840.1    341.6 40982.9 126291.3
  1910 365.940  35.454 940.433   0.000 -539.040  1119385.6 245642.6 91180.8     0.0 80267.3    366.8 49996.7 175774.4
  1911 2034.261  35.454 1051.397   0.000 1018.318  1474023.7 301186.8 161188.6     0.0 124398.5    462.8 72551.3 139938.2
  1912 1798.134  35.454 972.489   0.000 861.098  1429417.4 313370.0 195613.7     0.0 107870.8    482.1 87674.7 143730.3
  1913 396.276  35.454 745.065   0.000 -313.336  1117095.2 258750.0 96058.4     0.0 67356.1    484.9 29099.1 156516.4
  1914 724.641  35.454 1063.723   0.000 -303.628  1247723.7 279375.3 133925.7     0.0 99354.2    541.3 145703.0 151532.6
  1915 2260.069  35.454 1235.672   0.000 1059.851  1576095.7 308851.8 188454.7     0.0 138686.5    579.1 61273.6 189762.4
  1916 1850.173  35.454 1119.353   0.000 766.273  1406879.9 318255.8 205297.5     0.0 113229.0    509.1 66618.3 153005.2
  1917 814.663  35.454 958.085   0.000 -107.968  1146781.3 278081.9 111563.4     0.0 93688.4    457.6 37572.9 146988.0
  1918 -880.998  35.454 618.023   0.000 -1463.567   899875.0 255462.2 65193.3     0.0 53846.1    462.8 26373.0 101482.0
  1919 491.208  35.454 871.597   0.000 -344.936  1109877.6 285095.2 91207.1     0.0 82354.1    433.3 28907.1 130260.2
  1920 115.887  35.454 826.887   0.000 -675.545   943195.4 262238.7 61603.2     0.0 86701.0    384.6 21097.2 129524.4
  1921 127.819  35.454 611.685   0.000 -448.412   927709.7 299070.6 66758.6     0.0 65774.9    552.5 26786.5 123925.4
  1922 -333.956  35.454 464.519   0.000 -763.021   814435.5 271079.7 50893.2     0.0 61446.8    455.8 27355.2 127007.9
  1923 1231.198  35.453 892.718   0.000 373.934  1245471.3 337987.4 111310.3     0.0 97980.4    605.8 69887.1 111490.8
  1924 220.535  35.454 600.136   0.000 -344.147   988459.7 302517.3 81414.5     0.0 78907.3    426.2 49337.4 101687.5
  1925 623.009  35.454 861.404   0.000 -202.941  1135408.6 299304.1 89002.8     0.0 94561.7    414.8 92203.3 112874.3

                 Carbon flux (ktC/yr)                    Water (dam3/yr)                Nitrogen (MgN/yr)
       --------------------------------------- ---------------------------------- --------------------------------
Year   NEP     estab   harvest product NBP     transp     evap    interc  wd      nuptake ndemand  nlosses ninflux
------ ------- ------- ------- ------- ------- ---------- ------- ------- ------- ------- -------- ------- -------
  1926 1606.302  35.445 1088.893   0.000 552.854  1321829.4 294191.3 113953.5     0.0 121374.6    371.1 219310.2 151551.0
  1927 2074.574  35.454 1075.807   0.000 1034.220  1387789.8 298076.6 143542.0     0.0 117897.0    324.3 53383.7 134925.0
  1928 1125.545  35.454 1022.002   0.000 138.997  1203017.1 288753.2 126127.3     0.0 85386.8    397.4 35566.0 115539.7
  1929 -1127.663  35.455 736.405   0.000 -1828.613   754156.8 249656.5 48677.1     0.0 60907.4    318.9 22728.2 168972.8
  1930 182.015  35.453 751.648   0.000 -534.180  1052684.8 235402.3 61927.1     0.0 75063.9    371.9 39696.3 153846.6
  1931 821.155  35.453 877.063   0.000 -20.455  1221667.2 228210.3 91176.6     0.0 101318.6    419.3 97701.7 135799.4
  1932 1343.428  35.454 1023.112   0.000 355.770  1295859.0 277887.4 117223.0     0.0 107063.0    384.7 52022.9 124737.1
  1933 923.309  35.442 847.950   0.000 110.801  1107007.5 235574.3 73721.7     0.0 89115.5    357.9 39097.2 108091.8
  1934  88.497  35.454 1005.261   0.000 -881.310  1045957.1 219079.8 73292.0     0.0 83901.8    392.5 36775.3 130361.1
  1935 2231.332  35.454 1138.297   0.000 1128.489  1382710.7 295367.9 139526.6     0.0 129153.0    467.6 215347.2 125138.0
  1936 561.249  35.454 940.757   0.000 -344.055  1168455.5 297692.5 107126.2     0.0 79790.7    460.6 31506.7 95779.5
  1937 580.548  35.454 858.767   0.000 -242.765  1161822.8 306078.9 112153.7     0.0 86819.4    441.3 102509.0 108224.2
  1938 1331.307  35.454 893.338   0.000 473.423  1333685.2 342631.4 133782.6     0.0 103366.0    440.3 56228.9 105392.5
  1939 280.561  35.454 1142.714   0.000 -826.699  1146195.6 294477.3 119586.9     0.0 98533.2    397.3 40369.5 163839.3
  1940 570.129  35.454 839.284   0.000 -233.701  1077957.5 300065.8 95787.0     0.0 91926.7    327.7 41785.0 111953.0
  1941 177.560  35.454 817.178   0.000 -604.164  1104392.1 293525.9 92854.8     0.0 74405.4    333.6 39759.7 108078.5
  1942 1445.239  35.454 1087.281   0.000 393.411  1326810.4 277943.4 131338.8     0.0 114387.5    458.6 87344.2 140530.2
  1943 785.685  35.454 1017.695   0.000 -196.557  1224283.5 272711.4 108819.3     0.0 94725.4    368.7 33432.8 113784.7
  1944 1643.506  35.454 1103.161   0.000 575.799  1435837.3 273453.3 140273.1     0.0 116221.7    385.1 208547.5 128695.1
  1945 445.190  35.454 873.750   0.000 -393.106  1056672.8 270013.1 95685.8     0.0 87992.6    364.3 28615.1 148198.7
  1946 925.049  35.454 968.037   0.000  -7.534  1279995.2 310741.4 119417.0     0.0 92776.5    435.7 33153.8 129704.4
  1947 835.508  35.454 906.739   0.000 -35.777  1168696.4 321496.2 117317.5     0.0 86927.5    439.0 30822.2 146858.8
  1948 220.155  35.454 669.772   0.000 -414.164   991025.0 324381.1 94162.0     0.0 79016.8    362.8 25816.0 112723.6
  1949 -594.462  35.454 565.891   0.000 -1124.899   827002.0 284985.9 56856.9     0.0 54940.9    369.4 52961.0 86038.6
  1950 -132.185  35.454 627.686   0.000 -724.417   812905.8 325284.1 55941.4     0.0 74022.6    443.0 27165.0 112426.5

                 Carbon flux (ktC/yr)                    Water (dam3/yr)                Nitrogen (MgN/yr)
       --------------------------------------- ---------------------------------- --------------------------------
Year   NEP     estab   harvest product NBP     transp     evap    interc  wd      nuptake ndemand  nlosses ninflux
------ ------- ------- ------- ------- ------- ---------- ------- ------- ------- ------- -------- ------- -------
  1951 1918.766  35.453 996.286   0.000 957.933  1261974.0 305639.7 89055.3     0.0 114060.8    588.2 43894.7 134343.3
  1952 2031.554  35.454 1042.204   0.000 1024.804  1348307.4 303420.3 143120.7     0.0 119483.9    614.3 45740.5 149947.2
  1953 1897.671  35.454 1176.929   0.000 756.196  1377167.5 293348.3 162659.3     0.0 114056.0    434.1 31152.2 142546.5
  1954 1534.541  35.454 1077.298   0.000 492.697  1255043.3 299637.3 168740.8     0.0 98664.3    364.5 357788.7 151414.9
  1955 953.493  35.454 877.911   0.000 111.035  1214965.9 324205.3 131398.0     0.0 101616.1    386.2 32514.6 131944.8
  1956 896.406  35.454 798.793   0.000 133.067  1194228.3 329719.2 127188.6     0.0 69183.3    430.2 29811.1 116737.1
  1957 203.155  35.454 722.471   0.000 -483.862  1030013.8 339340.1 91494.6     0.0 77898.1    456.7 24656.8 131685.6
  1958 120.170  35.454 796.756   0.000 -641.132  1034367.1 300177.1 85204.3     0.0 87116.3    447.5 24194.6 156151.7
  1959 1281.915  35.454 996.153   0.000 321.216  1174140.8 321123.5 114110.5     0.0 102895.0    408.9 33497.0 154757.1
  1960 1131.098  35.454 1018.773   0.000 147.778  1218200.1 285692.1 100619.0     0.0 100741.8    443.3 30548.4 137259.3
  1961 -325.694  35.454 652.931   0.000 -943.171   958081.9 299313.0 77404.1     0.0 64854.9    327.8 28368.9 145099.7
  1962 1594.938  35.454 1007.587   0.000 622.804  1252540.5 352582.0 122281.0     0.0 100127.8    547.1 31851.5 120715.4
  1963 1359.638  35.454 932.764   0.000 462.327  1302919.9 366264.3 145197.2     0.0 101623.3    511.5 39031.8 125454.3
  1964 935.724  35.454 1036.338   0.000 -65.160  1129211.1 323873.6 126525.1     0.0 107278.2    525.3 31704.2 135413.2
  1965 1690.243  35.454 1171.754   0.000 553.943  1318105.1 322320.8 146516.1     0.0 106246.2    457.4 206311.7 119775.1
  1966 1068.232  35.454 921.042   0.000 182.644  1141745.7 327825.8 120506.6     0.0 85310.8    460.2 26703.7 127557.6
  1967 -630.199  35.454 901.790   0.000 -1496.535   836077.9 244630.6 59162.4     0.0 65873.0    357.1 20055.5 114261.6
  1968  32.002  35.453 680.815   0.000 -613.360   981323.3 279708.6 71035.1     0.0 77236.3    371.6 50831.5 141187.6
  1969 970.604  35.454 793.175   0.000 212.883  1115551.1 282920.6 96610.7     0.0 100488.0    554.3 58893.0 109337.6
  1970 1108.098  35.454 816.687   0.000 326.865  1223988.2 349256.0 128460.6     0.0 88652.3    386.6 199839.2 101318.6
  1971 462.223  35.454 843.688   0.000 -346.011  1040370.1 306044.3 89609.3     0.0 77564.9    430.7 49179.0 102241.9
  1972 1743.444  35.454 1010.104   0.000 768.794  1316137.2 342898.3 129039.0     0.0 105190.1    460.5 32747.2 121825.8
  1973 2007.926  35.454 1088.454   0.000 954.926  1412688.0 319453.5 161531.4     0.0 116977.0    432.3 170494.4 123553.4
  1974 1838.360  35.454 1133.731   0.000 740.083  1357502.4 303350.7 151703.1     0.0 96183.8    502.5 25917.5 118918.7
  1975 894.205  35.454 1096.515   0.000 -166.857  1124418.6 279254.2 110892.8     0.0 96782.1    370.9 20858.4 145749.3

                 Carbon flux (ktC/yr)                    Water (dam3/yr)                Nitrogen (MgN/yr)
       --------------------------------------- ---------------------------------- --------------------------------
Year   NEP     estab   harvest product NBP     transp     evap    interc  wd      nuptake ndemand  nlosses ninflux
------ ------- ------- ------- ------- ------- ---------- ------- ------- ------- ------- -------- ------- -------
  1976 613.012  35.454 1025.057   0.000 -376.591  1148990.3 287478.0 112834.0     0.0 88862.4    406.1 23556.4 191997.0
  1977 1341.376  35.454 1100.038   0.000 276.792  1231151.4 303355.1 138712.1     0.0 112562.1    539.4 70517.9 172859.6
  1978 1164.031  35.454 1098.839   0.000 100.646  1221744.6 318211.3 150516.4     0.0 100805.6    582.9 407314.2 162814.9
  1979 1483.856  35.454 965.388   0.000 553.922  1231378.4 317325.9 122642.2     0.0 97287.6    510.6 66603.0 124052.6
  1980 1028.994  35.454 840.845   0.000 223.602  1245868.3 333995.6 149384.2     0.0 88511.2    476.0 137408.8 107521.2
  1981 1617.894  35.454 1154.592   0.000 498.756  1393248.2 320572.9 155084.4     0.0 121279.1    602.3 95185.3 138946.5
  1982 1093.965  35.454 856.483   0.000 272.935  1225031.7 336801.1 132412.2     0.0 85451.4    474.2 373350.8 123349.0
  1983 652.979  35.454 776.851   0.000 -88.418  1132150.9 343429.6 117462.8     0.0 74734.3    566.8 193391.9 120129.6
  1984 807.151  35.454 1112.710   0.000 -270.105  1129572.1 303864.4 116237.5     0.0 94554.6    546.1 79086.0 137775.6
  1985 1394.338  35.454 926.445   0.000 503.347  1175912.5 312201.1 121890.3     0.0 98262.5    588.3 84534.1 129529.8
  1986 1860.171  35.454 926.636   0.000 968.988  1462335.9 354570.5 150034.9     0.0 126017.7    657.6 103991.1 143409.1
  1987 1310.508  35.454 889.262   0.000 456.700  1304221.7 325386.7 147625.3     0.0 85358.4    651.7 30866.4 128346.0
  1988 550.657  35.454 840.627   0.000 -254.517  1250747.8 332820.4 140725.8     0.0 84667.4    520.8 46330.4 142130.7
  1989 1660.221  35.454 1117.493   0.000 578.182  1322905.0 349676.1 160793.0     0.0 105075.1    441.4 23367.3 145868.9
  1990 1712.863  35.454 1174.281   0.000 574.036  1440838.4 293149.2 153049.1     0.0 112868.3    474.7 170264.1 172968.3
  1991 2053.286  35.454 1262.579   0.000 826.161  1480414.0 324223.0 195574.7     0.0 111145.6    564.0 39848.8 144610.8
  1992 772.954  35.454 1043.064   0.000 -234.655  1211012.5 292649.6 129917.8     0.0 97913.3    488.7 21564.9 156733.8
  1993 1203.048  35.454 973.550   0.000 264.953  1206951.8 311799.1 133393.2     0.0 87658.2    517.2 23114.0 111188.8
  1994 1105.998  35.454 1179.832   0.000 -38.380  1355233.4 313628.6 169235.8     0.0 108996.4    475.5 28862.2 177175.9
  1995 1494.964  35.454 1023.838   0.000 506.580  1249082.2 309697.0 144723.3     0.0 110652.7    547.3 24622.9 132554.4
  1996 1550.442  35.454 1151.073   0.000 434.822  1266311.9 297644.2 157287.0     0.0 109908.9    600.4 22727.4 136093.0
  1997 1272.656  35.454 1127.698   0.000 180.412  1310611.9 290613.3 163649.2     0.0 96656.2    589.2 23099.9 127619.6
  1998 742.074  35.454 1038.696   0.000 -261.169  1243171.4 299583.4 142401.4     0.0 102892.6    551.4 87079.6 120965.7
  1999 1972.957  35.454 1175.249   0.000 833.161  1409729.7 306227.8 150580.4     0.0 115910.5    488.1 160704.3 141841.5
  2000 1778.386  35.454 1268.736   0.000 545.104  1340292.2 306544.4 166747.2     0.0 119097.6    496.1 28337.5 160703.0

                 Carbon flux (ktC/yr)                    Water (dam3/yr)                Nitrogen (MgN/yr)
       --------------------------------------- ---------------------------------- --------------------------------
Year   NEP     estab   harvest product NBP     transp     evap    interc  wd      nuptake ndemand  nlosses ninflux
------ ------- ------- ------- ------- ------- ---------- ------- ------- ------- ------- -------- ------- -------
  2001 480.520  35.454 1003.128   0.000 -487.154  1062278.8 264033.2 96195.5     0.0 80209.4    563.3 59256.6 102048.1
  2002 -93.588  35.454 746.436   0.000 -804.570   871980.7 267872.9 75096.7     0.0 64993.9    429.6 18252.4 139912.9
  2003 713.526  35.454 1035.288   0.000 -286.308  1115421.3 295419.5 94959.5     0.0 95997.5    573.1 17287.4 156620.7
  2004 1180.114  35.454 1040.237   0.000 175.331  1163217.8 313844.6 112075.0     0.0 102777.0    519.4 23908.9 178841.0
  2005 1286.749  35.454 1095.365   0.000 226.838  1188410.2 295060.9 105946.4     0.0 107426.2    531.8 56257.6 151621.8
  2006 980.576  35.454 944.841   0.000  71.189  1220869.7 278583.0 115812.5     0.0 98385.4    451.3 135857.4 142978.4
  2007 2464.465  35.454 1247.117   0.000 1252.802  1432592.9 307667.8 159753.7     0.0 129406.0    558.6 243986.4 166108.5
  2008 1156.940  35.454 1150.657   0.000  41.736  1153076.0 297895.7 119527.7     0.0 98072.4    542.3 18536.1 141604.5
  2009 -473.453  35.454 822.394   0.000 -1260.394   867929.1 302016.7 77906.0     0.0 60152.1    423.2 17739.0 138729.9
  2010 2129.292  35.454 1171.871   0.000 992.875  1455745.9 306432.8 158643.2     0.0 137046.4    574.5 175131.4 169793.9
  2011 1987.648  35.454 1192.055   0.000 831.047  1313168.5 287147.0 147353.8     0.0 107876.3    568.0 45212.3 127680.5
  2012 1765.165  35.454 1242.409   0.000 558.210  1336333.8 307527.4 175563.1     0.0 121750.5    515.5 26187.0 155358.3
  2013 935.593  35.454 1124.468   0.000 -153.421  1155199.3 297610.4 126418.9     0.0 84267.2    512.2 22974.5 126222.7
  2014 1470.029  35.454 1179.818   0.000 325.665  1219337.2 326302.5 132249.4     0.0 95938.0    515.4 23947.5 136433.6
  2015 341.909  35.454 859.099   0.000 -481.736  1122252.1 324831.1 107160.7     0.0 88449.9    517.7 33173.3 111031.8
  2016 1494.723  35.454 1111.690   0.000 418.486  1363788.2 304474.6 169863.3     0.0 121361.4    519.8 61493.2 143219.7
  2017 1527.752  35.454 1179.961   0.000 383.245  1299403.7 282030.3 138159.9     0.0 110212.0    539.3 34438.6 128158.4
  2018 472.170  35.454 915.417   0.000 -407.793   943313.2 293691.1 108668.0     0.0 74080.0    507.5 19683.1 114326.3
  2019 1739.639  35.454 1053.341   0.000 721.752  1216981.3 301252.4 133676.7     0.0 102304.0    586.6 66317.3 145546.5
Simulation ended.
lpjml successfully terminated, 63 grid cells processed.
Wall clock time:	334 sec, 0.018 sec/cell/year.
Total wall clock time:	344 sec (00:05:44).
