WARNING036: 'soilmap' not defined for soil type 'clay (light)'.
WARNING405: Incompatible resolution 0.5 for longitude in '/projects/prjs2023/chapter3/lpjml_input/hwsd_soil_data_all_land_oceanfilled.nc', not 0.1.
WARNING406: Incompatible resolution 0.5 for latitude in '/projects/prjs2023/chapter3/lpjml_input/hwsd_soil_data_all_land_oceanfilled.nc', not 0.1.
WARNING401: Invalid conversion for tas from Ð to celsius in '/projects/prjs2023/chapter3/lpjml_input/run_for_10_locations/boreal_needleleaved_evergreen_tree/patch_9/temp.nc', assume none.
WARNING405: Incompatible resolution 0.5 for longitude in '/projects/prjs2023/chapter3/lpjml_input/run_for_10_locations/boreal_needleleaved_evergreen_tree/patch_9/temp.nc',not 0.1.
WARNING406: Incompatible resolution 0.5 for latitude in '/projects/prjs2023/chapter3/lpjml_input/run_for_10_locations/boreal_needleleaved_evergreen_tree/patch_9/temp.nc', not 0.1.
WARNING405: Incompatible resolution 0.5 for longitude in '/projects/prjs2023/chapter3/lpjml_input/run_for_10_locations/boreal_needleleaved_evergreen_tree/patch_9/vpd.nc',not 0.1.
WARNING406: Incompatible resolution 0.5 for latitude in '/projects/prjs2023/chapter3/lpjml_input/run_for_10_locations/boreal_needleleaved_evergreen_tree/patch_9/vpd.nc', not 0.1.
WARNING405: Incompatible resolution 0.5 for longitude in '/projects/prjs2023/chapter3/lpjml_input/run_for_10_locations/boreal_needleleaved_evergreen_tree/patch_9/prec.nc',not 0.1.
WARNING406: Incompatible resolution 0.5 for latitude in '/projects/prjs2023/chapter3/lpjml_input/run_for_10_locations/boreal_needleleaved_evergreen_tree/patch_9/prec.nc', not 0.1.
WARNING405: Incompatible resolution 0.5 for longitude in '/projects/prjs2023/chapter3/lpjml_input/run_for_10_locations/boreal_needleleaved_evergreen_tree/patch_9/lwdown.nc',not 0.1.
WARNING406: Incompatible resolution 0.5 for latitude in '/projects/prjs2023/chapter3/lpjml_input/run_for_10_locations/boreal_needleleaved_evergreen_tree/patch_9/lwdown.nc', not 0.1.
WARNING405: Incompatible resolution 0.5 for longitude in '/projects/prjs2023/chapter3/lpjml_input/run_for_10_locations/boreal_needleleaved_evergreen_tree/patch_9/swdown.nc',not 0.1.
WARNING406: Incompatible resolution 0.5 for latitude in '/projects/prjs2023/chapter3/lpjml_input/run_for_10_locations/boreal_needleleaved_evergreen_tree/patch_9/swdown.nc', not 0.1.
WARNING405: Incompatible resolution 0.5 for longitude in '/projects/prjs2023/chapter3/lpjml_input/ndep-noy_histsoc_monthly_1901_2021_units.nc',not 0.1.
WARNING406: Incompatible resolution 0.5 for latitude in '/projects/prjs2023/chapter3/lpjml_input/ndep-noy_histsoc_monthly_1901_2021_units.nc', not 0.1.
WARNING405: Incompatible resolution 0.5 for longitude in '/projects/prjs2023/chapter3/lpjml_input/ndep-nhx_histsoc_monthly_1901_2021_units.nc',not 0.1.
WARNING406: Incompatible resolution 0.5 for latitude in '/projects/prjs2023/chapter3/lpjml_input/ndep-nhx_histsoc_monthly_1901_2021_units.nc', not 0.1.
WARNING405: Incompatible resolution 0.5 for longitude in '/projects/prjs2023/chapter3/lpjml_input/run_for_10_locations/boreal_needleleaved_evergreen_tree/patch_9/wind.nc',not 0.1.
WARNING406: Incompatible resolution 0.5 for latitude in '/projects/prjs2023/chapter3/lpjml_input/run_for_10_locations/boreal_needleleaved_evergreen_tree/patch_9/wind.nc', not 0.1.
WARNING001: First year in CO2 data file '/projects/prjs2023/chapter3/lpjml_input/co2_1832-2023.dat'=1832 greater than first simulation year -1099,
            value=284.3 ppm of year 1832 is used.
