--------------------------------------
Running config: /home/druijsch/LPJmL5/dev15oct2025/config_files/2026_04_08_run_for_10_locations/boreal_broadleaved_summergreen_tree/spinup/configs/boreal_broadleaved_summergreen_tree_patch3_config_restart.cjson
SLURM task ID: 0
Node: tcn230.local.snellius.surf.nl
--------------------------------------
******************************************************************************
****        _     ____     _           _       ____        _  ___         ****
****       | |   |  _ \   | |_ __ ___ | |     | ___|      / |/ _ \        ****
****       | |   | |_) |  | | '_ ` _ \| |     |___ \      | | | | |       ****
****       | |___|  __/ |_| | | | | | | |___   ___) |  _  | | |_| |       ****
****       |_____|_|   \___/|_| |_| |_|_____| |____/  (_) |_|\___/        ****
****                                                                      ****
****                 lpjml C Version 5.10.1 (Apr 14 2026)                 ****
****    Dynamic global vegetation model with natural and managed land     ****
****                     Compiled for Linux with MPI                      ****
****       (C) Potsdam Institute for Climate Impact Research (PIK),       ****
****                          see COPYRIGHT file                          ****
****              Authors, and contributors see AUTHORS file              ****
**** This version of LPJmL is licensed under GNU AGPL Version 3 or later  ****
****        See LICENSE file or go to http://www.gnu.org/licenses/        ****
****                 or invoke lpjml -l to print license                  ****
****      https://gitlab.pik-potsdam.de/lpjml/wur_team/lpjml-wur.git      ****
****          GIT hash: 5e6f8e1bb5c5d5f3357da68b6c43e9517864f3c2          ****
****                                                                      ****
******************************************************************************

Running for user druijsch on tcn230.local.snellius.surf.nl at Tue Apr 14 16:59:08 2026
Reading configuration from '/home/druijsch/LPJmL5/dev15oct2025/config_files/2026_04_08_run_for_10_locations/boreal_broadleaved_summergreen_tree/spinup/configs/boreal_broadleaved_summergreen_tree_patch3_config_restart.cjson'.
==============================================================================
/----------------------------------------------------------\
|institution: Potsdam Institute for Climate Impact Research|
|contact:                                                  |
|comment:                                                  |
\----------------------------------------------------------/
Simulation "LPJmL Run" running on 50 tasks
Simulation with shuffle spinup climate, nitrogen limitation, permafrost, 
Johansen conductivity, percolation heattransfer, GSI phenology, 
NPP controlled BNF, land use, potential irrigation, 
others to crop "maize" and "temperate cereals", land-use change timber, 
fixed residue remove, with auto fertilizer, pft.cjson LAImax, 
livestock grazing, bondau2007 crop PHU option, separate harvests.
Cultivation types: none, biomass, annual crop
Working directory: /gpfs/home5/druijsch/LPJmL5/dev15oct2025
cpp processed configuration file written to `/projects/prjs2023/chapter3/lpjml_output/2026_04_08_run_for_10_locations/boreal_broadleaved_summergreen_tree/patch_3/`.
Starting from restart file '/home/druijsch/LPJmL5/dev15oct2025/restart/2026_04_08_run_for_10_locations/boreal_broadleaved_summergreen_tree/patch_3/restart_1901_nv_stdfire.lpj'.
Input files:
Variable     Fmt  Varname  Filename
------------ ---- -------- ---------------------------------------------------
soil         cdf  soilcode /projects/prjs2023/chapter3/lpjml_input/run_for_10_locations/boreal_broadleaved_summergreen_tree/patch_3/soil.nc
temp         cdf  tas      /projects/prjs2023/chapter3/lpjml_input/run_for_10_locations/boreal_broadleaved_summergreen_tree/patch_3/temp.nc
prec         cdf  pr       /projects/prjs2023/chapter3/lpjml_input/run_for_10_locations/boreal_broadleaved_summergreen_tree/patch_3/prec.nc
lwdown       cdf  rlds     /projects/prjs2023/chapter3/lpjml_input/run_for_10_locations/boreal_broadleaved_summergreen_tree/patch_3/lwdown.nc
swdown       cdf  rsds     /projects/prjs2023/chapter3/lpjml_input/run_for_10_locations/boreal_broadleaved_summergreen_tree/patch_3/swdown.nc
no3_depo     cdf  noy      /projects/prjs2023/chapter3/lpjml_input/ndep-noy_histsoc_monthly_1901_2021_units.nc
nh4_depo     cdf  nhx      /projects/prjs2023/chapter3/lpjml_input/ndep-nhx_histsoc_monthly_1901_2021_units.nc
soilpH       cdf  soil_ph  /projects/prjs2023/chapter3/lpjml_input/hwsd_soil_data_all_land_oceanfilled.nc
co2          txt           /projects/prjs2023/chapter3/lpjml_input/co2_1832-2023.dat
windspeed    cdf  sfcwind  /projects/prjs2023/chapter3/lpjml_input/run_for_10_locations/boreal_broadleaved_summergreen_tree/patch_3/wind.nc
countries    cdf  country  /projects/prjs2023/chapter3/lpjml_input/regridded_cow_full_2018_5min_reduced_filled.nc
landuse      cdf  CFTfrac  /projects/prjs2023/chapter3/lpjml_input/MAPSPAM_2020_crops_filled_ESA_01deg_v7.nc
------------ ---- -------- ---------------------------------------------------
Writing restart file '/home/druijsch/LPJmL5/dev15oct2025/restart/2026_04_08_run_for_10_locations/boreal_broadleaved_summergreen_tree/patch_3/restart_1960_crop_stdfire_base.lpj' after year 1960.
Reading random seeds from restart file.
Number of output files:       65
Output written in year:       1901
Byte order in output files:   little endian

Compression level for NetCDF: 3
Missing value in NetCDF:      -1e+32
Base year in NetCDF:          1901
NetCDF grid:                  local
Variable            Fmt  Unit        Type   tstep nbd Filename
------------------- ---- ----------- ------ ----- --- -------------------------
albedo              cdf  -           float  month   1 /projects/prjs2023/chapter3/lpjml_output/2026_04_08_run_for_10_locations/boreal_broadleaved_summergreen_tree/patch_3/output/malbedo.nc + .json
cftfrac             cdf  -           float  year   32 /projects/prjs2023/chapter3/lpjml_output/2026_04_08_run_for_10_locations/boreal_broadleaved_summergreen_tree/patch_3/output/cftfrac.nc + .json
discharge           cdf  hm3/day     float  month   1 /projects/prjs2023/chapter3/lpjml_output/2026_04_08_run_for_10_locations/boreal_broadleaved_summergreen_tree/patch_3/output/mdischarge.nc + .json
evap                cdf  mm/month    float  month   1 /projects/prjs2023/chapter3/lpjml_output/2026_04_08_run_for_10_locations/boreal_broadleaved_summergreen_tree/patch_3/output/mevap.nc + .json
fapar               cdf  -           float  month   1 /projects/prjs2023/chapter3/lpjml_output/2026_04_08_run_for_10_locations/boreal_broadleaved_summergreen_tree/patch_3/output/mfapar.nc + .json
firec               cdf  gC/m2/yr    float  year    1 /projects/prjs2023/chapter3/lpjml_output/2026_04_08_run_for_10_locations/boreal_broadleaved_summergreen_tree/patch_3/output/firec.nc + .json
firef               cdf  1           float  year    1 /projects/prjs2023/chapter3/lpjml_output/2026_04_08_run_for_10_locations/boreal_broadleaved_summergreen_tree/patch_3/output/firef.nc + .json
flux_estabc         cdf  gC/m2/yr    float  year    1 /projects/prjs2023/chapter3/lpjml_output/2026_04_08_run_for_10_locations/boreal_broadleaved_summergreen_tree/patch_3/output/flux_estab.nc + .json
fpc                 cdf  -           float  month  12 /projects/prjs2023/chapter3/lpjml_output/2026_04_08_run_for_10_locations/boreal_broadleaved_summergreen_tree/patch_3/output/fpc.nc + .json
globalflux          txt  -           float  year    1 /projects/prjs2023/chapter3/lpjml_output/2026_04_08_run_for_10_locations/boreal_broadleaved_summergreen_tree/patch_3/output/globalflux.csv + .json
gpp                 cdf  gC/m2/month float  month   1 /projects/prjs2023/chapter3/lpjml_output/2026_04_08_run_for_10_locations/boreal_broadleaved_summergreen_tree/patch_3/output/mgpp.nc + .json
litc                cdf  gC/m2       float  year    1 /projects/prjs2023/chapter3/lpjml_output/2026_04_08_run_for_10_locations/boreal_broadleaved_summergreen_tree/patch_3/output/litc.nc + .json
litn                cdf  gN/m2       float  year    1 /projects/prjs2023/chapter3/lpjml_output/2026_04_08_run_for_10_locations/boreal_broadleaved_summergreen_tree/patch_3/output/litn.nc + .json
npp                 cdf  gC/m2/month float  month   1 /projects/prjs2023/chapter3/lpjml_output/2026_04_08_run_for_10_locations/boreal_broadleaved_summergreen_tree/patch_3/output/mnpp.nc + .json
nuptake             cdf  gN/m2/month float  month   1 /projects/prjs2023/chapter3/lpjml_output/2026_04_08_run_for_10_locations/boreal_broadleaved_summergreen_tree/patch_3/output/mnuptake.nc + .json
pet                 cdf  mm/month    float  month   1 /projects/prjs2023/chapter3/lpjml_output/2026_04_08_run_for_10_locations/boreal_broadleaved_summergreen_tree/patch_3/output/mpet.nc + .json
pft_chawo           cdf  gC/m2       float  year   43 /projects/prjs2023/chapter3/lpjml_output/2026_04_08_run_for_10_locations/boreal_broadleaved_summergreen_tree/patch_3/output/pft_chawo.nc + .json
pft_cleaf           cdf  gC/m2       float  year   43 /projects/prjs2023/chapter3/lpjml_output/2026_04_08_run_for_10_locations/boreal_broadleaved_summergreen_tree/patch_3/output/pft_cleaf.nc + .json
pft_croot           cdf  gC/m2       float  year   43 /projects/prjs2023/chapter3/lpjml_output/2026_04_08_run_for_10_locations/boreal_broadleaved_summergreen_tree/patch_3/output/pft_croot.nc + .json
pft_csapw           cdf  gC/m2       float  year   43 /projects/prjs2023/chapter3/lpjml_output/2026_04_08_run_for_10_locations/boreal_broadleaved_summergreen_tree/patch_3/output/pft_csapw.nc + .json
pft_fpar            cdf  -           float  month  43 /projects/prjs2023/chapter3/lpjml_output/2026_04_08_run_for_10_locations/boreal_broadleaved_summergreen_tree/patch_3/output/pft_fpar.nc + .json
pft_gpp             cdf  gC/m2/month float  month  43 /projects/prjs2023/chapter3/lpjml_output/2026_04_08_run_for_10_locations/boreal_broadleaved_summergreen_tree/patch_3/output/pft_gpp.nc + .json
pft_laimax          cdf  m2/m2       float  year   43 /projects/prjs2023/chapter3/lpjml_output/2026_04_08_run_for_10_locations/boreal_broadleaved_summergreen_tree/patch_3/output/pft_laimax.nc + .json
pft_mort            cdf  1/month     float  month  11 /projects/prjs2023/chapter3/lpjml_output/2026_04_08_run_for_10_locations/boreal_broadleaved_summergreen_tree/patch_3/output/pft_mort.nc + .json
pft_mort_background cdf  1/month     float  month  11 /projects/prjs2023/chapter3/lpjml_output/2026_04_08_run_for_10_locations/boreal_broadleaved_summergreen_tree/patch_3/output/pft_mort_background.nc + .json
pft_mort_drought    cdf  1/month     float  month  11 /projects/prjs2023/chapter3/lpjml_output/2026_04_08_run_for_10_locations/boreal_broadleaved_summergreen_tree/patch_3/output/pft_mort_drought.nc + .json
pft_mort_heat       cdf  1/month     float  month  11 /projects/prjs2023/chapter3/lpjml_output/2026_04_08_run_for_10_locations/boreal_broadleaved_summergreen_tree/patch_3/output/pft_mort_heat.nc + .json
pft_nind            cdf  ind/m²     float  month  11 /projects/prjs2023/chapter3/lpjml_output/2026_04_08_run_for_10_locations/boreal_broadleaved_summergreen_tree/patch_3/output/pft_nind.nc + .json
pft_nleaf           cdf  gN/m2       float  year   43 /projects/prjs2023/chapter3/lpjml_output/2026_04_08_run_for_10_locations/boreal_broadleaved_summergreen_tree/patch_3/output/pft_nleaf.nc + .json
pft_npp             cdf  gC/m2/yr    float  year   43 /projects/prjs2023/chapter3/lpjml_output/2026_04_08_run_for_10_locations/boreal_broadleaved_summergreen_tree/patch_3/output/pft_npp.nc + .json
pft_nroot           cdf  gN/m2       float  year   43 /projects/prjs2023/chapter3/lpjml_output/2026_04_08_run_for_10_locations/boreal_broadleaved_summergreen_tree/patch_3/output/pft_nroot.nc + .json
pft_nuptake         cdf  gN/m2/yr    float  year   43 /projects/prjs2023/chapter3/lpjml_output/2026_04_08_run_for_10_locations/boreal_broadleaved_summergreen_tree/patch_3/output/pft_nuptake.nc + .json
pft_phen            cdf  -           float  month  43 /projects/prjs2023/chapter3/lpjml_output/2026_04_08_run_for_10_locations/boreal_broadleaved_summergreen_tree/patch_3/output/pft_phen.nc + .json
pft_survive_frac    cdf  -           float  month  43 /projects/prjs2023/chapter3/lpjml_output/2026_04_08_run_for_10_locations/boreal_broadleaved_summergreen_tree/patch_3/output/pft_survive_frac.nc + .json
pft_vegc            cdf  gC/m2       float  year   43 /projects/prjs2023/chapter3/lpjml_output/2026_04_08_run_for_10_locations/boreal_broadleaved_summergreen_tree/patch_3/output/pft_vegc.nc + .json
pft_vegn            cdf  gN/m2       float  year   43 /projects/prjs2023/chapter3/lpjml_output/2026_04_08_run_for_10_locations/boreal_broadleaved_summergreen_tree/patch_3/output/pft_vegn.nc + .json
pft_water_demand    cdf  mm/yr       float  year   43 /projects/prjs2023/chapter3/lpjml_output/2026_04_08_run_for_10_locations/boreal_broadleaved_summergreen_tree/patch_3/output/pft_water_demand.nc + .json
phen_light          cdf  -           float  month   1 /projects/prjs2023/chapter3/lpjml_output/2026_04_08_run_for_10_locations/boreal_broadleaved_summergreen_tree/patch_3/output/mphen_light.nc + .json
phen_tmax           cdf  -           float  month   1 /projects/prjs2023/chapter3/lpjml_output/2026_04_08_run_for_10_locations/boreal_broadleaved_summergreen_tree/patch_3/output/mphen_tmax.nc + .json
phen_tmin           cdf  -           float  month   1 /projects/prjs2023/chapter3/lpjml_output/2026_04_08_run_for_10_locations/boreal_broadleaved_summergreen_tree/patch_3/output/mphen_tmin.nc + .json
phen_water          cdf  -           float  month   1 /projects/prjs2023/chapter3/lpjml_output/2026_04_08_run_for_10_locations/boreal_broadleaved_summergreen_tree/patch_3/output/mphen_water.nc + .json
rd                  cdf  gC/m2/month float  month   1 /projects/prjs2023/chapter3/lpjml_output/2026_04_08_run_for_10_locations/boreal_broadleaved_summergreen_tree/patch_3/output/rd.nc + .json
rh                  cdf  gC/m2/month float  month   1 /projects/prjs2023/chapter3/lpjml_output/2026_04_08_run_for_10_locations/boreal_broadleaved_summergreen_tree/patch_3/output/mrh.nc + .json
runoff              cdf  mm/month    float  month   1 /projects/prjs2023/chapter3/lpjml_output/2026_04_08_run_for_10_locations/boreal_broadleaved_summergreen_tree/patch_3/output/mrunoff.nc + .json
soilc               cdf  gC/m2       float  year    1 /projects/prjs2023/chapter3/lpjml_output/2026_04_08_run_for_10_locations/boreal_broadleaved_summergreen_tree/patch_3/output/soilc.nc + .json
soilc_layer         cdf  gC/m2       float  year    5 /projects/prjs2023/chapter3/lpjml_output/2026_04_08_run_for_10_locations/boreal_broadleaved_summergreen_tree/patch_3/output/soilc_layer.nc + .json
soiln               cdf  gN/m2       float  year    1 /projects/prjs2023/chapter3/lpjml_output/2026_04_08_run_for_10_locations/boreal_broadleaved_summergreen_tree/patch_3/output/soiln.nc + .json
soiln_layer         cdf  gN/m2       float  year    5 /projects/prjs2023/chapter3/lpjml_output/2026_04_08_run_for_10_locations/boreal_broadleaved_summergreen_tree/patch_3/output/soiln_layer.nc + .json
soilnh4             cdf  gN/m2       float  year    1 /projects/prjs2023/chapter3/lpjml_output/2026_04_08_run_for_10_locations/boreal_broadleaved_summergreen_tree/patch_3/output/soilnh4.nc + .json
soilnh4_layer       cdf  gN/m2       float  year    5 /projects/prjs2023/chapter3/lpjml_output/2026_04_08_run_for_10_locations/boreal_broadleaved_summergreen_tree/patch_3/output/soilnh4_layer.nc + .json
soilno3             cdf  gN/m2       float  year    1 /projects/prjs2023/chapter3/lpjml_output/2026_04_08_run_for_10_locations/boreal_broadleaved_summergreen_tree/patch_3/output/soilno3.nc + .json
soilno3_layer       cdf  gN/m2       float  year    5 /projects/prjs2023/chapter3/lpjml_output/2026_04_08_run_for_10_locations/boreal_broadleaved_summergreen_tree/patch_3/output/soilno3_layer.nc + .json
soiltemp1           cdf  Celsius     float  month   1 /projects/prjs2023/chapter3/lpjml_output/2026_04_08_run_for_10_locations/boreal_broadleaved_summergreen_tree/patch_3/output/msoiltemp1.nc + .json
soiltemp2           cdf  Celsius     float  month   1 /projects/prjs2023/chapter3/lpjml_output/2026_04_08_run_for_10_locations/boreal_broadleaved_summergreen_tree/patch_3/output/msoiltemp2.nc + .json
soiltemp3           cdf  Celsius     float  month   1 /projects/prjs2023/chapter3/lpjml_output/2026_04_08_run_for_10_locations/boreal_broadleaved_summergreen_tree/patch_3/output/msoiltemp3.nc + .json
swc1                cdf  1           float  month   1 /projects/prjs2023/chapter3/lpjml_output/2026_04_08_run_for_10_locations/boreal_broadleaved_summergreen_tree/patch_3/output/mswc1.nc + .json
swc2                cdf  1           float  month   1 /projects/prjs2023/chapter3/lpjml_output/2026_04_08_run_for_10_locations/boreal_broadleaved_summergreen_tree/patch_3/output/mswc2.nc + .json
swc3                cdf  1           float  month   1 /projects/prjs2023/chapter3/lpjml_output/2026_04_08_run_for_10_locations/boreal_broadleaved_summergreen_tree/patch_3/output/mswc3.nc + .json
swc4                cdf  1           float  month   1 /projects/prjs2023/chapter3/lpjml_output/2026_04_08_run_for_10_locations/boreal_broadleaved_summergreen_tree/patch_3/output/mswc4.nc + .json
swc5                cdf  1           float  month   1 /projects/prjs2023/chapter3/lpjml_output/2026_04_08_run_for_10_locations/boreal_broadleaved_summergreen_tree/patch_3/output/mswc5.nc + .json
transp              cdf  mm/month    float  month   1 /projects/prjs2023/chapter3/lpjml_output/2026_04_08_run_for_10_locations/boreal_broadleaved_summergreen_tree/patch_3/output/mtransp.nc + .json
vegc                cdf  gC/m2       float  year    1 /projects/prjs2023/chapter3/lpjml_output/2026_04_08_run_for_10_locations/boreal_broadleaved_summergreen_tree/patch_3/output/vegc.nc + .json
vegn                cdf  gN/m2       float  year    1 /projects/prjs2023/chapter3/lpjml_output/2026_04_08_run_for_10_locations/boreal_broadleaved_summergreen_tree/patch_3/output/vegn.nc + .json
wateramount         cdf  hm3         float  month   1 /projects/prjs2023/chapter3/lpjml_output/2026_04_08_run_for_10_locations/boreal_broadleaved_summergreen_tree/patch_3/output/mwateramount.nc + .json
wscal               cdf  -           float  month   1 /projects/prjs2023/chapter3/lpjml_output/2026_04_08_run_for_10_locations/boreal_broadleaved_summergreen_tree/patch_3/output/wscal.nc + .json
------------------- ---- ----------- ------ ----- --- -------------------------
Spinup years:                   180
Cycle length during spinup:      30
First year:                    1901
Last year:                     2019
Number of grid cells:            81
==============================================================================
Memory allocated for output: 7,096 bytes/cell
Simulation begins...
Spinup using climate starting from year 1901

                 Carbon flux (ktC/yr)                    Water (dam3/yr)                Nitrogen (MgN/yr)
       --------------------------------------- ---------------------------------- --------------------------------
Spinup NEP     estab   harvest product NBP     transp     evap    interc  wd      nuptake ndemand  nlosses ninflux
------ ------- ------- ------- ------- ------- ---------- ------- ------- ------- ------- -------- ------- -------
  1721 -212.858   0.002   0.000   0.000 -212.856   458528.7 247769.7 48846.2     0.0 16984.8   1036.3   962.5  2519.9
  1722 -62.550  -0.000   0.000   0.000 -62.550   444402.4 185729.5 40384.4     0.0 24035.6    668.4   893.0  2242.1
  1723 -353.970   0.002   0.000   0.000 -353.968   403280.0 229502.0 51634.8     0.0 17475.6    415.8  1084.8  1983.1
  1724 -200.856  -0.000   0.000   0.000 -200.856   448644.8 250808.9 48100.1     0.0 26345.6    667.8  1232.5  2110.0
  1725 148.715  -0.001   0.000   0.000 148.715   470477.2 235644.4 33644.7     0.0 30428.4    791.6  1349.2  2362.4
  1726 659.220  -0.002   0.000   0.000 659.218   539791.2 237807.6 57169.5     0.0 39597.2   1267.2   884.7  2753.9
  1727 -338.385   0.004   0.000   0.000 -338.381   425599.8 252959.4 53328.3     0.0  7456.6   1066.7   923.3  2298.3
  1728 -167.306  -0.002   0.000   0.000 -167.308   423695.2 248930.3 39002.5     0.0 21493.5    649.4   928.0  2282.5
  1729 -114.813   0.001   0.000   0.000 -114.812   418551.0 216299.7 39802.4     0.0 27186.3    409.3  1352.7  2024.4
  1730 174.909  -0.001   0.000   0.000 174.908   520762.3 242521.7 53971.2     0.0 35416.7   1134.8   808.4  2530.3
  1731 -233.689  -0.001   0.000   0.000 -233.690   448505.8 284009.6 74338.9     0.0 19588.7   1483.8  1440.4  2601.7
  1732 462.773  -0.003   0.000   0.000 462.770   596046.8 253223.9 57867.7     0.0 41964.2   1568.5   784.3  3159.9
  1733 201.919   0.001   0.000   0.000 201.921   518349.8 208395.9 61511.9     0.0 12673.7   1384.4   734.6  2540.0
  1734 -117.414   0.002   0.000   0.000 -117.413   456306.3 237011.5 47813.8     0.0 23384.1   1307.2   748.8  2477.1
  1735 -188.986   0.002   0.000   0.000 -188.984   404478.5 234733.2 70537.4     0.0 22572.4    839.3   807.3  2315.9
  1736 -114.385   0.001   0.000   0.000 -114.384   421051.5 256369.8 37671.3     0.0 25331.4   1820.9   707.7  2877.5
  1737 -245.667   0.000   0.000   0.000 -245.667   412687.2 242984.6 45014.2     0.0 22801.5   1765.4   749.1  2837.7
  1738 -146.422   0.001   0.000   0.000 -146.422   418605.4 224302.4 48745.9     0.0 24002.0   1060.7   777.1  2432.0
  1739 197.008  -0.001   0.000   0.000 197.007   507116.9 242969.9 53430.5     0.0 34724.8   2591.1   690.6  3573.1
  1740 140.139  -0.001   0.000   0.000 140.137   524131.4 243831.1 61472.5     0.0 24105.6   1527.5   723.0  2738.3
  1741 -85.752   0.000   0.000   0.000 -85.752   450112.9 240090.8 44206.4     0.0 19945.9   1256.7   743.8  2469.4
  1742 195.829  -0.000   0.000   0.000 195.829   512472.8 234518.5 55085.1     0.0 36142.1   1885.4   689.4  3215.8
  1743 -207.036   0.004   0.000   0.000 -207.031   401480.1 233800.0 44928.2     0.0 12944.2   1010.7   810.9  2225.3
  1744 -93.124  -0.000   0.000   0.000 -93.124   378740.5 208257.8 42881.0     0.0 15432.3    896.1   849.8  2306.7
  1745 363.339  -0.002   0.000   0.000 363.337   538539.0 245961.6 50164.1     0.0 35896.2   1361.8  1011.8  2725.3

                 Carbon flux (ktC/yr)                    Water (dam3/yr)                Nitrogen (MgN/yr)
       --------------------------------------- ---------------------------------- --------------------------------
Spinup NEP     estab   harvest product NBP     transp     evap    interc  wd      nuptake ndemand  nlosses ninflux
------ ------- ------- ------- ------- ------- ---------- ------- ------- ------- ------- -------- ------- -------
  1746   9.130  -0.000   0.000   0.000   9.129   479831.4 192599.8 40384.3     0.0 20412.0   1200.8   756.3  2665.5
  1747 -414.659   0.043   0.000   0.000 -414.617   270523.3 177887.3 27761.8     0.0  2955.6    520.2   809.5  2002.8
  1748 -177.088  -0.019   0.000   0.000 -177.107   250769.8 181115.4 17186.0     0.0  8230.7    673.8   910.4  2180.1
  1749 -63.622  -0.019   0.000   0.000 -63.641   367939.4 239837.8 20587.4     0.0 28474.8    613.5  1211.5  2218.3
  1750  38.829  -0.001   0.000   0.000  38.828   388058.2 253804.8 21527.3     0.0 23394.5    753.2  1074.5  2436.6
  1751 141.850  -0.000   0.000   0.000 141.850   390982.5 210313.8 26655.9     0.0 25083.0    889.4   810.1  2480.7
  1752  52.566  -0.001   0.000   0.000  52.565   451453.4 257095.5 30049.0     0.0 30926.0   1646.1   768.8  3314.3
  1753  86.592  -0.001   0.000   0.000  86.591   435148.5 250041.2 47994.7     0.0 23728.1   1183.4   753.6  2818.5
  1754 215.477  -0.001   0.000   0.000 215.476   506535.8 184673.6 34642.4     0.0 29009.0   1091.4   715.2  2728.8
  1755 -371.852   0.001   0.000   0.000 -371.850   347578.6 231181.0 46220.0     0.0 11909.7    543.7   945.0  2208.9
  1756 -552.137   0.039   0.000   0.000 -552.098   358891.6 234843.1 46906.6     0.0 16203.4   1072.2  1066.0  2758.1
  1757 160.066  -0.036   0.000   0.000 160.030   437243.5 266252.9 28318.5     0.0 46026.4   2198.6  2051.7  3086.8
  1758 174.528  -0.002   0.000   0.000 174.526   491140.3 290136.1 49960.5     0.0 12449.7   1298.7  5592.7  2792.4
  1759 913.523  -0.003   0.000   0.000 913.519   688326.5 266667.3 44925.8     0.0 41054.8    852.2  1458.4  2569.8
  1760 842.222  -0.001   0.000   0.000 842.221   641700.0 244839.3 77011.9     0.0 30987.6   1044.7   897.2  2563.2
  1761 -611.454   0.025   0.000   0.000 -611.429   413208.1 285963.0 102001.6     0.0  7762.0    908.1  2434.8  2183.5
  1762 859.259  -0.024   0.000   0.000 859.234   664312.4 237566.0 49437.8     0.0 35909.0    954.2   949.2  2423.2
  1763 -500.934   0.046   0.000   0.000 -500.887   425448.7 210037.0 54690.0     0.0  2610.1    829.3   826.6  2275.5
  1764 -428.534   0.016   0.000   0.000 -428.519   276184.8 232685.1 29889.8     0.0  6693.6    387.6  1041.3  2047.7
  1765 -41.267  -0.055   0.000   0.000 -41.322   394671.2 252791.3 29684.0     0.0 22522.1    345.3  1189.4  2060.4
  1766 -425.437   0.005   0.000   0.000 -425.432   391321.3 209060.3 34035.2     0.0 16494.7    408.4  1268.0  2030.3
  1767 -65.193  -0.002   0.000   0.000 -65.195   408795.2 237115.2 27533.1     0.0 25075.8    430.6  1236.9  2230.4
  1768 243.883  -0.003   0.000   0.000 243.880   487138.9 227312.6 38226.9     0.0 37146.8    460.0  1911.5  2209.4
  1769 123.591  -0.003   0.000   0.000 123.588   500926.5 235460.2 50811.1     0.0 22572.8    689.9   946.4  2242.3
  1770  22.361  -0.001   0.000   0.000  22.360   519988.1 251580.2 59092.2     0.0 28233.7    799.3   886.6  2270.1

                 Carbon flux (ktC/yr)                    Water (dam3/yr)                Nitrogen (MgN/yr)
       --------------------------------------- ---------------------------------- --------------------------------
Spinup NEP     estab   harvest product NBP     transp     evap    interc  wd      nuptake ndemand  nlosses ninflux
------ ------- ------- ------- ------- ------- ---------- ------- ------- ------- ------- -------- ------- -------
  1771 110.418  -0.000   0.000   0.000 110.418   517926.9 211289.3 55398.3     0.0 26959.6   1075.5   871.2  2527.9
  1772 -292.653   0.002   0.000   0.000 -292.651   385879.9 245277.0 57151.8     0.0 15781.9   1054.6   973.3  2450.6
  1773 -351.317   0.000   0.000   0.000 -351.316   463827.4 214710.4 47880.0     0.0 22057.6   1174.7   934.0  2509.7
  1774 -182.668  -0.000   0.000   0.000 -182.668   420067.7 224570.3 48477.7     0.0 23294.4    817.1  1250.5  2203.6
  1775 -34.716   0.000   0.000   0.000 -34.716   439215.8 183950.1 37200.4     0.0 24881.7   1057.2   853.0  2525.7
  1776  29.169   0.001   0.000   0.000  29.170   427690.5 212154.6 38778.0     0.0 25848.7    693.2  1905.9  2130.5
  1777 -262.765   0.002   0.000   0.000 -262.763   398329.6 249932.7 46277.9     0.0 19442.9    711.8  1112.1  2167.2
  1778 575.742  -0.002   0.000   0.000 575.740   542510.3 221188.1 33263.6     0.0 41586.0   1134.1  1119.9  2544.0
  1779  21.860  -0.000   0.000   0.000  21.860   482441.3 248937.2 56494.7     0.0 16852.5    838.7   951.1  2139.1
  1780 498.312  -0.001   0.000   0.000 498.310   555919.6 222636.5 41865.1     0.0 35253.2   1127.9   886.1  2511.4
  1781 -441.443   0.038   0.000   0.000 -441.405   355710.8 257973.4 40184.2     0.0  4750.6    686.1   844.5  2156.4
  1782 171.587  -0.035   0.000   0.000 171.552   433600.1 233541.6 28803.9     0.0 23348.3    566.4  2095.3  2181.6
  1783 277.373  -0.001   0.000   0.000 277.372   520306.8 227000.6 45751.9     0.0 31450.1    507.0   871.7  2095.0
  1784 -356.894   0.003   0.000   0.000 -356.891   361008.1 251087.3 49448.2     0.0 13334.6    900.6   997.2  2381.3
  1785 193.627  -0.001   0.000   0.000 193.626   525944.0 239378.8 50439.4     0.0 34806.9   1073.7   855.7  2650.4
  1786 271.941  -0.002   0.000   0.000 271.939   549087.3 242045.8 51632.9     0.0 27753.2   1441.7   822.6  2961.1
  1787 -449.364   0.003   0.000   0.000 -449.360   401214.9 258357.4 79176.0     0.0 14019.8    923.5  1994.1  2246.3
  1788 527.472  -0.005   0.000   0.000 527.467   606981.2 264971.0 46993.9     0.0 44542.1   1555.4   843.7  3209.2
  1789 -178.286   0.003   0.000   0.000 -178.284   481316.9 237075.5 65394.2     0.0  7808.3   1177.2   929.9  2557.2
  1790 443.840  -0.001   0.000   0.000 443.839   578297.9 244604.9 61567.8     0.0 32726.3    641.8  1310.8  2192.7
  1791 -536.241   0.011   0.000   0.000 -536.230   449850.6 222606.9 57906.4     0.0 12448.6    692.9   975.1  2147.9
  1792 -199.165  -0.009   0.000   0.000 -199.173   421035.4 239453.0 49189.1     0.0 17963.5    656.6   992.8  2123.0
  1793  22.180  -0.000   0.000   0.000  22.180   501063.1 254425.6 46428.5     0.0 34491.1   1078.9   955.4  2649.2
  1794 154.341   0.000   0.000   0.000 154.341   473408.7 252885.0 60992.0     0.0 26476.6    894.7   984.4  2435.3
  1795 214.529  -0.001   0.000   0.000 214.528   547994.3 237277.1 62730.4     0.0 30616.3   1233.6   807.7  2569.6

                 Carbon flux (ktC/yr)                    Water (dam3/yr)                Nitrogen (MgN/yr)
       --------------------------------------- ---------------------------------- --------------------------------
Spinup NEP     estab   harvest product NBP     transp     evap    interc  wd      nuptake ndemand  nlosses ninflux
------ ------- ------- ------- ------- ------- ---------- ------- ------- ------- ------- -------- ------- -------
  1796 -38.447  -0.000   0.000   0.000 -38.448   501492.7 233949.8 63790.7     0.0 22239.5    996.6   795.2  2238.8
  1797 -680.169   0.039   0.000   0.000 -680.130   359099.7 240793.5 48094.5     0.0  5490.4    641.7   966.3  2134.4
  1798 -319.468  -0.028   0.000   0.000 -319.496   301054.6 262525.5 24052.0     0.0 17385.3    653.7   994.1  2218.6
  1799  58.141  -0.007   0.000   0.000  58.134   429717.2 227454.4 32702.1     0.0 32019.5    709.0  1626.1  2275.1
  1800 191.208  -0.002   0.000   0.000 191.206   464691.1 188772.5 28772.3     0.0 23948.7    915.1   922.9  2529.4
  1801  19.846   0.000   0.000   0.000  19.846   432836.8 225467.7 29259.9     0.0 18816.0    634.6  3474.0  2329.8
  1802 325.636  -0.000   0.000   0.000 325.636   531616.4 242538.0 52409.3     0.0 42309.9   1044.2  1078.0  2441.0
  1803  45.415  -0.001   0.000   0.000  45.415   473784.0 252137.0 50566.9     0.0 24596.8   1396.9   937.3  2730.9
  1804  61.105  -0.001   0.000   0.000  61.104   505233.2 248113.0 50095.4     0.0 23526.0   1532.3   839.3  2831.9
  1805 -212.188   0.000   0.000   0.000 -212.188   421157.0 184981.1 44022.4     0.0 15290.7   1161.1   822.9  2460.4
  1806 -415.794   0.006   0.000   0.000 -415.788   358058.3 245024.8 42990.7     0.0 13648.6    750.4  1136.8  2225.3
  1807   8.559  -0.001   0.000   0.000   8.558   450277.3 252925.0 43317.3     0.0 29749.9    848.2  1569.1  2418.7
  1808 276.821  -0.003   0.000   0.000 276.818   470622.8 243005.1 51905.4     0.0 30808.5   1127.2  1469.8  2622.1
  1809 158.372  -0.001   0.000   0.000 158.371   476343.9 208632.4 41301.3     0.0 23505.7   1227.5  1271.1  2592.2
  1810 -56.153  -0.001   0.000   0.000 -56.154   487759.4 287041.4 73639.4     0.0 27619.0   1818.2  1261.1  3006.2
  1811 606.850  -0.002   0.000   0.000 606.848   682647.4 258332.5 68345.7     0.0 40317.1   1603.0   823.5  3168.2
  1812  17.725   0.001   0.000   0.000  17.726   551135.3 234519.9 79228.6     0.0 14830.1   1139.4   794.6  2437.6
  1813 -337.490   0.015   0.000   0.000 -337.475   425780.3 237386.8 65125.8     0.0 20313.4   1031.2   827.6  2288.5
  1814 -249.229  -0.011   0.000   0.000 -249.240   395354.7 241665.4 38009.4     0.0 19720.9   1576.8   757.3  2571.0
  1815 -134.948   0.013   0.000   0.000 -134.935   326119.4 174578.6 26696.5     0.0 12152.2   1235.9   723.2  2370.1
  1816 325.887  -0.011   0.000   0.000 325.876   441831.0 246148.7 38505.0     0.0 41731.2   1626.8   832.9  3262.4
  1817 -134.396  -0.000   0.000   0.000 -134.396   406516.7 251105.7 41678.5     0.0 14024.8   1420.6   987.1  2701.6
  1818 572.844  -0.001   0.000   0.000 572.843   555667.8 216494.4 39166.8     0.0 42408.1   1744.9   889.0  3233.8
  1819 -652.362   0.042   0.000   0.000 -652.321   320511.4 227486.3 41939.9     0.0 -1225.7    338.8  1753.7  2012.7
  1820 403.177  -0.037   0.000   0.000 403.141   490566.6 245556.4 31084.9     0.0 30852.1    481.1  1614.5  2312.4

                 Carbon flux (ktC/yr)                    Water (dam3/yr)                Nitrogen (MgN/yr)
       --------------------------------------- ---------------------------------- --------------------------------
Spinup NEP     estab   harvest product NBP     transp     evap    interc  wd      nuptake ndemand  nlosses ninflux
------ ------- ------- ------- ------- ------- ---------- ------- ------- ------- ------- -------- ------- -------
  1821 836.272  -0.005   0.000   0.000 836.267   574761.1 238975.7 53370.5     0.0 35662.4    668.6  1578.3  2374.9
  1822 -520.504   0.022   0.000   0.000 -520.483   374722.7 227776.4 45004.4     0.0  6661.2    461.6  1289.4  2024.1
  1823 230.899  -0.020   0.000   0.000 230.879   502414.8 276699.0 38569.0     0.0 26663.9    508.8  1471.0  2268.7
  1824 239.107  -0.001   0.000   0.000 239.106   536195.4 215919.8 49199.0     0.0 28931.7    793.5  1062.7  2425.7
  1825 -236.273   0.008   0.000   0.000 -236.265   394368.7 227504.5 44969.6     0.0 14513.5    799.6   861.8  2256.9
  1826 -513.395   0.014   0.000   0.000 -513.380   326762.4 203669.7 30884.0     0.0  8572.3    446.7   971.0  2022.5
  1827  69.686  -0.018   0.000   0.000  69.667   385533.3 197263.3 22588.9     0.0 25079.4    531.8  2773.9  2075.2
  1828 -151.141  -0.003   0.000   0.000 -151.144   360516.5 259289.7 35809.2     0.0 19209.4    337.7  2597.9  2187.7
  1829 -120.345   0.001   0.000   0.000 -120.345   517774.1 227119.9 55426.4     0.0 55225.1   2282.4  2432.2  3680.5
  1830 491.090  -0.003   0.000   0.000 491.087   598632.6 233113.4 56917.5     0.0 37460.2   3518.0   978.9  3285.1
  1831 -90.926   0.000   0.000   0.000 -90.925   496088.5 240789.6 58950.3     0.0  5191.1   1667.3  1073.9  2825.5
  1832 -264.368   0.010   0.000   0.000 -264.358   437509.8 210709.3 43964.2     0.0 18559.5    860.0  1052.8  2369.5
  1833 -453.849   0.010   0.000   0.000 -453.839   294016.3 214114.5 31882.0     0.0  9119.4    451.2  1077.5  2063.5
  1834 -401.719  -0.008   0.000   0.000 -401.727   315079.9 245085.6 35518.4     0.0 11827.8    867.8  4338.6  2440.5
  1835 278.047  -0.006   0.000   0.000 278.041   466937.7 248945.3 33227.7     0.0 40598.0    929.4  3041.3  2564.1
  1836 642.848  -0.001   0.000   0.000 642.846   584858.7 243016.5 49043.6     0.0 28801.0    900.9  3267.6  2387.9
  1837 169.119   0.002   0.000   0.000 169.120   398098.8 191406.2 32305.3     0.0 11892.8    547.2  1095.8  2081.4
  1838 -544.770   0.000   0.000   0.000 -544.770   349478.3 286918.8 58579.4     0.0 14724.1    555.8  6084.2  2109.6
  1839 625.737  -0.004   0.000   0.000 625.732   579344.0 264323.2 38351.8     0.0 49287.0   1016.9  1073.2  2896.8
  1840 279.014  -0.000   0.000   0.000 279.014   590055.1 250211.6 64353.7     0.0 21762.1   1306.4   808.0  2788.7
  1841 257.657   0.000   0.000   0.000 257.658   561122.8 241524.4 61105.1     0.0 26519.4   1328.4   833.9  2799.3
  1842 -410.970   0.018   0.000   0.000 -410.952   396480.8 252434.9 53295.3     0.0 11399.7   1078.8   786.1  2485.5
  1843 -21.424  -0.014   0.000   0.000 -21.439   435355.1 245486.6 35531.3     0.0 24430.5    860.6   886.8  2325.1
  1844 -137.849   0.002   0.000   0.000 -137.847   382372.0 218635.1 39588.5     0.0 19394.8   1251.2   764.0  2458.0
  1845 -296.310  -0.001   0.000   0.000 -296.311   383620.5 243274.9 32364.6     0.0 19277.5   1369.5   771.4  2801.4

                 Carbon flux (ktC/yr)                    Water (dam3/yr)                Nitrogen (MgN/yr)
       --------------------------------------- ---------------------------------- --------------------------------
Spinup NEP     estab   harvest product NBP     transp     evap    interc  wd      nuptake ndemand  nlosses ninflux
------ ------- ------- ------- ------- ------- ---------- ------- ------- ------- ------- -------- ------- -------
  1846 352.457  -0.002   0.000   0.000 352.456   511744.9 220852.6 31843.5     0.0 37479.1   2156.1   798.6  3533.9
  1847   6.453   0.001   0.000   0.000   6.454   454500.1 232306.5 38570.9     0.0 16552.6   1219.5   759.6  2455.3
  1848 -98.531   0.002   0.000   0.000 -98.529   391075.5 218808.3 40831.6     0.0 21821.9   1414.7   704.6  2561.3
  1849 -253.740  -0.000   0.000   0.000 -253.740   409844.5 234962.4 45740.4     0.0 22367.3   1338.3   719.0  2532.8
  1850 -236.534   0.000   0.000   0.000 -236.534   378397.3 255275.0 31697.8     0.0 22197.2   1840.6   702.3  2972.5
  1851 113.620  -0.001   0.000   0.000 113.619   457375.0 263972.8 53829.9     0.0 31734.8   2744.4   669.7  3906.6
  1852 497.870  -0.002   0.000   0.000 497.868   593319.2 247991.9 46957.3     0.0 33363.3   3079.5   702.1  4373.7
  1853 -27.545   0.000   0.000   0.000 -27.545   508731.9 241381.4 69724.0     0.0 17320.2    834.5   786.1  2216.7
  1854 -126.497   0.001   0.000   0.000 -126.496   466534.9 238726.3 59447.7     0.0 21762.7   1193.2   794.8  2604.3
  1855 -35.025   0.000   0.000   0.000 -35.025   452467.2 218993.0 44667.5     0.0 30525.9    888.7   863.8  2311.5
  1856 283.973  -0.001   0.000   0.000 283.972   535441.0 270069.2 73217.8     0.0 33464.6   2449.1   673.6  3776.4
  1857 536.881  -0.001   0.000   0.000 536.880   621990.5 226076.6 54376.4     0.0 27074.4   2842.3   654.1  3978.6
  1858 508.373  -0.001   0.000   0.000 508.372   570267.0 238240.1 86617.6     0.0 28389.6   1561.0   687.8  2920.6
  1859 -444.094   0.027   0.000   0.000 -444.067   465344.7 257701.1 70903.6     0.0 10023.6    845.0   804.8  2197.5
  1860 235.944  -0.025   0.000   0.000 235.920   505921.5 226539.3 47767.3     0.0 30976.4   1420.1  1416.2  2850.5
  1861 -754.341   0.058   0.000   0.000 -754.284   289491.3 262014.4 35672.1     0.0 -1973.5    648.6  1014.9  2144.5
  1862 -57.389  -0.054   0.000   0.000 -57.443   386825.2 282634.1 30625.6     0.0 20457.3    507.1  2359.4  2127.1
  1863 595.117  -0.003   0.000   0.000 595.114   573102.7 235121.9 43765.0     0.0 34525.9    518.0  3445.9  2229.4
  1864 -19.860  -0.000   0.000   0.000 -19.861   486940.9 240354.2 42754.8     0.0 16397.1    513.7  1144.9  2153.8
  1865 570.637  -0.002   0.000   0.000 570.635   529436.3 235903.7 62276.8     0.0 44602.4    843.5  1106.0  2387.1
  1866 -650.649   0.035   0.000   0.000 -650.614   389372.3 240476.8 51296.1     0.0 -1227.4    626.9   895.6  2116.1
  1867 -79.642  -0.031   0.000   0.000 -79.673   407557.6 268726.5 37529.9     0.0 21882.2    540.6  1260.7  2088.9
  1868 201.846  -0.001   0.000   0.000 201.844   533512.4 241231.2 50524.5     0.0 32573.2    718.2  1413.5  2323.9
  1869 -248.810   0.003   0.000   0.000 -248.807   425235.6 209471.7 37755.9     0.0 13530.8    854.6   899.5  2433.9
  1870 -420.511   0.017   0.000   0.000 -420.494   385319.1 217382.9 38105.3     0.0 15033.2    706.9  1556.2  2191.5

                 Carbon flux (ktC/yr)                    Water (dam3/yr)                Nitrogen (MgN/yr)
       --------------------------------------- ---------------------------------- --------------------------------
Spinup NEP     estab   harvest product NBP     transp     evap    interc  wd      nuptake ndemand  nlosses ninflux
------ ------- ------- ------- ------- ------- ---------- ------- ------- ------- ------- -------- ------- -------
  1871 348.840  -0.015   0.000   0.000 348.824   500196.5 223693.2 35610.4     0.0 39692.9    999.6  1211.0  2600.2
  1872  37.333   0.000   0.000   0.000  37.333   498552.9 253789.6 46919.6     0.0 19015.5    911.9  1056.1  2386.1
  1873 -350.414   0.000   0.000   0.000 -350.414   454841.0 216796.0 47201.6     0.0 20841.5    929.0  1042.9  2362.6
  1874 -620.011   0.016   0.000   0.000 -619.995   367907.4 216501.2 42343.2     0.0 12997.6    517.0  1113.3  2000.8
  1875 472.193  -0.017   0.000   0.000 472.176   495034.9 236132.1 32725.3     0.0 41102.7    774.2  1286.4  2434.7
  1876 -125.071  -0.001   0.000   0.000 -125.072   406870.4 218715.3 41914.3     0.0 13870.0    843.5  1078.3  2301.8
  1877 -319.544   0.010   0.000   0.000 -319.534   401815.4 235836.2 37819.7     0.0 20096.6    877.1  1036.6  2336.5
  1878 294.185  -0.009   0.000   0.000 294.176   455272.9 267139.7 49346.6     0.0 39468.9   1128.9  2105.3  2565.5
  1879 529.762  -0.001   0.000   0.000 529.761   456699.9 191149.0 26646.0     0.0 19159.5   1228.9   896.2  2587.3
  1880 -232.305   0.001   0.000   0.000 -232.304   442238.5 246284.4 53854.4     0.0 19320.4    539.7  1081.6  2050.9
  1881 142.001  -0.001   0.000   0.000 142.000   475317.5 247126.1 40756.6     0.0 36829.4   1094.6   925.2  2591.3
  1882 -161.569   0.002   0.000   0.000 -161.567   438542.6 236256.0 51402.9     0.0 13372.2   1115.7  1022.1  2544.9
  1883 -121.912  -0.001   0.000   0.000 -121.912   468970.0 218004.7 43952.0     0.0 30866.7    581.6  1021.3  2149.9
  1884 -121.231   0.000   0.000   0.000 -121.231   438048.4 233802.5 51438.7     0.0 20672.2    771.6   925.5  2156.3
  1885 -40.048  -0.000   0.000   0.000 -40.048   434607.8 185825.0 36434.9     0.0 27589.6   1222.7   845.4  2663.4
  1886 117.359  -0.001   0.000   0.000 117.359   471346.6 238182.8 53474.2     0.0 27929.5    705.3  1306.6  2154.5
  1887 535.538  -0.002   0.000   0.000 535.536   554414.6 225719.5 39562.2     0.0 34876.9   1410.8   857.1  2723.9
  1888 -26.151   0.000   0.000   0.000 -26.151   478378.3 214775.1 62306.1     0.0 16502.0    766.7   893.6  2154.6
  1889 -71.228   0.001   0.000   0.000 -71.228   421344.3 246922.9 72209.2     0.0 26167.9    712.4   835.1  2229.3
  1890 150.886  -0.001   0.000   0.000 150.885   529549.5 243314.7 60096.6     0.0 36137.3   1890.6   751.3  3030.3
  1891 -473.035   0.007   0.000   0.000 -473.028   443892.1 218501.9 59143.9     0.0  9835.3    991.2   853.7  2272.8
  1892 -216.549  -0.005   0.000   0.000 -216.554   401025.6 231382.3 49516.2     0.0 19267.0    614.6  1593.3  2135.6
  1893 -130.640   0.001   0.000   0.000 -130.639   380067.3 254105.1 35695.2     0.0 23901.6    693.3   863.2  2286.4
  1894 416.113  -0.002   0.000   0.000 416.111   518115.0 233291.3 44750.1     0.0 40712.6   1389.6   838.0  2825.2
  1895 -426.198   0.007   0.000   0.000 -426.191   391998.0 238576.8 45084.2     0.0  3716.4    792.6   944.3  2187.4

                 Carbon flux (ktC/yr)                    Water (dam3/yr)                Nitrogen (MgN/yr)
       --------------------------------------- ---------------------------------- --------------------------------
Spinup NEP     estab   harvest product NBP     transp     evap    interc  wd      nuptake ndemand  nlosses ninflux
------ ------- ------- ------- ------- ------- ---------- ------- ------- ------- ------- -------- ------- -------
  1896 -345.723  -0.001   0.000   0.000 -345.724   375294.8 239846.3 35940.8     0.0 12509.2    490.5  1091.8  2122.3
  1897 457.199  -0.004   0.000   0.000 457.195   469509.6 209865.1 32664.2     0.0 41717.0    616.5  1699.4  2328.7
  1898 -345.515   0.003   0.000   0.000 -345.513   354127.7 186106.9 34906.3     0.0  8896.6    583.3   946.6  2100.9
  1899 205.387  -0.001   0.000   0.000 205.385   424546.8 211839.9 31259.1     0.0 26892.3    529.9  2218.1  2096.0
  1900 486.077  -0.002   0.000   0.000 486.075   478944.0 240929.8 49460.6     0.0 38139.2    721.5  1277.9  2327.7

                 Carbon flux (ktC/yr)                    Water (dam3/yr)                Nitrogen (MgN/yr)
       --------------------------------------- ---------------------------------- --------------------------------
Year   NEP     estab   harvest product NBP     transp     evap    interc  wd      nuptake ndemand  nlosses ninflux
------ ------- ------- ------- ------- ------- ---------- ------- ------- ------- ------- -------- ------- -------
  1901 -109.791   0.000   0.000   0.000 -109.791   475916.9 258071.3 50800.5     0.0 17601.2    963.5   867.5  2489.4
  1902 158.659  -0.001   0.000   0.000 158.658   468235.1 254289.7 61792.3     0.0 31252.9    978.0  1120.4  2756.7
  1903 178.909  -0.001   0.000   0.000 178.908   508091.5 235774.7 44555.3     0.0 28456.1   1332.5   942.0  2916.9
  1904 -151.895   0.014   0.000   0.000 -151.882   328418.0 178111.0 34380.4     0.0  7025.7    831.3   746.0  2286.1
  1905 -558.862   0.043   0.000   0.000 -558.819   290412.5 215915.0 37129.8     0.0  9809.1    812.5  1315.9  2751.0
  1906 -117.545  -0.048   0.000   0.000 -117.593   370323.6 271304.4 18810.5     0.0 35936.9   1318.0  2763.8  3455.4
  1907 108.503  -0.000   0.000   0.000 108.502   448525.9 242029.5 28195.4     0.0 17597.1   1213.8  2541.2  2835.4
  1908 297.761  -0.002   0.000   0.000 297.759   465350.7 216746.1 22314.5     0.0 25949.3    602.0  1089.9  2608.6
  1909 -332.876   0.005   0.000   0.000 -332.871   332972.1 151325.5 25728.2     0.0 11394.5    530.8  1013.9  2763.4
  1910 -538.719   0.002   0.000   0.000 -538.717   323047.5 226071.0 23322.3     0.0 15282.9    390.3  1221.1  2331.3
  1911 295.499  -0.006   0.000   0.000 295.492   372903.8 225664.3 19175.9     0.0 32863.2    508.5   909.3  2532.6
  1912 -193.743   0.000   0.000   0.000 -193.742   327132.0 248784.2 21590.1     0.0 16175.3    668.2   919.1  2486.7
  1913  28.254  -0.001   0.000   0.000  28.253   394767.1 233269.4 27029.1     0.0 32669.5    786.4   912.8  2694.8
  1914 184.110  -0.002   0.000   0.000 184.108   464592.1 253934.7 33984.1     0.0 29541.7   1549.0   811.5  3154.7
  1915 556.836  -0.002   0.000   0.000 556.833   538226.8 271916.4 52525.5     0.0 32194.3   1447.6   727.4  3242.2
  1916 387.058  -0.002   0.000   0.000 387.056   591665.3 243523.1 58233.1     0.0 28047.3   1531.7   727.0  3262.2
  1917 -23.089  -0.000   0.000   0.000 -23.089   535877.7 251978.3 73589.8     0.0 22495.0   1305.0   729.5  2612.8
  1918 275.902  -0.000   0.000   0.000 275.902   548844.4 222174.0 47878.1     0.0 28507.1   1779.7   723.1  3093.2
  1919 -492.878   0.014   0.000   0.000 -492.865   416473.6 276630.0 91573.3     0.0 14826.5   1176.0  1005.4  1923.3
  1920 489.089  -0.014   0.000   0.000 489.075   605484.6 268710.1 49899.1     0.0 42412.9   1901.9   747.2  3118.4
  1921 -176.330   0.002   0.000   0.000 -176.328   481808.1 250302.2 56537.7     0.0  7528.7   1169.1   796.9  2107.1
  1922 787.731  -0.002   0.000   0.000 787.729   585777.4 235309.2 72864.7     0.0 43728.9   1063.2   803.2  1944.0
  1923 -685.620   0.059   0.000   0.000 -685.561   361336.0 228246.8 52564.5     0.0 -2045.2    509.0  1340.3  1425.4
  1924 368.108  -0.056   0.000   0.000 368.052   497253.0 278848.3 43052.7     0.0 28464.9    484.2  2154.8  1606.8
  1925 108.553  -0.001   0.000   0.000 108.552   498986.9 246308.2 53376.5     0.0 19911.2    950.7  1226.4  2143.7

                 Carbon flux (ktC/yr)                    Water (dam3/yr)                Nitrogen (MgN/yr)
       --------------------------------------- ---------------------------------- --------------------------------
Year   NEP     estab   harvest product NBP     transp     evap    interc  wd      nuptake ndemand  nlosses ninflux
------ ------- ------- ------- ------- ------- ---------- ------- ------- ------- ------- -------- ------- -------
  1926 383.953  -0.001   0.000   0.000 383.953   563913.8 210105.7 50961.9     0.0 33479.4   1513.4  1266.9  2478.7
  1927 -419.035   0.003   0.000   0.000 -419.032   390155.8 234590.6 60529.3     0.0 11744.9    327.4  1560.1  1537.2
  1928 -302.023   0.025   0.000   0.000 -301.998   509761.8 237278.0 67895.7     0.0 29794.3   2123.9  1070.5  3049.0
  1929 -11.466  -0.025   0.000   0.000 -11.492   444019.8 208263.2 47042.9     0.0 36260.7   3124.4  1500.2  2397.4
  1930  68.258   0.000   0.000   0.000  68.258   491398.8 221202.3 53669.8     0.0  8391.6   1055.7   941.6  1582.8
  1931 -185.473   0.001   0.000   0.000 -185.473   489705.3 193435.8 48044.5     0.0 12600.1    861.7  1083.7  1689.8
  1932 -407.584   0.001   0.000   0.000 -407.583   364848.6 187778.3 31139.3     0.0 14743.7    482.9   948.8  1419.9
  1933 -753.259   0.040   0.000   0.000 -753.219   407327.9 235289.9 64369.1     0.0 21238.6   1704.3  7067.4  3013.5
  1934 333.675  -0.033   0.000   0.000 333.643   488047.1 277920.5 27431.8     0.0 57697.3   3017.2  2402.9  2479.8
  1935 603.055  -0.004   0.000   0.000 603.051   585867.2 301392.9 54644.2     0.0  5588.3    855.1  6859.4  1714.5
  1936 1000.299  -0.007   0.000   0.000 1000.292   704544.9 214057.1 48457.3     0.0 37455.9    666.0  1083.1  1673.9
  1937 -159.449   0.002   0.000   0.000 -159.447   473562.3 242862.8 62614.9     0.0 12323.3    600.9  1086.2  1408.4
  1938 851.118  -0.004   0.000   0.000 851.114   753986.0 248535.0 119166.6     0.0 55110.4   1435.9  2662.4  2355.8
  1939 165.847   0.000   0.000   0.000 165.847   608094.4 212542.7 67397.7     0.0 12257.9   1659.6   829.4  1778.7
  1940 197.205   0.000   0.000   0.000 197.205   568834.7 233897.1 115403.6     0.0 36285.9   1438.9   800.6  1701.2
  1941 -43.020   0.001   0.000   0.000 -43.019   535698.9 244945.4 92461.6     0.0 23448.9   1741.3   798.7  2143.2
  1942 121.937   0.001   0.000   0.000 121.937   525751.7 226649.0 77336.4     0.0 31573.7   2752.4   741.0  2490.6
  1943 -43.707  -0.000   0.000   0.000 -43.707   553219.5 248432.5 87199.4     0.0 21374.7   2441.9   823.1  2565.4
  1944 1237.211  -0.002   0.000   0.000 1237.209   837011.0 250529.8 126959.2     0.0 68313.5   2665.2   778.2  2929.6
  1945 -80.426   0.018   0.000   0.000 -80.408   568521.2 222659.3 95301.4     0.0 -3246.6    942.6   945.4  1468.6
  1946 351.486  -0.016   0.000   0.000 351.470   554216.3 277401.7 84132.4     0.0 21843.7    669.9  1569.7  1395.6
  1947 -676.672   0.050   0.000   0.000 -676.622   374708.9 227317.5 44700.5     0.0  2770.3    757.0  1136.2  1467.5
  1948 -50.489  -0.043   0.000   0.000 -50.532   419305.5 280039.8 32308.0     0.0 28201.7    641.7  1729.5  1509.4
  1949 -275.874  -0.003   0.000   0.000 -275.877   476227.2 226619.6 51035.6     0.0 19742.2    779.3  1587.9  1610.9
  1950 339.913  -0.001   0.000   0.000 339.912   479014.3 267647.4 41528.5     0.0 32394.4    770.6  2006.4  1545.6

                 Carbon flux (ktC/yr)                    Water (dam3/yr)                Nitrogen (MgN/yr)
       --------------------------------------- ---------------------------------- --------------------------------
Year   NEP     estab   harvest product NBP     transp     evap    interc  wd      nuptake ndemand  nlosses ninflux
------ ------- ------- ------- ------- ------- ---------- ------- ------- ------- ------- -------- ------- -------
  1951 1025.123  -0.003   0.000   0.000 1025.120   812391.7 271035.5 95073.9     0.0 52274.9   1712.9   860.9  2897.3
  1952  94.849   0.000   0.000   0.000  94.850   599548.6 222425.7 95999.9     0.0 11548.5    541.9  1125.0  1260.2
  1953 -338.435   0.012   0.000   0.000 -338.422   454293.5 251900.8 93755.0     0.0 20237.6    647.0  1513.5  1175.2
  1954 444.218  -0.011   0.000   0.000 444.206   642183.9 260017.6 72447.4     0.0 47417.6   2008.7  1056.3  2629.6
  1955 196.255   0.000   0.000   0.000 196.255   572032.8 246647.4 71820.5     0.0 17172.1   1453.1   793.7  1590.5
  1956 -226.415   0.001   0.000   0.000 -226.414   464635.3 282946.8 56700.1     0.0 20330.7    817.1   964.8  1432.8
  1957 218.582   0.002   0.000   0.000 218.584   549352.6 220674.6 69124.5     0.0 39464.4   1920.9   787.8  2155.2
  1958 844.748  -0.004   0.000   0.000 844.744   645949.4 245835.4 93454.7     0.0 36885.6   4504.9   746.2  3461.8
  1959 -621.589   0.002   0.000   0.000 -621.587   407009.3 255038.5 86390.6     0.0 -2329.9    631.8  2695.0  1311.0
  1960 -351.661   0.029   0.000   0.000 -351.632   483358.3 235079.0 92980.0     0.0 12598.6   1240.2  2876.2  2048.3
  1961  83.638  -0.027   0.000   0.000  83.611   532100.8 291724.9 65795.0     0.0 49842.0   2166.0  7255.8  1787.6
  1962 997.939  -0.003   0.000   0.000 997.936   693808.2 261351.2 73211.0     0.0 27504.6   1488.8  1064.7  1912.4
  1963 -373.241   0.027   0.000   0.000 -373.214   412713.6 220809.7 75205.0     0.0   743.7    629.5  1146.0  1164.2
  1964 220.132  -0.024   0.000   0.000 220.107   450139.9 273913.0 49897.8     0.0 21861.8    399.4  1657.8  1156.0
  1965 609.944  -0.003   0.000   0.000 609.941   630798.1 249074.0 93771.8     0.0 41095.8    858.9  1148.9  1213.3
  1966 144.608  -0.000   0.000   0.000 144.608   560540.6 241314.9 92694.7     0.0 18674.7    915.1   870.6  1080.2
  1967 540.720  -0.001   0.000   0.000 540.718   699887.4 285680.7 94564.1     0.0 42478.9   2178.2   818.2  2656.3
  1968 167.586   0.000   0.000   0.000 167.586   616097.3 259537.7 84299.3     0.0 20511.2   1540.2   844.9  1382.1
  1969 -510.453   0.042   0.000   0.000 -510.411   401552.8 233842.4 93997.2     0.0 12346.5    917.9   855.8   956.9
  1970 246.109  -0.039   0.000   0.000 246.070   534044.2 271442.7 63841.4     0.0 38809.5   1375.5   951.4  1522.9
  1971 -358.510   0.000   0.000   0.000 -358.509   487489.1 243337.6 70471.2     0.0 11079.1    913.5  1438.0   941.8
  1972 790.111  -0.002   0.000   0.000 790.109   611882.2 232795.4 57626.7     0.0 47271.3   1767.1   883.5  1812.2
  1973 -143.650   0.001   0.000   0.000 -143.649   542685.2 228865.0 79086.3     0.0  5763.8   1220.4  1067.7  1086.4
  1974 493.030  -0.002   0.000   0.000 493.029   708945.8 266139.1 133220.7     0.0 57919.6   2000.3   846.7  2195.3
  1975 532.018  -0.001   0.000   0.000 532.017   732420.9 281806.8 144900.2     0.0 28202.3   1945.8   846.4  1885.2

                 Carbon flux (ktC/yr)                    Water (dam3/yr)                Nitrogen (MgN/yr)
       --------------------------------------- ---------------------------------- --------------------------------
Year   NEP     estab   harvest product NBP     transp     evap    interc  wd      nuptake ndemand  nlosses ninflux
------ ------- ------- ------- ------- ------- ---------- ------- ------- ------- ------- -------- ------- -------
  1976 619.459  -0.000   0.000   0.000 619.459   673084.1 238686.0 122587.7     0.0 30244.9   1769.9   800.9  1627.5
  1977 295.748   0.000   0.000   0.000 295.748   628450.3 243292.1 139603.3     0.0 29065.5   2173.4   784.4  1928.7
  1978 -166.835   0.008   0.000   0.000 -166.827   494707.7 246132.4 96847.4     0.0 20842.4   1933.0   777.9  1441.0
  1979 -19.702  -0.007   0.000   0.000 -19.709   563679.8 293031.9 134485.8     0.0 33345.2   3458.2  1190.2  3010.0
  1980 531.232  -0.000   0.000   0.000 531.232   675785.7 250760.1 70855.6     0.0 32691.4   2447.9  2079.5  2478.3
  1981 108.677   0.000   0.000   0.000 108.677   638184.4 236699.4 113908.0     0.0 26741.4    966.2  1608.4  1032.0
  1982 393.172  -0.001   0.000   0.000 393.171   666717.2 282366.7 139821.0     0.0 43346.8   2518.4  1145.1  2496.6
  1983 -422.096   0.012   0.000   0.000 -422.084   545451.7 252994.9 95432.2     0.0 10612.2    917.9  2745.7  1333.8
  1984 806.703  -0.011   0.000   0.000 806.692   664987.0 259756.8 79946.4     0.0 38442.7   1520.2  1004.9  2111.2
  1985 660.645  -0.001   0.000   0.000 660.644   682195.3 243557.8 153728.5     0.0 31906.4   1872.9   901.5  2067.4
  1986 -752.659   0.054   0.000   0.000 -752.605   358488.7 248875.1 66018.2     0.0 -4407.8    641.0  1065.1  1178.3
  1987 -453.641   0.002   0.000   0.000 -453.640   319835.1 281539.8 46367.4     0.0  1897.6    356.3  2091.5  1587.6
  1988 897.082  -0.053   0.000   0.000 897.029   666820.8 315542.3 70305.3     0.0 53598.3    560.4  2549.3  1672.3
  1989 520.865  -0.002   0.000   0.000 520.864   647550.1 263559.5 104220.3     0.0 20476.6   1030.1  1018.2  1840.2
  1990 355.587  -0.000   0.000   0.000 355.586   631226.0 208046.9 72646.5     0.0 32366.4   1102.5   904.8  1893.9
  1991 -419.976   0.018   0.000   0.000 -419.958   478874.9 234028.6 86132.7     0.0 14060.5   1118.6   876.6  1936.4
  1992 561.911  -0.017   0.000   0.000 561.894   616092.3 252186.0 78670.2     0.0 42111.2   1870.3  1103.2  2926.1
  1993 -367.686   0.017   0.000   0.000 -367.668   456806.7 249617.2 57072.1     0.0  6906.9    953.3   981.6  1965.5
  1994 681.301  -0.018   0.000   0.000 681.283   681887.3 283367.9 83146.1     0.0 47437.4   1663.4   928.2  3122.2
  1995 116.403  -0.000   0.000   0.000 116.402   614780.9 244782.7 77331.1     0.0 16183.8    810.9  1017.5  2371.5
  1996 -282.257   0.001   0.000   0.000 -282.256   448337.7 240598.9 86596.0     0.0 22817.3    869.2  1004.6  2189.6
  1997 573.400  -0.001   0.000   0.000 573.398   715551.2 227490.9 121723.4     0.0 62534.1   2466.3   898.0  3781.2
  1998 -682.820   0.048   0.000   0.000 -682.772   457102.1 250845.1 84389.1     0.0 -6839.8    716.1  1561.6  2015.1
  1999 632.461  -0.046   0.000   0.000 632.415   564374.0 274532.9 66353.4     0.0 35735.4    352.7  1658.3  2149.9
  2000 1216.127  -0.002   0.000   0.000 1216.125   782014.2 280084.6 123424.6     0.0 41249.7    898.0  1503.7  2793.4

                 Carbon flux (ktC/yr)                    Water (dam3/yr)                Nitrogen (MgN/yr)
       --------------------------------------- ---------------------------------- --------------------------------
Year   NEP     estab   harvest product NBP     transp     evap    interc  wd      nuptake ndemand  nlosses ninflux
------ ------- ------- ------- ------- ------- ---------- ------- ------- ------- ------- -------- ------- -------
  2001 109.815   0.000   0.000   0.000 109.815   625611.0 247314.8 108553.6     0.0 15682.6    905.0   999.0  2744.2
  2002 -379.766   0.012   0.000   0.000 -379.754   531916.6 237037.1 104373.2     0.0 23429.1   1077.2   972.0  2516.5
  2003 207.095  -0.011   0.000   0.000 207.084   594327.8 259717.0 113076.8     0.0 38903.1   2170.8   886.1  3964.0
  2004 939.089  -0.001   0.000   0.000 939.087   712815.1 258418.9 142554.9     0.0 43707.8   2669.2   902.1  4309.4
  2005 592.629  -0.000   0.000   0.000 592.629   729480.9 268714.7 173799.5     0.0 31758.4   1208.5   948.6  2695.1
  2006 482.650  -0.000   0.000   0.000 482.650   679061.4 252500.6 157408.4     0.0 32226.8   1309.2  1684.5  2864.8
  2007 1053.535   0.000   0.000   0.000 1053.535   889183.7 253780.3 164296.8     0.0 52660.3   2807.9  3031.0  4501.7
  2008 -511.757   0.009   0.000   0.000 -511.747   569172.9 236307.2 127002.4     0.0  7597.5    651.9  2603.3  2571.1
  2009 576.924  -0.008   0.000   0.000 576.916   669498.5 244363.2 103047.7     0.0 36652.7   1058.7  1595.8  2865.8
  2010 568.434  -0.001   0.000   0.000 568.434   756801.8 243889.6 148712.8     0.0 40769.9   2001.8  1305.8  4000.1
  2011 -80.308   0.002   0.000   0.000 -80.306   614192.8 228199.8 169105.0     0.0 20462.0   1811.9  1191.3  3380.6
  2012 -615.684   0.013   0.000   0.000 -615.672   467287.1 250806.1 125500.8     0.0 20605.2   1405.4  1204.3  3025.9
  2013 887.731  -0.014   0.000   0.000 887.716   827555.5 286998.1 171958.8     0.0 71207.0   3829.4 12349.5  5775.5
  2014 1581.101  -0.001   0.000   0.000 1581.101  1035266.3 282038.6 183800.8     0.0 39546.2   2507.1 16958.1  3371.8
  2015 510.135   0.000   0.000   0.000 510.136   659329.9 258575.2 163793.3     0.0 17970.8    717.7  4605.2  2311.1
  2016 721.489  -0.000   0.000   0.000 721.489   707072.3 268002.3 220427.6     0.0 58318.3   1650.9  2370.9  2666.3
  2017 285.195   0.000   0.000   0.000 285.195   662590.4 259576.0 195613.8     0.0 30904.9   1747.9  1808.9  2699.6
  2018 380.086   0.000   0.000   0.000 380.086   673735.5 244039.9 192702.4     0.0 45040.7   2981.9  1479.9  3853.1
  2019 -49.956   0.001   0.000   0.000 -49.955   575170.2 271510.3 165002.3     0.0 25477.7   1821.4  1285.6  2721.2
Simulation ended.
lpjml successfully terminated, 81 grid cells processed.
Wall clock time:	320 sec, 0.013 sec/cell/year.
Total wall clock time:	328 sec (00:05:28).
