--------------------------------------
Running config: /home/druijsch/LPJmL5/dev15oct2025/config_files/2026_04_08_run_for_10_locations/boreal_broadleaved_summergreen_tree/spinup/configs/boreal_broadleaved_summergreen_tree_patch2_config_restart.cjson
SLURM task ID: 1
Node: tcn103.local.snellius.surf.nl
--------------------------------------
******************************************************************************
****        _     ____     _           _       ____        _  ___         ****
****       | |   |  _ \   | |_ __ ___ | |     | ___|      / |/ _ \        ****
****       | |   | |_) |  | | '_ ` _ \| |     |___ \      | | | | |       ****
****       | |___|  __/ |_| | | | | | | |___   ___) |  _  | | |_| |       ****
****       |_____|_|   \___/|_| |_| |_|_____| |____/  (_) |_|\___/        ****
****                                                                      ****
****                 lpjml C Version 5.10.1 (Apr 14 2026)                 ****
****    Dynamic global vegetation model with natural and managed land     ****
****                     Compiled for Linux with MPI                      ****
****       (C) Potsdam Institute for Climate Impact Research (PIK),       ****
****                          see COPYRIGHT file                          ****
****              Authors, and contributors see AUTHORS file              ****
**** This version of LPJmL is licensed under GNU AGPL Version 3 or later  ****
****        See LICENSE file or go to http://www.gnu.org/licenses/        ****
****                 or invoke lpjml -l to print license                  ****
****      https://gitlab.pik-potsdam.de/lpjml/wur_team/lpjml-wur.git      ****
****          GIT hash: 5e6f8e1bb5c5d5f3357da68b6c43e9517864f3c2          ****
****                                                                      ****
******************************************************************************

Running for user druijsch on tcn103.local.snellius.surf.nl at Tue Apr 14 16:59:11 2026
Reading configuration from '/home/druijsch/LPJmL5/dev15oct2025/config_files/2026_04_08_run_for_10_locations/boreal_broadleaved_summergreen_tree/spinup/configs/boreal_broadleaved_summergreen_tree_patch2_config_restart.cjson'.
==============================================================================
/----------------------------------------------------------\
|institution: Potsdam Institute for Climate Impact Research|
|contact:                                                  |
|comment:                                                  |
\----------------------------------------------------------/
Simulation "LPJmL Run" running on 50 tasks
Simulation with shuffle spinup climate, nitrogen limitation, permafrost, 
Johansen conductivity, percolation heattransfer, GSI phenology, 
NPP controlled BNF, land use, potential irrigation, 
others to crop "maize" and "temperate cereals", land-use change timber, 
fixed residue remove, with auto fertilizer, pft.cjson LAImax, 
livestock grazing, bondau2007 crop PHU option, separate harvests.
Cultivation types: none, biomass, annual crop
Working directory: /gpfs/home5/druijsch/LPJmL5/dev15oct2025
cpp processed configuration file written to `/projects/prjs2023/chapter3/lpjml_output/2026_04_08_run_for_10_locations/boreal_broadleaved_summergreen_tree/patch_2/`.
Starting from restart file '/home/druijsch/LPJmL5/dev15oct2025/restart/2026_04_08_run_for_10_locations/boreal_broadleaved_summergreen_tree/patch_2/restart_1901_nv_stdfire.lpj'.
Input files:
Variable     Fmt  Varname  Filename
------------ ---- -------- ---------------------------------------------------
soil         cdf  soilcode /projects/prjs2023/chapter3/lpjml_input/run_for_10_locations/boreal_broadleaved_summergreen_tree/patch_2/soil.nc
temp         cdf  tas      /projects/prjs2023/chapter3/lpjml_input/run_for_10_locations/boreal_broadleaved_summergreen_tree/patch_2/temp.nc
prec         cdf  pr       /projects/prjs2023/chapter3/lpjml_input/run_for_10_locations/boreal_broadleaved_summergreen_tree/patch_2/prec.nc
lwdown       cdf  rlds     /projects/prjs2023/chapter3/lpjml_input/run_for_10_locations/boreal_broadleaved_summergreen_tree/patch_2/lwdown.nc
swdown       cdf  rsds     /projects/prjs2023/chapter3/lpjml_input/run_for_10_locations/boreal_broadleaved_summergreen_tree/patch_2/swdown.nc
no3_depo     cdf  noy      /projects/prjs2023/chapter3/lpjml_input/ndep-noy_histsoc_monthly_1901_2021_units.nc
nh4_depo     cdf  nhx      /projects/prjs2023/chapter3/lpjml_input/ndep-nhx_histsoc_monthly_1901_2021_units.nc
soilpH       cdf  soil_ph  /projects/prjs2023/chapter3/lpjml_input/hwsd_soil_data_all_land_oceanfilled.nc
co2          txt           /projects/prjs2023/chapter3/lpjml_input/co2_1832-2023.dat
windspeed    cdf  sfcwind  /projects/prjs2023/chapter3/lpjml_input/run_for_10_locations/boreal_broadleaved_summergreen_tree/patch_2/wind.nc
countries    cdf  country  /projects/prjs2023/chapter3/lpjml_input/regridded_cow_full_2018_5min_reduced_filled.nc
landuse      cdf  CFTfrac  /projects/prjs2023/chapter3/lpjml_input/MAPSPAM_2020_crops_filled_ESA_01deg_v7.nc
------------ ---- -------- ---------------------------------------------------
Writing restart file '/home/druijsch/LPJmL5/dev15oct2025/restart/2026_04_08_run_for_10_locations/boreal_broadleaved_summergreen_tree/patch_2/restart_1960_crop_stdfire_base.lpj' after year 1960.
Reading random seeds from restart file.
Number of output files:       65
Output written in year:       1901
Byte order in output files:   little endian

Compression level for NetCDF: 3
Missing value in NetCDF:      -1e+32
Base year in NetCDF:          1901
NetCDF grid:                  local
Variable            Fmt  Unit        Type   tstep nbd Filename
------------------- ---- ----------- ------ ----- --- -------------------------
albedo              cdf  -           float  month   1 /projects/prjs2023/chapter3/lpjml_output/2026_04_08_run_for_10_locations/boreal_broadleaved_summergreen_tree/patch_2/output/malbedo.nc + .json
cftfrac             cdf  -           float  year   32 /projects/prjs2023/chapter3/lpjml_output/2026_04_08_run_for_10_locations/boreal_broadleaved_summergreen_tree/patch_2/output/cftfrac.nc + .json
discharge           cdf  hm3/day     float  month   1 /projects/prjs2023/chapter3/lpjml_output/2026_04_08_run_for_10_locations/boreal_broadleaved_summergreen_tree/patch_2/output/mdischarge.nc + .json
evap                cdf  mm/month    float  month   1 /projects/prjs2023/chapter3/lpjml_output/2026_04_08_run_for_10_locations/boreal_broadleaved_summergreen_tree/patch_2/output/mevap.nc + .json
fapar               cdf  -           float  month   1 /projects/prjs2023/chapter3/lpjml_output/2026_04_08_run_for_10_locations/boreal_broadleaved_summergreen_tree/patch_2/output/mfapar.nc + .json
firec               cdf  gC/m2/yr    float  year    1 /projects/prjs2023/chapter3/lpjml_output/2026_04_08_run_for_10_locations/boreal_broadleaved_summergreen_tree/patch_2/output/firec.nc + .json
firef               cdf  1           float  year    1 /projects/prjs2023/chapter3/lpjml_output/2026_04_08_run_for_10_locations/boreal_broadleaved_summergreen_tree/patch_2/output/firef.nc + .json
flux_estabc         cdf  gC/m2/yr    float  year    1 /projects/prjs2023/chapter3/lpjml_output/2026_04_08_run_for_10_locations/boreal_broadleaved_summergreen_tree/patch_2/output/flux_estab.nc + .json
fpc                 cdf  -           float  month  12 /projects/prjs2023/chapter3/lpjml_output/2026_04_08_run_for_10_locations/boreal_broadleaved_summergreen_tree/patch_2/output/fpc.nc + .json
globalflux          txt  -           float  year    1 /projects/prjs2023/chapter3/lpjml_output/2026_04_08_run_for_10_locations/boreal_broadleaved_summergreen_tree/patch_2/output/globalflux.csv + .json
gpp                 cdf  gC/m2/month float  month   1 /projects/prjs2023/chapter3/lpjml_output/2026_04_08_run_for_10_locations/boreal_broadleaved_summergreen_tree/patch_2/output/mgpp.nc + .json
litc                cdf  gC/m2       float  year    1 /projects/prjs2023/chapter3/lpjml_output/2026_04_08_run_for_10_locations/boreal_broadleaved_summergreen_tree/patch_2/output/litc.nc + .json
litn                cdf  gN/m2       float  year    1 /projects/prjs2023/chapter3/lpjml_output/2026_04_08_run_for_10_locations/boreal_broadleaved_summergreen_tree/patch_2/output/litn.nc + .json
npp                 cdf  gC/m2/month float  month   1 /projects/prjs2023/chapter3/lpjml_output/2026_04_08_run_for_10_locations/boreal_broadleaved_summergreen_tree/patch_2/output/mnpp.nc + .json
nuptake             cdf  gN/m2/month float  month   1 /projects/prjs2023/chapter3/lpjml_output/2026_04_08_run_for_10_locations/boreal_broadleaved_summergreen_tree/patch_2/output/mnuptake.nc + .json
pet                 cdf  mm/month    float  month   1 /projects/prjs2023/chapter3/lpjml_output/2026_04_08_run_for_10_locations/boreal_broadleaved_summergreen_tree/patch_2/output/mpet.nc + .json
pft_chawo           cdf  gC/m2       float  year   43 /projects/prjs2023/chapter3/lpjml_output/2026_04_08_run_for_10_locations/boreal_broadleaved_summergreen_tree/patch_2/output/pft_chawo.nc + .json
pft_cleaf           cdf  gC/m2       float  year   43 /projects/prjs2023/chapter3/lpjml_output/2026_04_08_run_for_10_locations/boreal_broadleaved_summergreen_tree/patch_2/output/pft_cleaf.nc + .json
pft_croot           cdf  gC/m2       float  year   43 /projects/prjs2023/chapter3/lpjml_output/2026_04_08_run_for_10_locations/boreal_broadleaved_summergreen_tree/patch_2/output/pft_croot.nc + .json
pft_csapw           cdf  gC/m2       float  year   43 /projects/prjs2023/chapter3/lpjml_output/2026_04_08_run_for_10_locations/boreal_broadleaved_summergreen_tree/patch_2/output/pft_csapw.nc + .json
pft_fpar            cdf  -           float  month  43 /projects/prjs2023/chapter3/lpjml_output/2026_04_08_run_for_10_locations/boreal_broadleaved_summergreen_tree/patch_2/output/pft_fpar.nc + .json
pft_gpp             cdf  gC/m2/month float  month  43 /projects/prjs2023/chapter3/lpjml_output/2026_04_08_run_for_10_locations/boreal_broadleaved_summergreen_tree/patch_2/output/pft_gpp.nc + .json
pft_laimax          cdf  m2/m2       float  year   43 /projects/prjs2023/chapter3/lpjml_output/2026_04_08_run_for_10_locations/boreal_broadleaved_summergreen_tree/patch_2/output/pft_laimax.nc + .json
pft_mort            cdf  1/month     float  month  11 /projects/prjs2023/chapter3/lpjml_output/2026_04_08_run_for_10_locations/boreal_broadleaved_summergreen_tree/patch_2/output/pft_mort.nc + .json
pft_mort_background cdf  1/month     float  month  11 /projects/prjs2023/chapter3/lpjml_output/2026_04_08_run_for_10_locations/boreal_broadleaved_summergreen_tree/patch_2/output/pft_mort_background.nc + .json
pft_mort_drought    cdf  1/month     float  month  11 /projects/prjs2023/chapter3/lpjml_output/2026_04_08_run_for_10_locations/boreal_broadleaved_summergreen_tree/patch_2/output/pft_mort_drought.nc + .json
pft_mort_heat       cdf  1/month     float  month  11 /projects/prjs2023/chapter3/lpjml_output/2026_04_08_run_for_10_locations/boreal_broadleaved_summergreen_tree/patch_2/output/pft_mort_heat.nc + .json
pft_nind            cdf  ind/m²     float  month  11 /projects/prjs2023/chapter3/lpjml_output/2026_04_08_run_for_10_locations/boreal_broadleaved_summergreen_tree/patch_2/output/pft_nind.nc + .json
pft_nleaf           cdf  gN/m2       float  year   43 /projects/prjs2023/chapter3/lpjml_output/2026_04_08_run_for_10_locations/boreal_broadleaved_summergreen_tree/patch_2/output/pft_nleaf.nc + .json
pft_npp             cdf  gC/m2/yr    float  year   43 /projects/prjs2023/chapter3/lpjml_output/2026_04_08_run_for_10_locations/boreal_broadleaved_summergreen_tree/patch_2/output/pft_npp.nc + .json
pft_nroot           cdf  gN/m2       float  year   43 /projects/prjs2023/chapter3/lpjml_output/2026_04_08_run_for_10_locations/boreal_broadleaved_summergreen_tree/patch_2/output/pft_nroot.nc + .json
pft_nuptake         cdf  gN/m2/yr    float  year   43 /projects/prjs2023/chapter3/lpjml_output/2026_04_08_run_for_10_locations/boreal_broadleaved_summergreen_tree/patch_2/output/pft_nuptake.nc + .json
pft_phen            cdf  -           float  month  43 /projects/prjs2023/chapter3/lpjml_output/2026_04_08_run_for_10_locations/boreal_broadleaved_summergreen_tree/patch_2/output/pft_phen.nc + .json
pft_survive_frac    cdf  -           float  month  43 /projects/prjs2023/chapter3/lpjml_output/2026_04_08_run_for_10_locations/boreal_broadleaved_summergreen_tree/patch_2/output/pft_survive_frac.nc + .json
pft_vegc            cdf  gC/m2       float  year   43 /projects/prjs2023/chapter3/lpjml_output/2026_04_08_run_for_10_locations/boreal_broadleaved_summergreen_tree/patch_2/output/pft_vegc.nc + .json
pft_vegn            cdf  gN/m2       float  year   43 /projects/prjs2023/chapter3/lpjml_output/2026_04_08_run_for_10_locations/boreal_broadleaved_summergreen_tree/patch_2/output/pft_vegn.nc + .json
pft_water_demand    cdf  mm/yr       float  year   43 /projects/prjs2023/chapter3/lpjml_output/2026_04_08_run_for_10_locations/boreal_broadleaved_summergreen_tree/patch_2/output/pft_water_demand.nc + .json
phen_light          cdf  -           float  month   1 /projects/prjs2023/chapter3/lpjml_output/2026_04_08_run_for_10_locations/boreal_broadleaved_summergreen_tree/patch_2/output/mphen_light.nc + .json
phen_tmax           cdf  -           float  month   1 /projects/prjs2023/chapter3/lpjml_output/2026_04_08_run_for_10_locations/boreal_broadleaved_summergreen_tree/patch_2/output/mphen_tmax.nc + .json
phen_tmin           cdf  -           float  month   1 /projects/prjs2023/chapter3/lpjml_output/2026_04_08_run_for_10_locations/boreal_broadleaved_summergreen_tree/patch_2/output/mphen_tmin.nc + .json
phen_water          cdf  -           float  month   1 /projects/prjs2023/chapter3/lpjml_output/2026_04_08_run_for_10_locations/boreal_broadleaved_summergreen_tree/patch_2/output/mphen_water.nc + .json
rd                  cdf  gC/m2/month float  month   1 /projects/prjs2023/chapter3/lpjml_output/2026_04_08_run_for_10_locations/boreal_broadleaved_summergreen_tree/patch_2/output/rd.nc + .json
rh                  cdf  gC/m2/month float  month   1 /projects/prjs2023/chapter3/lpjml_output/2026_04_08_run_for_10_locations/boreal_broadleaved_summergreen_tree/patch_2/output/mrh.nc + .json
runoff              cdf  mm/month    float  month   1 /projects/prjs2023/chapter3/lpjml_output/2026_04_08_run_for_10_locations/boreal_broadleaved_summergreen_tree/patch_2/output/mrunoff.nc + .json
soilc               cdf  gC/m2       float  year    1 /projects/prjs2023/chapter3/lpjml_output/2026_04_08_run_for_10_locations/boreal_broadleaved_summergreen_tree/patch_2/output/soilc.nc + .json
soilc_layer         cdf  gC/m2       float  year    5 /projects/prjs2023/chapter3/lpjml_output/2026_04_08_run_for_10_locations/boreal_broadleaved_summergreen_tree/patch_2/output/soilc_layer.nc + .json
soiln               cdf  gN/m2       float  year    1 /projects/prjs2023/chapter3/lpjml_output/2026_04_08_run_for_10_locations/boreal_broadleaved_summergreen_tree/patch_2/output/soiln.nc + .json
soiln_layer         cdf  gN/m2       float  year    5 /projects/prjs2023/chapter3/lpjml_output/2026_04_08_run_for_10_locations/boreal_broadleaved_summergreen_tree/patch_2/output/soiln_layer.nc + .json
soilnh4             cdf  gN/m2       float  year    1 /projects/prjs2023/chapter3/lpjml_output/2026_04_08_run_for_10_locations/boreal_broadleaved_summergreen_tree/patch_2/output/soilnh4.nc + .json
soilnh4_layer       cdf  gN/m2       float  year    5 /projects/prjs2023/chapter3/lpjml_output/2026_04_08_run_for_10_locations/boreal_broadleaved_summergreen_tree/patch_2/output/soilnh4_layer.nc + .json
soilno3             cdf  gN/m2       float  year    1 /projects/prjs2023/chapter3/lpjml_output/2026_04_08_run_for_10_locations/boreal_broadleaved_summergreen_tree/patch_2/output/soilno3.nc + .json
soilno3_layer       cdf  gN/m2       float  year    5 /projects/prjs2023/chapter3/lpjml_output/2026_04_08_run_for_10_locations/boreal_broadleaved_summergreen_tree/patch_2/output/soilno3_layer.nc + .json
soiltemp1           cdf  Celsius     float  month   1 /projects/prjs2023/chapter3/lpjml_output/2026_04_08_run_for_10_locations/boreal_broadleaved_summergreen_tree/patch_2/output/msoiltemp1.nc + .json
soiltemp2           cdf  Celsius     float  month   1 /projects/prjs2023/chapter3/lpjml_output/2026_04_08_run_for_10_locations/boreal_broadleaved_summergreen_tree/patch_2/output/msoiltemp2.nc + .json
soiltemp3           cdf  Celsius     float  month   1 /projects/prjs2023/chapter3/lpjml_output/2026_04_08_run_for_10_locations/boreal_broadleaved_summergreen_tree/patch_2/output/msoiltemp3.nc + .json
swc1                cdf  1           float  month   1 /projects/prjs2023/chapter3/lpjml_output/2026_04_08_run_for_10_locations/boreal_broadleaved_summergreen_tree/patch_2/output/mswc1.nc + .json
swc2                cdf  1           float  month   1 /projects/prjs2023/chapter3/lpjml_output/2026_04_08_run_for_10_locations/boreal_broadleaved_summergreen_tree/patch_2/output/mswc2.nc + .json
swc3                cdf  1           float  month   1 /projects/prjs2023/chapter3/lpjml_output/2026_04_08_run_for_10_locations/boreal_broadleaved_summergreen_tree/patch_2/output/mswc3.nc + .json
swc4                cdf  1           float  month   1 /projects/prjs2023/chapter3/lpjml_output/2026_04_08_run_for_10_locations/boreal_broadleaved_summergreen_tree/patch_2/output/mswc4.nc + .json
swc5                cdf  1           float  month   1 /projects/prjs2023/chapter3/lpjml_output/2026_04_08_run_for_10_locations/boreal_broadleaved_summergreen_tree/patch_2/output/mswc5.nc + .json
transp              cdf  mm/month    float  month   1 /projects/prjs2023/chapter3/lpjml_output/2026_04_08_run_for_10_locations/boreal_broadleaved_summergreen_tree/patch_2/output/mtransp.nc + .json
vegc                cdf  gC/m2       float  year    1 /projects/prjs2023/chapter3/lpjml_output/2026_04_08_run_for_10_locations/boreal_broadleaved_summergreen_tree/patch_2/output/vegc.nc + .json
vegn                cdf  gN/m2       float  year    1 /projects/prjs2023/chapter3/lpjml_output/2026_04_08_run_for_10_locations/boreal_broadleaved_summergreen_tree/patch_2/output/vegn.nc + .json
wateramount         cdf  hm3         float  month   1 /projects/prjs2023/chapter3/lpjml_output/2026_04_08_run_for_10_locations/boreal_broadleaved_summergreen_tree/patch_2/output/mwateramount.nc + .json
wscal               cdf  -           float  month   1 /projects/prjs2023/chapter3/lpjml_output/2026_04_08_run_for_10_locations/boreal_broadleaved_summergreen_tree/patch_2/output/wscal.nc + .json
------------------- ---- ----------- ------ ----- --- -------------------------
Spinup years:                   180
Cycle length during spinup:      30
First year:                    1901
Last year:                     2019
Number of grid cells:            81
==============================================================================
Memory allocated for output: 7,096 bytes/cell
Simulation begins...
Spinup using climate starting from year 1901

                 Carbon flux (ktC/yr)                    Water (dam3/yr)                Nitrogen (MgN/yr)
       --------------------------------------- ---------------------------------- --------------------------------
Spinup NEP     estab   harvest product NBP     transp     evap    interc  wd      nuptake ndemand  nlosses ninflux
------ ------- ------- ------- ------- ------- ---------- ------- ------- ------- ------- -------- ------- -------
  1721  53.525   0.003   0.000   0.000  53.528   477348.1 265550.2 47938.4     0.0 29431.0    644.4  1863.7  1673.0
  1722 -115.131   0.003   0.000   0.000 -115.128   406940.3 191320.1 29639.4     0.0 15812.9    612.7   949.6  1553.9
  1723 -526.201   0.003   0.000   0.000 -526.197   291747.9 220913.2 28660.0     0.0  6465.0    179.6  1031.4  1966.1
  1724 -314.427  -0.003   0.000   0.000 -314.431   384809.1 235308.8 38413.9     0.0 10433.3    898.9  1846.8  2485.8
  1725 188.930  -0.003   0.000   0.000 188.927   436760.5 203549.1 23869.3     0.0 32859.8    447.0  1144.6  2624.6
  1726 763.058  -0.002   0.000   0.000 763.056   487631.1 218878.2 35305.9     0.0 37913.5    674.5  1240.6  2671.2
  1727 -201.645   0.001   0.000   0.000 -201.644   396877.1 245765.0 46010.8     0.0 10654.4    831.1   892.5  2518.0
  1728   5.873  -0.000   0.000   0.000   5.873   446765.9 263389.8 44511.2     0.0 23893.2    676.2   874.0  2705.3
  1729 -240.306   0.001   0.000   0.000 -240.305   374709.0 215809.0 38136.3     0.0 19263.6    604.4  2067.9  2152.8
  1730 181.818  -0.001   0.000   0.000 181.817   485292.4 246674.7 43547.1     0.0 33492.3    695.0  1129.5  2530.6
  1731  16.197  -0.001   0.000   0.000  16.195   476955.0 275811.2 58628.5     0.0 26659.5   1432.2  3518.0  3072.7
  1732 619.974  -0.002   0.000   0.000 619.972   595630.7 235074.3 50622.4     0.0 38566.9   1297.4  1257.9  3239.8
  1733   7.223   0.002   0.000   0.000   7.225   446233.7 210758.2 46010.3     0.0  8406.3    973.3   702.0  2361.4
  1734 -289.962   0.014   0.000   0.000 -289.948   404567.5 215683.4 42840.8     0.0 15262.8   1056.5   774.2  2806.2
  1735 -329.122  -0.010   0.000   0.000 -329.131   356360.8 263260.4 45938.0     0.0 19830.7    856.2  1824.6  2334.3
  1736 230.686  -0.002   0.000   0.000 230.684   481815.8 286709.0 34456.4     0.0 25786.7   1507.0   789.1  3554.2
  1737  26.448  -0.001   0.000   0.000  26.447   447223.6 240125.8 42816.0     0.0 21539.6   1557.7   691.5  3008.0
  1738 -227.432   0.002   0.000   0.000 -227.430   390244.2 219913.2 39605.0     0.0 16937.1   1040.2   731.3  2132.9
  1739 142.951   0.000   0.000   0.000 142.952   467886.5 239825.3 44373.0     0.0 29678.1   1768.8   953.9  3359.7
  1740  51.305  -0.001   0.000   0.000  51.304   491532.6 245363.1 48474.3     0.0 24239.1   1382.3  1084.0  2693.3
  1741  86.049  -0.001   0.000   0.000  86.048   486350.7 215446.1 38116.4     0.0 25187.0   1352.9   705.8  2959.2
  1742 -137.082   0.002   0.000   0.000 -137.080   396965.3 221877.8 40012.8     0.0 17384.9   1281.6   676.6  2726.5
  1743 -272.610   0.004   0.000   0.000 -272.607   364289.3 206058.8 33338.3     0.0 16278.5   1056.7   687.7  2754.9
  1744 -222.454  -0.001   0.000   0.000 -222.455   325169.8 205572.8 24029.8     0.0 14002.2    996.1   709.2  2266.6
  1745 -257.023   0.005   0.000   0.000 -257.017   424876.7 243747.5 45032.0     0.0 26525.6   2117.4  1433.7  3886.3

                 Carbon flux (ktC/yr)                    Water (dam3/yr)                Nitrogen (MgN/yr)
       --------------------------------------- ---------------------------------- --------------------------------
Spinup NEP     estab   harvest product NBP     transp     evap    interc  wd      nuptake ndemand  nlosses ninflux
------ ------- ------- ------- ------- ------- ---------- ------- ------- ------- ------- -------- ------- -------
  1746 311.098  -0.003   0.000   0.000 311.096   483217.8 216973.7 18529.4     0.0 33143.3   3087.9  1000.3  3168.0
  1747 -158.699   0.013   0.000   0.000 -158.686   303832.8 171548.6 16108.5     0.0 -3091.7    782.8   689.3  2509.3
  1748  27.612  -0.006   0.000   0.000  27.607   308743.4 172048.5 12768.3     0.0 18190.4    699.9   719.8  2496.7
  1749 -76.498  -0.004   0.000   0.000 -76.502   368684.1 247873.1 19904.2     0.0 25812.1    880.1   842.5  2629.6
  1750 123.837  -0.000   0.000   0.000 123.836   425912.1 289144.2 23383.7     0.0 25439.4   1925.3   710.6  4016.3
  1751 -26.201   0.001   0.000   0.000 -26.200   361181.5 213152.8 19913.7     0.0 16041.5   1201.7   710.9  2369.4
  1752 -29.407   0.002   0.000   0.000 -29.405   426925.9 256473.7 29739.7     0.0 30704.5   1933.4   748.1  3992.5
  1753 -102.092  -0.000   0.000   0.000 -102.092   393038.0 256021.8 36097.7     0.0 20692.5   1408.3  2039.7  2579.4
  1754 157.558  -0.003   0.000   0.000 157.555   461227.5 210541.1 24172.3     0.0 26051.0   1842.8   798.1  3286.5
  1755 -360.350  -0.001   0.000   0.000 -360.350   316840.0 228069.7 31808.7     0.0  9019.8    411.7   938.4  1823.7
  1756 -731.161   0.047   0.000   0.000 -731.114   328581.5 232748.8 40613.5     0.0 13907.2   1631.4  1365.1  3019.4
  1757  45.507  -0.037   0.000   0.000  45.470   371094.0 245789.1 10629.9     0.0 36233.5   1915.1  2879.2  2840.9
  1758 329.899  -0.004   0.000   0.000 329.895   457524.5 283387.1 23599.2     0.0 15784.3    882.2 10958.1  2794.1
  1759 828.123  -0.004   0.000   0.000 828.120   587173.3 261065.0 18824.2     0.0 36686.5    960.7  2875.3  2988.5
  1760 829.366  -0.002   0.000   0.000 829.364   567065.7 241307.0 35764.5     0.0 33820.7   1093.6   738.7  3246.9
  1761 -666.764   0.022   0.000   0.000 -666.742   373616.0 276567.0 65782.9     0.0  7794.0   1231.5  6153.8  2664.0
  1762 965.812  -0.023   0.000   0.000 965.788   631562.6 239916.7 36578.2     0.0 39588.2   1240.3  2260.7  3273.0
  1763 -394.222   0.025   0.000   0.000 -394.197   434165.7 204259.6 40321.7     0.0  4458.4    901.7   701.0  2199.2
  1764 -492.509   0.038   0.000   0.000 -492.471   246476.5 226085.9 22215.6     0.0  2630.1    312.5   909.3  1753.3
  1765 -299.303  -0.050   0.000   0.000 -299.353   299714.8 232831.9 19245.0     0.0  9332.4    514.8  1080.7  1956.7
  1766 -355.302  -0.002   0.000   0.000 -355.304   351998.2 218144.6 21606.0     0.0 20019.4    408.1  1256.1  1894.0
  1767 396.185  -0.001   0.000   0.000 396.183   477420.9 256622.0 25618.4     0.0 38512.0    480.9  1967.5  2881.7
  1768 345.495  -0.002   0.000   0.000 345.493   468672.2 236147.3 32007.5     0.0 27485.3    693.7  1321.2  2588.1
  1769 -116.974   0.000   0.000   0.000 -116.973   418491.7 244826.5 39301.0     0.0 17620.8    585.1  1507.5  1921.5
  1770 152.682  -0.001   0.000   0.000 152.681   506089.4 244538.6 41458.0     0.0 35251.2   1181.0   905.8  3066.4

                 Carbon flux (ktC/yr)                    Water (dam3/yr)                Nitrogen (MgN/yr)
       --------------------------------------- ---------------------------------- --------------------------------
Spinup NEP     estab   harvest product NBP     transp     evap    interc  wd      nuptake ndemand  nlosses ninflux
------ ------- ------- ------- ------- ------- ---------- ------- ------- ------- ------- -------- ------- -------
  1771 399.074  -0.002   0.000   0.000 399.073   555755.4 214182.0 55650.5     0.0 30370.0   1527.5   827.6  2658.5
  1772 -377.978   0.020   0.000   0.000 -377.959   340327.3 223737.8 49073.9     0.0  7529.2    812.1  1029.1  2124.8
  1773 -174.198  -0.016   0.000   0.000 -174.214   423761.8 247291.8 32752.6     0.0 19133.6    683.6  1141.5  2529.8
  1774 101.640  -0.001   0.000   0.000 101.638   421476.7 235683.2 36830.2     0.0 29534.0    865.2   904.9  2723.9
  1775 -267.042   0.007   0.000   0.000 -267.035   369507.4 201739.6 25740.2     0.0 11727.5   1052.5   731.4  2362.0
  1776 -127.988  -0.005   0.000   0.000 -127.994   333603.7 216281.1 21706.1     0.0 17349.6    459.4  2126.4  1958.4
  1777 -307.212   0.007   0.000   0.000 -307.205   429940.0 272119.6 45281.2     0.0 30072.4   1395.6  1278.9  3165.6
  1778 590.368  -0.006   0.000   0.000 590.362   504316.4 216581.3 26690.6     0.0 39169.2   2734.7  2559.4  3498.6
  1779 224.411  -0.002   0.000   0.000 224.410   522245.6 270629.2 45112.3     0.0 11889.4   1457.8   795.5  2969.4
  1780 368.236  -0.001   0.000   0.000 368.235   500248.7 221034.1 40206.3     0.0 24614.9   1518.8  1980.5  3192.7
  1781 -190.733   0.006   0.000   0.000 -190.727   405335.1 281432.2 45277.3     0.0 13720.3   1134.4   728.6  2911.1
  1782 232.241  -0.005   0.000   0.000 232.236   445650.3 218973.2 36804.4     0.0 27270.3   1028.1  2553.7  2521.3
  1783 -350.399   0.013   0.000   0.000 -350.387   369155.4 212585.2 36434.5     0.0 11631.0    614.5   776.2  1747.8
  1784 -385.739   0.000   0.000   0.000 -385.739   295159.3 228918.2 29919.1     0.0 14365.2    726.7  1176.7  2217.7
  1785 156.699  -0.005   0.000   0.000 156.694   461962.9 249518.4 33014.4     0.0 32102.4    980.2  1482.1  2826.5
  1786 395.042  -0.003   0.000   0.000 395.040   497324.9 230884.8 31344.8     0.0 29167.7   1532.1   782.8  3353.8
  1787 -484.409   0.002   0.000   0.000 -484.407   373240.3 261248.4 56872.3     0.0 11345.6   1111.8  7359.0  2660.4
  1788 731.604  -0.004   0.000   0.000 731.601   623058.2 263365.8 38065.3     0.0 40905.8   1431.6  2215.3  3886.2
  1789 -225.407  -0.000   0.000   0.000 -225.407   430698.2 230155.6 51201.0     0.0  7309.7   1157.6  1319.6  2812.8
  1790 -463.649   0.024   0.000   0.000 -463.625   479168.7 239250.1 76981.4     0.0 28436.7   2424.9  3260.0  3957.5
  1791   1.387  -0.019   0.000   0.000   1.368   470386.5 244213.2 30965.4     0.0 42272.6   3097.4  1070.8  3169.7
  1792 -108.006  -0.001   0.000   0.000 -108.007   442801.4 240544.4 38778.6     0.0 -3485.8   1248.1  1916.1  2569.8
  1793  18.451   0.000   0.000   0.000  18.451   458206.1 241372.2 28068.2     0.0 24634.8    900.9  1585.5  2462.1
  1794   4.737   0.001   0.000   0.000   4.737   442134.8 255764.5 45474.3     0.0 25445.3    713.8  2343.1  2467.7
  1795 117.567  -0.001   0.000   0.000 117.566   499167.7 243857.4 47205.1     0.0 28066.8    926.1  1151.5  2616.2

                 Carbon flux (ktC/yr)                    Water (dam3/yr)                Nitrogen (MgN/yr)
       --------------------------------------- ---------------------------------- --------------------------------
Spinup NEP     estab   harvest product NBP     transp     evap    interc  wd      nuptake ndemand  nlosses ninflux
------ ------- ------- ------- ------- ------- ---------- ------- ------- ------- ------- -------- ------- -------
  1796  61.396   0.001   0.000   0.000  61.397   472854.1 222445.4 39471.5     0.0 22314.7    998.1   793.6  2317.1
  1797 -825.087   0.109   0.000   0.000 -824.979   302544.1 209703.1 29500.4     0.0 -3860.3    448.1   975.3  1822.0
  1798 -16.593  -0.100   0.000   0.000 -16.693   272693.8 315709.6 12874.0     0.0 28621.4    650.0  1661.3  2896.2
  1799 422.933  -0.006   0.000   0.000 422.927   462295.0 237196.5 23585.3     0.0 26545.2    861.1  1492.8  2492.1
  1800 -25.904  -0.000   0.000   0.000 -25.904   389050.7 206003.0 18729.8     0.0 16968.5    493.7   919.3  2106.8
  1801  26.839  -0.004   0.000   0.000  26.834   363705.4 222397.5 23574.8     0.0 22639.1    329.2  5763.3  2073.6
  1802 -382.825   0.006   0.000   0.000 -382.818   428983.7 237587.2 57280.9     0.0 30469.3   2172.3  2463.2  3677.6
  1803 192.852  -0.003   0.000   0.000 192.849   455217.6 232465.4 28931.7     0.0 50849.9   3899.8  1240.4  3758.3
  1804 308.864  -0.002   0.000   0.000 308.862   508440.4 241411.9 37039.3     0.0  3210.2   2188.3   940.8  3462.8
  1805 -227.596   0.006   0.000   0.000 -227.590   372613.8 197579.4 27017.2     0.0  7673.0    805.0   856.5  2192.6
  1806 -296.526  -0.004   0.000   0.000 -296.530   347438.1 240268.0 28875.5     0.0 11938.8    445.9  1098.9  2363.3
  1807 -76.050   0.004   0.000   0.000 -76.046   478635.5 268861.0 45292.3     0.0 31893.6   1411.5  2093.7  3373.1
  1808 223.847  -0.001   0.000   0.000 223.845   455645.0 263529.7 35067.5     0.0 32322.6   1028.4  3830.0  2679.1
  1809  79.551  -0.001   0.000   0.000  79.551   419018.8 237532.4 31364.6     0.0 13214.0    850.4  3292.8  2286.8
  1810 219.077  -0.002   0.000   0.000 219.075   493945.0 279589.0 45955.3     0.0 36103.6   1201.6  6821.5  2829.2
  1811 733.775  -0.003   0.000   0.000 733.772   670081.7 243471.6 49151.2     0.0 34867.6   1565.2  2291.8  3477.0
  1812 -105.131   0.001   0.000   0.000 -105.130   485553.3 245133.8 54378.7     0.0 12073.2    665.6  1307.9  2103.2
  1813 -96.626   0.001   0.000   0.000 -96.626   474912.5 227852.1 48859.6     0.0 24892.3    839.9   894.3  2328.8
  1814 -235.680   0.002   0.000   0.000 -235.677   401842.1 208024.8 37490.5     0.0 18405.9   1296.3   736.9  2703.5
  1815 -85.694   0.003   0.000   0.000 -85.691   349736.9 167526.7 22045.9     0.0 14097.0   1302.7   681.1  2734.3
  1816  26.928   0.009   0.000   0.000  26.937   405788.1 223089.2 34754.8     0.0 30986.7   1943.1  1071.1  3592.1
  1817 -223.088  -0.007   0.000   0.000 -223.096   337080.6 227571.5 30988.9     0.0 14887.6   1240.1  1339.1  2428.9
  1818 452.163  -0.000   0.000   0.000 452.163   473570.8 219616.6 22440.1     0.0 29528.2   1285.3  1878.3  3015.5
  1819 -640.275   0.040   0.000   0.000 -640.235   272922.6 238879.9 31084.1     0.0   194.9    661.3  3725.6  1948.3
  1820 727.990  -0.037   0.000   0.000 727.953   532729.9 256792.2 26355.3     0.0 38838.7    454.7  2346.5  2399.9

                 Carbon flux (ktC/yr)                    Water (dam3/yr)                Nitrogen (MgN/yr)
       --------------------------------------- ---------------------------------- --------------------------------
Spinup NEP     estab   harvest product NBP     transp     evap    interc  wd      nuptake ndemand  nlosses ninflux
------ ------- ------- ------- ------- ------- ---------- ------- ------- ------- ------- -------- ------- -------
  1821 774.337  -0.005   0.000   0.000 774.332   524963.9 223555.5 37117.4     0.0 29796.1    894.4   776.7  2812.6
  1822 -656.212   0.044   0.000   0.000 -656.168   302569.0 242470.7 38851.2     0.0  1165.5    566.5  2552.7  1858.4
  1823  59.207  -0.042   0.000   0.000  59.165   418304.8 261982.3 23050.7     0.0 19564.3    447.4  1914.8  2552.9
  1824 621.025  -0.004   0.000   0.000 621.021   575122.7 215762.7 43553.7     0.0 38009.3    601.1  1233.8  2230.9
  1825 -377.678   0.053   0.000   0.000 -377.624   332651.1 225772.9 32286.0     0.0  3641.6    691.1   765.4  2009.7
  1826 -278.049  -0.042   0.000   0.000 -278.091   312523.8 206178.3 18505.2     0.0 13353.2    324.6   918.0  2096.2
  1827 -11.294  -0.004   0.000   0.000 -11.299   343541.9 203532.7 18331.0     0.0 23157.2    387.3  2474.5  1831.0
  1828 -338.260   0.002   0.000   0.000 -338.258   330458.9 260935.5 29114.2     0.0 16841.1    478.6  4180.8  2101.0
  1829 -118.212  -0.001   0.000   0.000 -118.213   443577.7 241439.2 35994.5     0.0 38967.1   2003.1  1923.0  3791.3
  1830 402.150  -0.002   0.000   0.000 402.148   511615.9 238244.0 32819.4     0.0 39567.3   3814.5  1199.6  3636.4
  1831  78.305  -0.001   0.000   0.000  78.304   486550.6 239594.9 34020.7     0.0  4798.6   2051.6  1603.6  3424.2
  1832 -68.266   0.009   0.000   0.000 -68.257   480006.5 204978.2 32553.3     0.0 21985.2   1132.3  1400.4  2481.9
  1833 -505.711   0.053   0.000   0.000 -505.658   257198.9 217029.9 22768.5     0.0  2157.7    371.5   922.8  1881.5
  1834 -315.851  -0.049   0.000   0.000 -315.900   256392.4 244770.8 19290.0     0.0 10753.6    672.0  3152.6  2382.5
  1835 343.173  -0.010   0.000   0.000 343.163   433335.8 235830.9 22497.8     0.0 34519.0    590.5  2069.8  2742.2
  1836 537.586  -0.003   0.000   0.000 537.584   522250.4 237836.1 36934.0     0.0 28674.1    791.4  2979.7  2493.5
  1837 322.851  -0.000   0.000   0.000 322.851   444673.8 181288.8 22505.7     0.0 18547.3   1026.6  1235.6  2484.7
  1838 -652.828   0.015   0.000   0.000 -652.813   341182.4 270536.2 53719.7     0.0 12962.7    762.0  8117.8  2276.2
  1839 739.278  -0.016   0.000   0.000 739.262   552593.0 252966.8 28689.7     0.0 48622.7   1249.9  2752.7  3493.3
  1840 184.478  -0.001   0.000   0.000 184.477   545081.9 235517.5 48676.9     0.0 14908.2   1413.4   827.1  3032.3
  1841  -3.379   0.001   0.000   0.000  -3.378   446839.5 225146.8 40839.3     0.0 20580.9   1010.7   736.8  2486.8
  1842 -313.917   0.002   0.000   0.000 -313.915   424283.5 259636.2 51805.0     0.0 17394.0   1534.5   775.8  3233.5
  1843   6.110  -0.001   0.000   0.000   6.110   444171.0 206704.9 31321.9     0.0 25971.8   1363.4   779.2  2927.5
  1844 -321.428   0.037   0.000   0.000 -321.391   328383.6 221811.4 28867.6     0.0  8948.7   1383.4   668.1  2317.8
  1845  -9.458  -0.034   0.000   0.000  -9.492   383048.5 273155.8 26999.7     0.0 25365.5   1298.4   873.5  3368.5

                 Carbon flux (ktC/yr)                    Water (dam3/yr)                Nitrogen (MgN/yr)
       --------------------------------------- ---------------------------------- --------------------------------
Spinup NEP     estab   harvest product NBP     transp     evap    interc  wd      nuptake ndemand  nlosses ninflux
------ ------- ------- ------- ------- ------- ---------- ------- ------- ------- ------- -------- ------- -------
  1846 490.710  -0.002   0.000   0.000 490.707   503455.0 219881.1 29732.6     0.0 27734.0   1749.8  1944.3  3506.6
  1847 -113.026   0.001   0.000   0.000 -113.025   405977.8 206831.0 30786.8     0.0 13589.4    926.9   743.4  2436.4
  1848 -247.618   0.017   0.000   0.000 -247.602   334365.2 222032.0 25871.6     0.0 15250.6   1290.7   666.7  2385.3
  1849 -292.911  -0.013   0.000   0.000 -292.925   348247.0 245024.8 27466.8     0.0 18234.1    889.1  1455.5  2496.8
  1850 240.128  -0.002   0.000   0.000 240.126   469458.8 287477.5 26484.2     0.0 33068.5   2035.7   920.9  4129.0
  1851 276.194  -0.001   0.000   0.000 276.192   472615.7 260039.6 40002.4     0.0 21173.8   1496.4  2930.3  2769.2
  1852 495.239  -0.002   0.000   0.000 495.237   559187.0 232000.4 35369.0     0.0 34292.0   2173.7  1835.7  3766.2
  1853 -277.243   0.002   0.000   0.000 -277.241   441450.6 224905.0 52200.6     0.0 10076.9   1069.0   824.7  2661.7
  1854 -184.983  -0.002   0.000   0.000 -184.985   408390.4 229934.7 40064.0     0.0 15644.7   1096.1  1549.0  2936.8
  1855 -636.565   0.048   0.000   0.000 -636.517   396068.3 232865.3 56135.4     0.0 22349.3   2376.6  4142.3  3682.3
  1856 457.264  -0.045   0.000   0.000 457.219   472351.0 288163.0 30423.0     0.0 47824.6   4549.5  2665.4  3655.8
  1857 904.188  -0.003   0.000   0.000 904.184   625413.1 220685.4 38773.3     0.0 12586.7   2248.3  2092.8  3550.1
  1858 496.712  -0.001   0.000   0.000 496.711   522460.1 222830.8 48571.2     0.0 21571.0   1287.3   687.6  2873.1
  1859 -502.080   0.040   0.000   0.000 -502.040   369021.3 248308.2 35431.7     0.0  5467.8    756.2   960.0  2291.6
  1860 153.079  -0.037   0.000   0.000 153.042   419715.0 233263.8 26636.0     0.0 24457.0    611.8  1688.2  2402.2
  1861 -131.369   0.003   0.000   0.000 -131.366   409960.0 265182.9 41314.0     0.0 15898.3    930.2   799.0  2827.1
  1862 272.621  -0.004   0.000   0.000 272.617   534974.0 262604.2 47195.0     0.0 35844.3   1001.2   818.5  2611.4
  1863 251.246  -0.001   0.000   0.000 251.245   506350.8 233163.4 55222.1     0.0 22295.1   1321.7  1057.7  2798.3
  1864 -430.037   0.031   0.000   0.000 -430.005   442262.7 200675.3 38273.9     0.0  9804.6   1156.7   902.6  1962.5
  1865 264.690  -0.029   0.000   0.000 264.661   404685.6 232091.3 31063.0     0.0 31153.1    809.2   859.3  2434.5
  1866 -730.220   0.080   0.000   0.000 -730.140   331963.9 203678.6 27543.0     0.0 -2903.2    638.5   859.9  1813.0
  1867 -36.932  -0.075   0.000   0.000 -37.007   358902.3 303930.8 19268.2     0.0 26207.5    575.6  2264.9  2283.5
  1868 397.572  -0.002   0.000   0.000 397.570   507623.0 236907.2 26816.7     0.0 27698.1    745.8  1614.0  2741.4
  1869 -84.635   0.003   0.000   0.000 -84.632   425264.8 205790.7 23954.8     0.0 17163.0    661.7   814.7  2501.1
  1870 -428.128   0.001   0.000   0.000 -428.126   301596.5 209620.4 18671.5     0.0 10847.8    516.7  1321.8  1849.1

                 Carbon flux (ktC/yr)                    Water (dam3/yr)                Nitrogen (MgN/yr)
       --------------------------------------- ---------------------------------- --------------------------------
Spinup NEP     estab   harvest product NBP     transp     evap    interc  wd      nuptake ndemand  nlosses ninflux
------ ------- ------- ------- ------- ------- ---------- ------- ------- ------- ------- -------- ------- -------
  1871 -449.316   0.007   0.000   0.000 -449.309   415643.0 231096.9 42894.2     0.0 24525.3   1857.2  4850.1  4166.9
  1872 256.234  -0.001   0.000   0.000 256.233   457241.8 238526.6 14362.3     0.0 36542.8   2306.5  1203.5  2928.6
  1873  30.417   0.000   0.000   0.000  30.417   439615.2 252631.9 17946.3     0.0  8011.9    837.5  1210.6  2552.5
  1874 -119.356  -0.001   0.000   0.000 -119.357   406183.3 247574.7 20575.8     0.0 20511.6    557.3  1251.7  2443.2
  1875 313.139  -0.000   0.000   0.000 313.138   429598.4 225953.2 20527.0     0.0 32017.5    774.2   942.4  2801.2
  1876 -216.698  -0.000   0.000   0.000 -216.698   360489.7 215753.2 25563.9     0.0 13539.7    919.8   940.8  2332.9
  1877 -431.516   0.015   0.000   0.000 -431.501   369552.4 200801.1 22395.9     0.0 17695.8   1634.3   912.6  2707.7
  1878  -4.981  -0.012   0.000   0.000  -4.993   368409.8 257941.0 22985.6     0.0 23201.0    697.5  6196.8  2333.9
  1879 818.710  -0.004   0.000   0.000 818.706   494745.7 188582.0 14543.2     0.0 34133.4   1424.5  2803.0  3168.0
  1880 -101.564  -0.001   0.000   0.000 -101.565   422116.8 244381.7 30339.4     0.0 14554.3    908.1   967.0  2406.7
  1881 267.413  -0.002   0.000   0.000 267.411   465333.2 246196.8 29543.6     0.0 33618.9   1087.6   782.0  3074.5
  1882 -211.660  -0.001   0.000   0.000 -211.662   390994.1 230539.6 34322.1     0.0 12030.0   1246.0  1872.5  2940.0
  1883 -405.048   0.025   0.000   0.000 -405.023   464410.9 238818.7 44373.8     0.0 27557.0   1820.7  2202.0  3244.2
  1884 -65.688  -0.022   0.000   0.000 -65.710   413196.9 244579.0 32531.8     0.0 32605.0   1898.9  1367.6  2834.6
  1885  95.949  -0.002   0.000   0.000  95.948   457153.3 205132.6 22720.6     0.0  9854.4   1436.7   936.8  2916.4
  1886 145.080  -0.003   0.000   0.000 145.076   426796.8 229616.3 42122.2     0.0 23552.7    613.8  1868.3  2218.5
  1887 243.148   0.001   0.000   0.000 243.149   530167.4 220188.1 48361.1     0.0 32906.3   2026.9  3209.7  3460.7
  1888 192.339  -0.001   0.000   0.000 192.338   514996.0 203479.7 58646.3     0.0 31761.4   1863.3  1089.8  2146.2
  1889 -352.405   0.004   0.000   0.000 -352.401   382261.4 251183.2 56081.0     0.0  2164.7    683.9  2646.1  2104.9
  1890 -232.349   0.025   0.000   0.000 -232.324   528954.2 268073.4 65113.1     0.0 28513.1   2055.1  3002.7  4011.6
  1891 -103.522  -0.023   0.000   0.000 -103.545   422472.0 257322.3 29584.8     0.0 31527.9   2183.1  1193.5  2924.9
  1892 224.890  -0.003   0.000   0.000 224.887   434878.4 234221.5 33197.5     0.0  7945.5    955.3  1268.1  2733.4
  1893 141.061  -0.001   0.000   0.000 141.061   446748.6 280237.5 38164.8     0.0 21864.9    890.6   900.0  2761.6
  1894  78.089   0.000   0.000   0.000  78.090   418321.2 220572.1 33285.2     0.0 23936.3    818.8   861.0  2399.7
  1895 -683.236   0.082   0.000   0.000 -683.154   324074.6 203586.3 26662.9     0.0  1002.0    511.8   954.5  1899.9

                 Carbon flux (ktC/yr)                    Water (dam3/yr)                Nitrogen (MgN/yr)
       --------------------------------------- ---------------------------------- --------------------------------
Spinup NEP     estab   harvest product NBP     transp     evap    interc  wd      nuptake ndemand  nlosses ninflux
------ ------- ------- ------- ------- ------- ---------- ------- ------- ------- ------- -------- ------- -------
  1896 -349.971  -0.048   0.000   0.000 -350.019   249917.0 218361.9  9959.6     0.0 16050.6    380.9  1127.0  1895.5
  1897 241.957  -0.029   0.000   0.000 241.927   358601.7 213026.9 13542.0     0.0 29645.9    534.3  3854.5  2162.5
  1898 -144.220   0.003   0.000   0.000 -144.217   339268.9 197380.0 14364.7     0.0 12226.3    557.5   971.8  2336.5
  1899  70.343  -0.002   0.000   0.000  70.341   345494.0 212644.5 15129.7     0.0 24443.0    358.7  3577.8  1854.0
  1900 698.741  -0.003   0.000   0.000 698.738   446650.7 221338.8 22483.2     0.0 40258.0    593.7  1083.0  2353.9

                 Carbon flux (ktC/yr)                    Water (dam3/yr)                Nitrogen (MgN/yr)
       --------------------------------------- ---------------------------------- --------------------------------
Year   NEP     estab   harvest product NBP     transp     evap    interc  wd      nuptake ndemand  nlosses ninflux
------ ------- ------- ------- ------- ------- ---------- ------- ------- ------- ------- -------- ------- -------
  1901 -241.933   0.002   0.000   0.000 -241.931   373371.9 250014.5 21272.6     0.0  9452.8    889.4  1281.8  2402.4
  1902  93.540  -0.003   0.000   0.000  93.538   431885.8 260111.5 33993.9     0.0 26568.9    544.0  3639.5  2623.7
  1903 318.176  -0.002   0.000   0.000 318.174   500535.5 215801.1 27738.0     0.0 30543.3    804.7  1026.9  2999.8
  1904  -1.990   0.009   0.000   0.000  -1.981   372350.5 170355.0 21843.7     0.0 11057.6   1039.8   732.7  2753.0
  1905 -435.810   0.019   0.000   0.000 -435.791   270737.0 215463.9 22875.7     0.0  9473.7    508.5  1061.7  2439.1
  1906 -642.893   0.009   0.000   0.000 -642.883   334884.2 211294.9 22822.0     0.0 18106.1   1986.3  1623.7  3964.7
  1907 -95.645  -0.025   0.000   0.000 -95.670   333701.6 229275.4 11330.1     0.0 18387.5   1158.5  4835.6  2769.4
  1908 512.393  -0.002   0.000   0.000 512.391   480130.7 204780.4 11444.2     0.0 25528.4    658.5  3214.6  2721.8
  1909 -293.416   0.021   0.000   0.000 -293.395   295968.0 170962.1 10768.5     0.0  7528.4    586.8  1024.1  2657.9
  1910 -548.950  -0.007   0.000   0.000 -548.958   280885.2 251314.6 10951.2     0.0 10556.1    376.9  1522.0  2040.8
  1911 255.545  -0.003   0.000   0.000 255.542   352847.2 231111.1  9682.5     0.0 30863.3    954.5  1246.0  3273.6
  1912 237.712  -0.007   0.000   0.000 237.706   420607.6 280726.5 15747.9     0.0 24563.0   1089.9   891.6  3404.1
  1913 -39.568   0.000   0.000   0.000 -39.567   395413.3 236828.7 17545.4     0.0 14744.4    785.5   895.0  2482.1
  1914 305.660  -0.004   0.000   0.000 305.656   521337.6 287540.2 24677.3     0.0 31723.1   1465.7   895.6  3687.0
  1915 264.569  -0.001   0.000   0.000 264.567   491153.6 269795.7 29953.0     0.0 21696.0   1865.5  3930.1  3483.4
  1916 395.571  -0.002   0.000   0.000 395.568   556432.3 255026.5 34478.6     0.0 32104.4   1236.4  2943.2  3104.8
  1917 166.720  -0.002   0.000   0.000 166.718   535480.2 255433.7 36332.1     0.0 24349.4   1336.4   864.2  3314.9
  1918 241.425  -0.001   0.000   0.000 241.424   483770.3 226356.3 34932.2     0.0 25943.7   1365.8  2062.3  3079.5
  1919 -556.207   0.025   0.000   0.000 -556.182   381351.6 271694.5 51228.6     0.0 13651.6   1412.9  6626.6  2530.3
  1920 646.767  -0.027   0.000   0.000 646.740   593735.2 284264.6 28850.5     0.0 42712.1   1905.2  3227.3  4064.6
  1921  33.193  -0.001   0.000   0.000  33.192   528052.4 268466.7 49672.0     0.0 11814.9   1468.5   825.2  2860.4
  1922 503.488  -0.002   0.000   0.000 503.487   540768.6 215203.8 43472.8     0.0 35026.2   1449.3   842.7  2963.0
  1923 -718.807   0.053   0.000   0.000 -718.754   298971.8 238571.5 42060.2     0.0 -2304.4    606.8  2103.5  1587.5
  1924 272.823  -0.051   0.000   0.000 272.772   482231.3 268857.1 39075.4     0.0 22571.5    592.6  2218.7  2080.3
  1925 109.749  -0.001   0.000   0.000 109.747   480786.0 221972.8 42393.3     0.0 19373.8   1041.3  1147.8  2444.8

                 Carbon flux (ktC/yr)                    Water (dam3/yr)                Nitrogen (MgN/yr)
       --------------------------------------- ---------------------------------- --------------------------------
Year   NEP     estab   harvest product NBP     transp     evap    interc  wd      nuptake ndemand  nlosses ninflux
------ ------- ------- ------- ------- ------- ---------- ------- ------- ------- ------- -------- ------- -------
  1926 260.136  -0.000   0.000   0.000 260.136   484179.7 210652.1 35711.1     0.0 27632.7   1251.3  1405.0  2246.3
  1927 -196.802   0.001   0.000   0.000 -196.801   365360.2 233094.8 48467.1     0.0 15794.5    471.3   957.3  1624.9
  1928 -683.778   0.089   0.000   0.000 -683.689   362474.4 228440.5 51314.9     0.0 16834.2   1916.6   901.7  2825.7
  1929 171.947  -0.075   0.000   0.000 171.873   402529.4 236617.0 28898.8     0.0 43886.9   3844.5  1824.3  2887.7
  1930  17.493  -0.008   0.000   0.000  17.485   422492.2 199658.6 31334.6     0.0 -12826.9    957.9   970.8  1518.5
  1931 426.474  -0.005   0.000   0.000 426.468   571063.6 184798.2 48456.3     0.0 31740.5    652.9  1057.3  1995.5
  1932 -363.507   0.028   0.000   0.000 -363.479   418887.6 195819.2 41089.0     0.0  7325.6    611.1   883.2  1773.0
  1933 319.832  -0.025   0.000   0.000 319.808   522530.6 233189.2 44943.5     0.0 29820.1    539.5  1518.0  1887.9
  1934 -423.024   0.009   0.000   0.000 -423.014   435138.0 251540.8 45344.7     0.0  6306.6    814.9  1030.3  2038.0
  1935 429.563  -0.010   0.000   0.000 429.553   550193.5 307448.6 63904.8     0.0 37139.2    857.0  5836.7  2251.0
  1936 743.272  -0.004   0.000   0.000 743.268   705203.9 197182.0 46162.4     0.0 31598.9   1420.2  1766.4  2457.7
  1937 -76.927   0.001   0.000   0.000 -76.926   522258.2 236568.4 80898.5     0.0 15652.5    758.6  1138.1  1904.5
  1938 816.954  -0.002   0.000   0.000 816.952   828185.6 248311.0 106192.3     0.0 57296.4   2813.7  2178.4  3717.0
  1939 -129.358   0.022   0.000   0.000 -129.335   508933.3 221911.8 61586.8     0.0  2102.0   1197.1   906.5  1731.1
  1940 183.763  -0.018   0.000   0.000 183.745   483267.6 245811.4 66797.2     0.0 18760.6    639.9   795.3  1622.0
  1941 -301.676   0.018   0.000   0.000 -301.657   414759.6 258904.9 49533.9     0.0 14384.6   1021.7   786.1  2008.5
  1942 247.211  -0.018   0.000   0.000 247.193   487152.6 237860.4 55703.8     0.0 31885.5   2237.0   693.4  3552.4
  1943  92.305  -0.001   0.000   0.000  92.304   541431.8 239540.1 67318.3     0.0 22435.1   2611.6  2720.8  3388.6
  1944 1040.183  -0.003   0.000   0.000 1040.180   779590.7 262495.4 98192.3     0.0 48430.9   2433.7  1722.1  3382.1
  1945 -381.875   0.043   0.000   0.000 -381.833   490407.8 221990.4 80910.0     0.0 -1688.0    648.8   995.9  1372.3
  1946 661.037  -0.041   0.000   0.000 660.996   551114.1 258361.7 56806.0     0.0 27849.3    550.1  1087.6  1677.5
  1947 -669.493   0.031   0.000   0.000 -669.462   315920.3 210547.6 35291.4     0.0  -384.0    679.4  1377.4  1846.3
  1948 -405.044   0.000   0.000   0.000 -405.044   366958.7 255418.5 29860.2     0.0  3234.9    466.2  2141.9  2047.3
  1949 -103.882  -0.026   0.000   0.000 -103.909   410259.6 199275.3 31471.0     0.0 23731.7    444.9  1185.9  2023.8
  1950  84.493   0.001   0.000   0.000  84.493   406436.4 222976.8 40449.8     0.0 23367.7    675.2  3323.7  2207.2

                 Carbon flux (ktC/yr)                    Water (dam3/yr)                Nitrogen (MgN/yr)
       --------------------------------------- ---------------------------------- --------------------------------
Year   NEP     estab   harvest product NBP     transp     evap    interc  wd      nuptake ndemand  nlosses ninflux
------ ------- ------- ------- ------- ------- ---------- ------- ------- ------- ------- -------- ------- -------
  1951 1399.512  -0.006   0.000   0.000 1399.506   801718.2 266796.0 73805.6     0.0 68569.5   1257.9  3154.3  2665.7
  1952 137.184  -0.000   0.000   0.000 137.184   573299.1 242679.6 84305.7     0.0  6592.8    729.7  1198.0  1485.6
  1953 -548.035   0.042   0.000   0.000 -547.992   365265.2 236972.3 62921.1     0.0  9026.9    466.1  1664.0  1668.2
  1954 328.907  -0.038   0.000   0.000 328.869   518755.7 260378.0 49193.8     0.0 34220.6    684.6  1534.9  1854.8
  1955 149.437  -0.002   0.000   0.000 149.435   489151.4 207410.5 52140.8     0.0 17745.8   1065.7   823.7  1974.2
  1956  47.548   0.000   0.000   0.000  47.548   454996.4 257523.8 49980.2     0.0 26748.3   1007.3  1437.8  1820.1
  1957 117.533   0.000   0.000   0.000 117.533   503999.8 228978.0 42349.2     0.0 28741.8   1856.3  1450.5  2885.2
  1958 1060.249  -0.002   0.000   0.000 1060.247   668775.2 254745.3 83225.8     0.0 47537.4   3269.2   672.9  4196.7
  1959 -522.822   0.007   0.000   0.000 -522.816   427228.7 257065.3 74117.1     0.0 -2570.4    943.7  3295.7  2072.7
  1960 -639.002   0.051   0.000   0.000 -638.951   489122.0 233771.0 99161.8     0.0 18542.7   2243.0  6388.8  3694.7
  1961 450.089  -0.055   0.000   0.000 450.033   547713.0 313271.3 45333.5     0.0 55980.2   5910.9  4386.5  3402.7
  1962 806.620  -0.002   0.000   0.000 806.617   644871.9 222257.2 46557.9     0.0  -424.9   1397.5  1082.0  2234.5
  1963 -469.302   0.031   0.000   0.000 -469.271   361249.7 211872.6 56849.5     0.0  2444.0    669.5   958.4  1849.7
  1964 417.687  -0.029   0.000   0.000 417.658   457009.0 277438.8 42107.7     0.0 20203.0    591.5  1262.2  2251.0
  1965 448.806  -0.002   0.000   0.000 448.804   574550.7 227804.9 70043.5     0.0 31948.8   1082.1  1351.4  2384.0
  1966  19.053  -0.000   0.000   0.000  19.053   537275.1 237694.4 65507.0     0.0 18161.5   1342.4  2097.6  2013.5
  1967 598.840  -0.002   0.000   0.000 598.839   675249.8 269810.9 91579.3     0.0 43839.1   1747.6  2979.7  2642.8
  1968 -20.092   0.003   0.000   0.000 -20.089   584945.8 249265.6 87064.7     0.0 17088.6   1713.9   812.8  1975.8
  1969 -384.644   0.036   0.000   0.000 -384.608   397523.1 232765.9 54499.5     0.0 10698.2    882.4   723.5  1443.9
  1970  75.523  -0.034   0.000   0.000  75.489   463075.1 266399.7 46612.7     0.0 26526.2   1102.5   832.8  2512.6
  1971 -172.589  -0.000   0.000   0.000 -172.590   485156.8 243401.5 54244.7     0.0 19133.3   1186.4  1141.0  1818.8
  1972 367.600  -0.001   0.000   0.000 367.599   495506.9 223714.4 42959.6     0.0 32774.0   2030.2   916.9  2956.8
  1973 -472.390   0.013   0.000   0.000 -472.376   429860.3 210896.0 53149.2     0.0  4136.3   1080.4   841.7  1738.9
  1974 558.723  -0.014   0.000   0.000 558.709   594654.2 295245.3 75134.4     0.0 41997.5   1727.2  1641.0  2780.8
  1975 793.050  -0.003   0.000   0.000 793.048   733441.8 264545.7 94371.0     0.0 33299.9   1971.7  1319.2  3157.0

                 Carbon flux (ktC/yr)                    Water (dam3/yr)                Nitrogen (MgN/yr)
       --------------------------------------- ---------------------------------- --------------------------------
Year   NEP     estab   harvest product NBP     transp     evap    interc  wd      nuptake ndemand  nlosses ninflux
------ ------- ------- ------- ------- ------- ---------- ------- ------- ------- ------- -------- ------- -------
  1976 1036.256  -0.001   0.000   0.000 1036.255   768975.0 264909.7 110272.7     0.0 33595.1   1756.9  1316.9  2428.0
  1977 117.431   0.004   0.000   0.000 117.435   591938.6 236673.1 120442.2     0.0 16993.0   1745.8  1575.7  1885.6
  1978 -55.707   0.000   0.000   0.000 -55.707   521077.3 227451.0 79929.4     0.0 24383.9   2199.8  1887.2  2459.4
  1979  93.969  -0.002   0.000   0.000  93.967   584804.4 290266.2 115336.0     0.0 38480.8   3556.5 14239.9  3886.2
  1980 240.049   0.001   0.000   0.000 240.049   641501.4 240786.1 60335.6     0.0 21296.9   2806.1 11268.7  2991.8
  1981 -150.117  -0.000   0.000   0.000 -150.117   526560.5 237349.5 89289.0     0.0 22935.5    754.3  1551.9  1384.8
  1982 611.473  -0.001   0.000   0.000 611.472   758352.8 286748.0 119316.4     0.0 58997.0   4263.7   922.5  5045.2
  1983 -353.986   0.012   0.000   0.000 -353.975   519803.2 242060.4 101781.7     0.0  8518.8   1071.8  1561.4  1618.9
  1984 452.824  -0.010   0.000   0.000 452.815   579979.4 245113.4 67969.1     0.0 26512.6   3691.4   970.0  2812.5
  1985 -219.962   0.004   0.000   0.000 -219.958   447338.8 262047.5 66141.2     0.0 12039.8   1447.9   738.4  2329.0
  1986 -944.735   0.084   0.000   0.000 -944.651   212982.3 219633.1 23351.2     0.0 -6514.6    466.3  1083.6  1466.4
  1987 272.475  -0.081   0.000   0.000 272.394   312901.7 275457.6 17932.9     0.0 23144.7    343.6  1076.3  2451.3
  1988 991.528  -0.005   0.000   0.000 991.523   653665.4 260680.9 58293.8     0.0 41446.8   1417.4  1077.6  3499.8
  1989 1160.262  -0.004   0.000   0.000 1160.259   730490.8 279821.0 91157.3     0.0 37235.8   1544.3   754.7  3438.4
  1990 -635.206   0.046   0.000   0.000 -635.160   446413.4 231526.2 50243.8     0.0  4619.8   1244.9   827.4  2371.5
  1991  66.782  -0.041   0.000   0.000  66.741   439950.8 261219.7 49337.4     0.0 22038.5    368.4  1112.6  2367.7
  1992 398.130  -0.002   0.000   0.000 398.128   524426.8 236263.7 51916.8     0.0 31683.9   1218.3   731.7  2888.2
  1993 -288.299   0.001   0.000   0.000 -288.298   440957.3 249223.4 58704.4     0.0 16537.0   1636.2   893.4  3385.9
  1994 944.626  -0.003   0.000   0.000 944.623   741700.6 277699.2 93924.6     0.0 64222.6   2972.9  2104.4  5427.2
  1995 309.764  -0.000   0.000   0.000 309.763   652237.3 239317.3 77454.6     0.0 13104.6   1435.8   703.8  3099.4
  1996 -251.975   0.002   0.000   0.000 -251.972   440165.5 260848.0 103918.4     0.0 19150.6    977.6  1580.0  2617.1
  1997 672.321  -0.003   0.000   0.000 672.318   742826.6 231716.3 113827.7     0.0 49440.2   2364.3  1676.4  4128.1
  1998 -811.467   0.086   0.000   0.000 -811.381   449923.6 259740.9 63591.6     0.0 -6837.0    725.9  1737.3  2561.6
  1999 701.641  -0.083   0.000   0.000 701.557   542515.5 303675.8 57870.5     0.0 36428.2    459.9  2628.4  2424.8
  2000 1294.690  -0.003   0.000   0.000 1294.687   767404.2 263943.6 97292.6     0.0 34940.5    999.9   923.2  3118.4

                 Carbon flux (ktC/yr)                    Water (dam3/yr)                Nitrogen (MgN/yr)
       --------------------------------------- ---------------------------------- --------------------------------
Year   NEP     estab   harvest product NBP     transp     evap    interc  wd      nuptake ndemand  nlosses ninflux
------ ------- ------- ------- ------- ------- ---------- ------- ------- ------- ------- -------- ------- -------
  2001 -192.437   0.011   0.000   0.000 -192.426   495362.8 265981.2 89473.5     0.0  9366.9    868.0   785.5  3049.3
  2002 -429.036   0.011   0.000   0.000 -429.024   459481.6 242071.2 74025.2     0.0 14434.3    787.0   924.9  2818.5
  2003 796.289  -0.021   0.000   0.000 796.268   642345.9 270497.8 92108.2     0.0 46685.0   1497.7  1689.1  4030.7
  2004 814.193  -0.001   0.000   0.000 814.192   679717.5 269525.1 111208.1     0.0 33442.7   2136.0  1036.9  4496.2
  2005 196.859  -0.000   0.000   0.000 196.859   644933.2 282501.8 159467.4     0.0 28911.4   1527.9  2935.8  3635.6
  2006 164.548   0.000   0.000   0.000 164.548   598211.0 267429.5 136661.3     0.0 29990.8   1651.3  5798.7  3522.4
  2007 1079.681  -0.000   0.000   0.000 1079.680   908471.9 257649.0 165293.9     0.0 63169.5   3614.4  3418.9  5149.9
  2008 -268.121   0.004   0.000   0.000 -268.117   576709.3 253125.6 105802.3     0.0  5265.4    729.3  2551.7  2875.9
  2009 759.078  -0.004   0.000   0.000 759.075   734818.4 256758.4 110878.8     0.0 41149.9    964.4  1131.4  3155.9
  2010 828.599  -0.000   0.000   0.000 828.598   837074.5 241840.1 150636.9     0.0 39388.9   2155.6   802.2  4379.6
  2011 -339.868   0.009   0.000   0.000 -339.859   578181.2 230282.1 153032.6     0.0 12337.0   1753.2   672.0  3433.0
  2012 -513.147   0.007   0.000   0.000 -513.140   489607.0 248874.1 99714.4     0.0 13192.6   1215.8   898.3  3524.5
  2013 1000.490  -0.015   0.000   0.000 1000.474   807431.9 290861.3 149288.7     0.0 57227.0   2399.7   847.5  5165.6
  2014 1146.829  -0.001   0.000   0.000 1146.828   910613.6 278172.8 172169.0     0.0 35207.9   2879.5   648.3  4532.9
  2015  87.174   0.008   0.000   0.000  87.183   633624.7 263346.2 150369.4     0.0 21030.4   1989.3   587.5  3774.6
  2016 820.547  -0.008   0.000   0.000 820.538   721954.6 277857.0 192052.1     0.0 45026.4   2372.0   671.5  3944.0
  2017 -333.621   0.007   0.000   0.000 -333.614   490217.3 268895.6 137771.8     0.0 13154.1   1115.1  1442.6  2935.9
  2018 665.893  -0.007   0.000   0.000 665.887   744061.4 259399.3 149502.9     0.0 44129.8   2326.4  1109.0  4035.2
  2019 244.190  -0.000   0.000   0.000 244.189   640758.3 267714.0 148622.1     0.0 26255.3   1785.3   602.2  3055.4
Simulation ended.
lpjml successfully terminated, 81 grid cells processed.
Wall clock time:	323 sec, 0.013 sec/cell/year.
Total wall clock time:	332 sec (00:05:32).
