--------------------------------------
Running config: /home/druijsch/LPJmL5/dev15oct2025/config_files/2026_04_08_run_for_10_locations/boreal_broadleaved_summergreen_tree/spinup/configs/boreal_broadleaved_summergreen_tree_patch2_config_restart_MM.cjson
SLURM task ID: 1
Node: tcn32.local.snellius.surf.nl
--------------------------------------
******************************************************************************
****        _     ____     _           _       ____        _  ___         ****
****       | |   |  _ \   | |_ __ ___ | |     | ___|      / |/ _ \        ****
****       | |   | |_) |  | | '_ ` _ \| |     |___ \      | | | | |       ****
****       | |___|  __/ |_| | | | | | | |___   ___) |  _  | | |_| |       ****
****       |_____|_|   \___/|_| |_| |_|_____| |____/  (_) |_|\___/        ****
****                                                                      ****
****                 lpjml C Version 5.10.1 (Apr 14 2026)                 ****
****    Dynamic global vegetation model with natural and managed land     ****
****                     Compiled for Linux with MPI                      ****
****       (C) Potsdam Institute for Climate Impact Research (PIK),       ****
****                          see COPYRIGHT file                          ****
****              Authors, and contributors see AUTHORS file              ****
**** This version of LPJmL is licensed under GNU AGPL Version 3 or later  ****
****        See LICENSE file or go to http://www.gnu.org/licenses/        ****
****                 or invoke lpjml -l to print license                  ****
****      https://gitlab.pik-potsdam.de/lpjml/wur_team/lpjml-wur.git      ****
****          GIT hash: 5e6f8e1bb5c5d5f3357da68b6c43e9517864f3c2          ****
****                                                                      ****
******************************************************************************

Running for user druijsch on tcn32.local.snellius.surf.nl at Wed Apr 15 09:18:31 2026
Reading configuration from '/home/druijsch/LPJmL5/dev15oct2025/config_files/2026_04_08_run_for_10_locations/boreal_broadleaved_summergreen_tree/spinup/configs/boreal_broadleaved_summergreen_tree_patch2_config_restart_MM.cjson'.
==============================================================================
/----------------------------------------------------------\
|institution: Potsdam Institute for Climate Impact Research|
|contact:                                                  |
|comment:                                                  |
\----------------------------------------------------------/
Simulation "LPJmL Run" running on 50 tasks
Simulation with shuffle spinup climate, nitrogen limitation, permafrost, 
Johansen conductivity, with monthly mortality, percolation heattransfer, 
GSI phenology, NPP controlled BNF, land use, potential irrigation, 
others to crop "maize" and "temperate cereals", land-use change timber, 
fixed residue remove, with auto fertilizer, pft.cjson LAImax, 
livestock grazing, bondau2007 crop PHU option, separate harvests.
Cultivation types: none, biomass, annual crop
Working directory: /gpfs/home5/druijsch
cpp processed configuration file written to `/projects/prjs2023/chapter3/lpjml_output/2026_04_08_run_for_10_locations/boreal_broadleaved_summergreen_tree/patch_2/`.
Starting from restart file '/home/druijsch/LPJmL5/dev15oct2025/restart/2026_04_08_run_for_10_locations/boreal_broadleaved_summergreen_tree/patch_2/restart_1901_nv_stdfire.lpj'.
Input files:
Variable     Fmt  Varname  Filename
------------ ---- -------- ---------------------------------------------------
soil         cdf  soilcode /projects/prjs2023/chapter3/lpjml_input/run_for_10_locations/boreal_broadleaved_summergreen_tree/patch_2/soil.nc
temp         cdf  tas      /projects/prjs2023/chapter3/lpjml_input/run_for_10_locations/boreal_broadleaved_summergreen_tree/patch_2/temp.nc
prec         cdf  pr       /projects/prjs2023/chapter3/lpjml_input/run_for_10_locations/boreal_broadleaved_summergreen_tree/patch_2/prec.nc
lwdown       cdf  rlds     /projects/prjs2023/chapter3/lpjml_input/run_for_10_locations/boreal_broadleaved_summergreen_tree/patch_2/lwdown.nc
swdown       cdf  rsds     /projects/prjs2023/chapter3/lpjml_input/run_for_10_locations/boreal_broadleaved_summergreen_tree/patch_2/swdown.nc
no3_depo     cdf  noy      /projects/prjs2023/chapter3/lpjml_input/ndep-noy_histsoc_monthly_1901_2021_units.nc
nh4_depo     cdf  nhx      /projects/prjs2023/chapter3/lpjml_input/ndep-nhx_histsoc_monthly_1901_2021_units.nc
soilpH       cdf  soil_ph  /projects/prjs2023/chapter3/lpjml_input/hwsd_soil_data_all_land_oceanfilled.nc
co2          txt           /projects/prjs2023/chapter3/lpjml_input/co2_1832-2023.dat
windspeed    cdf  sfcwind  /projects/prjs2023/chapter3/lpjml_input/run_for_10_locations/boreal_broadleaved_summergreen_tree/patch_2/wind.nc
countries    cdf  country  /projects/prjs2023/chapter3/lpjml_input/regridded_cow_full_2018_5min_reduced_filled.nc
landuse      cdf  CFTfrac  /projects/prjs2023/chapter3/lpjml_input/MAPSPAM_2020_crops_filled_ESA_01deg_v7.nc
------------ ---- -------- ---------------------------------------------------
Writing restart file '/home/druijsch/LPJmL5/dev15oct2025/restart/2026_04_08_run_for_10_locations/boreal_broadleaved_summergreen_tree/patch_2/restart_1960_crop_stdfire.lpj' after year 1960.
Reading random seeds from restart file.
Number of output files:       65
Output written in year:       1901
Byte order in output files:   little endian

Compression level for NetCDF: 3
Missing value in NetCDF:      -1e+32
Base year in NetCDF:          1901
NetCDF grid:                  local
Variable            Fmt  Unit        Type   tstep nbd Filename
------------------- ---- ----------- ------ ----- --- -------------------------
albedo              cdf  -           float  month   1 /projects/prjs2023/chapter3/lpjml_output/2026_04_08_run_for_10_locations/boreal_broadleaved_summergreen_tree/patch_2/output/malbedo.nc + .json
cftfrac             cdf  -           float  year   32 /projects/prjs2023/chapter3/lpjml_output/2026_04_08_run_for_10_locations/boreal_broadleaved_summergreen_tree/patch_2/output/cftfrac.nc + .json
discharge           cdf  hm3/day     float  month   1 /projects/prjs2023/chapter3/lpjml_output/2026_04_08_run_for_10_locations/boreal_broadleaved_summergreen_tree/patch_2/output/mdischarge.nc + .json
evap                cdf  mm/month    float  month   1 /projects/prjs2023/chapter3/lpjml_output/2026_04_08_run_for_10_locations/boreal_broadleaved_summergreen_tree/patch_2/output/mevap.nc + .json
fapar               cdf  -           float  month   1 /projects/prjs2023/chapter3/lpjml_output/2026_04_08_run_for_10_locations/boreal_broadleaved_summergreen_tree/patch_2/output/mfapar.nc + .json
firec               cdf  gC/m2/yr    float  year    1 /projects/prjs2023/chapter3/lpjml_output/2026_04_08_run_for_10_locations/boreal_broadleaved_summergreen_tree/patch_2/output/firec.nc + .json
firef               cdf  1           float  year    1 /projects/prjs2023/chapter3/lpjml_output/2026_04_08_run_for_10_locations/boreal_broadleaved_summergreen_tree/patch_2/output/firef.nc + .json
flux_estabc         cdf  gC/m2/yr    float  year    1 /projects/prjs2023/chapter3/lpjml_output/2026_04_08_run_for_10_locations/boreal_broadleaved_summergreen_tree/patch_2/output/flux_estab.nc + .json
fpc                 cdf  -           float  month  12 /projects/prjs2023/chapter3/lpjml_output/2026_04_08_run_for_10_locations/boreal_broadleaved_summergreen_tree/patch_2/output/fpc.nc + .json
globalflux          txt  -           float  year    1 /projects/prjs2023/chapter3/lpjml_output/2026_04_08_run_for_10_locations/boreal_broadleaved_summergreen_tree/patch_2/output/globalflux.csv + .json
gpp                 cdf  gC/m2/month float  month   1 /projects/prjs2023/chapter3/lpjml_output/2026_04_08_run_for_10_locations/boreal_broadleaved_summergreen_tree/patch_2/output/mgpp.nc + .json
litc                cdf  gC/m2       float  year    1 /projects/prjs2023/chapter3/lpjml_output/2026_04_08_run_for_10_locations/boreal_broadleaved_summergreen_tree/patch_2/output/litc.nc + .json
litn                cdf  gN/m2       float  year    1 /projects/prjs2023/chapter3/lpjml_output/2026_04_08_run_for_10_locations/boreal_broadleaved_summergreen_tree/patch_2/output/litn.nc + .json
npp                 cdf  gC/m2/month float  month   1 /projects/prjs2023/chapter3/lpjml_output/2026_04_08_run_for_10_locations/boreal_broadleaved_summergreen_tree/patch_2/output/mnpp.nc + .json
nuptake             cdf  gN/m2/month float  month   1 /projects/prjs2023/chapter3/lpjml_output/2026_04_08_run_for_10_locations/boreal_broadleaved_summergreen_tree/patch_2/output/mnuptake.nc + .json
pet                 cdf  mm/month    float  month   1 /projects/prjs2023/chapter3/lpjml_output/2026_04_08_run_for_10_locations/boreal_broadleaved_summergreen_tree/patch_2/output/mpet.nc + .json
pft_chawo           cdf  gC/m2       float  year   43 /projects/prjs2023/chapter3/lpjml_output/2026_04_08_run_for_10_locations/boreal_broadleaved_summergreen_tree/patch_2/output/pft_chawo.nc + .json
pft_cleaf           cdf  gC/m2       float  year   43 /projects/prjs2023/chapter3/lpjml_output/2026_04_08_run_for_10_locations/boreal_broadleaved_summergreen_tree/patch_2/output/pft_cleaf.nc + .json
pft_croot           cdf  gC/m2       float  year   43 /projects/prjs2023/chapter3/lpjml_output/2026_04_08_run_for_10_locations/boreal_broadleaved_summergreen_tree/patch_2/output/pft_croot.nc + .json
pft_csapw           cdf  gC/m2       float  year   43 /projects/prjs2023/chapter3/lpjml_output/2026_04_08_run_for_10_locations/boreal_broadleaved_summergreen_tree/patch_2/output/pft_csapw.nc + .json
pft_fpar            cdf  -           float  month  43 /projects/prjs2023/chapter3/lpjml_output/2026_04_08_run_for_10_locations/boreal_broadleaved_summergreen_tree/patch_2/output/pft_fpar.nc + .json
pft_gpp             cdf  gC/m2/month float  month  43 /projects/prjs2023/chapter3/lpjml_output/2026_04_08_run_for_10_locations/boreal_broadleaved_summergreen_tree/patch_2/output/pft_gpp.nc + .json
pft_laimax          cdf  m2/m2       float  year   43 /projects/prjs2023/chapter3/lpjml_output/2026_04_08_run_for_10_locations/boreal_broadleaved_summergreen_tree/patch_2/output/pft_laimax.nc + .json
pft_mort            cdf  1/month     float  month  11 /projects/prjs2023/chapter3/lpjml_output/2026_04_08_run_for_10_locations/boreal_broadleaved_summergreen_tree/patch_2/output/pft_mort.nc + .json
pft_mort_background cdf  1/month     float  month  11 /projects/prjs2023/chapter3/lpjml_output/2026_04_08_run_for_10_locations/boreal_broadleaved_summergreen_tree/patch_2/output/pft_mort_background.nc + .json
pft_mort_drought    cdf  1/month     float  month  11 /projects/prjs2023/chapter3/lpjml_output/2026_04_08_run_for_10_locations/boreal_broadleaved_summergreen_tree/patch_2/output/pft_mort_drought.nc + .json
pft_mort_heat       cdf  1/month     float  month  11 /projects/prjs2023/chapter3/lpjml_output/2026_04_08_run_for_10_locations/boreal_broadleaved_summergreen_tree/patch_2/output/pft_mort_heat.nc + .json
pft_nind            cdf  ind/m²     float  month  11 /projects/prjs2023/chapter3/lpjml_output/2026_04_08_run_for_10_locations/boreal_broadleaved_summergreen_tree/patch_2/output/pft_nind.nc + .json
pft_nleaf           cdf  gN/m2       float  year   43 /projects/prjs2023/chapter3/lpjml_output/2026_04_08_run_for_10_locations/boreal_broadleaved_summergreen_tree/patch_2/output/pft_nleaf.nc + .json
pft_npp             cdf  gC/m2/yr    float  year   43 /projects/prjs2023/chapter3/lpjml_output/2026_04_08_run_for_10_locations/boreal_broadleaved_summergreen_tree/patch_2/output/pft_npp.nc + .json
pft_nroot           cdf  gN/m2       float  year   43 /projects/prjs2023/chapter3/lpjml_output/2026_04_08_run_for_10_locations/boreal_broadleaved_summergreen_tree/patch_2/output/pft_nroot.nc + .json
pft_nuptake         cdf  gN/m2/yr    float  year   43 /projects/prjs2023/chapter3/lpjml_output/2026_04_08_run_for_10_locations/boreal_broadleaved_summergreen_tree/patch_2/output/pft_nuptake.nc + .json
pft_phen            cdf  -           float  month  43 /projects/prjs2023/chapter3/lpjml_output/2026_04_08_run_for_10_locations/boreal_broadleaved_summergreen_tree/patch_2/output/pft_phen.nc + .json
pft_survive_frac    cdf  -           float  month  43 /projects/prjs2023/chapter3/lpjml_output/2026_04_08_run_for_10_locations/boreal_broadleaved_summergreen_tree/patch_2/output/pft_survive_frac.nc + .json
pft_vegc            cdf  gC/m2       float  year   43 /projects/prjs2023/chapter3/lpjml_output/2026_04_08_run_for_10_locations/boreal_broadleaved_summergreen_tree/patch_2/output/pft_vegc.nc + .json
pft_vegn            cdf  gN/m2       float  year   43 /projects/prjs2023/chapter3/lpjml_output/2026_04_08_run_for_10_locations/boreal_broadleaved_summergreen_tree/patch_2/output/pft_vegn.nc + .json
pft_water_demand    cdf  mm/yr       float  year   43 /projects/prjs2023/chapter3/lpjml_output/2026_04_08_run_for_10_locations/boreal_broadleaved_summergreen_tree/patch_2/output/pft_water_demand.nc + .json
phen_light          cdf  -           float  month   1 /projects/prjs2023/chapter3/lpjml_output/2026_04_08_run_for_10_locations/boreal_broadleaved_summergreen_tree/patch_2/output/mphen_light.nc + .json
phen_tmax           cdf  -           float  month   1 /projects/prjs2023/chapter3/lpjml_output/2026_04_08_run_for_10_locations/boreal_broadleaved_summergreen_tree/patch_2/output/mphen_tmax.nc + .json
phen_tmin           cdf  -           float  month   1 /projects/prjs2023/chapter3/lpjml_output/2026_04_08_run_for_10_locations/boreal_broadleaved_summergreen_tree/patch_2/output/mphen_tmin.nc + .json
phen_water          cdf  -           float  month   1 /projects/prjs2023/chapter3/lpjml_output/2026_04_08_run_for_10_locations/boreal_broadleaved_summergreen_tree/patch_2/output/mphen_water.nc + .json
rd                  cdf  gC/m2/month float  month   1 /projects/prjs2023/chapter3/lpjml_output/2026_04_08_run_for_10_locations/boreal_broadleaved_summergreen_tree/patch_2/output/rd.nc + .json
rh                  cdf  gC/m2/month float  month   1 /projects/prjs2023/chapter3/lpjml_output/2026_04_08_run_for_10_locations/boreal_broadleaved_summergreen_tree/patch_2/output/mrh.nc + .json
runoff              cdf  mm/month    float  month   1 /projects/prjs2023/chapter3/lpjml_output/2026_04_08_run_for_10_locations/boreal_broadleaved_summergreen_tree/patch_2/output/mrunoff.nc + .json
soilc               cdf  gC/m2       float  year    1 /projects/prjs2023/chapter3/lpjml_output/2026_04_08_run_for_10_locations/boreal_broadleaved_summergreen_tree/patch_2/output/soilc.nc + .json
soilc_layer         cdf  gC/m2       float  year    5 /projects/prjs2023/chapter3/lpjml_output/2026_04_08_run_for_10_locations/boreal_broadleaved_summergreen_tree/patch_2/output/soilc_layer.nc + .json
soiln               cdf  gN/m2       float  year    1 /projects/prjs2023/chapter3/lpjml_output/2026_04_08_run_for_10_locations/boreal_broadleaved_summergreen_tree/patch_2/output/soiln.nc + .json
soiln_layer         cdf  gN/m2       float  year    5 /projects/prjs2023/chapter3/lpjml_output/2026_04_08_run_for_10_locations/boreal_broadleaved_summergreen_tree/patch_2/output/soiln_layer.nc + .json
soilnh4             cdf  gN/m2       float  year    1 /projects/prjs2023/chapter3/lpjml_output/2026_04_08_run_for_10_locations/boreal_broadleaved_summergreen_tree/patch_2/output/soilnh4.nc + .json
soilnh4_layer       cdf  gN/m2       float  year    5 /projects/prjs2023/chapter3/lpjml_output/2026_04_08_run_for_10_locations/boreal_broadleaved_summergreen_tree/patch_2/output/soilnh4_layer.nc + .json
soilno3             cdf  gN/m2       float  year    1 /projects/prjs2023/chapter3/lpjml_output/2026_04_08_run_for_10_locations/boreal_broadleaved_summergreen_tree/patch_2/output/soilno3.nc + .json
soilno3_layer       cdf  gN/m2       float  year    5 /projects/prjs2023/chapter3/lpjml_output/2026_04_08_run_for_10_locations/boreal_broadleaved_summergreen_tree/patch_2/output/soilno3_layer.nc + .json
soiltemp1           cdf  Celsius     float  month   1 /projects/prjs2023/chapter3/lpjml_output/2026_04_08_run_for_10_locations/boreal_broadleaved_summergreen_tree/patch_2/output/msoiltemp1.nc + .json
soiltemp2           cdf  Celsius     float  month   1 /projects/prjs2023/chapter3/lpjml_output/2026_04_08_run_for_10_locations/boreal_broadleaved_summergreen_tree/patch_2/output/msoiltemp2.nc + .json
soiltemp3           cdf  Celsius     float  month   1 /projects/prjs2023/chapter3/lpjml_output/2026_04_08_run_for_10_locations/boreal_broadleaved_summergreen_tree/patch_2/output/msoiltemp3.nc + .json
swc1                cdf  1           float  month   1 /projects/prjs2023/chapter3/lpjml_output/2026_04_08_run_for_10_locations/boreal_broadleaved_summergreen_tree/patch_2/output/mswc1.nc + .json
swc2                cdf  1           float  month   1 /projects/prjs2023/chapter3/lpjml_output/2026_04_08_run_for_10_locations/boreal_broadleaved_summergreen_tree/patch_2/output/mswc2.nc + .json
swc3                cdf  1           float  month   1 /projects/prjs2023/chapter3/lpjml_output/2026_04_08_run_for_10_locations/boreal_broadleaved_summergreen_tree/patch_2/output/mswc3.nc + .json
swc4                cdf  1           float  month   1 /projects/prjs2023/chapter3/lpjml_output/2026_04_08_run_for_10_locations/boreal_broadleaved_summergreen_tree/patch_2/output/mswc4.nc + .json
swc5                cdf  1           float  month   1 /projects/prjs2023/chapter3/lpjml_output/2026_04_08_run_for_10_locations/boreal_broadleaved_summergreen_tree/patch_2/output/mswc5.nc + .json
transp              cdf  mm/month    float  month   1 /projects/prjs2023/chapter3/lpjml_output/2026_04_08_run_for_10_locations/boreal_broadleaved_summergreen_tree/patch_2/output/mtransp.nc + .json
vegc                cdf  gC/m2       float  year    1 /projects/prjs2023/chapter3/lpjml_output/2026_04_08_run_for_10_locations/boreal_broadleaved_summergreen_tree/patch_2/output/vegc.nc + .json
vegn                cdf  gN/m2       float  year    1 /projects/prjs2023/chapter3/lpjml_output/2026_04_08_run_for_10_locations/boreal_broadleaved_summergreen_tree/patch_2/output/vegn.nc + .json
wateramount         cdf  hm3         float  month   1 /projects/prjs2023/chapter3/lpjml_output/2026_04_08_run_for_10_locations/boreal_broadleaved_summergreen_tree/patch_2/output/mwateramount.nc + .json
wscal               cdf  -           float  month   1 /projects/prjs2023/chapter3/lpjml_output/2026_04_08_run_for_10_locations/boreal_broadleaved_summergreen_tree/patch_2/output/wscal.nc + .json
------------------- ---- ----------- ------ ----- --- -------------------------
Spinup years:                   180
Cycle length during spinup:      30
First year:                    1901
Last year:                     2019
Number of grid cells:            81
==============================================================================
Memory allocated for output: 7,096 bytes/cell
Simulation begins...
Spinup using climate starting from year 1901

                 Carbon flux (ktC/yr)                    Water (dam3/yr)                Nitrogen (MgN/yr)
       --------------------------------------- ---------------------------------- --------------------------------
Spinup NEP     estab   harvest product NBP     transp     evap    interc  wd      nuptake ndemand  nlosses ninflux
------ ------- ------- ------- ------- ------- ---------- ------- ------- ------- ------- -------- ------- -------
  1721  56.793   0.003   0.000   0.000  56.796   476550.4 266063.8 47800.1     0.0 29609.0    644.5  1863.2  1675.6
  1722 -117.831   0.002   0.000   0.000 -117.829   406592.3 191692.8 29789.4     0.0 15639.5    619.0   951.6  1558.3
  1723 -530.226   0.002   0.000   0.000 -530.223   290439.7 221916.8 29141.0     0.0  6484.4    181.8  1032.9  1969.6
  1724 -354.619  -0.001   0.000   0.000 -354.620   380949.6 236370.1 39766.8     0.0  9350.3    909.6  1946.3  2519.9
  1725 187.607  -0.004   0.000   0.000 187.603   433396.5 205512.2 23931.9     0.0 32600.3    474.2  1184.5  2633.4
  1726 778.397  -0.002   0.000   0.000 778.395   488885.9 218442.3 35430.9     0.0 37218.6    630.0  1259.3  2646.1
  1727 -193.838   0.001   0.000   0.000 -193.837   396786.4 245950.9 45954.9     0.0 10767.1    788.4   904.9  2496.8
  1728  -0.101  -0.000   0.000   0.000  -0.101   445085.5 265018.3 44520.4     0.0 23811.8    640.4   885.6  2689.5
  1729 -244.156   0.001   0.000   0.000 -244.155   374245.7 215712.7 38527.9     0.0 18637.0    604.0  2144.8  2158.9
  1730 180.044  -0.001   0.000   0.000 180.043   483948.6 248011.5 43955.2     0.0 33318.0    632.6  1177.9  2489.1
  1731  20.915  -0.001   0.000   0.000  20.914   476886.8 275861.6 59312.7     0.0 26245.9   1347.6  3584.2  3000.8
  1732 621.137  -0.002   0.000   0.000 621.134   594662.6 235360.8 51086.1     0.0 38785.8   1251.2  1272.6  3190.9
  1733   7.875   0.001   0.000   0.000   7.876   445491.0 210725.2 46049.3     0.0  8292.4    961.3   707.1  2358.1
  1734 -291.145   0.014   0.000   0.000 -291.131   402995.8 217191.0 43327.6     0.0 15181.2   1011.3   784.1  2783.1
  1735 -327.920  -0.008   0.000   0.000 -327.929   356149.7 264259.8 47104.4     0.0 19884.8    810.6  1921.9  2295.6
  1736 257.306  -0.001   0.000   0.000 257.304   481037.9 287885.3 35310.8     0.0 26683.8   1415.7   820.3  3406.0
  1737  27.057  -0.001   0.000   0.000  27.056   446455.4 239974.2 43908.3     0.0 20478.4   1426.8   717.6  2908.9
  1738 -225.627   0.002   0.000   0.000 -225.625   387936.7 220595.8 40166.9     0.0 17276.7    973.1   754.4  2081.5
  1739 142.845   0.001   0.000   0.000 142.846   465275.8 241507.5 45369.7     0.0 30213.4   1661.3   999.8  3275.3
  1740  56.913  -0.001   0.000   0.000  56.912   491677.6 245759.3 49009.5     0.0 23822.1   1351.4  1095.6  2639.6
  1741  87.944  -0.001   0.000   0.000  87.943   485145.9 216078.0 38482.9     0.0 24965.6   1302.7   711.8  2905.4
  1742 -137.797   0.001   0.000   0.000 -137.796   395440.7 222633.4 40400.4     0.0 17375.7   1247.8   680.8  2701.8
  1743 -275.844   0.004   0.000   0.000 -275.840   361396.4 207953.7 34315.2     0.0 16019.5   1022.4   695.7  2733.0
  1744 -226.511  -0.001   0.000   0.000 -226.512   323256.2 206282.7 24709.8     0.0 14005.7    985.5   716.8  2249.5
  1745 -260.866   0.005   0.000   0.000 -260.861   423726.0 244911.4 46476.1     0.0 26522.2   2150.2  1541.8  3866.4

                 Carbon flux (ktC/yr)                    Water (dam3/yr)                Nitrogen (MgN/yr)
       --------------------------------------- ---------------------------------- --------------------------------
Spinup NEP     estab   harvest product NBP     transp     evap    interc  wd      nuptake ndemand  nlosses ninflux
------ ------- ------- ------- ------- ------- ---------- ------- ------- ------- ------- -------- ------- -------
  1746 315.218  -0.002   0.000   0.000 315.215   482377.2 217091.4 18725.1     0.0 33279.7   3094.5  1010.5  3156.5
  1747 -160.077   0.010   0.000   0.000 -160.067   303690.4 171137.7 16609.2     0.0 -4106.0    772.8   691.4  2500.2
  1748  18.931  -0.003   0.000   0.000  18.928   307803.0 171847.9 13171.3     0.0 17342.1    690.6   740.3  2490.6
  1749 -64.410  -0.005   0.000   0.000 -64.415   367774.8 247902.9 20500.1     0.0 26401.8    849.5   885.2  2596.2
  1750 160.480  -0.000   0.000   0.000 160.480   429139.2 288629.1 24076.1     0.0 25878.5   1749.2   739.8  3831.1
  1751 -27.998   0.001   0.000   0.000 -27.997   359555.6 213305.6 20209.9     0.0 15772.3   1116.0   731.9  2315.7
  1752 -48.277   0.002   0.000   0.000 -48.275   424250.5 257031.3 31022.0     0.0 30042.2   1877.9   769.0  3940.0
  1753 -101.145  -0.000   0.000   0.000 -101.145   392278.8 256445.8 36077.7     0.0 21311.7   1428.4  2049.4  2592.1
  1754 162.771  -0.003   0.000   0.000 162.768   460822.6 210856.3 24168.8     0.0 25259.8   1799.2   802.9  3241.6
  1755 -360.435  -0.001   0.000   0.000 -360.436   316012.2 228490.3 31765.9     0.0  8963.1    407.1   944.0  1816.5
  1756 -751.128   0.047   0.000   0.000 -751.081   325551.5 233680.5 41311.4     0.0 13216.0   1670.0  1399.0  3047.9
  1757  45.469  -0.036   0.000   0.000  45.433   370317.2 246023.1 10299.9     0.0 36621.1   1967.0  3039.6  2854.3
  1758 348.679  -0.004   0.000   0.000 348.675   458055.8 283519.7 23153.8     0.0 14697.5    815.3 11415.5  2712.6
  1759 840.973  -0.004   0.000   0.000 840.970   587139.1 261436.6 18597.0     0.0 36873.1    897.8  2939.4  2935.4
  1760 831.775  -0.002   0.000   0.000 831.773   566227.2 241930.9 35459.7     0.0 33917.4   1083.5   748.1  3244.2
  1761 -657.204   0.017   0.000   0.000 -657.187   373767.0 276805.7 65495.6     0.0  8091.2   1232.7  6083.9  2671.6
  1762 965.957  -0.018   0.000   0.000 965.939   636155.1 238297.2 37357.8     0.0 39628.0   1265.7  2257.7  3294.3
  1763 -401.346   0.020   0.000   0.000 -401.326   431159.0 204267.0 40590.8     0.0  4093.4    911.3   701.2  2202.3
  1764 -496.197   0.039   0.000   0.000 -496.158   246978.4 225606.0 22349.3     0.0  2497.0    318.9   910.7  1753.3
  1765 -301.800  -0.048   0.000   0.000 -301.848   299864.2 232800.4 19359.9     0.0  9106.9    505.2  1080.2  1948.1
  1766 -357.885  -0.002   0.000   0.000 -357.887   351060.1 217826.5 21890.6     0.0 20143.7    415.3  1261.2  1896.9
  1767 395.401  -0.001   0.000   0.000 395.400   476549.2 256944.9 25852.6     0.0 39501.0    493.5  1992.4  2888.0
  1768 345.481  -0.002   0.000   0.000 345.479   468852.0 235855.1 32501.1     0.0 26605.5    745.5  1321.3  2613.2
  1769 -117.326  -0.000   0.000   0.000 -117.326   418117.5 244800.5 39656.8     0.0 17494.8    583.1  1551.8  1917.9
  1770 146.246  -0.001   0.000   0.000 146.245   504155.9 245693.2 42036.7     0.0 35212.2   1144.1   933.9  3028.0

                 Carbon flux (ktC/yr)                    Water (dam3/yr)                Nitrogen (MgN/yr)
       --------------------------------------- ---------------------------------- --------------------------------
Spinup NEP     estab   harvest product NBP     transp     evap    interc  wd      nuptake ndemand  nlosses ninflux
------ ------- ------- ------- ------- ------- ---------- ------- ------- ------- ------- -------- ------- -------
  1771 402.493  -0.002   0.000   0.000 402.492   555829.2 214162.5 56430.7     0.0 29917.1   1501.4   837.6  2630.0
  1772 -378.895   0.015   0.000   0.000 -378.880   339140.2 223922.0 49471.4     0.0  7466.1    804.6  1041.9  2114.5
  1773 -177.634  -0.012   0.000   0.000 -177.646   424818.1 246512.2 33043.9     0.0 18991.6    668.3  1154.3  2511.8
  1774 101.837  -0.001   0.000   0.000 101.836   419559.7 236346.0 37016.6     0.0 29359.0    844.0   913.5  2704.0
  1775 -261.547   0.004   0.000   0.000 -261.543   369562.3 201800.8 25908.9     0.0 11668.7   1029.7   737.0  2342.2
  1776 -128.152  -0.004   0.000   0.000 -128.156   333204.5 216389.3 22129.3     0.0 17155.9    461.2  2188.1  1960.2
  1777 -373.759   0.006   0.000   0.000 -373.753   426876.6 273530.6 49122.7     0.0 29057.4   1485.0  1293.9  3265.0
  1778 598.793  -0.005   0.000   0.000 598.788   505050.4 215206.8 26709.4     0.0 41684.5   3369.6  2658.6  3595.7
  1779 227.500  -0.002   0.000   0.000 227.499   522262.8 269208.0 45775.1     0.0  9588.9   1525.4   814.8  3021.5
  1780 381.221  -0.001   0.000   0.000 381.220   499291.7 220886.5 40444.1     0.0 24608.9   1492.8  1998.5  3160.4
  1781 -186.201   0.003   0.000   0.000 -186.197   405028.7 281541.4 45853.3     0.0 13354.8   1091.3   737.9  2879.1
  1782 249.217  -0.003   0.000   0.000 249.215   447090.2 219137.8 37394.8     0.0 27445.9    928.0  2647.0  2418.9
  1783 -363.452   0.012   0.000   0.000 -363.440   366581.3 212764.3 37251.9     0.0 10730.5    576.4   793.9  1727.3
  1784 -386.172  -0.001   0.000   0.000 -386.173   292928.6 229821.8 29990.4     0.0 14115.0    718.1  1236.6  2213.8
  1785 143.059  -0.002   0.000   0.000 143.057   459945.4 250124.6 34244.5     0.0 31853.5    934.0  1580.7  2766.9
  1786 411.011  -0.003   0.000   0.000 411.009   497082.7 230817.7 31219.2     0.0 29436.6   1568.6   796.2  3301.5
  1787 -472.294   0.001   0.000   0.000 -472.293   372792.3 261838.0 56388.9     0.0 10812.0   1124.4  7417.6  2676.8
  1788 733.662  -0.003   0.000   0.000 733.659   620651.7 265380.6 38675.2     0.0 39928.8   1373.3  2291.6  3819.0
  1789 -221.271  -0.000   0.000   0.000 -221.271   430290.5 230260.8 51192.9     0.0  7368.8   1173.1  1328.0  2826.1
  1790 -442.921   0.022   0.000   0.000 -442.899   479502.8 240161.9 76023.8     0.0 28743.1   2359.5  3224.7  3904.6
  1791  -8.202  -0.018   0.000   0.000  -8.220   469364.3 244816.7 31552.1     0.0 41452.4   2959.2  1058.0  3106.5
  1792 -107.986   0.000   0.000   0.000 -107.985   442047.2 240606.4 39234.5     0.0 -4450.7   1182.2  1895.6  2533.3
  1793  12.949   0.000   0.000   0.000  12.949   456852.9 241888.9 28583.1     0.0 24617.6    894.3  1545.0  2473.3
  1794   1.563   0.000   0.000   0.000   1.564   440948.6 256562.2 45955.8     0.0 25263.7    717.3  2433.6  2473.3
  1795 116.259  -0.000   0.000   0.000 116.259   498180.1 244628.0 47414.9     0.0 28165.1    908.5  1189.0  2593.6

                 Carbon flux (ktC/yr)                    Water (dam3/yr)                Nitrogen (MgN/yr)
       --------------------------------------- ---------------------------------- --------------------------------
Spinup NEP     estab   harvest product NBP     transp     evap    interc  wd      nuptake ndemand  nlosses ninflux
------ ------- ------- ------- ------- ------- ---------- ------- ------- ------- ------- -------- ------- -------
  1796  63.066   0.001   0.000   0.000  63.067   472263.2 222829.6 39970.7     0.0 22128.9    985.1   799.2  2299.6
  1797 -825.330   0.107   0.000   0.000 -825.223   301714.1 210069.4 30007.3     0.0 -4051.0    447.2   982.9  1818.3
  1798 -18.888  -0.098   0.000   0.000 -18.986   273633.6 315389.8 13146.5     0.0 28392.0    679.5  1671.5  2908.4
  1799 418.548  -0.006   0.000   0.000 418.542   459828.3 237892.5 23773.4     0.0 26140.2    878.5  1537.5  2509.4
  1800 -18.511  -0.000   0.000   0.000 -18.512   389536.1 206020.2 18825.7     0.0 17070.9    491.6   924.6  2104.1
  1801  25.008  -0.004   0.000   0.000  25.004   362139.5 223005.1 23811.1     0.0 22591.0    327.7  5914.5  2069.7
  1802 -367.089   0.005   0.000   0.000 -367.084   431044.2 237919.8 58090.8     0.0 31185.4   2162.4  2394.8  3659.2
  1803 172.279  -0.002   0.000   0.000 172.276   453316.1 233022.9 30066.5     0.0 50460.1   3909.3  1237.4  3721.8
  1804 298.362  -0.002   0.000   0.000 298.360   507516.2 240629.2 38277.9     0.0  2271.6   2153.3   946.4  3411.7
  1805 -229.349   0.005   0.000   0.000 -229.344   371284.3 197352.3 27510.4     0.0  7517.0    813.5   860.7  2194.7
  1806 -301.603  -0.003   0.000   0.000 -301.605   345960.3 240777.5 29513.1     0.0 11710.8    452.5  1104.6  2371.4
  1807 -92.018   0.005   0.000   0.000 -92.014   475320.0 270281.9 46405.5     0.0 31957.3   1440.5  2156.5  3397.9
  1808 228.921  -0.001   0.000   0.000 228.920   454280.4 264561.0 35234.3     0.0 32203.1   1069.7  4101.7  2701.2
  1809  88.128  -0.001   0.000   0.000  88.127   418863.9 237696.3 31647.2     0.0 12417.3    847.7  3467.5  2275.3
  1810 225.676  -0.002   0.000   0.000 225.674   493233.5 280789.6 46571.0     0.0 36046.4   1129.3  7112.8  2761.1
  1811 741.515  -0.003   0.000   0.000 741.512   668895.9 243845.8 49614.7     0.0 34756.3   1556.0  2304.7  3446.2
  1812 -101.919   0.000   0.000   0.000 -101.919   484395.4 245574.7 54586.8     0.0 12024.6    666.5  1292.0  2099.8
  1813 -106.885   0.001   0.000   0.000 -106.884   472032.7 230125.5 49806.6     0.0 24508.6    852.8   892.5  2334.5
  1814 -237.761   0.002   0.000   0.000 -237.759   399690.9 210685.5 38047.9     0.0 19294.2   1280.1   733.3  2687.1
  1815 -93.587   0.004   0.000   0.000 -93.584   348140.6 167717.7 22609.2     0.0 14254.9   1275.5   673.8  2712.8
  1816  42.290   0.007   0.000   0.000  42.297   405919.6 224112.5 35299.8     0.0 31250.3   1869.7   975.3  3524.0
  1817 -228.466  -0.006   0.000   0.000 -228.472   336621.4 226671.3 31958.6     0.0 13275.3   1235.7  1267.3  2418.4
  1818 455.645   0.000   0.000   0.000 455.645   472049.6 220014.5 23118.5     0.0 28816.0   1203.1  1855.0  2923.8
  1819 -639.901   0.036   0.000   0.000 -639.865   272604.3 238423.2 31881.1     0.0   -91.3    659.1  3704.2  1944.1
  1820 732.082  -0.033   0.000   0.000 732.049   535473.9 255525.5 27214.6     0.0 38290.2    455.4  2329.6  2404.2

                 Carbon flux (ktC/yr)                    Water (dam3/yr)                Nitrogen (MgN/yr)
       --------------------------------------- ---------------------------------- --------------------------------
Spinup NEP     estab   harvest product NBP     transp     evap    interc  wd      nuptake ndemand  nlosses ninflux
------ ------- ------- ------- ------- ------- ---------- ------- ------- ------- ------- -------- ------- -------
  1821 772.884  -0.005   0.000   0.000 772.879   522778.1 222934.8 37705.9     0.0 29518.5    869.8   784.9  2776.9
  1822 -652.827   0.038   0.000   0.000 -652.789   301473.9 242342.7 39184.4     0.0  1172.7    560.3  2556.8  1852.5
  1823  57.018  -0.037   0.000   0.000  56.981   420706.7 261064.8 23447.8     0.0 19307.7    458.0  1870.3  2549.7
  1824 614.893  -0.004   0.000   0.000 614.889   571720.1 216749.7 43747.6     0.0 37799.4    604.3  1234.2  2236.9
  1825 -367.750   0.046   0.000   0.000 -367.704   332999.3 225569.8 32329.3     0.0  3617.1    689.2   770.0  2015.5
  1826 -294.013  -0.036   0.000   0.000 -294.048   314545.6 205240.1 18981.6     0.0 12688.4    338.6   919.3  2097.8
  1827 -13.528  -0.003   0.000   0.000 -13.531   341767.0 203757.6 18160.0     0.0 23164.2    390.8  2488.2  1831.8
  1828 -335.113   0.001   0.000   0.000 -335.111   329282.1 261743.9 28923.4     0.0 16887.1    489.5  4206.9  2099.6
  1829 -100.840  -0.001   0.000   0.000 -100.841   444056.9 242658.4 36140.6     0.0 40036.7   2000.5  1913.3  3780.2
  1830 397.902  -0.002   0.000   0.000 397.900   509252.2 239185.2 33927.4     0.0 39211.7   3927.8  1178.0  3641.2
  1831  80.062  -0.001   0.000   0.000  80.061   486344.0 239375.1 35147.0     0.0  4078.4   2026.7  1626.3  3389.6
  1832 -63.770   0.007   0.000   0.000 -63.763   478279.8 205323.5 33083.8     0.0 21847.7   1082.6  1408.2  2438.0
  1833 -512.175   0.052   0.000   0.000 -512.123   256557.0 217532.5 23452.0     0.0  1854.3    376.9   927.0  1883.1
  1834 -319.755  -0.047   0.000   0.000 -319.802   255401.6 245246.5 19564.3     0.0 10861.3    680.3  3146.2  2381.8
  1835 340.313  -0.009   0.000   0.000 340.304   431643.5 236502.1 22729.2     0.0 34041.2    608.4  2117.1  2741.2
  1836 538.711  -0.003   0.000   0.000 538.708   521527.8 237873.7 37401.8     0.0 28316.5    801.2  3102.9  2506.2
  1837 334.399  -0.000   0.000   0.000 334.399   444517.1 181467.5 22577.8     0.0 18813.5   1014.3  1274.1  2480.5
  1838 -651.668   0.012   0.000   0.000 -651.657   340032.0 271434.1 54395.9     0.0 12833.8    743.7  8248.8  2272.1
  1839 737.993  -0.012   0.000   0.000 737.980   554360.5 252285.0 29319.8     0.0 48319.3   1240.8  2761.2  3468.9
  1840 183.601  -0.001   0.000   0.000 183.600   542535.7 235760.4 49115.1     0.0 14709.3   1421.4   827.8  3035.2
  1841   0.783   0.001   0.000   0.000   0.783   445739.7 225720.0 41075.8     0.0 20822.4   1029.8   734.1  2497.4
  1842 -312.743   0.002   0.000   0.000 -312.741   423158.8 260965.6 52372.6     0.0 17277.5   1512.9   777.2  3211.2
  1843  -0.072   0.000   0.000   0.000  -0.072   442318.7 208427.3 32142.2     0.0 25537.3   1326.3   784.6  2902.0
  1844 -325.366   0.034   0.000   0.000 -325.332   327220.8 221733.3 29509.6     0.0  8605.8   1358.5   673.3  2301.9
  1845 -11.246  -0.031   0.000   0.000 -11.277   383798.3 272535.0 27557.8     0.0 25253.8   1280.2   880.6  3337.1

                 Carbon flux (ktC/yr)                    Water (dam3/yr)                Nitrogen (MgN/yr)
       --------------------------------------- ---------------------------------- --------------------------------
Spinup NEP     estab   harvest product NBP     transp     evap    interc  wd      nuptake ndemand  nlosses ninflux
------ ------- ------- ------- ------- ------- ---------- ------- ------- ------- ------- -------- ------- -------
  1846 506.822  -0.002   0.000   0.000 506.819   502960.2 219912.5 29981.4     0.0 27857.8   1700.0  1951.1  3452.0
  1847 -113.127   0.000   0.000   0.000 -113.127   404344.8 207378.3 31039.5     0.0 13417.0    919.8   746.3  2431.1
  1848 -243.853   0.015   0.000   0.000 -243.838   333126.9 223200.3 26362.0     0.0 14874.5   1229.1   673.3  2347.9
  1849 -293.509  -0.011   0.000   0.000 -293.520   348171.9 245188.4 28187.6     0.0 17871.8    856.3  1518.3  2465.6
  1850 249.017  -0.002   0.000   0.000 249.015   468594.9 288377.4 27148.6     0.0 33099.8   1963.6   952.4  4035.1
  1851 273.582  -0.001   0.000   0.000 273.580   470976.7 260098.8 40663.5     0.0 20952.6   1487.0  2934.6  2757.0
  1852 491.217  -0.002   0.000   0.000 491.214   557758.4 232459.2 35876.9     0.0 34367.1   2174.3  1836.8  3771.6
  1853 -273.951   0.001   0.000   0.000 -273.950   440254.6 225301.8 52606.6     0.0 10086.9   1082.8   822.2  2668.5
  1854 -190.460  -0.001   0.000   0.000 -190.461   406932.9 230813.3 41067.8     0.0 15586.9   1100.6  1537.1  2933.9
  1855 -626.779   0.042   0.000   0.000 -626.737   396206.8 233392.7 57433.6     0.0 22829.8   2383.6  4010.9  3664.2
  1856 463.416  -0.039   0.000   0.000 463.377   478258.6 284102.7 31816.9     0.0 46386.4   4732.5  2627.4  3658.9
  1857 894.160  -0.003   0.000   0.000 894.157   621619.7 220769.5 39401.4     0.0 12770.2   2256.0  2095.5  3571.3
  1858 500.932  -0.001   0.000   0.000 500.931   520734.9 223155.7 49066.1     0.0 21528.9   1299.1   687.8  2878.8
  1859 -498.710   0.034   0.000   0.000 -498.677   368179.5 248792.6 35521.0     0.0  5467.4    762.4   951.4  2291.7
  1860 150.196  -0.031   0.000   0.000 150.166   421518.4 232448.2 27046.0     0.0 24055.6    632.2  1694.5  2411.2
  1861 -134.061   0.002   0.000   0.000 -134.058   408159.8 265685.7 41759.2     0.0 15906.4    904.4   800.9  2805.7
  1862 267.513  -0.004   0.000   0.000 267.510   532573.6 264436.5 48063.7     0.0 35943.6    989.6   822.5  2597.4
  1863 253.642  -0.001   0.000   0.000 253.641   505015.3 233520.3 55600.8     0.0 21912.9   1323.1  1058.2  2799.9
  1864 -421.839   0.025   0.000   0.000 -421.814   441938.6 201166.0 38640.7     0.0 10084.4   1154.8   901.5  1958.3
  1865 255.793  -0.023   0.000   0.000 255.770   406765.6 230838.8 31603.6     0.0 30455.8    840.3   859.0  2457.8
  1866 -732.057   0.076   0.000   0.000 -731.981   330154.2 203984.0 27861.4     0.0 -2896.7    637.2   855.9  1811.3
  1867 -35.232  -0.071   0.000   0.000 -35.303   360801.8 303169.4 19564.4     0.0 26408.0    606.0  2156.4  2291.1
  1868 397.035  -0.002   0.000   0.000 397.032   505856.7 237288.3 26850.4     0.0 27486.9    764.3  1561.8  2749.7
  1869 -74.307   0.002   0.000   0.000 -74.305   424693.2 206265.9 24029.3     0.0 17386.8    664.2   806.4  2495.3
  1870 -429.345   0.001   0.000   0.000 -429.344   300972.6 210103.9 18688.6     0.0 10679.1    513.8  1321.7  1845.1

                 Carbon flux (ktC/yr)                    Water (dam3/yr)                Nitrogen (MgN/yr)
       --------------------------------------- ---------------------------------- --------------------------------
Spinup NEP     estab   harvest product NBP     transp     evap    interc  wd      nuptake ndemand  nlosses ninflux
------ ------- ------- ------- ------- ------- ---------- ------- ------- ------- ------- -------- ------- -------
  1871 -476.924   0.008   0.000   0.000 -476.916   411388.6 232913.1 43571.0     0.0 24703.2   1886.9  4929.4  4197.1
  1872 265.048  -0.001   0.000   0.000 265.047   456272.2 239413.1 14318.7     0.0 36921.5   2394.9  1221.3  2958.6
  1873  33.851  -0.000   0.000   0.000  33.851   440041.2 252761.0 18142.2     0.0  6736.6    853.4  1219.8  2561.8
  1874 -115.378  -0.001   0.000   0.000 -115.378   406044.9 247787.6 20833.4     0.0 20524.5    556.0  1257.6  2445.0
  1875 313.131  -0.000   0.000   0.000 313.130   429456.2 226083.1 20986.1     0.0 31893.6    755.1   947.1  2786.6
  1876 -215.621  -0.000   0.000   0.000 -215.621   360138.5 215777.4 25947.6     0.0 13489.8    914.9   942.9  2320.2
  1877 -433.391   0.014   0.000   0.000 -433.377   368010.7 201740.5 22918.7     0.0 17295.5   1629.3   917.8  2686.0
  1878  -5.706  -0.012   0.000   0.000  -5.717   367020.0 258399.0 23556.8     0.0 23326.4    698.3  6285.7  2334.9
  1879 824.080  -0.004   0.000   0.000 824.077   494342.6 188900.6 14799.1     0.0 34039.8   1407.1  2816.3  3155.0
  1880 -100.638  -0.001   0.000   0.000 -100.639   422416.8 243861.6 31086.7     0.0 14209.8    908.6   970.4  2402.3
  1881 268.578  -0.002   0.000   0.000 268.576   465358.6 246562.8 30474.3     0.0 32820.5   1006.9   794.9  3000.4
  1882 -213.077  -0.001   0.000   0.000 -213.079   389456.0 230357.0 35043.7     0.0 12045.7   1195.3  1885.6  2894.5
  1883 -427.076   0.023   0.000   0.000 -427.054   462542.2 239018.6 45226.5     0.0 28598.6   1860.1  2205.2  3280.8
  1884 -60.662  -0.019   0.000   0.000 -60.681   414646.0 243674.3 32934.3     0.0 32293.2   1894.0  1366.6  2828.1
  1885 101.284  -0.002   0.000   0.000 101.282   456094.9 205364.6 22909.1     0.0  9016.6   1388.9   945.8  2880.4
  1886 146.587  -0.004   0.000   0.000 146.583   425723.6 230108.0 42375.3     0.0 23352.2    590.6  1958.2  2205.4
  1887 240.624   0.001   0.000   0.000 240.624   529676.6 220534.1 49466.8     0.0 33579.4   2024.6  3338.4  3450.2
  1888 186.285  -0.001   0.000   0.000 186.284   513558.8 204031.5 59630.4     0.0 32561.3   1883.5  1122.9  2132.2
  1889 -356.502   0.004   0.000   0.000 -356.498   380550.0 251986.9 56790.8     0.0   803.7    666.0  2704.1  2095.7
  1890 -110.616   0.027   0.000   0.000 -110.589   533401.2 270323.2 62811.0     0.0 29820.5   1845.1  2910.6  3766.9
  1891 -159.158  -0.026   0.000   0.000 -159.184   412848.5 263211.6 30869.7     0.0 27430.4   2009.1  1204.2  2854.1
  1892 222.322  -0.003   0.000   0.000 222.320   432702.0 235015.1 33624.8     0.0  6916.5    758.6  1283.0  2633.3
  1893 156.807  -0.001   0.000   0.000 156.806   447240.0 280305.6 38690.4     0.0 23581.9    768.5   923.5  2668.5
  1894  75.097   0.000   0.000   0.000  75.097   417129.8 221424.7 33776.3     0.0 23909.1    781.4   869.8  2379.2
  1895 -685.765   0.081   0.000   0.000 -685.684   322696.3 204450.3 27130.1     0.0   998.8    505.1   960.2  1899.8

                 Carbon flux (ktC/yr)                    Water (dam3/yr)                Nitrogen (MgN/yr)
       --------------------------------------- ---------------------------------- --------------------------------
Spinup NEP     estab   harvest product NBP     transp     evap    interc  wd      nuptake ndemand  nlosses ninflux
------ ------- ------- ------- ------- ------- ---------- ------- ------- ------- ------- -------- ------- -------
  1896 -358.402  -0.044   0.000   0.000 -358.446   249683.3 218297.9 10162.9     0.0 15902.7    389.5  1131.1  1897.6
  1897 236.538  -0.032   0.000   0.000 236.507   356440.4 213593.0 13687.2     0.0 29413.3    547.8  4062.8  2166.8
  1898 -135.424   0.002   0.000   0.000 -135.422   340799.7 196803.3 14620.6     0.0 12197.5    559.5   977.9  2341.3
  1899  70.958  -0.001   0.000   0.000  70.957   344469.4 212987.2 15560.0     0.0 24792.3    361.6  3764.1  1851.6
  1900 704.192  -0.003   0.000   0.000 704.189   447174.8 221096.1 22943.6     0.0 39943.9    573.0  1098.0  2321.2

                 Carbon flux (ktC/yr)                    Water (dam3/yr)                Nitrogen (MgN/yr)
       --------------------------------------- ---------------------------------- --------------------------------
Year   NEP     estab   harvest product NBP     transp     evap    interc  wd      nuptake ndemand  nlosses ninflux
------ ------- ------- ------- ------- ------- ---------- ------- ------- ------- ------- -------- ------- -------
  1901 -243.467   0.002   0.000   0.000 -243.466   373276.4 249793.3 21617.7     0.0  9204.9    881.7  1452.0  2393.6
  1902  86.140  -0.002   0.000   0.000  86.138   430291.8 261547.9 34704.2     0.0 25925.3    524.6  3773.5  2608.9
  1903 326.072  -0.002   0.000   0.000 326.070   500376.6 215763.3 28101.2     0.0 30371.0    734.6  1051.7  2950.1
  1904   1.529   0.006   0.000   0.000   1.535   371884.2 170312.4 21811.6     0.0 11127.4    939.1   740.8  2711.1
  1905 -433.031   0.020   0.000   0.000 -433.011   271432.3 215077.7 23177.5     0.0  9258.8    502.2  1063.9  2429.5
  1906 -680.456   0.015   0.000   0.000 -680.441   330184.5 212097.8 23473.0     0.0 17396.5   2046.1  1593.8  4022.3
  1907 -75.015  -0.028   0.000   0.000 -75.043   330709.8 231702.7 10556.5     0.0 19506.4   1227.0  5084.5  2814.4
  1908 578.078  -0.003   0.000   0.000 578.075   484955.1 204773.9 10780.9     0.0 24810.7    535.9  3210.4  2540.6
  1909 -308.594   0.019   0.000   0.000 -308.575   293161.8 171968.1 10995.5     0.0  6989.7    569.5  1027.8  2648.4
  1910 -550.390  -0.007   0.000   0.000 -550.397   280111.5 251548.6 11152.6     0.0 11134.9    392.6  1533.8  2055.9
  1911 247.914  -0.002   0.000   0.000 247.912   352308.4 231007.5  9968.6     0.0 30777.5    972.7  1260.5  3295.4
  1912 262.385  -0.006   0.000   0.000 262.378   423683.8 280336.8 16086.0     0.0 25042.0    998.5   905.3  3256.1
  1913 -49.934   0.001   0.000   0.000 -49.933   394718.3 236705.5 17940.4     0.0 14241.2    785.7   892.8  2459.7
  1914 313.381  -0.004   0.000   0.000 313.377   521555.7 287624.8 24994.6     0.0 31888.8   1466.9   893.1  3652.0
  1915 263.003  -0.001   0.000   0.000 263.001   490703.5 269982.5 30251.6     0.0 21580.7   1883.6  3926.5  3466.0
  1916 382.145  -0.002   0.000   0.000 382.142   553946.8 255485.1 34621.0     0.0 31651.0   1265.8  2943.2  3135.4
  1917 152.875  -0.002   0.000   0.000 152.874   532723.7 256174.3 35969.4     0.0 24211.7   1398.1   862.9  3394.7
  1918 240.144  -0.001   0.000   0.000 240.143   482254.2 227143.5 34546.9     0.0 26065.8   1394.6  2052.4  3116.6
  1919 -535.410   0.020   0.000   0.000 -535.390   382736.9 272458.3 50091.8     0.0 13754.2   1400.0  6638.0  2549.4
  1920 657.846  -0.023   0.000   0.000 657.823   599221.6 281949.5 29158.1     0.0 42537.5   1917.7  3232.6  4087.7
  1921  33.784  -0.001   0.000   0.000  33.783   527642.4 268180.3 49865.0     0.0 11867.8   1462.1   827.8  2856.7
  1922 492.814  -0.001   0.000   0.000 492.813   541664.5 215112.9 44429.2     0.0 34369.9   1475.2   846.5  2959.4
  1923 -724.274   0.049   0.000   0.000 -724.224   297875.6 238321.8 42254.5     0.0 -2460.6    586.0  2106.5  1579.2
  1924 270.166  -0.047   0.000   0.000 270.119   483157.1 269011.9 39144.0     0.0 22294.3    570.7  2216.9  2067.5
  1925 117.876  -0.001   0.000   0.000 117.875   479724.9 222138.4 42332.5     0.0 19127.6    994.4  1159.5  2406.3

                 Carbon flux (ktC/yr)                    Water (dam3/yr)                Nitrogen (MgN/yr)
       --------------------------------------- ---------------------------------- --------------------------------
Year   NEP     estab   harvest product NBP     transp     evap    interc  wd      nuptake ndemand  nlosses ninflux
------ ------- ------- ------- ------- ------- ---------- ------- ------- ------- ------- -------- ------- -------
  1926 262.690  -0.000   0.000   0.000 262.690   483858.8 210852.1 35797.9     0.0 27439.8   1204.1  1431.7  2198.9
  1927 -198.660  -0.000   0.000   0.000 -198.660   365244.7 233216.8 48570.0     0.0 15660.7    468.1   957.3  1624.5
  1928 -692.001   0.087   0.000   0.000 -691.915   360562.4 228900.8 51244.4     0.0 16005.3   1918.4   901.9  2834.9
  1929 174.605  -0.071   0.000   0.000 174.534   403207.0 237024.3 28895.9     0.0 44111.3   3854.5  1886.6  2895.6
  1930  29.881  -0.010   0.000   0.000  29.871   421317.7 200168.4 31108.0     0.0 -13462.5    958.7   985.7  1522.8
  1931 432.188  -0.004   0.000   0.000 432.184   571311.1 184839.5 48649.8     0.0 31333.4    644.3  1079.1  1992.8
  1932 -352.831   0.024   0.000   0.000 -352.807   418326.6 196119.8 41133.2     0.0  7590.8    606.4   897.3  1772.5
  1933 311.069  -0.020   0.000   0.000 311.049   525208.2 232782.0 45689.2     0.0 30697.6    582.2  1511.9  1915.7
  1934 -421.537   0.007   0.000   0.000 -421.530   432624.7 251873.4 45324.5     0.0  5730.0    790.2  1050.0  2019.8
  1935 446.137  -0.007   0.000   0.000 446.130   550960.6 308334.6 65160.2     0.0 36572.5    778.3  6325.7  2147.6
  1936 747.354  -0.004   0.000   0.000 747.350   703339.5 197368.3 46760.1     0.0 31137.6   1363.8  1778.6  2390.3
  1937 -76.567   0.000   0.000   0.000 -76.567   520780.4 236843.0 81371.2     0.0 15852.2    751.1  1121.2  1895.3
  1938 813.413  -0.001   0.000   0.000 813.411   828065.8 251205.2 107179.6     0.0 56275.6   2817.6  2163.8  3670.5
  1939 -147.445   0.017   0.000   0.000 -147.428   505212.6 221774.8 61923.5     0.0  1075.8   1134.3   913.1  1711.7
  1940 166.027  -0.012   0.000   0.000 166.015   484851.9 244157.8 66842.9     0.0 18721.0    654.6   802.9  1649.7
  1941 -296.647   0.013   0.000   0.000 -296.633   413248.6 259257.1 49779.4     0.0 14782.9   1005.2   784.0  1995.1
  1942 261.715  -0.014   0.000   0.000 261.701   490445.5 236297.0 56830.3     0.0 32219.2   2291.2   692.7  3538.0
  1943  93.472  -0.001   0.000   0.000  93.471   540608.9 239640.8 67962.8     0.0 21676.2   2645.3  2717.8  3373.1
  1944 1037.997  -0.003   0.000   0.000 1037.994   778096.2 263693.0 99198.7     0.0 46874.3   2449.5  1724.6  3389.1
  1945 -380.905   0.036   0.000   0.000 -380.869   489516.3 221840.1 81178.2     0.0 -1407.9    617.3   998.5  1359.8
  1946 651.490  -0.034   0.000   0.000 651.456   554340.8 256509.8 57522.2     0.0 27503.5    543.5  1081.7  1657.7
  1947 -669.026   0.025   0.000   0.000 -669.001   314079.7 210529.6 35131.8     0.0  -449.2    684.0  1367.2  1838.2
  1948 -413.107   0.003   0.000   0.000 -413.104   368301.6 254614.8 30078.9     0.0  2768.8    480.0  2110.4  2053.7
  1949 -116.372  -0.022   0.000   0.000 -116.395   411078.1 198205.4 31609.8     0.0 22970.8    441.6  1198.0  2018.3
  1950  97.732   0.000   0.000   0.000  97.733   405660.7 222989.9 40140.1     0.0 23651.5    648.4  3265.5  2181.9

                 Carbon flux (ktC/yr)                    Water (dam3/yr)                Nitrogen (MgN/yr)
       --------------------------------------- ---------------------------------- --------------------------------
Year   NEP     estab   harvest product NBP     transp     evap    interc  wd      nuptake ndemand  nlosses ninflux
------ ------- ------- ------- ------- ------- ---------- ------- ------- ------- ------- -------- ------- -------
  1951 1402.065  -0.006   0.000   0.000 1402.059   800381.8 268279.8 73949.9     0.0 67826.2   1216.6  3115.4  2622.9
  1952 142.606  -0.001   0.000   0.000 142.605   573067.5 242558.5 84278.9     0.0  6587.6    725.8  1226.4  1487.5
  1953 -551.690   0.041   0.000   0.000 -551.648   364490.8 238015.7 63893.8     0.0  9102.6    452.0  1716.3  1654.8
  1954 318.444  -0.039   0.000   0.000 318.406   518740.3 261972.6 49619.6     0.0 33780.3    647.6  1547.5  1798.5
  1955 146.858  -0.000   0.000   0.000 146.857   489331.9 205884.6 52681.5     0.0 16918.0   1027.7   823.8  1944.8
  1956  45.504   0.000   0.000   0.000  45.504   454043.7 257678.5 50429.7     0.0 27119.6    954.6  1436.8  1780.8
  1957 113.812   0.000   0.000   0.000 113.812   503724.8 229579.6 42726.8     0.0 28229.3   1808.6  1445.6  2836.6
  1958 1064.370  -0.002   0.000   0.000 1064.367   667705.9 255174.2 83917.0     0.0 47331.9   3208.1   674.0  4158.2
  1959 -520.735   0.005   0.000   0.000 -520.731   426345.7 257012.2 74302.2     0.0 -2905.6    922.4  3450.9  2065.7
  1960 -667.230   0.059   0.000   0.000 -667.171   483476.8 235412.9 99504.6     0.0 16729.8   2243.2  6990.9  3680.9
  1961 404.231  -0.061   0.000   0.000 404.170   533144.0 325159.7 44546.0     0.0 57920.8   5486.9  5054.3  3364.2
  1962 840.661  -0.003   0.000   0.000 840.658   647166.9 222566.3 46018.2     0.0 -3515.2   1331.7  1119.9  2185.1
  1963 -454.670   0.029   0.000   0.000 -454.641   362301.6 212032.4 56980.3     0.0  2478.9    646.5   984.4  1833.7
  1964 422.252  -0.026   0.000   0.000 422.225   456426.6 277365.6 41159.0     0.0 20850.6    571.6  1374.1  2240.5
  1965 519.191  -0.002   0.000   0.000 519.189   579633.2 230217.8 69328.1     0.0 33117.0    975.4  1403.0  2226.7
  1966  43.111  -0.001   0.000   0.000  43.111   536786.2 237764.1 66501.0     0.0 17605.7   1172.3  2115.9  1827.6
  1967 588.195  -0.001   0.000   0.000 588.194   672240.8 271465.6 93381.8     0.0 43433.4   1647.6  2819.6  2512.9
  1968 -29.747   0.000   0.000   0.000 -29.747   582907.3 249416.3 87687.9     0.0 16961.8   1672.5   813.9  1956.3
  1969 -398.728   0.039   0.000   0.000 -398.689   396595.3 233197.9 55265.0     0.0 10514.5    874.7   727.0  1420.1
  1970  63.743  -0.033   0.000   0.000  63.710   461078.9 267569.6 46496.7     0.0 26716.3   1067.4   831.3  2478.1
  1971 -163.713  -0.002   0.000   0.000 -163.715   483981.5 244264.9 54176.1     0.0 18477.9   1146.8  1172.0  1783.8
  1972 383.510  -0.001   0.000   0.000 383.509   495750.2 224141.8 43090.3     0.0 32767.9   1898.3   927.6  2812.8
  1973 -474.387   0.010   0.000   0.000 -474.377   429213.3 211138.2 53252.0     0.0  3578.7   1103.1   835.2  1745.8
  1974 575.490  -0.011   0.000   0.000 575.479   597721.1 295022.0 75876.3     0.0 41926.3   1669.5  1642.3  2713.6
  1975 804.733  -0.003   0.000   0.000 804.730   731641.4 264557.9 94698.3     0.0 32901.5   1887.4  1328.9  3075.1

                 Carbon flux (ktC/yr)                    Water (dam3/yr)                Nitrogen (MgN/yr)
       --------------------------------------- ---------------------------------- --------------------------------
Year   NEP     estab   harvest product NBP     transp     evap    interc  wd      nuptake ndemand  nlosses ninflux
------ ------- ------- ------- ------- ------- ---------- ------- ------- ------- ------- -------- ------- -------
  1976 1043.839  -0.001   0.000   0.000 1043.838   767344.9 265430.6 110376.1     0.0 33333.8   1697.7  1320.6  2368.5
  1977 133.381   0.001   0.000   0.000 133.382   591796.9 237023.0 120567.8     0.0 17333.0   1655.1  1579.5  1799.7
  1978 -62.947   0.003   0.000   0.000 -62.944   520988.0 228903.7 80967.2     0.0 24055.8   2077.4  1890.4  2360.8
  1979 104.749  -0.002   0.000   0.000 104.746   586411.8 292967.3 117288.6     0.0 38665.6   3296.3 14212.6  3662.5
  1980 221.040   0.000   0.000   0.000 221.040   638717.6 241590.9 61333.1     0.0 19825.2   2722.9 11183.0  2935.2
  1981 -166.920   0.000   0.000   0.000 -166.920   522010.2 239611.0 89677.5     0.0 23123.0    727.5  1616.7  1371.0
  1982 742.183  -0.001   0.000   0.000 742.182   759642.7 289841.4 115251.4     0.0 59637.7   4391.8   908.4  4983.2
  1983 -360.941   0.009   0.000   0.000 -360.932   515909.0 245438.0 101276.6     0.0  3213.1    881.4  1741.4  1549.7
  1984 450.727  -0.008   0.000   0.000 450.719   579170.5 246187.8 68427.1     0.0 25425.7   2100.2  1007.9  2522.4
  1985 -223.367   0.003   0.000   0.000 -223.364   444857.6 263001.2 66307.2     0.0 13187.3   1304.0   726.4  2282.2
  1986 -946.439   0.084   0.000   0.000 -946.355   212601.4 219678.1 23706.5     0.0 -5778.4    458.1  1068.7  1467.7
  1987 238.814  -0.079   0.000   0.000 238.736   313282.2 275422.0 18558.4     0.0 22104.7    349.4  1069.4  2462.3
  1988 975.217  -0.005   0.000   0.000 975.212   650336.0 260177.0 58992.4     0.0 41010.5   1457.6  1072.3  3568.5
  1989 1163.329  -0.004   0.000   0.000 1163.326   730023.8 279850.1 91196.8     0.0 36980.2   1573.0   768.0  3504.6
  1990 -621.560   0.037   0.000   0.000 -621.523   447319.4 231565.4 50100.5     0.0  4771.0   1268.1   826.6  2389.8
  1991  59.547  -0.033   0.000   0.000  59.514   444114.1 258707.2 50180.3     0.0 21551.1    397.2  1084.9  2388.1
  1992 390.253  -0.002   0.000   0.000 390.251   521755.4 236746.3 51797.9     0.0 31840.2   1237.3   724.3  2901.1
  1993 -280.937   0.000   0.000   0.000 -280.937   440220.8 249688.1 58712.9     0.0 16539.0   1640.2   894.6  3390.1
  1994 945.153  -0.003   0.000   0.000 945.150   741612.3 280419.7 94840.2     0.0 65500.7   3018.5  2104.7  5413.5
  1995 309.841  -0.001   0.000   0.000 309.840   649258.4 239428.5 77677.7     0.0 11970.9   1448.5   709.3  3069.1
  1996 -243.239   0.001   0.000   0.000 -243.239   438968.5 261657.7 104195.1     0.0 19278.2    926.1  1581.0  2567.9
  1997 660.410  -0.001   0.000   0.000 660.409   742299.4 233677.8 115292.1     0.0 49726.0   2416.9  1677.9  4123.2
  1998 -819.235   0.081   0.000   0.000 -819.154   448189.9 258960.5 64325.2     0.0 -7842.2    731.4  1752.6  2545.4
  1999 717.296  -0.078   0.000   0.000 717.218   546370.3 301908.5 58109.6     0.0 36291.5    492.3  2658.4  2443.6
  2000 1300.868  -0.003   0.000   0.000 1300.865   763628.9 264707.7 96355.4     0.0 34740.4    991.0   966.7  3095.8

                 Carbon flux (ktC/yr)                    Water (dam3/yr)                Nitrogen (MgN/yr)
       --------------------------------------- ---------------------------------- --------------------------------
Year   NEP     estab   harvest product NBP     transp     evap    interc  wd      nuptake ndemand  nlosses ninflux
------ ------- ------- ------- ------- ------- ---------- ------- ------- ------- ------- -------- ------- -------
  2001 -170.389   0.005   0.000   0.000 -170.383   496056.7 266614.3 88859.7     0.0  9621.1    817.0   789.3  3002.4
  2002 -461.460   0.017   0.000   0.000 -461.444   460321.5 241548.2 74667.0     0.0 14340.5    774.2   925.3  2807.1
  2003 794.078  -0.021   0.000   0.000 794.057   639990.0 273372.4 91334.0     0.0 46862.9   1539.5  1665.0  4079.8
  2004 818.776  -0.001   0.000   0.000 818.775   677703.3 270314.8 109810.2     0.0 32246.1   2174.0  1045.1  4510.8
  2005 213.781  -0.000   0.000   0.000 213.781   645282.5 282858.1 158193.0     0.0 28949.9   1475.0  2957.2  3590.0
  2006 174.685   0.000   0.000   0.000 174.685   599328.5 268175.9 136060.1     0.0 29894.6   1621.7  5835.8  3500.6
  2007 1086.531  -0.000   0.000   0.000 1086.530   907232.4 259371.6 164921.2     0.0 62866.7   3564.8  3446.5  5070.9
  2008 -270.178   0.001   0.000   0.000 -270.177   576317.0 253025.7 106057.5     0.0  4783.9    763.3  2558.6  2897.0
  2009 738.158  -0.001   0.000   0.000 738.158   737076.5 257426.6 112021.4     0.0 39887.5    928.5  1146.5  3123.5
  2010 822.849  -0.000   0.000   0.000 822.849   834401.5 241946.6 150363.7     0.0 39014.7   2149.0   809.1  4388.4
  2011 -335.514   0.003   0.000   0.000 -335.511   577933.8 230666.9 152596.2     0.0 12398.8   1757.9   676.1  3432.7
  2012 -523.005   0.010   0.000   0.000 -522.994   492095.1 247377.1 100351.6     0.0 12761.4   1232.6   887.1  3515.5
  2013 1007.548  -0.013   0.000   0.000 1007.535   810307.8 291259.6 150378.5     0.0 56837.7   2465.9   848.7  5178.5
  2014 1155.768  -0.001   0.000   0.000 1155.767   906294.3 278367.9 171569.7     0.0 34464.6   2829.1   653.3  4473.3
  2015  92.827   0.005   0.000   0.000  92.832   633064.8 263436.7 150043.2     0.0 20925.6   1967.6   591.0  3739.9
  2016 812.325  -0.005   0.000   0.000 812.320   724293.4 276914.8 193023.6     0.0 44572.1   2373.3   673.7  3936.8
  2017 -338.491   0.003   0.000   0.000 -338.489   488313.1 268975.8 137404.8     0.0 12790.4   1124.5  1482.2  2940.2
  2018 678.434  -0.002   0.000   0.000 678.432   749435.0 258341.1 150517.0     0.0 43379.2   2260.4  1132.2  3933.6
  2019 230.459  -0.000   0.000   0.000 230.459   636497.3 268077.0 148246.7     0.0 25468.7   1731.2   606.8  3028.4
Simulation ended.
lpjml successfully terminated, 81 grid cells processed.
Wall clock time:	328 sec, 0.014 sec/cell/year.
Total wall clock time:	340 sec (00:05:40).
