--------------------------------------
Running config: /home/druijsch/LPJmL5/dev15oct2025/config_files/2026_04_08_run_for_10_locations/boreal_broadleaved_summergreen_tree/spinup/configs/boreal_broadleaved_summergreen_tree_patch1_config_restart_MM.cjson
SLURM task ID: 5
Node: tcn476.local.snellius.surf.nl
--------------------------------------
******************************************************************************
****        _     ____     _           _       ____        _  ___         ****
****       | |   |  _ \   | |_ __ ___ | |     | ___|      / |/ _ \        ****
****       | |   | |_) |  | | '_ ` _ \| |     |___ \      | | | | |       ****
****       | |___|  __/ |_| | | | | | | |___   ___) |  _  | | |_| |       ****
****       |_____|_|   \___/|_| |_| |_|_____| |____/  (_) |_|\___/        ****
****                                                                      ****
****                 lpjml C Version 5.10.1 (Apr 14 2026)                 ****
****    Dynamic global vegetation model with natural and managed land     ****
****                     Compiled for Linux with MPI                      ****
****       (C) Potsdam Institute for Climate Impact Research (PIK),       ****
****                          see COPYRIGHT file                          ****
****              Authors, and contributors see AUTHORS file              ****
**** This version of LPJmL is licensed under GNU AGPL Version 3 or later  ****
****        See LICENSE file or go to http://www.gnu.org/licenses/        ****
****                 or invoke lpjml -l to print license                  ****
****      https://gitlab.pik-potsdam.de/lpjml/wur_team/lpjml-wur.git      ****
****          GIT hash: 5e6f8e1bb5c5d5f3357da68b6c43e9517864f3c2          ****
****                                                                      ****
******************************************************************************

Running for user druijsch on tcn476.local.snellius.surf.nl at Wed Apr 15 09:30:30 2026
Reading configuration from '/home/druijsch/LPJmL5/dev15oct2025/config_files/2026_04_08_run_for_10_locations/boreal_broadleaved_summergreen_tree/spinup/configs/boreal_broadleaved_summergreen_tree_patch1_config_restart_MM.cjson'.
==============================================================================
/----------------------------------------------------------\
|institution: Potsdam Institute for Climate Impact Research|
|contact:                                                  |
|comment:                                                  |
\----------------------------------------------------------/
Simulation "LPJmL Run" running on 50 tasks
Simulation with shuffle spinup climate, nitrogen limitation, permafrost, 
Johansen conductivity, with monthly mortality, percolation heattransfer, 
GSI phenology, NPP controlled BNF, land use, potential irrigation, 
others to crop "maize" and "temperate cereals", land-use change timber, 
fixed residue remove, with auto fertilizer, pft.cjson LAImax, 
livestock grazing, bondau2007 crop PHU option, separate harvests.
Cultivation types: none, biomass, annual crop
Working directory: /gpfs/home5/druijsch
cpp processed configuration file written to `/projects/prjs2023/chapter3/lpjml_output/2026_04_08_run_for_10_locations/boreal_broadleaved_summergreen_tree/patch_1/`.
Starting from restart file '/home/druijsch/LPJmL5/dev15oct2025/restart/2026_04_08_run_for_10_locations/boreal_broadleaved_summergreen_tree/patch_1/restart_1901_nv_stdfire.lpj'.
Input files:
Variable     Fmt  Varname  Filename
------------ ---- -------- ---------------------------------------------------
soil         cdf  soilcode /projects/prjs2023/chapter3/lpjml_input/run_for_10_locations/boreal_broadleaved_summergreen_tree/patch_1/soil.nc
temp         cdf  tas      /projects/prjs2023/chapter3/lpjml_input/run_for_10_locations/boreal_broadleaved_summergreen_tree/patch_1/temp.nc
prec         cdf  pr       /projects/prjs2023/chapter3/lpjml_input/run_for_10_locations/boreal_broadleaved_summergreen_tree/patch_1/prec.nc
lwdown       cdf  rlds     /projects/prjs2023/chapter3/lpjml_input/run_for_10_locations/boreal_broadleaved_summergreen_tree/patch_1/lwdown.nc
swdown       cdf  rsds     /projects/prjs2023/chapter3/lpjml_input/run_for_10_locations/boreal_broadleaved_summergreen_tree/patch_1/swdown.nc
no3_depo     cdf  noy      /projects/prjs2023/chapter3/lpjml_input/ndep-noy_histsoc_monthly_1901_2021_units.nc
nh4_depo     cdf  nhx      /projects/prjs2023/chapter3/lpjml_input/ndep-nhx_histsoc_monthly_1901_2021_units.nc
soilpH       cdf  soil_ph  /projects/prjs2023/chapter3/lpjml_input/hwsd_soil_data_all_land_oceanfilled.nc
co2          txt           /projects/prjs2023/chapter3/lpjml_input/co2_1832-2023.dat
windspeed    cdf  sfcwind  /projects/prjs2023/chapter3/lpjml_input/run_for_10_locations/boreal_broadleaved_summergreen_tree/patch_1/wind.nc
countries    cdf  country  /projects/prjs2023/chapter3/lpjml_input/regridded_cow_full_2018_5min_reduced_filled.nc
landuse      cdf  CFTfrac  /projects/prjs2023/chapter3/lpjml_input/MAPSPAM_2020_crops_filled_ESA_01deg_v7.nc
------------ ---- -------- ---------------------------------------------------
Writing restart file '/home/druijsch/LPJmL5/dev15oct2025/restart/2026_04_08_run_for_10_locations/boreal_broadleaved_summergreen_tree/patch_1/restart_1960_crop_stdfire.lpj' after year 1960.
Reading random seeds from restart file.
Number of output files:       65
Output written in year:       1901
Byte order in output files:   little endian

Compression level for NetCDF: 3
Missing value in NetCDF:      -1e+32
Base year in NetCDF:          1901
NetCDF grid:                  local
Variable            Fmt  Unit        Type   tstep nbd Filename
------------------- ---- ----------- ------ ----- --- -------------------------
albedo              cdf  -           float  month   1 /projects/prjs2023/chapter3/lpjml_output/2026_04_08_run_for_10_locations/boreal_broadleaved_summergreen_tree/patch_1/output/malbedo.nc + .json
cftfrac             cdf  -           float  year   32 /projects/prjs2023/chapter3/lpjml_output/2026_04_08_run_for_10_locations/boreal_broadleaved_summergreen_tree/patch_1/output/cftfrac.nc + .json
discharge           cdf  hm3/day     float  month   1 /projects/prjs2023/chapter3/lpjml_output/2026_04_08_run_for_10_locations/boreal_broadleaved_summergreen_tree/patch_1/output/mdischarge.nc + .json
evap                cdf  mm/month    float  month   1 /projects/prjs2023/chapter3/lpjml_output/2026_04_08_run_for_10_locations/boreal_broadleaved_summergreen_tree/patch_1/output/mevap.nc + .json
fapar               cdf  -           float  month   1 /projects/prjs2023/chapter3/lpjml_output/2026_04_08_run_for_10_locations/boreal_broadleaved_summergreen_tree/patch_1/output/mfapar.nc + .json
firec               cdf  gC/m2/yr    float  year    1 /projects/prjs2023/chapter3/lpjml_output/2026_04_08_run_for_10_locations/boreal_broadleaved_summergreen_tree/patch_1/output/firec.nc + .json
firef               cdf  1           float  year    1 /projects/prjs2023/chapter3/lpjml_output/2026_04_08_run_for_10_locations/boreal_broadleaved_summergreen_tree/patch_1/output/firef.nc + .json
flux_estabc         cdf  gC/m2/yr    float  year    1 /projects/prjs2023/chapter3/lpjml_output/2026_04_08_run_for_10_locations/boreal_broadleaved_summergreen_tree/patch_1/output/flux_estab.nc + .json
fpc                 cdf  -           float  month  12 /projects/prjs2023/chapter3/lpjml_output/2026_04_08_run_for_10_locations/boreal_broadleaved_summergreen_tree/patch_1/output/fpc.nc + .json
globalflux          txt  -           float  year    1 /projects/prjs2023/chapter3/lpjml_output/2026_04_08_run_for_10_locations/boreal_broadleaved_summergreen_tree/patch_1/output/globalflux.csv + .json
gpp                 cdf  gC/m2/month float  month   1 /projects/prjs2023/chapter3/lpjml_output/2026_04_08_run_for_10_locations/boreal_broadleaved_summergreen_tree/patch_1/output/mgpp.nc + .json
litc                cdf  gC/m2       float  year    1 /projects/prjs2023/chapter3/lpjml_output/2026_04_08_run_for_10_locations/boreal_broadleaved_summergreen_tree/patch_1/output/litc.nc + .json
litn                cdf  gN/m2       float  year    1 /projects/prjs2023/chapter3/lpjml_output/2026_04_08_run_for_10_locations/boreal_broadleaved_summergreen_tree/patch_1/output/litn.nc + .json
npp                 cdf  gC/m2/month float  month   1 /projects/prjs2023/chapter3/lpjml_output/2026_04_08_run_for_10_locations/boreal_broadleaved_summergreen_tree/patch_1/output/mnpp.nc + .json
nuptake             cdf  gN/m2/month float  month   1 /projects/prjs2023/chapter3/lpjml_output/2026_04_08_run_for_10_locations/boreal_broadleaved_summergreen_tree/patch_1/output/mnuptake.nc + .json
pet                 cdf  mm/month    float  month   1 /projects/prjs2023/chapter3/lpjml_output/2026_04_08_run_for_10_locations/boreal_broadleaved_summergreen_tree/patch_1/output/mpet.nc + .json
pft_chawo           cdf  gC/m2       float  year   43 /projects/prjs2023/chapter3/lpjml_output/2026_04_08_run_for_10_locations/boreal_broadleaved_summergreen_tree/patch_1/output/pft_chawo.nc + .json
pft_cleaf           cdf  gC/m2       float  year   43 /projects/prjs2023/chapter3/lpjml_output/2026_04_08_run_for_10_locations/boreal_broadleaved_summergreen_tree/patch_1/output/pft_cleaf.nc + .json
pft_croot           cdf  gC/m2       float  year   43 /projects/prjs2023/chapter3/lpjml_output/2026_04_08_run_for_10_locations/boreal_broadleaved_summergreen_tree/patch_1/output/pft_croot.nc + .json
pft_csapw           cdf  gC/m2       float  year   43 /projects/prjs2023/chapter3/lpjml_output/2026_04_08_run_for_10_locations/boreal_broadleaved_summergreen_tree/patch_1/output/pft_csapw.nc + .json
pft_fpar            cdf  -           float  month  43 /projects/prjs2023/chapter3/lpjml_output/2026_04_08_run_for_10_locations/boreal_broadleaved_summergreen_tree/patch_1/output/pft_fpar.nc + .json
pft_gpp             cdf  gC/m2/month float  month  43 /projects/prjs2023/chapter3/lpjml_output/2026_04_08_run_for_10_locations/boreal_broadleaved_summergreen_tree/patch_1/output/pft_gpp.nc + .json
pft_laimax          cdf  m2/m2       float  year   43 /projects/prjs2023/chapter3/lpjml_output/2026_04_08_run_for_10_locations/boreal_broadleaved_summergreen_tree/patch_1/output/pft_laimax.nc + .json
pft_mort            cdf  1/month     float  month  11 /projects/prjs2023/chapter3/lpjml_output/2026_04_08_run_for_10_locations/boreal_broadleaved_summergreen_tree/patch_1/output/pft_mort.nc + .json
pft_mort_background cdf  1/month     float  month  11 /projects/prjs2023/chapter3/lpjml_output/2026_04_08_run_for_10_locations/boreal_broadleaved_summergreen_tree/patch_1/output/pft_mort_background.nc + .json
pft_mort_drought    cdf  1/month     float  month  11 /projects/prjs2023/chapter3/lpjml_output/2026_04_08_run_for_10_locations/boreal_broadleaved_summergreen_tree/patch_1/output/pft_mort_drought.nc + .json
pft_mort_heat       cdf  1/month     float  month  11 /projects/prjs2023/chapter3/lpjml_output/2026_04_08_run_for_10_locations/boreal_broadleaved_summergreen_tree/patch_1/output/pft_mort_heat.nc + .json
pft_nind            cdf  ind/m²     float  month  11 /projects/prjs2023/chapter3/lpjml_output/2026_04_08_run_for_10_locations/boreal_broadleaved_summergreen_tree/patch_1/output/pft_nind.nc + .json
pft_nleaf           cdf  gN/m2       float  year   43 /projects/prjs2023/chapter3/lpjml_output/2026_04_08_run_for_10_locations/boreal_broadleaved_summergreen_tree/patch_1/output/pft_nleaf.nc + .json
pft_npp             cdf  gC/m2/yr    float  year   43 /projects/prjs2023/chapter3/lpjml_output/2026_04_08_run_for_10_locations/boreal_broadleaved_summergreen_tree/patch_1/output/pft_npp.nc + .json
pft_nroot           cdf  gN/m2       float  year   43 /projects/prjs2023/chapter3/lpjml_output/2026_04_08_run_for_10_locations/boreal_broadleaved_summergreen_tree/patch_1/output/pft_nroot.nc + .json
pft_nuptake         cdf  gN/m2/yr    float  year   43 /projects/prjs2023/chapter3/lpjml_output/2026_04_08_run_for_10_locations/boreal_broadleaved_summergreen_tree/patch_1/output/pft_nuptake.nc + .json
pft_phen            cdf  -           float  month  43 /projects/prjs2023/chapter3/lpjml_output/2026_04_08_run_for_10_locations/boreal_broadleaved_summergreen_tree/patch_1/output/pft_phen.nc + .json
pft_survive_frac    cdf  -           float  month  43 /projects/prjs2023/chapter3/lpjml_output/2026_04_08_run_for_10_locations/boreal_broadleaved_summergreen_tree/patch_1/output/pft_survive_frac.nc + .json
pft_vegc            cdf  gC/m2       float  year   43 /projects/prjs2023/chapter3/lpjml_output/2026_04_08_run_for_10_locations/boreal_broadleaved_summergreen_tree/patch_1/output/pft_vegc.nc + .json
pft_vegn            cdf  gN/m2       float  year   43 /projects/prjs2023/chapter3/lpjml_output/2026_04_08_run_for_10_locations/boreal_broadleaved_summergreen_tree/patch_1/output/pft_vegn.nc + .json
pft_water_demand    cdf  mm/yr       float  year   43 /projects/prjs2023/chapter3/lpjml_output/2026_04_08_run_for_10_locations/boreal_broadleaved_summergreen_tree/patch_1/output/pft_water_demand.nc + .json
phen_light          cdf  -           float  month   1 /projects/prjs2023/chapter3/lpjml_output/2026_04_08_run_for_10_locations/boreal_broadleaved_summergreen_tree/patch_1/output/mphen_light.nc + .json
phen_tmax           cdf  -           float  month   1 /projects/prjs2023/chapter3/lpjml_output/2026_04_08_run_for_10_locations/boreal_broadleaved_summergreen_tree/patch_1/output/mphen_tmax.nc + .json
phen_tmin           cdf  -           float  month   1 /projects/prjs2023/chapter3/lpjml_output/2026_04_08_run_for_10_locations/boreal_broadleaved_summergreen_tree/patch_1/output/mphen_tmin.nc + .json
phen_water          cdf  -           float  month   1 /projects/prjs2023/chapter3/lpjml_output/2026_04_08_run_for_10_locations/boreal_broadleaved_summergreen_tree/patch_1/output/mphen_water.nc + .json
rd                  cdf  gC/m2/month float  month   1 /projects/prjs2023/chapter3/lpjml_output/2026_04_08_run_for_10_locations/boreal_broadleaved_summergreen_tree/patch_1/output/rd.nc + .json
rh                  cdf  gC/m2/month float  month   1 /projects/prjs2023/chapter3/lpjml_output/2026_04_08_run_for_10_locations/boreal_broadleaved_summergreen_tree/patch_1/output/mrh.nc + .json
runoff              cdf  mm/month    float  month   1 /projects/prjs2023/chapter3/lpjml_output/2026_04_08_run_for_10_locations/boreal_broadleaved_summergreen_tree/patch_1/output/mrunoff.nc + .json
soilc               cdf  gC/m2       float  year    1 /projects/prjs2023/chapter3/lpjml_output/2026_04_08_run_for_10_locations/boreal_broadleaved_summergreen_tree/patch_1/output/soilc.nc + .json
soilc_layer         cdf  gC/m2       float  year    5 /projects/prjs2023/chapter3/lpjml_output/2026_04_08_run_for_10_locations/boreal_broadleaved_summergreen_tree/patch_1/output/soilc_layer.nc + .json
soiln               cdf  gN/m2       float  year    1 /projects/prjs2023/chapter3/lpjml_output/2026_04_08_run_for_10_locations/boreal_broadleaved_summergreen_tree/patch_1/output/soiln.nc + .json
soiln_layer         cdf  gN/m2       float  year    5 /projects/prjs2023/chapter3/lpjml_output/2026_04_08_run_for_10_locations/boreal_broadleaved_summergreen_tree/patch_1/output/soiln_layer.nc + .json
soilnh4             cdf  gN/m2       float  year    1 /projects/prjs2023/chapter3/lpjml_output/2026_04_08_run_for_10_locations/boreal_broadleaved_summergreen_tree/patch_1/output/soilnh4.nc + .json
soilnh4_layer       cdf  gN/m2       float  year    5 /projects/prjs2023/chapter3/lpjml_output/2026_04_08_run_for_10_locations/boreal_broadleaved_summergreen_tree/patch_1/output/soilnh4_layer.nc + .json
soilno3             cdf  gN/m2       float  year    1 /projects/prjs2023/chapter3/lpjml_output/2026_04_08_run_for_10_locations/boreal_broadleaved_summergreen_tree/patch_1/output/soilno3.nc + .json
soilno3_layer       cdf  gN/m2       float  year    5 /projects/prjs2023/chapter3/lpjml_output/2026_04_08_run_for_10_locations/boreal_broadleaved_summergreen_tree/patch_1/output/soilno3_layer.nc + .json
soiltemp1           cdf  Celsius     float  month   1 /projects/prjs2023/chapter3/lpjml_output/2026_04_08_run_for_10_locations/boreal_broadleaved_summergreen_tree/patch_1/output/msoiltemp1.nc + .json
soiltemp2           cdf  Celsius     float  month   1 /projects/prjs2023/chapter3/lpjml_output/2026_04_08_run_for_10_locations/boreal_broadleaved_summergreen_tree/patch_1/output/msoiltemp2.nc + .json
soiltemp3           cdf  Celsius     float  month   1 /projects/prjs2023/chapter3/lpjml_output/2026_04_08_run_for_10_locations/boreal_broadleaved_summergreen_tree/patch_1/output/msoiltemp3.nc + .json
swc1                cdf  1           float  month   1 /projects/prjs2023/chapter3/lpjml_output/2026_04_08_run_for_10_locations/boreal_broadleaved_summergreen_tree/patch_1/output/mswc1.nc + .json
swc2                cdf  1           float  month   1 /projects/prjs2023/chapter3/lpjml_output/2026_04_08_run_for_10_locations/boreal_broadleaved_summergreen_tree/patch_1/output/mswc2.nc + .json
swc3                cdf  1           float  month   1 /projects/prjs2023/chapter3/lpjml_output/2026_04_08_run_for_10_locations/boreal_broadleaved_summergreen_tree/patch_1/output/mswc3.nc + .json
swc4                cdf  1           float  month   1 /projects/prjs2023/chapter3/lpjml_output/2026_04_08_run_for_10_locations/boreal_broadleaved_summergreen_tree/patch_1/output/mswc4.nc + .json
swc5                cdf  1           float  month   1 /projects/prjs2023/chapter3/lpjml_output/2026_04_08_run_for_10_locations/boreal_broadleaved_summergreen_tree/patch_1/output/mswc5.nc + .json
transp              cdf  mm/month    float  month   1 /projects/prjs2023/chapter3/lpjml_output/2026_04_08_run_for_10_locations/boreal_broadleaved_summergreen_tree/patch_1/output/mtransp.nc + .json
vegc                cdf  gC/m2       float  year    1 /projects/prjs2023/chapter3/lpjml_output/2026_04_08_run_for_10_locations/boreal_broadleaved_summergreen_tree/patch_1/output/vegc.nc + .json
vegn                cdf  gN/m2       float  year    1 /projects/prjs2023/chapter3/lpjml_output/2026_04_08_run_for_10_locations/boreal_broadleaved_summergreen_tree/patch_1/output/vegn.nc + .json
wateramount         cdf  hm3         float  month   1 /projects/prjs2023/chapter3/lpjml_output/2026_04_08_run_for_10_locations/boreal_broadleaved_summergreen_tree/patch_1/output/mwateramount.nc + .json
wscal               cdf  -           float  month   1 /projects/prjs2023/chapter3/lpjml_output/2026_04_08_run_for_10_locations/boreal_broadleaved_summergreen_tree/patch_1/output/wscal.nc + .json
------------------- ---- ----------- ------ ----- --- -------------------------
Spinup years:                   180
Cycle length during spinup:      30
First year:                    1901
Last year:                     2019
Number of grid cells:            81
==============================================================================
Memory allocated for output: 7,096 bytes/cell
Simulation begins...
Spinup using climate starting from year 1901

                 Carbon flux (ktC/yr)                    Water (dam3/yr)                Nitrogen (MgN/yr)
       --------------------------------------- ---------------------------------- --------------------------------
Spinup NEP     estab   harvest product NBP     transp     evap    interc  wd      nuptake ndemand  nlosses ninflux
------ ------- ------- ------- ------- ------- ---------- ------- ------- ------- ------- -------- ------- -------
  1721 -157.708   0.438   2.922   0.000 -160.192   469076.7 275255.0 50446.3  1652.4 17862.0    763.8  1227.1  1547.3
  1722 -80.949   0.440   3.978   0.000 -84.488   463937.4 221682.7 39876.2   688.1 27424.1    802.5   637.9  1343.4
  1723 -632.068   0.452   2.603   0.000 -634.219   286274.2 226752.3 31407.3   988.1  7339.8    339.9   856.9  1052.5
  1724 -383.293   0.433   3.470   0.000 -386.330   387415.6 242594.5 38898.9   762.3 12983.4    940.1  1559.1  1529.7
  1725  11.728   0.439   3.553   0.000   8.615   427663.3 206291.5 28396.1   714.6 30290.7    773.6   920.4  1427.0
  1726 734.950   0.437   5.064   0.000 730.323   508705.0 227792.7 39442.9   533.6 40503.9    872.5   704.2  1593.3
  1727  -7.527   0.440   4.719   0.000 -11.806   481431.9 266361.5 50204.1   683.3 14974.3   1407.6   615.3  1814.8
  1728 -313.822   0.442   5.399   0.000 -318.778   424133.7 272957.2 46930.8   668.9 17806.4   1260.9   884.6  1974.5
  1729 -115.903   0.441   4.057   0.000 -119.519   420255.9 224179.0 41782.1   714.8 25968.9    525.8   952.2  1114.5
  1730 122.784   0.439   4.919   0.000 118.303   556328.8 265413.4 58682.0   715.4 36301.3   1536.3   670.0  2102.1
  1731  12.911   0.436   6.786   0.000   6.562   535715.3 284574.9 75121.3   631.1 24486.8   1517.5   927.9  2006.5
  1732 585.715   0.437   6.545   0.000 579.607   643671.9 249474.7 62341.2   709.3 37187.6   1311.4   556.1  2060.6
  1733 120.431   0.440   5.827   0.000 115.043   508166.1 208112.5 54377.1   862.9 13774.7   1087.3   508.0  1491.0
  1734 -237.216   0.442   4.541   0.000 -241.314   447710.6 223279.2 52820.5   734.3 20244.9   1198.2   517.3  1630.6
  1735 -370.523   0.440   4.090   0.000 -374.173   399452.4 254272.2 65573.6   617.0 17437.6    820.9  1300.8  1348.5
  1736 253.746   0.439   7.739   0.000 246.446   614351.4 323352.7 59592.8   654.1 40394.6   2278.6   527.7  3269.7
  1737 193.462   0.439   5.640   0.000 188.261   561733.4 261655.2 61062.7   667.8 23480.2   3025.3   522.7  2461.2
  1738 -288.055   0.443   3.889   0.000 -291.502   417213.8 210429.2 50012.5   625.3  9866.9    983.1   670.3  1353.5
  1739 107.003   0.438   4.850   0.000 102.590   503744.8 246249.5 59759.2   781.4 27906.2   1096.9  1122.0  1729.9
  1740 -33.634   0.439   5.389   0.000 -38.584   544095.8 262150.6 66979.4   746.0 26847.0   1227.6   755.8  1819.8
  1741 -49.975   0.440   5.273   0.000 -54.808   485049.6 220477.1 46814.4   719.4 21855.4   1130.9   526.3  1681.4
  1742 -405.760   0.446   4.005   0.000 -409.319   364916.7 207184.7 37954.0   883.8 14871.6    843.2   609.6  1276.7
  1743 -292.672   0.437   3.694   0.000 -295.928   371392.9 215198.0 32474.1   703.7 19274.7   1067.1   549.0  1494.7
  1744 -145.886   0.439   3.846   0.000 -149.293   360352.8 209597.3 27079.4   864.2 20354.6   1071.3   580.6  1561.5
  1745  78.500   0.439   4.268   0.000  74.671   508068.4 250426.4 50407.4   775.4 40456.0   2161.9   755.2  2738.9

                 Carbon flux (ktC/yr)                    Water (dam3/yr)                Nitrogen (MgN/yr)
       --------------------------------------- ---------------------------------- --------------------------------
Spinup NEP     estab   harvest product NBP     transp     evap    interc  wd      nuptake ndemand  nlosses ninflux
------ ------- ------- ------- ------- ------- ---------- ------- ------- ------- ------- -------- ------- -------
  1746 212.565   0.438   5.727   0.000 207.276   509482.6 224716.9 34513.0   506.1 24645.3   2770.3   465.2  2311.6
  1747  40.110   0.440   4.164   0.000  36.387   413880.8 208003.3 40384.2   708.5 12493.1    929.8   565.4  1548.7
  1748 100.849   0.440   4.184   0.000  97.105   422390.4 209214.4 38716.8   639.8 23649.8   1214.3   505.4  1810.8
  1749 -119.852   0.439   4.255   0.000 -123.668   440209.5 268008.0 46442.5   710.5 26772.7   1600.0   586.6  1999.0
  1750  87.060   0.438   6.062   0.000  81.437   495664.3 306142.1 54499.0   645.4 27156.8   2128.6   623.2  2784.9
  1751 -53.104   0.439   3.739   0.000 -56.404   405850.3 210493.5 38607.8   855.2 15965.9   1047.0   621.3  1465.9
  1752 -16.954   0.440   5.031   0.000 -21.545   516198.7 272714.4 56825.8   727.6 37357.9   2146.9   566.4  2717.7
  1753 -254.360   0.440   3.788   0.000 -257.708   407705.0 253083.1 62726.7   632.8 16200.4   1091.9  2163.9  1399.8
  1754 425.397   0.438   6.152   0.000 419.683   575074.1 230688.5 37388.0   651.6 32191.5   2096.1   444.1  2582.0
  1755 -325.105   0.442   3.302   0.000 -327.965   385460.4 216849.5 45723.0   601.2  8800.7    863.5   718.0  1256.1
  1756 -101.785   0.440   3.838   0.000 -105.183   425351.4 224127.9 36083.4   877.2 20188.4    656.7   745.3  1261.2
  1757 -279.063   0.440   4.137   0.000 -282.760   397218.5 226527.5 25639.6   868.5 20855.1    830.5   904.9  1390.8
  1758  64.882   0.438   5.693   0.000  59.627   486574.5 289352.5 54473.2   542.5 41650.2   1588.4  1154.9  2238.3
  1759 633.561   0.437   5.396   0.000 628.601   606011.1 237701.0 28489.3   856.9 30531.0   1725.9   671.3  2348.7
  1760 793.574   0.437   6.741   0.000 787.271   586979.0 245160.1 60117.5   524.1 35446.9   1257.1   513.5  1949.0
  1761 -597.057   0.442   5.605   0.000 -602.220   419506.8 284907.6 94758.7   701.0  9657.9   1229.3  1550.6  1558.1
  1762 1014.040   0.437   6.505   0.000 1007.972   703722.1 232905.3 61245.1   691.6 40620.4   1615.8   545.1  2663.4
  1763 -570.076   0.467   6.645   0.000 -576.254   435594.2 221534.1 58178.3   503.0  3386.8    911.9   505.7  1449.5
  1764 -542.402   0.495   3.881   0.000 -545.789   261785.1 245957.0 28180.6   659.1  2600.3    412.0   659.8  1063.8
  1765 -516.181   0.390   2.686   0.000 -518.477   254632.3 238944.0 14270.8   833.0 13147.1    323.4   972.8  1065.0
  1766 115.457   0.416   3.720   0.000 112.153   432930.4 273055.4 22983.4   680.3 33813.9    312.9  1043.1  1202.6
  1767 111.556   0.438   5.329   0.000 106.666   445616.9 278125.5 26886.1   678.6 23728.8    551.7  2879.9  1519.0
  1768 717.438   0.435   4.196   0.000 713.677   560529.8 248139.6 38612.7   538.1 43997.8    841.4   739.9  1651.7
  1769 -140.006   0.439   4.820   0.000 -144.387   497062.5 265153.3 55919.0   690.6 17494.4   1121.4   807.6  1754.1
  1770 -175.432   0.440   5.270   0.000 -180.263   475244.5 248373.8 46475.4   744.6 25199.3   1420.5   645.7  2085.1

                 Carbon flux (ktC/yr)                    Water (dam3/yr)                Nitrogen (MgN/yr)
       --------------------------------------- ---------------------------------- --------------------------------
Spinup NEP     estab   harvest product NBP     transp     evap    interc  wd      nuptake ndemand  nlosses ninflux
------ ------- ------- ------- ------- ------- ---------- ------- ------- ------- ------- -------- ------- -------
  1771 405.867   0.438   5.392   0.000 400.913   590224.7 242115.8 62292.6   635.2 43340.2   2191.2   587.3  2927.8
  1772 -267.415   0.441   4.691   0.000 -271.666   418838.4 244411.3 57994.2   688.4  9470.3   1089.5   809.3  1472.2
  1773   4.667   0.439   5.198   0.000  -0.091   544435.2 256073.8 55978.8   663.9 31705.4   1233.2   623.0  1805.0
  1774 198.227   0.441   4.514   0.000 194.154   504855.1 240955.5 58736.6   695.8 28068.4   1421.9   575.6  1959.6
  1775 -403.052   0.456   5.513   0.000 -408.109   404504.6 224446.7 44417.3   637.4  8482.2   1271.1   461.7  1552.6
  1776 -103.433   0.428   3.639   0.000 -106.644   365207.4 225113.4 33502.4   677.4 20775.1    468.5   739.2  1083.9
  1777 119.093   0.438   3.774   0.000 115.757   524058.7 268095.3 47013.6   512.6 35548.8   1235.3   826.6  1827.5
  1778 442.724   0.438   5.174   0.000 437.988   534284.2 228565.0 48791.4   687.8 26018.7   1767.1   630.7  2266.8
  1779  64.086   0.439   5.178   0.000  59.346   550225.9 268520.0 60914.0   512.6 25026.9   1267.1   676.0  1814.4
  1780 257.603   0.438   5.571   0.000 252.469   529147.8 227774.8 60048.4   682.0 25342.6   1913.4   581.0  2413.6
  1781 -104.544   0.439   6.939   0.000 -111.044   484881.4 298206.6 68286.9   470.8 20572.9   1938.3   488.2  2345.8
  1782 148.489   0.440   4.142   0.000 144.787   503616.7 226181.6 60126.2   685.6 29885.3   2485.6   564.8  2645.8
  1783 -592.065   0.455   3.915   0.000 -595.525   316624.4 221399.8 40688.4   842.8  3756.5    494.1   678.0  1122.8
  1784 -425.500   0.433   4.066   0.000 -429.133   346184.9 253514.4 45431.9   701.0  8218.7    822.5  1940.9  1393.7
  1785 319.819   0.434   4.884   0.000 315.369   553574.7 266140.5 49805.5   718.1 38635.8    622.6  1186.2  1465.7
  1786  74.912   0.439   4.671   0.000  70.680   475345.7 212671.6 35995.4   865.0 17225.7   1000.7   665.4  1506.2
  1787 -304.443   0.440   5.292   0.000 -309.296   431187.9 271601.4 69981.2   521.4 25288.8   1113.7  1386.9  1592.3
  1788 722.511   0.437   6.814   0.000 716.134   689183.8 283277.5 53012.5   737.3 49051.3   2038.0   519.8  3064.3
  1789 -264.793   0.440   6.032   0.000 -270.385   446427.7 240719.9 57890.7   694.3  2751.2    815.7  1401.9  1402.4
  1790 -339.672   0.450   4.343   0.000 -343.564   506742.9 246533.3 86565.7   764.5 31149.4   2013.0  4016.6  2906.5
  1791 197.136   0.432   5.438   0.000 192.130   564861.5 265131.3 45416.5   677.5 43285.8   3465.9   692.9  2614.4
  1792 -145.858   0.439   4.486   0.000 -149.905   500149.3 259463.3 59589.4   728.3 -2073.0   1123.6  1674.0  1570.0
  1793 -140.170   0.440   4.680   0.000 -144.410   458721.3 226585.6 31399.5   852.9 19854.2    995.2  1557.8  1503.1
  1794  69.057   0.439   4.370   0.000  65.126   471681.4 267068.1 56130.2   573.6 33554.8    697.3  3358.3  1344.6
  1795 456.807   0.437   5.871   0.000 451.374   646110.5 267970.5 65098.0   674.7 38313.4   1397.1   806.4  2036.2

                 Carbon flux (ktC/yr)                    Water (dam3/yr)                Nitrogen (MgN/yr)
       --------------------------------------- ---------------------------------- --------------------------------
Spinup NEP     estab   harvest product NBP     transp     evap    interc  wd      nuptake ndemand  nlosses ninflux
------ ------- ------- ------- ------- ------- ---------- ------- ------- ------- ------- -------- ------- -------
  1796 -48.562   0.440   5.150   0.000 -53.272   476718.0 232540.1 48177.3   835.7 13630.2    588.4   606.8  1271.9
  1797 -856.075   0.526   4.478   0.000 -860.027   337592.4 224115.1 29730.5   853.1  2701.1    513.9   735.4  1066.8
  1798  48.217   0.362   5.350   0.000  43.229   360175.7 350531.6 24090.8   663.8 35519.5    904.6  2901.5  1647.0
  1799 746.825   0.434   3.944   0.000 743.315   559976.0 245123.6 38979.9   687.0 31724.3   1055.6  1022.6  1703.7
  1800 -113.660   0.439   5.439   0.000 -118.659   431543.8 226139.3 34432.0   630.0 13492.0    778.0   567.0  1432.7
  1801  76.671   0.438   3.372   0.000  73.737   418497.7 232192.6 40020.1   680.8 26618.0    582.3  2080.2  1330.1
  1802 -130.329   0.448   4.525   0.000 -134.406   464769.1 239914.0 62869.5   747.9 31517.1   1487.4  1256.9  1962.7
  1803 125.195   0.432   5.290   0.000 120.337   481349.5 254486.0 45292.7   681.4 32285.1   2854.8   670.5  2311.5
  1804 425.909   0.437   6.118   0.000 420.229   592926.2 268836.7 51357.2   816.3 24266.9   1950.1   561.5  2486.0
  1805 -403.487   0.463   4.783   0.000 -407.807   391404.6 224114.7 42107.5   450.1  4320.5    950.5   539.9  1386.6
  1806 -126.999   0.420   3.922   0.000 -130.500   397872.9 275693.5 36398.2   801.7 18661.4    586.1   914.8  1306.2
  1807 330.947   0.437   4.234   0.000 327.150   549803.3 267894.4 47136.0   507.5 40289.8    761.8  1200.1  1512.1
  1808 -21.248   0.439   4.743   0.000 -25.552   463548.4 258416.1 58636.6   569.3 17114.2    880.9  1653.0  1419.9
  1809 238.214   0.438   5.737   0.000 232.916   531677.2 230720.8 49091.9   704.3 33141.9   1764.0   630.8  2382.2
  1810  24.854   0.438   6.984   0.000  18.309   573596.7 281558.9 82072.4   638.0 26730.4   2507.6  1081.9  2975.7
  1811 368.080   0.438   6.511   0.000 362.007   652770.0 237239.7 65053.3   724.3 29787.5   1590.4   541.4  2228.0
  1812 -242.181   0.440   5.187   0.000 -246.928   527012.4 251469.9 83178.8   677.4 17032.1   1221.7   713.6  1641.1
  1813 -119.442   0.440   5.199   0.000 -124.201   509660.1 221602.4 53821.4   825.2 24068.3   1323.0   557.8  1672.3
  1814 -366.936   0.450   4.707   0.000 -371.194   386325.0 220296.5 45700.1   725.2 17274.1   1213.8   532.7  1511.1
  1815 141.024   0.432   5.228   0.000 136.229   440868.8 210581.9 38802.9   800.9 27900.9   1824.7   436.3  2127.2
  1816 309.529   0.438   4.852   0.000 305.116   471054.2 229722.5 50197.4   514.2 33118.3   2018.1   491.9  2537.4
  1817 -364.006   0.441   4.040   0.000 -367.604   385659.7 247676.4 52833.1   696.1 10095.2   1151.5   883.7  1466.3
  1818 399.693   0.438   5.552   0.000 394.579   519762.6 228657.3 39092.2   701.1 36506.8   1119.9   609.2  1776.0
  1819 -661.525   0.481   3.634   0.000 -664.678   307811.1 225496.1 41531.8   691.6  -835.3    581.6  2345.9  1105.7
  1820 866.757   0.400   5.606   0.000 861.551   593387.1 291177.8 33661.6   648.1 46249.2    581.9  1268.6  1423.1

                 Carbon flux (ktC/yr)                    Water (dam3/yr)                Nitrogen (MgN/yr)
       --------------------------------------- ---------------------------------- --------------------------------
Spinup NEP     estab   harvest product NBP     transp     evap    interc  wd      nuptake ndemand  nlosses ninflux
------ ------- ------- ------- ------- ------- ---------- ------- ------- ------- ------- -------- ------- -------
  1821 850.100   0.437   5.895   0.000 844.642   574563.2 242161.9 47083.4   511.8 27651.6   1016.3   506.7  1800.7
  1822 -552.422   0.463   3.889   0.000 -555.849   353733.4 234078.6 45625.0   708.4  4300.2    617.5  1295.4  1141.4
  1823  88.025   0.420   4.169   0.000  84.277   449572.8 238106.7 22990.0   840.6 23186.0    647.1  1189.7  1400.4
  1824 774.965   0.436   5.390   0.000 770.011   648456.5 246441.0 52539.5   641.5 46377.0   1083.4   644.1  1808.9
  1825 -343.293   0.470   4.828   0.000 -347.651   381617.3 241189.1 37604.2   656.7  1819.9    922.5   457.4  1361.5
  1826 -365.090   0.415   4.034   0.000 -368.710   371705.8 230297.8 27387.3   612.7 13008.3    335.6   680.1  1042.2
  1827  17.794   0.439   3.314   0.000  14.919   383742.8 213244.1 28079.4   653.7 29080.8    424.9   718.4  1137.1
  1828 -293.598   0.440   3.062   0.000 -296.219   374597.3 256934.8 41633.3   566.6 19100.8    496.1  3657.0  1136.3
  1829 880.055   0.435   5.563   0.000 874.927   642590.3 256853.4 40152.8   677.8 59341.7   1905.5   549.7  2884.8
  1830 367.298   0.438   5.518   0.000 362.218   579673.0 246120.7 64271.7   757.6 17067.4   1489.5   884.4  1874.7
  1831 -153.735   0.439   6.634   0.000 -159.930   498115.3 250229.8 53302.3   871.9 15851.6   1139.0  1004.1  1865.0
  1832 -423.777   0.460   5.319   0.000 -428.636   531437.7 224706.2 56833.9   494.9 29191.3   1661.0   701.3  2200.4
  1833 -541.709   0.494   3.523   0.000 -544.738   284804.7 223981.7 30032.0   651.1  1288.7    708.0   608.5  1158.2
  1834 -250.001   0.378   2.964   0.000 -252.587   293605.5 264523.9 23056.6   659.7 25799.5   1052.2  3466.8  1416.3
  1835 523.704   0.434   4.574   0.000 519.564   505799.2 259972.8 30250.5   664.8 27351.8    937.3  1946.5  1641.2
  1836 671.239   0.437   4.999   0.000 666.677   605762.6 245834.5 48037.4   757.1 31630.6    806.6  1477.5  1585.9
  1837 534.563   0.439   5.981   0.000 529.020   573604.1 220878.9 43917.4   620.0 25172.8   1230.3   486.8  2015.6
  1838 -675.585   0.443   4.675   0.000 -679.817   407462.9 280050.4 78021.2   527.4 12995.6   1330.7  1503.8  1594.3
  1839 466.172   0.436   6.031   0.000 460.577   612917.4 258215.9 48408.5   678.2 38037.4   1582.1   617.7  2710.7
  1840 -58.039   0.440   5.720   0.000 -63.318   544059.3 234772.0 56334.9   689.7 15612.3   1305.2   597.4  1844.4
  1841 -298.341   0.444   4.060   0.000 -301.958   408430.6 205942.2 40100.0   841.8 17842.4    954.7   570.9  1343.8
  1842 -318.458   0.440   5.444   0.000 -323.463   431013.1 270794.5 44505.5   637.6 19927.3   1627.2   714.8  2194.3
  1843  19.115   0.440   3.902   0.000  15.653   465555.8 212838.2 35378.7   667.4 30910.6   1069.5   550.0  1594.9
  1844 -310.773   0.453   4.372   0.000 -314.691   354315.5 234278.6 30830.2   658.7  8987.0   1374.3   422.1  1532.9
  1845 -152.822   0.428   4.381   0.000 -156.775   388052.7 272629.3 28914.0   610.0 20584.0   1054.0  1069.5  1787.7

                 Carbon flux (ktC/yr)                    Water (dam3/yr)                Nitrogen (MgN/yr)
       --------------------------------------- ---------------------------------- --------------------------------
Spinup NEP     estab   harvest product NBP     transp     evap    interc  wd      nuptake ndemand  nlosses ninflux
------ ------- ------- ------- ------- ------- ---------- ------- ------- ------- ------- -------- ------- -------
  1846 714.749   0.436   4.102   0.000 711.084   560350.5 226994.5 35418.1   671.5 41160.4   1382.7   664.5  2197.2
  1847 -255.103   0.443   4.138   0.000 -258.797   387746.5 215243.4 34833.8   653.3  7809.1    876.6   630.9  1307.6
  1848 -143.932   0.440   4.311   0.000 -147.803   351344.1 238306.2 24703.2   656.2 19383.0    736.5   460.5  1275.2
  1849 -250.734   0.439   3.006   0.000 -253.301   419235.0 258203.3 37231.4   672.1 27503.2    840.9   837.1  1411.1
  1850 323.834   0.437   6.821   0.000 317.450   542273.9 322402.3 39768.2   626.8 34408.9   2068.4   609.7  3095.3
  1851 279.269   0.438   4.985   0.000 274.723   502947.1 266667.4 47777.4   695.1 20480.5   1154.3   744.4  1740.8
  1852 233.990   0.438   4.403   0.000 230.025   525178.6 211481.2 38948.1   848.4 26733.1   1480.4   503.2  2047.2
  1853 -293.345   0.440   4.134   0.000 -297.039   443163.8 233262.5 52556.1   686.9 16742.8   1145.1   640.7  1557.2
  1854 -282.961   0.440   5.372   0.000 -287.893   425859.9 240322.9 45936.3   843.1 20261.5   1275.8   810.5  1826.3
  1855 -222.457   0.443   3.755   0.000 -225.769   444115.0 223490.2 51664.8   695.9 29249.4   1603.9   996.0  2030.5
  1856 391.898   0.436   5.935   0.000 386.399   551269.1 269774.6 49292.5   689.3 33744.9   3870.8   715.6  2826.1
  1857 861.765   0.437   5.536   0.000 856.666   651615.9 225025.9 56318.8   677.3 29060.7   2190.6   524.7  2845.3
  1858 272.902   0.439   6.417   0.000 266.924   497620.3 232982.4 67182.7   498.9 17557.2   1266.3   461.4  1687.3
  1859 -625.204   0.493   3.929   0.000 -628.639   368654.7 234693.6 31138.9   835.3  5865.3    970.0   792.0  1337.0
  1860 311.252   0.389   4.933   0.000 306.708   444183.1 251494.4 26564.6   717.7 38185.4    951.1   689.2  1615.3
  1861 124.783   0.438   5.737   0.000 119.484   506499.6 299558.9 49880.3   630.1 15825.3   1709.2   590.3  2241.4
  1862 128.196   0.439   4.119   0.000 124.516   569125.0 269229.0 55721.3   501.9 30250.7   1184.5   772.9  1818.1
  1863 148.842   0.440   5.253   0.000 144.029   541029.4 240034.7 70056.8   753.8 25336.5   1349.2   684.9  1887.7
  1864 -553.628   0.470   5.123   0.000 -558.281   451068.4 216101.7 36688.6   823.0 12513.4   1201.9   484.8  1291.5
  1865 157.245   0.414   4.274   0.000 153.385   411193.5 238776.2 40845.0   517.5 29151.2   1010.3   584.4  1513.6
  1866 -679.754   0.475   3.724   0.000 -683.003   367966.2 213141.1 26433.5   833.6  3107.7    925.6   575.2  1214.5
  1867 177.695   0.407   3.163   0.000 174.939   461507.7 284985.7 30716.9   507.7 31770.7    618.5  1262.9  1419.4
  1868 -22.948   0.438   4.693   0.000 -27.203   455976.8 239394.5 32972.5   721.9 18962.2    978.2  1084.7  1594.6
  1869 -88.490   0.437   5.170   0.000 -93.222   465718.5 221804.0 30708.1   492.0 24755.9    754.2   566.1  1507.5
  1870 -538.841   0.459   3.033   0.000 -541.414   311385.1 226445.5 18704.5   987.9  6971.4    765.9  1698.2  1223.0

                 Carbon flux (ktC/yr)                    Water (dam3/yr)                Nitrogen (MgN/yr)
       --------------------------------------- ---------------------------------- --------------------------------
Spinup NEP     estab   harvest product NBP     transp     evap    interc  wd      nuptake ndemand  nlosses ninflux
------ ------- ------- ------- ------- ------- ---------- ------- ------- ------- ------- -------- ------- -------
  1871 883.498   0.419   4.788   0.000 879.129   601607.6 264316.0 36509.8   624.8 47472.3    560.7  2084.4  1466.6
  1872 -183.475   0.441   4.061   0.000 -187.095   430196.4 221943.7 27790.6   828.9  6320.9   1020.9  1107.1  1456.5
  1873  80.611   0.438   4.278   0.000  76.771   518974.3 258387.5 42345.6   663.4 28306.7    565.6   853.4  1402.8
  1874 -308.689   0.440   4.146   0.000 -312.395   465654.5 249392.9 48838.8   673.9 18777.0    727.6   707.1  1375.9
  1875 -246.717   0.440   3.572   0.000 -249.848   383098.5 209128.3 29661.8   851.2 21714.0    812.2   601.7  1301.6
  1876 -145.688   0.440   3.153   0.000 -148.401   416085.9 209401.3 33568.0   603.9 27118.7   1260.8   573.6  1588.6
  1877 -499.574   0.449   3.934   0.000 -503.059   380692.5 213082.3 25157.4   833.7 12302.6   1166.2   516.7  1416.0
  1878 -75.368   0.433   3.753   0.000 -78.689   370930.3 255867.1 34333.1   695.0 22267.7    709.1  1561.5  1325.3
  1879 899.237   0.436   5.547   0.000 894.127   580336.6 233242.7 29877.6   616.6 45443.6   1776.1   497.9  2657.0
  1880 -162.679   0.439   3.692   0.000 -165.931   439080.6 245089.7 41968.8   721.0 10780.3   1260.7   717.5  1683.0
  1881 280.722   0.438   4.943   0.000 276.218   513722.2 266061.7 45311.3   631.1 37928.5   1262.6   556.6  1880.4
  1882 -351.930   0.439   5.257   0.000 -356.748   395791.9 238575.3 46794.7   688.2  7412.6    945.2  1281.0  1474.2
  1883 -399.105   0.444   3.922   0.000 -402.583   509707.7 259477.9 60026.0   656.6 32276.1   1847.4   942.5  2736.4
  1884  32.719   0.438   4.192   0.000  28.966   495712.5 259539.5 45163.5   711.6 35988.8   2250.2  1096.8  2002.1
  1885 181.339   0.438   5.837   0.000 175.940   492880.8 224822.3 32249.7   652.5  8388.4   1485.6   596.2  1991.5
  1886  74.350   0.439   3.650   0.000  71.140   464328.1 240635.1 55239.1   747.1 23907.9    696.8  1547.3  1322.5
  1887 665.064   0.437   5.231   0.000 660.271   575649.8 227207.0 50565.0   683.0 39094.4   1523.1   663.3  2183.6
  1888 324.637   0.439   5.662   0.000 319.413   565546.1 231882.2 74607.6   601.7 22813.7   1082.1   668.0  1524.8
  1889 -238.923   0.441   4.397   0.000 -242.879   427561.8 249469.6 74291.0   560.4 15162.1    513.7  2436.3  1169.2
  1890 552.785   0.438   6.280   0.000 546.943   690319.7 273958.7 69417.8   499.9 43665.9   1768.2   776.3  2427.0
  1891 -396.117   0.442   6.343   0.000 -402.019   519641.0 247842.2 69693.8   646.1  8703.0   1147.0   628.6  1571.8
  1892 176.338   0.439   4.995   0.000 171.782   491510.7 239847.7 60390.8   683.8 26755.4   1267.5   585.3  1688.1
  1893 -44.400   0.439   7.427   0.000 -51.388   519429.4 300795.9 70180.1   620.1 23235.8   2002.4   492.5  2691.1
  1894 -330.176   0.444   3.710   0.000 -333.441   398535.1 208032.4 42322.1   846.3 14209.6   1331.1   503.5  1466.7
  1895 -667.958   0.484   3.831   0.000 -671.305   348590.5 220013.7 27723.9   807.7  8349.9    871.4   522.0  1178.2

                 Carbon flux (ktC/yr)                    Water (dam3/yr)                Nitrogen (MgN/yr)
       --------------------------------------- ---------------------------------- --------------------------------
Spinup NEP     estab   harvest product NBP     transp     evap    interc  wd      nuptake ndemand  nlosses ninflux
------ ------- ------- ------- ------- ------- ---------- ------- ------- ------- ------- -------- ------- -------
  1896 -680.346   0.447   2.845   0.000 -682.744   264605.9 226729.1 15651.4   828.9  8670.9    566.1   786.8  1112.4
  1897 153.649   0.394   3.174   0.000 150.869   342634.0 225535.2 15287.6   688.8 33827.5    561.2   799.8  1235.4
  1898  87.291   0.438   3.717   0.000  84.012   396540.5 216929.4 19574.1   491.0 18463.9   1061.6   557.1  1657.4
  1899 105.521   0.438   3.366   0.000 102.593   386342.0 221499.7 23090.9   818.6 26375.1    694.0   670.0  1350.8
  1900 578.298   0.437   4.370   0.000 574.365   460552.8 234888.1 31564.8   501.3 39126.3   1193.0   522.4  2102.3

                 Carbon flux (ktC/yr)                    Water (dam3/yr)                Nitrogen (MgN/yr)
       --------------------------------------- ---------------------------------- --------------------------------
Year   NEP     estab   harvest product NBP     transp     evap    interc  wd      nuptake ndemand  nlosses ninflux
------ ------- ------- ------- ------- ------- ---------- ------- ------- ------- ------- -------- ------- -------
  1901 -325.408   0.440   3.481   0.000 -328.449   382827.3 231614.4 23532.8   830.2  8479.6   1220.3   913.2  1536.7
  1902 160.719   0.438   3.745   0.000 157.412   456862.6 271860.8 40994.6   592.1 27541.9    619.5  1972.5  1469.1
  1903 594.804   0.436   5.344   0.000 589.897   594911.9 225320.1 34266.0   686.7 36120.7   1265.3   508.5  2268.0
  1904 309.766   0.439   5.611   0.000 304.594   501404.3 212543.6 45298.6   770.5 20062.0   1345.1   426.1  2223.9
  1905 -328.657   0.440   3.660   0.000 -331.877   334902.8 212537.2 39427.3   832.2 13142.3    842.4   565.0  1588.3
  1906 -974.649   0.496   4.196   0.000 -978.349   386724.8 217389.5 41502.1   637.1 11778.5   2493.8   711.0  3025.7
  1907 -251.818   0.399   4.276   0.000 -255.695   328157.7 242935.3 18521.8   875.9 26614.3   1417.5  2546.0  1777.3
  1908 605.200   0.434   4.922   0.000 600.712   545344.3 231908.7 18160.2   488.9 25467.4    827.3   823.1  1597.0
  1909 -134.142   0.437   3.616   0.000 -137.322   358001.1 220133.2 22354.9   602.7 11091.3    827.9   619.7  1757.7
  1910 -352.848   0.439   3.037   0.000 -355.446   376553.7 265165.8 29858.7   644.8 21801.9    451.9   878.3  1382.9
  1911 165.690   0.440   4.322   0.000 161.808   373301.3 237769.0 19792.1   687.1 29143.7    839.4   470.2  1682.4
  1912 289.345   0.436   5.029   0.000 284.753   475537.0 306719.8 33607.6   604.6 32648.9   1778.5   687.4  2905.2
  1913  90.683   0.438   3.178   0.000  87.944   465452.8 220000.9 33392.9   599.7 20231.7   1144.1   604.8  1885.2
  1914 234.219   0.437   4.680   0.000 229.976   552781.2 273218.4 49928.4   498.0 34327.4   1512.4   725.0  2300.9
  1915 179.467   0.439   6.480   0.000 173.426   491396.1 263158.8 54153.5   689.5 19222.3   1542.8   805.3  2257.2
  1916 141.865   0.438   5.568   0.000 136.735   602077.6 258480.4 70221.5   698.6 33365.3   1912.9   841.3  2724.1
  1917 -102.003   0.440   5.841   0.000 -107.405   504624.0 242864.4 58109.0   725.0 18039.0   1215.8   619.7  1724.0
  1918 284.771   0.440   4.981   0.000 280.230   516430.7 225164.2 59519.9   665.2 33472.5   1820.2   553.5  2340.8
  1919 -704.623   0.456   6.264   0.000 -710.431   394801.4 266382.7 85235.6   507.1  7547.5    996.6  2349.2  1249.1
  1920 816.607   0.424   7.290   0.000 809.741   664003.4 295650.6 44409.3   671.6 47322.1   1894.9   518.0  2825.2
  1921 -55.590   0.440   6.526   0.000 -61.676   493602.7 273389.2 56287.4   630.8  7489.8   1110.9   826.4  1777.5
  1922 742.183   0.439   6.417   0.000 736.204   565860.9 234306.5 61257.0   496.6 53694.2   1435.4   625.4  1774.2
  1923 -713.550   0.494   4.386   0.000 -717.442   338409.3 230054.7 52480.9   588.0 -7812.0    741.9  1992.1  1061.4
  1924 440.986   0.388   5.391   0.000 435.982   504012.6 281615.0 44201.0   743.9 29226.6    494.2  2938.3  1328.3
  1925 288.393   0.438   5.823   0.000 283.007   535427.4 245510.4 52827.9   684.3 21953.2    675.7  1022.3  1444.6

                 Carbon flux (ktC/yr)                    Water (dam3/yr)                Nitrogen (MgN/yr)
       --------------------------------------- ---------------------------------- --------------------------------
Year   NEP     estab   harvest product NBP     transp     evap    interc  wd      nuptake ndemand  nlosses ninflux
------ ------- ------- ------- ------- ------- ---------- ------- ------- ------- ------- -------- ------- -------
  1926 446.148   0.439   6.365   0.000 440.222   544342.1 226016.3 48216.1   689.6 31823.7    975.0   592.9  1501.3
  1927 -34.491   0.440   4.138   0.000 -38.189   463956.1 233372.4 65965.8   533.2 19916.5   1027.2   550.1  1346.3
  1928 -422.917   0.464   4.391   0.000 -426.844   370865.8 205538.1 41524.6   842.0 13960.8   1190.4   501.2  1284.5
  1929 362.128   0.417   4.951   0.000 357.594   524064.8 250324.2 56218.9   609.2 42683.7   2306.0   520.1  2659.9
  1930 -288.838   0.443   3.926   0.000 -292.320   388640.8 216462.5 40800.9   828.6  4561.9    743.8   588.4  1049.4
  1931 798.717   0.435   5.987   0.000 793.166   662062.1 215332.2 56821.9   374.1 31235.6   1057.7   673.6  1619.4
  1932 -250.955   0.440   4.949   0.000 -255.464   502839.8 221506.8 54043.5   814.7 13134.3    671.9   688.8  1042.0
  1933  91.847   0.439   4.947   0.000  87.339   544397.4 227712.2 64087.7   666.7 27854.9    842.2   581.9  1287.3
  1934 -808.255   0.488   4.585   0.000 -812.352   367495.0 240761.1 48282.2   676.0  7052.8    715.7   865.3  1010.4
  1935 323.826   0.395   5.517   0.000 318.704   473692.1 375707.4 54375.8   700.3 40916.4    764.4  2063.3  1472.0
  1936 1038.454   0.435   7.365   0.000 1031.524   759429.4 199499.3 44936.2   673.4 34276.6   1892.3   576.1  2767.6
  1937 309.706   0.438   7.497   0.000 302.647   642456.7 252918.0 90589.7   408.7 21553.8   1073.9  1248.5  1644.2
  1938 904.014   0.438   9.076   0.000 895.376   902694.9 254893.8 104971.5   490.8 45412.8   2201.0   683.4  3276.0
  1939 -264.085   0.454   6.630   0.000 -270.261   436326.5 212688.6 61715.7   667.4  2814.9    649.5   742.1  1085.5
  1940  20.205   0.456   7.717   0.000  12.944   541166.3 255293.8 88369.4   401.1 17816.7   1313.8  1169.5  1991.7
  1941 -288.565   0.439   6.001   0.000 -294.128   413694.6 259949.5 43408.5   512.4 24468.5   2578.8   818.2  2018.1
  1942 674.060   0.414   6.413   0.000 668.061   583002.3 246302.3 70190.8   576.0 23074.9   1205.5   709.7  1642.8
  1943 163.042   0.439   7.869   0.000 155.612   556160.5 229134.7 79039.7   660.4 19041.3   1711.8   848.8  2019.3
  1944 533.523   0.438   7.679   0.000 526.282   687613.0 255708.4 95245.6   415.2 36062.0   2120.7   554.9  2479.6
  1945 -451.034   0.460   5.249   0.000 -455.823   469782.8 186097.1 65856.3   617.8  6773.3    672.7   656.2   954.7
  1946 197.779   0.422   6.166   0.000 192.035   465831.7 226624.6 50719.1   497.1 20752.8    753.0   666.4  1145.0
  1947 -672.187   0.456   4.012   0.000 -675.743   322970.4 222859.8 25904.2   838.5  7759.7    757.0   811.3  1109.4
  1948 -498.414   0.437   3.763   0.000 -501.739   399084.4 234836.1 37650.6   654.5 16881.1   1329.3  1728.6  2058.1
  1949 -29.887   0.433   4.666   0.000 -34.120   421089.2 208216.5 27344.6   664.5 33921.5   1490.0  1308.6  1461.2
  1950 317.924   0.438   4.706   0.000 313.657   411334.0 205783.4 28374.8   418.4 19262.5    741.0  1147.7  1220.8

                 Carbon flux (ktC/yr)                    Water (dam3/yr)                Nitrogen (MgN/yr)
       --------------------------------------- ---------------------------------- --------------------------------
Year   NEP     estab   harvest product NBP     transp     evap    interc  wd      nuptake ndemand  nlosses ninflux
------ ------- ------- ------- ------- ------- ---------- ------- ------- ------- ------- -------- ------- -------
  1951 1208.542   0.434   6.727   0.000 1202.249   777384.1 286892.3 64284.0   437.7 58161.7   1764.5  1014.4  2879.8
  1952 642.590   0.437   6.363   0.000 636.664   673866.4 245190.8 70638.6   703.3 21207.7    802.7   649.2  1383.2
  1953 -482.064   0.456   6.060   0.000 -487.668   391291.3 234912.6 65010.4   895.6  6603.1    584.9  1575.1  1372.4
  1954 657.491   0.424   6.882   0.000 651.032   627320.0 249661.8 62682.8   442.1 33327.4    669.2   826.8  1578.5
  1955 -302.860   0.446   4.888   0.000 -307.302   464064.5 205980.5 55731.3   843.2  7985.7    912.8   541.8  1539.5
  1956   8.554   0.435   4.231   0.000   4.758   442637.9 229050.4 46565.2   665.5 22610.9    591.0  1438.5  1607.2
  1957 148.281   0.439   6.058   0.000 142.662   515372.7 246867.6 45309.7   717.0 32470.3   1411.0   568.9  2599.7
  1958 1012.177   0.437   7.840   0.000 1004.774   690689.2 262780.6 79924.3   253.1 45783.7   2649.2   409.6  4094.7
  1959 -595.742   0.440   3.822   0.000 -599.124   398265.3 258276.0 85449.4   673.0     4.2    660.2  5555.5  1770.9
  1960 -830.986   0.482   6.499   0.000 -837.003   530925.8 227930.0 93734.7   651.1 24509.0   2931.1  5773.2  5190.2
  1961 745.260   0.401   8.120   0.000 737.541   633003.3 320357.5 44486.1   544.2 64226.0   8201.1  2634.5  4262.5
  1962 908.210   0.436   7.769   0.000 900.877   679816.9 238164.8 56945.6   450.3 -4549.6   1516.7   978.7  2596.9
  1963 -434.706   0.473   5.172   0.000 -439.405   412899.3 237156.3 59966.4   697.3  3348.7    722.0   678.5  2029.7
  1964 357.802   0.414   4.491   0.000 353.724   449703.0 253362.5 37671.7   675.0 27311.1    743.8   678.7  2007.7
  1965 581.627   0.432   5.049   0.000 577.010   583272.4 232114.4 77372.9   597.7 34701.9    865.1  1726.3  1835.2
  1966 923.440   0.437   7.466   0.000 916.412   726219.2 251911.9 89243.2   592.1 38197.2   1491.6   570.2  2725.7
  1967 -163.157   0.450   6.907   0.000 -169.615   542397.7 265533.3 78155.9   675.8  9088.7   1101.3   567.6  2174.2
  1968 101.814   0.431   7.592   0.000  94.653   597027.7 251184.7 91368.6   675.7 24926.8   1463.1   524.4  2346.7
  1969 -336.415   0.453   6.258   0.000 -342.219   470682.0 224938.7 50775.2   596.2 23762.8   1613.1   441.4  2365.2
  1970 293.403   0.427   5.253   0.000 288.577   560816.3 255218.6 69277.8   779.7 31263.6   1654.3   523.3  2426.2
  1971 -210.683   0.440   5.702   0.000 -215.946   514879.0 216859.8 58086.1   690.6 15183.6   1038.4   611.1  1734.2
  1972 213.754   0.439   6.672   0.000 207.521   481229.4 223697.6 54044.8   638.4 31791.2   1434.4   419.6  2020.9
  1973 -300.339   0.440   4.358   0.000 -304.257   502784.8 213671.2 69126.0   640.8 20572.8   1498.7   603.4  1871.9
  1974 476.190   0.438   7.699   0.000 468.929   672539.5 254250.6 88206.7   664.3 46753.8   3437.5   529.8  3899.0
  1975 410.442   0.438   7.405   0.000 403.475   672384.6 247967.5 107544.8   503.5 26685.8   1912.6  1015.0  2500.9

                 Carbon flux (ktC/yr)                    Water (dam3/yr)                Nitrogen (MgN/yr)
       --------------------------------------- ---------------------------------- --------------------------------
Year   NEP     estab   harvest product NBP     transp     evap    interc  wd      nuptake ndemand  nlosses ninflux
------ ------- ------- ------- ------- ------- ---------- ------- ------- ------- ------- -------- ------- -------
  1976 1053.544   0.439  10.038   0.000 1043.946   774899.8 266392.6 117459.8   489.4 40596.8   2150.5   481.6  3120.3
  1977 131.050   0.440   7.438   0.000 124.052   578126.4 261143.3 113447.5   509.0 14712.0   1157.7   656.7  1751.0
  1978 -127.438   0.446   7.824   0.000 -134.816   500754.3 210128.3 85171.0   701.5 24935.6   1931.6   690.7  2522.5
  1979 263.541   0.434   8.872   0.000 255.104   608519.2 292446.9 101228.8   697.2 41950.4   2961.9   814.5  3710.2
  1980  -3.758   0.441   8.852   0.000 -12.169   604970.7 237259.6 59688.3   512.6 13109.2   2295.7   479.8  3263.9
  1981 -215.882   0.441   5.420   0.000 -220.861   482114.4 226473.9 54117.0   625.9 21317.8    514.4   720.1  1569.6
  1982 719.129   0.438   8.794   0.000 710.772   663422.2 269647.1 110399.5   434.0 55679.6   2750.6   486.7  3871.2
  1983 -421.840   0.445   6.972   0.000 -428.368   439661.3 248692.1 83694.1   697.6  2660.2    570.7  1660.8  1932.6
  1984 1408.320   0.434  10.708   0.000 1398.046   790071.7 239879.0 86083.7   243.6 46875.4   1629.7   631.1  3140.7
  1985 -181.010   0.441   7.183   0.000 -187.751   510327.8 267158.0 94308.1   642.2  8382.2    816.0   518.9  1990.2
  1986 -815.366   0.487   5.715   0.000 -820.594   309919.2 232816.4 43355.8   667.7  7122.6    702.6   601.3  1913.5
  1987  20.801   0.398   5.975   0.000  15.225   428683.0 266734.0 54637.3   679.1 21435.3   1068.4  1330.3  2893.3
  1988 364.045   0.435   5.909   0.000 358.571   564079.6 237680.3 76372.2   643.6 38100.4   1935.8   770.3  2586.8
  1989 899.668   0.437   8.785   0.000 891.320   676282.5 270756.7 97609.2   471.0 42755.7   2398.2   566.4  4013.2
  1990 -314.881   0.444   6.593   0.000 -321.030   514788.3 219619.4 52871.7   522.8  8607.4   1336.6   539.2  2586.5
  1991 338.718   0.436   6.645   0.000 332.508   559716.3 239757.1 78431.3   647.9 31568.3    790.9   577.8  2652.0
  1992 -565.424   0.466   5.546   0.000 -570.504   394282.2 241074.7 60691.7   661.9 12978.8    924.3   473.4  2593.3
  1993  61.467   0.416   6.210   0.000  55.674   433891.3 265827.9 47640.4   522.7 26231.1   1462.2   785.5  3466.9
  1994 1307.494   0.436   7.899   0.000 1300.031   780320.6 271317.2 84743.2   581.7 53973.4   2187.4   520.2  4517.3
  1995 -134.018   0.440   7.163   0.000 -140.741   531261.4 214005.1 71154.2   623.7  7167.9   1073.0   465.4  3465.3
  1996 -190.295   0.440   5.343   0.000 -195.198   460721.1 267612.9 84492.2   677.9 32760.6   1019.9   574.2  3122.3
  1997 401.872   0.439   7.210   0.000 395.101   622267.3 243358.3 104652.5   435.7 51394.5   2580.5   663.1  4639.5
  1998 -503.984   0.467   6.774   0.000 -510.291   508695.5 262459.8 92879.4   673.1  6344.9    913.3  1614.7  3176.6
  1999 1195.151   0.412   9.084   0.000 1186.480   739227.9 283808.8 107628.0   605.6 50268.9   1431.1  1085.8  3420.7
  2000 514.080   0.439   9.741   0.000 504.778   629236.6 257167.7 104629.4   475.4 18988.3   1154.8   474.3  3638.1

                 Carbon flux (ktC/yr)                    Water (dam3/yr)                Nitrogen (MgN/yr)
       --------------------------------------- ---------------------------------- --------------------------------
Year   NEP     estab   harvest product NBP     transp     evap    interc  wd      nuptake ndemand  nlosses ninflux
------ ------- ------- ------- ------- ------- ---------- ------- ------- ------- ------- -------- ------- -------
  2001 -769.446   0.486   7.469   0.000 -776.430   345903.5 239749.7 57993.2   701.0  3190.5   1196.1   625.1  3642.7
  2002 -532.437   0.453   5.143   0.000 -537.127   348895.2 264367.1 42534.9   640.6 10959.5    486.0   811.0  3425.0
  2003 745.121   0.384   7.128   0.000 738.378   557486.7 312307.3 72198.7   455.9 44716.9    805.6  7485.1  3423.7
  2004 1284.144   0.435   8.081   0.000 1276.498   655131.4 246634.7 69057.9   659.8 33419.7   1300.5   681.1  4022.1
  2005 494.973   0.439   7.643   0.000 487.768   663258.4 244952.7 147391.9   509.3 33460.4   1394.0   819.3  4316.2
  2006 -219.706   0.440   9.205   0.000 -228.472   514097.2 260236.8 136515.7   434.0 19637.8   1068.9  3393.3  3556.4
  2007 1350.761   0.439  10.424   0.000 1340.777   948143.9 259091.0 145265.1   275.6 82729.7   2871.0  3222.7  5397.3
  2008  16.284   0.440   9.451   0.000   7.272   683678.8 257474.8 103435.7   677.5  7502.6   1177.0  3833.9  3771.8
  2009 570.089   0.440   9.836   0.000 560.693   708990.2 250113.6 113266.8   488.1 53164.0   1314.2  2521.9  3583.3
  2010 880.654   0.440  11.305   0.000 869.789   804251.0 243689.5 174614.4   475.5 44133.4   3197.6  1539.1  5535.3
  2011 -203.448   0.441  10.442   0.000 -213.450   627604.7 216828.9 151595.0   616.9 14347.8   1200.4   901.9  3369.9
  2012 -131.050   0.440   9.808   0.000 -140.417   579660.0 249123.4 131794.9   459.9 23753.5   1032.1   569.4  3749.4
  2013 677.935   0.438  11.218   0.000 667.155   729107.2 246775.7 172369.9   468.1 63424.4   3994.9   582.7  6450.4
  2014 -193.306   0.446   9.938   0.000 -202.798   594320.9 267105.9 115797.7   436.3 12897.0   1490.0   613.6  3855.9
  2015 165.704   0.437  10.638   0.000 155.502   576090.2 272410.9 117820.2   479.5 31748.1   1780.6   672.3  4178.0
  2016 673.006   0.436   9.756   0.000 663.687   610592.9 257398.1 135974.1   464.0 39876.1   2396.4   450.8  4378.4
  2017 -841.012   0.469   6.956   0.000 -847.499   359701.6 249361.0 93080.9   684.1   623.3    685.4  2379.3  3335.9
  2018 541.028   0.412   8.400   0.000 533.040   583499.0 277853.6 84048.2   667.3 44798.0   1169.7  1240.1  3761.2
  2019 110.431   0.439   8.461   0.000 102.408   535201.6 258498.0 75597.5   521.7 19646.5    873.9   674.0  3505.0
Simulation ended.
lpjml successfully terminated, 81 grid cells processed.
Wall clock time:	322 sec, 0.013 sec/cell/year.
Total wall clock time:	330 sec (00:05:30).
