--------------------------------------
Running config: /home/druijsch/LPJmL5/dev15oct2025/config_files/2026_04_08_run_for_10_locations/boreal_broadleaved_summergreen_tree/spinup/configs/boreal_broadleaved_summergreen_tree_patch3_config_restart_MM.cjson
SLURM task ID: 0
Node: tcn22.local.snellius.surf.nl
--------------------------------------
******************************************************************************
****        _     ____     _           _       ____        _  ___         ****
****       | |   |  _ \   | |_ __ ___ | |     | ___|      / |/ _ \        ****
****       | |   | |_) |  | | '_ ` _ \| |     |___ \      | | | | |       ****
****       | |___|  __/ |_| | | | | | | |___   ___) |  _  | | |_| |       ****
****       |_____|_|   \___/|_| |_| |_|_____| |____/  (_) |_|\___/        ****
****                                                                      ****
****                 lpjml C Version 5.10.1 (Apr 14 2026)                 ****
****    Dynamic global vegetation model with natural and managed land     ****
****                     Compiled for Linux with MPI                      ****
****       (C) Potsdam Institute for Climate Impact Research (PIK),       ****
****                          see COPYRIGHT file                          ****
****              Authors, and contributors see AUTHORS file              ****
**** This version of LPJmL is licensed under GNU AGPL Version 3 or later  ****
****        See LICENSE file or go to http://www.gnu.org/licenses/        ****
****                 or invoke lpjml -l to print license                  ****
****      https://gitlab.pik-potsdam.de/lpjml/wur_team/lpjml-wur.git      ****
****          GIT hash: 5e6f8e1bb5c5d5f3357da68b6c43e9517864f3c2          ****
****                                                                      ****
******************************************************************************

Running for user druijsch on tcn22.local.snellius.surf.nl at Wed Apr 15 09:18:41 2026
Reading configuration from '/home/druijsch/LPJmL5/dev15oct2025/config_files/2026_04_08_run_for_10_locations/boreal_broadleaved_summergreen_tree/spinup/configs/boreal_broadleaved_summergreen_tree_patch3_config_restart_MM.cjson'.
==============================================================================
/----------------------------------------------------------\
|institution: Potsdam Institute for Climate Impact Research|
|contact:                                                  |
|comment:                                                  |
\----------------------------------------------------------/
Simulation "LPJmL Run" running on 50 tasks
Simulation with shuffle spinup climate, nitrogen limitation, permafrost, 
Johansen conductivity, with monthly mortality, percolation heattransfer, 
GSI phenology, NPP controlled BNF, land use, potential irrigation, 
others to crop "maize" and "temperate cereals", land-use change timber, 
fixed residue remove, with auto fertilizer, pft.cjson LAImax, 
livestock grazing, bondau2007 crop PHU option, separate harvests.
Cultivation types: none, biomass, annual crop
Working directory: /gpfs/home5/druijsch
cpp processed configuration file written to `/projects/prjs2023/chapter3/lpjml_output/2026_04_08_run_for_10_locations/boreal_broadleaved_summergreen_tree/patch_3/`.
Starting from restart file '/home/druijsch/LPJmL5/dev15oct2025/restart/2026_04_08_run_for_10_locations/boreal_broadleaved_summergreen_tree/patch_3/restart_1901_nv_stdfire.lpj'.
Input files:
Variable     Fmt  Varname  Filename
------------ ---- -------- ---------------------------------------------------
soil         cdf  soilcode /projects/prjs2023/chapter3/lpjml_input/run_for_10_locations/boreal_broadleaved_summergreen_tree/patch_3/soil.nc
temp         cdf  tas      /projects/prjs2023/chapter3/lpjml_input/run_for_10_locations/boreal_broadleaved_summergreen_tree/patch_3/temp.nc
prec         cdf  pr       /projects/prjs2023/chapter3/lpjml_input/run_for_10_locations/boreal_broadleaved_summergreen_tree/patch_3/prec.nc
lwdown       cdf  rlds     /projects/prjs2023/chapter3/lpjml_input/run_for_10_locations/boreal_broadleaved_summergreen_tree/patch_3/lwdown.nc
swdown       cdf  rsds     /projects/prjs2023/chapter3/lpjml_input/run_for_10_locations/boreal_broadleaved_summergreen_tree/patch_3/swdown.nc
no3_depo     cdf  noy      /projects/prjs2023/chapter3/lpjml_input/ndep-noy_histsoc_monthly_1901_2021_units.nc
nh4_depo     cdf  nhx      /projects/prjs2023/chapter3/lpjml_input/ndep-nhx_histsoc_monthly_1901_2021_units.nc
soilpH       cdf  soil_ph  /projects/prjs2023/chapter3/lpjml_input/hwsd_soil_data_all_land_oceanfilled.nc
co2          txt           /projects/prjs2023/chapter3/lpjml_input/co2_1832-2023.dat
windspeed    cdf  sfcwind  /projects/prjs2023/chapter3/lpjml_input/run_for_10_locations/boreal_broadleaved_summergreen_tree/patch_3/wind.nc
countries    cdf  country  /projects/prjs2023/chapter3/lpjml_input/regridded_cow_full_2018_5min_reduced_filled.nc
landuse      cdf  CFTfrac  /projects/prjs2023/chapter3/lpjml_input/MAPSPAM_2020_crops_filled_ESA_01deg_v7.nc
------------ ---- -------- ---------------------------------------------------
Writing restart file '/home/druijsch/LPJmL5/dev15oct2025/restart/2026_04_08_run_for_10_locations/boreal_broadleaved_summergreen_tree/patch_3/restart_1960_crop_stdfire.lpj' after year 1960.
Reading random seeds from restart file.
Number of output files:       65
Output written in year:       1901
Byte order in output files:   little endian

Compression level for NetCDF: 3
Missing value in NetCDF:      -1e+32
Base year in NetCDF:          1901
NetCDF grid:                  local
Variable            Fmt  Unit        Type   tstep nbd Filename
------------------- ---- ----------- ------ ----- --- -------------------------
albedo              cdf  -           float  month   1 /projects/prjs2023/chapter3/lpjml_output/2026_04_08_run_for_10_locations/boreal_broadleaved_summergreen_tree/patch_3/output/malbedo.nc + .json
cftfrac             cdf  -           float  year   32 /projects/prjs2023/chapter3/lpjml_output/2026_04_08_run_for_10_locations/boreal_broadleaved_summergreen_tree/patch_3/output/cftfrac.nc + .json
discharge           cdf  hm3/day     float  month   1 /projects/prjs2023/chapter3/lpjml_output/2026_04_08_run_for_10_locations/boreal_broadleaved_summergreen_tree/patch_3/output/mdischarge.nc + .json
evap                cdf  mm/month    float  month   1 /projects/prjs2023/chapter3/lpjml_output/2026_04_08_run_for_10_locations/boreal_broadleaved_summergreen_tree/patch_3/output/mevap.nc + .json
fapar               cdf  -           float  month   1 /projects/prjs2023/chapter3/lpjml_output/2026_04_08_run_for_10_locations/boreal_broadleaved_summergreen_tree/patch_3/output/mfapar.nc + .json
firec               cdf  gC/m2/yr    float  year    1 /projects/prjs2023/chapter3/lpjml_output/2026_04_08_run_for_10_locations/boreal_broadleaved_summergreen_tree/patch_3/output/firec.nc + .json
firef               cdf  1           float  year    1 /projects/prjs2023/chapter3/lpjml_output/2026_04_08_run_for_10_locations/boreal_broadleaved_summergreen_tree/patch_3/output/firef.nc + .json
flux_estabc         cdf  gC/m2/yr    float  year    1 /projects/prjs2023/chapter3/lpjml_output/2026_04_08_run_for_10_locations/boreal_broadleaved_summergreen_tree/patch_3/output/flux_estab.nc + .json
fpc                 cdf  -           float  month  12 /projects/prjs2023/chapter3/lpjml_output/2026_04_08_run_for_10_locations/boreal_broadleaved_summergreen_tree/patch_3/output/fpc.nc + .json
globalflux          txt  -           float  year    1 /projects/prjs2023/chapter3/lpjml_output/2026_04_08_run_for_10_locations/boreal_broadleaved_summergreen_tree/patch_3/output/globalflux.csv + .json
gpp                 cdf  gC/m2/month float  month   1 /projects/prjs2023/chapter3/lpjml_output/2026_04_08_run_for_10_locations/boreal_broadleaved_summergreen_tree/patch_3/output/mgpp.nc + .json
litc                cdf  gC/m2       float  year    1 /projects/prjs2023/chapter3/lpjml_output/2026_04_08_run_for_10_locations/boreal_broadleaved_summergreen_tree/patch_3/output/litc.nc + .json
litn                cdf  gN/m2       float  year    1 /projects/prjs2023/chapter3/lpjml_output/2026_04_08_run_for_10_locations/boreal_broadleaved_summergreen_tree/patch_3/output/litn.nc + .json
npp                 cdf  gC/m2/month float  month   1 /projects/prjs2023/chapter3/lpjml_output/2026_04_08_run_for_10_locations/boreal_broadleaved_summergreen_tree/patch_3/output/mnpp.nc + .json
nuptake             cdf  gN/m2/month float  month   1 /projects/prjs2023/chapter3/lpjml_output/2026_04_08_run_for_10_locations/boreal_broadleaved_summergreen_tree/patch_3/output/mnuptake.nc + .json
pet                 cdf  mm/month    float  month   1 /projects/prjs2023/chapter3/lpjml_output/2026_04_08_run_for_10_locations/boreal_broadleaved_summergreen_tree/patch_3/output/mpet.nc + .json
pft_chawo           cdf  gC/m2       float  year   43 /projects/prjs2023/chapter3/lpjml_output/2026_04_08_run_for_10_locations/boreal_broadleaved_summergreen_tree/patch_3/output/pft_chawo.nc + .json
pft_cleaf           cdf  gC/m2       float  year   43 /projects/prjs2023/chapter3/lpjml_output/2026_04_08_run_for_10_locations/boreal_broadleaved_summergreen_tree/patch_3/output/pft_cleaf.nc + .json
pft_croot           cdf  gC/m2       float  year   43 /projects/prjs2023/chapter3/lpjml_output/2026_04_08_run_for_10_locations/boreal_broadleaved_summergreen_tree/patch_3/output/pft_croot.nc + .json
pft_csapw           cdf  gC/m2       float  year   43 /projects/prjs2023/chapter3/lpjml_output/2026_04_08_run_for_10_locations/boreal_broadleaved_summergreen_tree/patch_3/output/pft_csapw.nc + .json
pft_fpar            cdf  -           float  month  43 /projects/prjs2023/chapter3/lpjml_output/2026_04_08_run_for_10_locations/boreal_broadleaved_summergreen_tree/patch_3/output/pft_fpar.nc + .json
pft_gpp             cdf  gC/m2/month float  month  43 /projects/prjs2023/chapter3/lpjml_output/2026_04_08_run_for_10_locations/boreal_broadleaved_summergreen_tree/patch_3/output/pft_gpp.nc + .json
pft_laimax          cdf  m2/m2       float  year   43 /projects/prjs2023/chapter3/lpjml_output/2026_04_08_run_for_10_locations/boreal_broadleaved_summergreen_tree/patch_3/output/pft_laimax.nc + .json
pft_mort            cdf  1/month     float  month  11 /projects/prjs2023/chapter3/lpjml_output/2026_04_08_run_for_10_locations/boreal_broadleaved_summergreen_tree/patch_3/output/pft_mort.nc + .json
pft_mort_background cdf  1/month     float  month  11 /projects/prjs2023/chapter3/lpjml_output/2026_04_08_run_for_10_locations/boreal_broadleaved_summergreen_tree/patch_3/output/pft_mort_background.nc + .json
pft_mort_drought    cdf  1/month     float  month  11 /projects/prjs2023/chapter3/lpjml_output/2026_04_08_run_for_10_locations/boreal_broadleaved_summergreen_tree/patch_3/output/pft_mort_drought.nc + .json
pft_mort_heat       cdf  1/month     float  month  11 /projects/prjs2023/chapter3/lpjml_output/2026_04_08_run_for_10_locations/boreal_broadleaved_summergreen_tree/patch_3/output/pft_mort_heat.nc + .json
pft_nind            cdf  ind/m²     float  month  11 /projects/prjs2023/chapter3/lpjml_output/2026_04_08_run_for_10_locations/boreal_broadleaved_summergreen_tree/patch_3/output/pft_nind.nc + .json
pft_nleaf           cdf  gN/m2       float  year   43 /projects/prjs2023/chapter3/lpjml_output/2026_04_08_run_for_10_locations/boreal_broadleaved_summergreen_tree/patch_3/output/pft_nleaf.nc + .json
pft_npp             cdf  gC/m2/yr    float  year   43 /projects/prjs2023/chapter3/lpjml_output/2026_04_08_run_for_10_locations/boreal_broadleaved_summergreen_tree/patch_3/output/pft_npp.nc + .json
pft_nroot           cdf  gN/m2       float  year   43 /projects/prjs2023/chapter3/lpjml_output/2026_04_08_run_for_10_locations/boreal_broadleaved_summergreen_tree/patch_3/output/pft_nroot.nc + .json
pft_nuptake         cdf  gN/m2/yr    float  year   43 /projects/prjs2023/chapter3/lpjml_output/2026_04_08_run_for_10_locations/boreal_broadleaved_summergreen_tree/patch_3/output/pft_nuptake.nc + .json
pft_phen            cdf  -           float  month  43 /projects/prjs2023/chapter3/lpjml_output/2026_04_08_run_for_10_locations/boreal_broadleaved_summergreen_tree/patch_3/output/pft_phen.nc + .json
pft_survive_frac    cdf  -           float  month  43 /projects/prjs2023/chapter3/lpjml_output/2026_04_08_run_for_10_locations/boreal_broadleaved_summergreen_tree/patch_3/output/pft_survive_frac.nc + .json
pft_vegc            cdf  gC/m2       float  year   43 /projects/prjs2023/chapter3/lpjml_output/2026_04_08_run_for_10_locations/boreal_broadleaved_summergreen_tree/patch_3/output/pft_vegc.nc + .json
pft_vegn            cdf  gN/m2       float  year   43 /projects/prjs2023/chapter3/lpjml_output/2026_04_08_run_for_10_locations/boreal_broadleaved_summergreen_tree/patch_3/output/pft_vegn.nc + .json
pft_water_demand    cdf  mm/yr       float  year   43 /projects/prjs2023/chapter3/lpjml_output/2026_04_08_run_for_10_locations/boreal_broadleaved_summergreen_tree/patch_3/output/pft_water_demand.nc + .json
phen_light          cdf  -           float  month   1 /projects/prjs2023/chapter3/lpjml_output/2026_04_08_run_for_10_locations/boreal_broadleaved_summergreen_tree/patch_3/output/mphen_light.nc + .json
phen_tmax           cdf  -           float  month   1 /projects/prjs2023/chapter3/lpjml_output/2026_04_08_run_for_10_locations/boreal_broadleaved_summergreen_tree/patch_3/output/mphen_tmax.nc + .json
phen_tmin           cdf  -           float  month   1 /projects/prjs2023/chapter3/lpjml_output/2026_04_08_run_for_10_locations/boreal_broadleaved_summergreen_tree/patch_3/output/mphen_tmin.nc + .json
phen_water          cdf  -           float  month   1 /projects/prjs2023/chapter3/lpjml_output/2026_04_08_run_for_10_locations/boreal_broadleaved_summergreen_tree/patch_3/output/mphen_water.nc + .json
rd                  cdf  gC/m2/month float  month   1 /projects/prjs2023/chapter3/lpjml_output/2026_04_08_run_for_10_locations/boreal_broadleaved_summergreen_tree/patch_3/output/rd.nc + .json
rh                  cdf  gC/m2/month float  month   1 /projects/prjs2023/chapter3/lpjml_output/2026_04_08_run_for_10_locations/boreal_broadleaved_summergreen_tree/patch_3/output/mrh.nc + .json
runoff              cdf  mm/month    float  month   1 /projects/prjs2023/chapter3/lpjml_output/2026_04_08_run_for_10_locations/boreal_broadleaved_summergreen_tree/patch_3/output/mrunoff.nc + .json
soilc               cdf  gC/m2       float  year    1 /projects/prjs2023/chapter3/lpjml_output/2026_04_08_run_for_10_locations/boreal_broadleaved_summergreen_tree/patch_3/output/soilc.nc + .json
soilc_layer         cdf  gC/m2       float  year    5 /projects/prjs2023/chapter3/lpjml_output/2026_04_08_run_for_10_locations/boreal_broadleaved_summergreen_tree/patch_3/output/soilc_layer.nc + .json
soiln               cdf  gN/m2       float  year    1 /projects/prjs2023/chapter3/lpjml_output/2026_04_08_run_for_10_locations/boreal_broadleaved_summergreen_tree/patch_3/output/soiln.nc + .json
soiln_layer         cdf  gN/m2       float  year    5 /projects/prjs2023/chapter3/lpjml_output/2026_04_08_run_for_10_locations/boreal_broadleaved_summergreen_tree/patch_3/output/soiln_layer.nc + .json
soilnh4             cdf  gN/m2       float  year    1 /projects/prjs2023/chapter3/lpjml_output/2026_04_08_run_for_10_locations/boreal_broadleaved_summergreen_tree/patch_3/output/soilnh4.nc + .json
soilnh4_layer       cdf  gN/m2       float  year    5 /projects/prjs2023/chapter3/lpjml_output/2026_04_08_run_for_10_locations/boreal_broadleaved_summergreen_tree/patch_3/output/soilnh4_layer.nc + .json
soilno3             cdf  gN/m2       float  year    1 /projects/prjs2023/chapter3/lpjml_output/2026_04_08_run_for_10_locations/boreal_broadleaved_summergreen_tree/patch_3/output/soilno3.nc + .json
soilno3_layer       cdf  gN/m2       float  year    5 /projects/prjs2023/chapter3/lpjml_output/2026_04_08_run_for_10_locations/boreal_broadleaved_summergreen_tree/patch_3/output/soilno3_layer.nc + .json
soiltemp1           cdf  Celsius     float  month   1 /projects/prjs2023/chapter3/lpjml_output/2026_04_08_run_for_10_locations/boreal_broadleaved_summergreen_tree/patch_3/output/msoiltemp1.nc + .json
soiltemp2           cdf  Celsius     float  month   1 /projects/prjs2023/chapter3/lpjml_output/2026_04_08_run_for_10_locations/boreal_broadleaved_summergreen_tree/patch_3/output/msoiltemp2.nc + .json
soiltemp3           cdf  Celsius     float  month   1 /projects/prjs2023/chapter3/lpjml_output/2026_04_08_run_for_10_locations/boreal_broadleaved_summergreen_tree/patch_3/output/msoiltemp3.nc + .json
swc1                cdf  1           float  month   1 /projects/prjs2023/chapter3/lpjml_output/2026_04_08_run_for_10_locations/boreal_broadleaved_summergreen_tree/patch_3/output/mswc1.nc + .json
swc2                cdf  1           float  month   1 /projects/prjs2023/chapter3/lpjml_output/2026_04_08_run_for_10_locations/boreal_broadleaved_summergreen_tree/patch_3/output/mswc2.nc + .json
swc3                cdf  1           float  month   1 /projects/prjs2023/chapter3/lpjml_output/2026_04_08_run_for_10_locations/boreal_broadleaved_summergreen_tree/patch_3/output/mswc3.nc + .json
swc4                cdf  1           float  month   1 /projects/prjs2023/chapter3/lpjml_output/2026_04_08_run_for_10_locations/boreal_broadleaved_summergreen_tree/patch_3/output/mswc4.nc + .json
swc5                cdf  1           float  month   1 /projects/prjs2023/chapter3/lpjml_output/2026_04_08_run_for_10_locations/boreal_broadleaved_summergreen_tree/patch_3/output/mswc5.nc + .json
transp              cdf  mm/month    float  month   1 /projects/prjs2023/chapter3/lpjml_output/2026_04_08_run_for_10_locations/boreal_broadleaved_summergreen_tree/patch_3/output/mtransp.nc + .json
vegc                cdf  gC/m2       float  year    1 /projects/prjs2023/chapter3/lpjml_output/2026_04_08_run_for_10_locations/boreal_broadleaved_summergreen_tree/patch_3/output/vegc.nc + .json
vegn                cdf  gN/m2       float  year    1 /projects/prjs2023/chapter3/lpjml_output/2026_04_08_run_for_10_locations/boreal_broadleaved_summergreen_tree/patch_3/output/vegn.nc + .json
wateramount         cdf  hm3         float  month   1 /projects/prjs2023/chapter3/lpjml_output/2026_04_08_run_for_10_locations/boreal_broadleaved_summergreen_tree/patch_3/output/mwateramount.nc + .json
wscal               cdf  -           float  month   1 /projects/prjs2023/chapter3/lpjml_output/2026_04_08_run_for_10_locations/boreal_broadleaved_summergreen_tree/patch_3/output/wscal.nc + .json
------------------- ---- ----------- ------ ----- --- -------------------------
Spinup years:                   180
Cycle length during spinup:      30
First year:                    1901
Last year:                     2019
Number of grid cells:            81
==============================================================================
Memory allocated for output: 7,096 bytes/cell
Simulation begins...
Spinup using climate starting from year 1901

                 Carbon flux (ktC/yr)                    Water (dam3/yr)                Nitrogen (MgN/yr)
       --------------------------------------- ---------------------------------- --------------------------------
Spinup NEP     estab   harvest product NBP     transp     evap    interc  wd      nuptake ndemand  nlosses ninflux
------ ------- ------- ------- ------- ------- ---------- ------- ------- ------- ------- -------- ------- -------
  1721 -212.858   0.001   0.000   0.000 -212.857   458528.7 247769.7 48846.2     0.0 16984.8   1036.3   962.5  2519.9
  1722 -78.124   0.000   0.000   0.000 -78.123   443416.3 186360.9 40915.7     0.0 23715.3    654.9   895.8  2229.9
  1723 -364.101   0.003   0.000   0.000 -364.098   401915.1 230445.8 52223.5     0.0 17303.7    420.9  1092.7  1981.1
  1724 -215.531  -0.000   0.000   0.000 -215.532   445304.5 252646.2 49027.9     0.0 25543.1    678.2  1279.1  2107.8
  1725 146.723  -0.001   0.000   0.000 146.722   470299.8 236212.8 33945.2     0.0 30004.7    778.1  1446.7  2369.8
  1726 680.665  -0.002   0.000   0.000 680.663   541629.1 237324.5 57854.8     0.0 39562.0   1169.6   996.8  2636.5
  1727 -344.439   0.003   0.000   0.000 -344.436   423484.6 253410.5 53792.6     0.0  7117.4   1039.5   934.8  2277.1
  1728 -169.193  -0.001   0.000   0.000 -169.194   422371.4 249496.6 39339.4     0.0 21218.9    600.3   937.2  2228.1
  1729 -129.152   0.001   0.000   0.000 -129.151   417354.5 216953.2 40300.2     0.0 26382.9    399.0  1421.0  2017.4
  1730 178.251  -0.001   0.000   0.000 178.251   520409.7 243322.4 54625.8     0.0 35577.4   1025.2   831.8  2432.1
  1731 -232.579  -0.001   0.000   0.000 -232.580   447319.5 284212.6 74844.6     0.0 19232.9   1467.6  1515.4  2583.6
  1732 460.118  -0.002   0.000   0.000 460.116   595114.1 254189.2 58461.2     0.0 41926.8   1574.4   791.7  3151.3
  1733 201.039   0.001   0.000   0.000 201.039   517305.2 208430.7 61818.7     0.0 12350.3   1367.5   745.3  2526.8
  1734 -120.286   0.002   0.000   0.000 -120.284   454363.7 238847.2 48434.6     0.0 23338.6   1258.8   758.9  2441.9
  1735 -199.933   0.002   0.000   0.000 -199.931   401460.8 237361.9 72058.9     0.0 22111.8    824.9   847.4  2292.5
  1736 -108.935   0.001   0.000   0.000 -108.934   419218.3 257261.9 38359.2     0.0 25109.5   1665.6   745.2  2760.1
  1737 -243.284   0.000   0.000   0.000 -243.284   411012.3 244118.0 45834.7     0.0 22319.9   1627.2   778.3  2723.2
  1738 -143.287   0.001   0.000   0.000 -143.287   416797.1 225535.8 49223.1     0.0 23737.3    993.8   799.2  2361.3
  1739 218.200  -0.000   0.000   0.000 218.199   507347.4 243948.1 53956.7     0.0 35178.4   2361.6   712.4  3370.4
  1740 141.698  -0.001   0.000   0.000 141.696   522951.3 243757.8 62192.1     0.0 23390.2   1443.4   733.0  2660.3
  1741 -88.132  -0.000   0.000   0.000 -88.133   448387.7 240592.1 44447.9     0.0 20025.6   1238.1   747.0  2454.8
  1742 193.753   0.000   0.000   0.000 193.753   511482.4 235882.1 55404.2     0.0 36115.3   1859.9   692.4  3174.4
  1743 -209.613   0.004   0.000   0.000 -209.610   400539.3 233861.3 45276.9     0.0 12323.5   1010.1   820.2  2221.8
  1744 -98.826  -0.000   0.000   0.000 -98.826   376795.8 209215.3 43496.3     0.0 15002.8    878.0   865.3  2292.2
  1745 386.026  -0.001   0.000   0.000 386.025   539216.8 247072.2 50961.1     0.0 37211.0   1227.3  1037.3  2588.7

                 Carbon flux (ktC/yr)                    Water (dam3/yr)                Nitrogen (MgN/yr)
       --------------------------------------- ---------------------------------- --------------------------------
Spinup NEP     estab   harvest product NBP     transp     evap    interc  wd      nuptake ndemand  nlosses ninflux
------ ------- ------- ------- ------- ------- ---------- ------- ------- ------- ------- -------- ------- -------
  1746  10.027  -0.000   0.000   0.000  10.027   478107.0 192447.7 41136.7     0.0 19316.4   1168.7   770.0  2606.2
  1747 -417.002   0.040   0.000   0.000 -416.962   269242.7 178011.4 28184.3     0.0  2901.9    506.3   822.4  1995.8
  1748 -189.278  -0.015   0.000   0.000 -189.294   250792.6 181166.3 17724.9     0.0  7431.0    704.5   924.1  2185.2
  1749 -66.324  -0.019   0.000   0.000 -66.342   365733.9 239818.9 20803.6     0.0 28566.9    628.4  1267.0  2220.9
  1750  49.355  -0.001   0.000   0.000  49.354   388968.3 253516.0 21848.7     0.0 23134.5    759.5  1131.3  2434.3
  1751 156.319  -0.000   0.000   0.000 156.319   391565.7 210353.3 26987.9     0.0 25297.2    830.1   844.1  2426.9
  1752  81.840  -0.001   0.000   0.000  81.839   451553.3 257259.5 30467.9     0.0 31468.6   1506.9   793.3  3177.6
  1753  92.994  -0.001   0.000   0.000  92.993   434805.8 250434.7 48530.7     0.0 23765.7   1152.0   758.4  2768.5
  1754 216.176  -0.001   0.000   0.000 216.174   505495.2 184887.0 34955.1     0.0 28984.6   1053.8   718.2  2693.5
  1755 -374.319   0.001   0.000   0.000 -374.319   346380.2 231662.9 46536.3     0.0 11793.9    545.8   952.2  2209.1
  1756 -557.752   0.039   0.000   0.000 -557.712   356509.3 236383.2 47316.4     0.0 15994.0   1050.9  1069.6  2741.7
  1757 162.862  -0.036   0.000   0.000 162.826   435906.4 267318.2 28599.6     0.0 46193.4   2146.0  1997.5  3042.7
  1758 184.819  -0.002   0.000   0.000 184.816   491701.2 290028.4 50565.5     0.0 11618.8   1261.1  6013.5  2750.9
  1759 918.358  -0.003   0.000   0.000 918.355   687598.9 266963.1 45311.4     0.0 41140.3    823.2  1482.7  2533.6
  1760 844.653  -0.001   0.000   0.000 844.652   640277.9 245214.6 77435.9     0.0 30944.7   1034.8   897.5  2550.7
  1761 -610.367   0.018   0.000   0.000 -610.348   412251.6 286492.8 102366.1     0.0  7769.0    913.6  2360.7  2180.8
  1762 853.805  -0.018   0.000   0.000 853.787   668866.2 235976.8 50344.3     0.0 35298.1    978.1   921.8  2441.1
  1763 -504.966   0.041   0.000   0.000 -504.925   421588.3 210311.9 54709.2     0.0  2537.4    817.2   821.3  2255.8
  1764 -432.860   0.016   0.000   0.000 -432.845   277334.2 231920.5 29933.0     0.0  6542.0    394.0  1038.2  2050.4
  1765 -68.702  -0.048   0.000   0.000 -68.750   393237.7 251810.6 30299.5     0.0 22035.4    388.8  1237.9  2105.2
  1766 -399.757   0.002   0.000   0.000 -399.755   390636.7 209733.3 33218.2     0.0 17437.4    424.4  1296.5  2043.1
  1767 -57.168  -0.001   0.000   0.000 -57.169   409303.5 237401.7 27428.0     0.0 24478.8    424.1  1249.5  2225.3
  1768 245.596  -0.003   0.000   0.000 245.593   485612.7 228134.6 38219.5     0.0 36231.4    445.2  2011.2  2193.3
  1769 137.585  -0.003   0.000   0.000 137.583   500984.8 236037.2 50676.0     0.0 22936.5    649.5   961.8  2217.7
  1770  26.292  -0.001   0.000   0.000  26.292   519009.6 252449.0 59180.5     0.0 28162.1    777.0   902.1  2263.9

                 Carbon flux (ktC/yr)                    Water (dam3/yr)                Nitrogen (MgN/yr)
       --------------------------------------- ---------------------------------- --------------------------------
Spinup NEP     estab   harvest product NBP     transp     evap    interc  wd      nuptake ndemand  nlosses ninflux
------ ------- ------- ------- ------- ------- ---------- ------- ------- ------- ------- -------- ------- -------
  1771 113.128  -0.000   0.000   0.000 113.128   517456.6 211788.7 55567.2     0.0 26964.8   1065.1   874.9  2522.6
  1772 -292.557   0.001   0.000   0.000 -292.555   385081.5 245893.9 57358.9     0.0 15671.9   1045.2   981.2  2447.7
  1773 -368.280   0.001   0.000   0.000 -368.279   462037.0 216695.2 48426.5     0.0 21473.5   1185.5   936.7  2496.2
  1774 -196.372   0.000   0.000   0.000 -196.372   416392.4 225853.6 48984.7     0.0 23221.0    814.4  1299.3  2195.4
  1775 -33.235   0.000   0.000   0.000 -33.234   439361.2 184291.6 37633.1     0.0 24527.2   1070.4   855.2  2518.0
  1776  23.985   0.001   0.000   0.000  23.985   426950.8 212762.4 39168.9     0.0 25241.2    699.3  1949.9  2125.5
  1777 -265.602   0.001   0.000   0.000 -265.601   397092.1 250557.7 47004.5     0.0 19226.3    715.5  1125.9  2166.5
  1778 574.925  -0.002   0.000   0.000 574.923   540948.7 221990.5 34122.8     0.0 41530.9   1060.1  1183.7  2457.1
  1779  23.903  -0.001   0.000   0.000  23.903   482376.2 248624.4 57204.6     0.0 16243.5    850.1   965.2  2133.3
  1780 505.267  -0.001   0.000   0.000 505.266   555160.9 223134.1 42366.7     0.0 35570.4   1064.0   895.4  2442.1
  1781 -442.287   0.033   0.000   0.000 -442.254   355008.0 257946.5 40458.6     0.0  4312.3    675.2   853.6  2148.0
  1782 170.849  -0.030   0.000   0.000 170.819   436135.6 232900.9 28859.2     0.0 23039.7    576.8  2285.7  2187.0
  1783 276.026  -0.001   0.000   0.000 276.025   517955.7 227303.6 45753.3     0.0 31219.2    486.7   887.8  2085.1
  1784 -351.876   0.002   0.000   0.000 -351.874   360311.3 251519.8 49298.3     0.0 13383.0    894.0  1017.1  2377.5
  1785 192.627   0.000   0.000   0.000 192.627   524820.2 241127.9 50813.6     0.0 34984.1   1042.4   865.8  2610.0
  1786 286.109  -0.002   0.000   0.000 286.108   549133.7 241968.2 51841.7     0.0 27429.9   1401.1   825.5  2909.1
  1787 -448.770   0.002   0.000   0.000 -448.768   400345.6 258808.2 79660.5     0.0 13806.4    912.8  1987.4  2238.2
  1788 532.741  -0.004   0.000   0.000 532.737   607463.4 266209.6 47657.5     0.0 44320.0   1511.6   850.4  3122.8
  1789 -180.703   0.002   0.000   0.000 -180.701   479218.1 236840.8 65923.2     0.0  7270.4   1158.0   934.1  2526.3
  1790 447.194  -0.001   0.000   0.000 447.193   577085.0 245909.3 61606.3     0.0 31918.1    570.9  1334.5  2147.1
  1791 -532.040   0.007   0.000   0.000 -532.033   449119.4 222695.9 58340.9     0.0 11872.6    604.3  1007.0  2115.7
  1792 -205.815  -0.005   0.000   0.000 -205.820   422042.2 239001.9 50053.7     0.0 18073.6    632.4  1014.9  2103.0
  1793  26.029  -0.000   0.000   0.000  26.029   497920.0 256496.8 46833.2     0.0 34755.7    951.1   943.8  2523.0
  1794 155.352   0.000   0.000   0.000 155.352   472648.7 253212.9 61612.2     0.0 25949.2    909.9   999.1  2436.4
  1795 217.221  -0.001   0.000   0.000 217.221   546675.2 238180.6 63229.1     0.0 30535.2   1183.6   818.7  2537.8

                 Carbon flux (ktC/yr)                    Water (dam3/yr)                Nitrogen (MgN/yr)
       --------------------------------------- ---------------------------------- --------------------------------
Spinup NEP     estab   harvest product NBP     transp     evap    interc  wd      nuptake ndemand  nlosses ninflux
------ ------- ------- ------- ------- ------- ---------- ------- ------- ------- ------- -------- ------- -------
  1796 -35.765  -0.000   0.000   0.000 -35.766   500415.8 234531.1 64238.4     0.0 22087.1    971.3   805.4  2222.0
  1797 -685.248   0.038   0.000   0.000 -685.209   357068.8 242172.9 48838.6     0.0  5279.9    622.3   974.5  2123.4
  1798 -327.896  -0.026   0.000   0.000 -327.922   299813.0 263176.5 24336.2     0.0 17134.0    659.3  1004.1  2218.4
  1799  53.484  -0.008   0.000   0.000  53.476   426462.4 228752.4 33190.0     0.0 31853.8    708.1  1672.7  2257.1
  1800 199.404  -0.002   0.000   0.000 199.402   465546.5 188748.6 29075.6     0.0 23666.6    917.8   933.9  2534.8
  1801  21.140  -0.000   0.000   0.000  21.140   432168.5 225588.8 29508.2     0.0 18736.1    633.2  3582.7  2321.2
  1802 318.724   0.000   0.000   0.000 318.724   529020.1 243719.2 53041.8     0.0 42219.1   1034.5  1115.2  2437.0
  1803  51.889  -0.001   0.000   0.000  51.888   473809.2 252622.1 50711.1     0.0 24407.5   1373.8   966.3  2718.5
  1804  79.303  -0.001   0.000   0.000  79.301   505264.9 248684.5 50279.4     0.0 23612.9   1459.1   868.6  2768.6
  1805 -208.968  -0.000   0.000   0.000 -208.969   420298.1 185364.9 44242.0     0.0 15069.2   1127.3   835.7  2450.5
  1806 -425.480   0.007   0.000   0.000 -425.473   356289.6 246359.7 43721.8     0.0 13280.1    744.8  1159.3  2217.4
  1807  -2.249  -0.000   0.000   0.000  -2.249   448413.2 254696.0 44092.2     0.0 29386.7    820.6  1639.0  2398.6
  1808 292.129  -0.004   0.000   0.000 292.126   470344.5 243377.7 52644.9     0.0 30988.1   1052.8  1630.3  2555.7
  1809 164.073  -0.001   0.000   0.000 164.072   475731.1 208584.6 41880.1     0.0 23177.9   1129.8  1379.0  2496.4
  1810 -52.729  -0.001   0.000   0.000 -52.730   486833.2 287539.2 74737.5     0.0 27661.9   1760.7  1496.9  2941.8
  1811 612.991  -0.002   0.000   0.000 612.989   681381.2 258845.8 69254.6     0.0 40286.7   1553.5   855.4  3110.1
  1812  15.212   0.000   0.000   0.000  15.212   548676.4 235249.1 79778.0     0.0 14572.4   1125.0   803.7  2421.8
  1813 -339.780   0.015   0.000   0.000 -339.764   423539.5 239060.2 66376.3     0.0 20442.2    992.6   839.8  2252.9
  1814 -257.387  -0.011   0.000   0.000 -257.398   392482.2 244023.5 38613.6     0.0 19630.0   1524.5   771.5  2525.5
  1815 -137.116   0.012   0.000   0.000 -137.104   324865.0 174693.2 27410.3     0.0 11994.3   1179.5   735.4  2326.5
  1816 287.230  -0.009   0.000   0.000 287.221   438601.3 246789.0 40584.8     0.0 41518.3   1631.4   978.4  3210.2
  1817 -124.848  -0.001   0.000   0.000 -124.849   405895.2 251042.4 41357.1     0.0 14432.3   1486.1  1054.4  2702.9
  1818 600.390  -0.001   0.000   0.000 600.389   554969.5 217647.6 39057.5     0.0 41903.1   1665.4   994.1  3140.1
  1819 -650.909   0.037   0.000   0.000 -650.871   319729.6 227732.3 41840.3     0.0 -1653.7    351.5  1821.4  2015.5
  1820 417.978  -0.032   0.000   0.000 417.946   492109.3 245067.4 30722.3     0.0 31123.6    498.0  1614.7  2309.8

                 Carbon flux (ktC/yr)                    Water (dam3/yr)                Nitrogen (MgN/yr)
       --------------------------------------- ---------------------------------- --------------------------------
Spinup NEP     estab   harvest product NBP     transp     evap    interc  wd      nuptake ndemand  nlosses ninflux
------ ------- ------- ------- ------- ------- ---------- ------- ------- ------- ------- -------- ------- -------
  1821 841.962  -0.004   0.000   0.000 841.958   572467.4 240989.7 52533.4     0.0 35663.1    668.6  1621.6  2379.7
  1822 -507.443   0.013   0.000   0.000 -507.430   374547.5 228303.7 44890.4     0.0  7099.3    456.7  1338.7  2019.5
  1823 223.701  -0.012   0.000   0.000 223.689   507816.1 273433.7 39518.3     0.0 26389.8    538.0  1516.7  2288.1
  1824 229.195  -0.001   0.000   0.000 229.194   532420.9 216638.2 49203.6     0.0 28939.2    814.9  1078.1  2447.6
  1825 -230.628   0.004   0.000   0.000 -230.624   394452.1 227527.0 45035.3     0.0 14752.2    828.6   863.0  2274.2
  1826 -523.703   0.017   0.000   0.000 -523.686   327135.2 203152.2 31652.0     0.0  8383.7    456.2   973.3  2024.6
  1827  63.552  -0.016   0.000   0.000  63.536   384515.7 197506.6 22906.6     0.0 24900.9    541.7  2826.1  2079.2
  1828 -149.816  -0.003   0.000   0.000 -149.818   360053.5 259418.7 36026.5     0.0 18924.0    342.2  2679.1  2189.2
  1829 -97.549  -0.000   0.000   0.000 -97.549   516796.8 227958.0 55099.0     0.0 55639.0   2244.7  2415.6  3631.7
  1830 481.487  -0.002   0.000   0.000 481.484   596351.7 235053.7 57311.8     0.0 36094.3   3393.4  1018.3  3180.9
  1831 -87.930   0.000   0.000   0.000 -87.930   495751.9 240905.3 59192.6     0.0  4860.2   1621.6  1103.0  2796.2
  1832 -200.379   0.001   0.000   0.000 -200.379   437860.4 211805.2 41581.6     0.0 18246.2    616.1  1059.2  2253.7
  1833 -475.326   0.015   0.000   0.000 -475.311   292911.3 216993.2 34121.8     0.0  8024.3    450.1  1089.9  2072.6
  1834 -475.339   0.002   0.000   0.000 -475.336   303047.6 248090.9 37112.2     0.0 11977.1    852.9  4791.0  2463.4
  1835 268.659  -0.011   0.000   0.000 268.648   455002.0 256807.1 31041.7     0.0 43099.0   1065.7  3351.1  2627.9
  1836 677.902  -0.001   0.000   0.000 677.901   586650.2 244158.1 47189.8     0.0 26205.0    909.5  3351.5  2379.9
  1837 213.421  -0.001   0.000   0.000 213.421   401763.1 192118.3 31208.8     0.0 12811.4    510.6  1189.8  2076.9
  1838 -538.358   0.001   0.000   0.000 -538.357   349836.2 288328.2 58698.0     0.0 15243.2    550.6  6095.3  2108.7
  1839 620.293  -0.004   0.000   0.000 620.289   576792.2 266782.1 39086.1     0.0 50305.0   1036.6  1000.4  2874.4
  1840 272.231  -0.000   0.000   0.000 272.230   589325.3 250123.9 65471.9     0.0 20631.9   1439.5   804.0  2861.2
  1841 270.043  -0.000   0.000   0.000 270.043   561258.8 241656.5 61586.0     0.0 26911.7   1298.9   843.4  2750.2
  1842 -411.869   0.013   0.000   0.000 -411.856   395190.4 252823.9 53917.9     0.0 11038.2   1082.2   790.0  2472.8
  1843 -32.174  -0.010   0.000   0.000 -32.184   436467.8 245038.0 36028.2     0.0 23851.4    901.4   880.6  2334.0
  1844 -143.154   0.001   0.000   0.000 -143.153   380677.4 219292.2 39752.4     0.0 19340.8   1287.3   760.9  2468.5
  1845 -299.392  -0.001   0.000   0.000 -299.393   382277.6 243827.3 33072.9     0.0 19479.7   1403.0   773.3  2796.1

                 Carbon flux (ktC/yr)                    Water (dam3/yr)                Nitrogen (MgN/yr)
       --------------------------------------- ---------------------------------- --------------------------------
Spinup NEP     estab   harvest product NBP     transp     evap    interc  wd      nuptake ndemand  nlosses ninflux
------ ------- ------- ------- ------- ------- ---------- ------- ------- ------- ------- -------- ------- -------
  1846 350.895  -0.001   0.000   0.000 350.894   509542.3 221809.0 32573.0     0.0 37652.5   2156.5   823.7  3500.1
  1847   5.939   0.000   0.000   0.000   5.940   454919.9 231972.0 39441.2     0.0 15834.3   1235.8   768.3  2457.2
  1848 -99.481   0.002   0.000   0.000 -99.480   389618.0 219873.1 41425.7     0.0 21933.3   1367.5   713.1  2519.8
  1849 -255.934  -0.000   0.000   0.000 -255.934   407124.7 236796.2 46736.0     0.0 22201.6   1288.1   728.2  2484.7
  1850 -238.854   0.001   0.000   0.000 -238.854   376854.1 256105.8 32252.2     0.0 21780.9   1816.8   710.0  2946.0
  1851 129.553  -0.001   0.000   0.000 129.552   456350.6 264993.6 55191.9     0.0 31967.3   2650.5   678.3  3810.4
  1852 510.298  -0.002   0.000   0.000 510.296   592859.0 248155.3 47657.1     0.0 33000.7   3034.8   708.8  4331.1
  1853 -30.538  -0.000   0.000   0.000 -30.538   506580.7 241949.9 70494.3     0.0 17095.9    835.7   794.7  2214.0
  1854 -127.113   0.001   0.000   0.000 -127.112   465390.6 239404.8 60087.8     0.0 21952.6   1189.9   804.7  2599.1
  1855 -45.645   0.000   0.000   0.000 -45.645   449980.0 220300.5 45353.1     0.0 30672.7    873.7   874.4  2275.8
  1856 292.007  -0.001   0.000   0.000 292.006   534370.9 270852.2 74222.7     0.0 33220.7   2455.9   678.6  3754.7
  1857 550.554  -0.001   0.000   0.000 550.553   621695.0 226338.5 54759.6     0.0 26956.4   2789.3   658.0  3910.1
  1858 510.750  -0.001   0.000   0.000 510.750   567743.4 239062.1 87295.5     0.0 28279.3   1552.4   692.6  2893.0
  1859 -446.471   0.025   0.000   0.000 -446.445   463796.4 259076.9 70861.3     0.0 10007.6    849.9   809.2  2205.1
  1860 232.669  -0.023   0.000   0.000 232.646   505131.0 227860.1 48462.8     0.0 30839.6   1410.5  1377.3  2827.2
  1861 -756.227   0.053   0.000   0.000 -756.174   288850.5 261846.7 35851.4     0.0 -2393.5    651.6  1017.4  2142.7
  1862 -56.998  -0.049   0.000   0.000 -57.047   388805.0 281877.3 30992.8     0.0 20014.1    529.8  2296.5  2134.4
  1863 588.795  -0.003   0.000   0.000 588.793   569970.0 235958.4 43636.5     0.0 34323.4    527.6  3479.1  2235.5
  1864  -5.422  -0.001   0.000   0.000  -5.423   486906.0 240963.0 42498.1     0.0 16650.8    519.4  1160.6  2157.3
  1865 572.675  -0.002   0.000   0.000 572.673   527929.7 237151.2 62322.7     0.0 44154.2    840.4  1087.0  2385.1
  1866 -641.605   0.028   0.000   0.000 -641.578   389203.4 241038.2 51326.2     0.0  -932.5    625.8   897.9  2119.8
  1867 -77.381  -0.024   0.000   0.000 -77.405   411584.5 266570.4 38381.4     0.0 21810.1    558.0  1231.2  2098.1
  1868 188.514  -0.001   0.000   0.000 188.513   530630.2 242211.6 50802.9     0.0 32321.6    762.5  1403.9  2367.5
  1869 -242.798   0.002   0.000   0.000 -242.796   424730.6 209874.9 37846.9     0.0 13653.6    881.9   901.4  2455.8
  1870 -427.536   0.018   0.000   0.000 -427.519   382698.9 219431.1 38738.0     0.0 15397.6    714.9  1520.4  2189.2

                 Carbon flux (ktC/yr)                    Water (dam3/yr)                Nitrogen (MgN/yr)
       --------------------------------------- ---------------------------------- --------------------------------
Spinup NEP     estab   harvest product NBP     transp     evap    interc  wd      nuptake ndemand  nlosses ninflux
------ ------- ------- ------- ------- ------- ---------- ------- ------- ------- ------- -------- ------- -------
  1871 339.328  -0.015   0.000   0.000 339.313   498512.1 225026.5 36269.7     0.0 39875.9   1061.0  1170.8  2630.2
  1872  39.741  -0.000   0.000   0.000  39.741   498371.0 253558.3 47523.9     0.0 18192.4    938.3  1066.5  2382.3
  1873 -346.749  -0.000   0.000   0.000 -346.749   453207.8 217704.2 47748.3     0.0 20943.6    908.3  1045.4  2352.4
  1874 -622.856   0.014   0.000   0.000 -622.842   366114.5 217913.4 42796.2     0.0 12623.2    515.8  1120.6  1996.0
  1875 467.410  -0.015   0.000   0.000 467.395   494446.9 236529.2 33136.8     0.0 40897.6    759.1  1302.7  2421.1
  1876 -124.310  -0.001   0.000   0.000 -124.311   406546.1 218313.9 42462.3     0.0 13522.0    859.6  1085.4  2307.9
  1877 -323.198   0.010   0.000   0.000 -323.188   400046.5 237007.4 38336.6     0.0 20068.6    866.7  1033.0  2327.7
  1878 288.717  -0.008   0.000   0.000 288.709   452151.6 268873.9 50426.9     0.0 39217.3   1117.8  2233.1  2536.9
  1879 535.860  -0.001   0.000   0.000 535.859   456763.4 191196.9 27000.9     0.0 18685.3   1192.3   917.6  2570.7
  1880 -233.456   0.000   0.000   0.000 -233.456   441234.2 246711.4 54614.5     0.0 19161.9    530.8  1106.4  2044.4
  1881 138.902  -0.001   0.000   0.000 138.902   474142.1 248527.9 41368.6     0.0 36902.6   1050.1   948.4  2535.4
  1882 -158.529   0.001   0.000   0.000 -158.527   437724.3 236184.3 51954.1     0.0 12975.6   1083.7  1064.9  2527.0
  1883 -131.586   0.000   0.000   0.000 -131.585   466624.6 220015.7 44592.1     0.0 30337.7    547.4  1056.7  2129.9
  1884 -118.984  -0.000   0.000   0.000 -118.984   436575.9 234175.6 51965.8     0.0 20561.5    754.2   948.4  2143.4
  1885 -32.523   0.000   0.000   0.000 -32.523   433468.8 186558.4 37030.0     0.0 27784.9   1118.3   864.6  2570.1
  1886 115.867  -0.000   0.000   0.000 115.867   470277.7 238720.8 54251.6     0.0 27406.8    675.0  1349.7  2132.7
  1887 544.707  -0.002   0.000   0.000 544.705   554043.0 226037.2 39985.0     0.0 35055.3   1324.0   871.3  2642.2
  1888 -27.697  -0.000   0.000   0.000 -27.697   477060.9 215030.9 62879.0     0.0 16275.9    750.3   901.2  2144.7
  1889 -76.296   0.001   0.000   0.000 -76.295   418195.6 249369.9 73400.5     0.0 25715.8    700.7   841.2  2213.3
  1890 151.235  -0.001   0.000   0.000 151.234   526972.8 245451.5 61230.6     0.0 36110.1   1826.2   757.1  2968.8
  1891 -472.114   0.006   0.000   0.000 -472.108   442213.3 218989.4 59639.1     0.0  9584.2    980.2   860.8  2264.4
  1892 -226.211  -0.004   0.000   0.000 -226.215   397755.6 232687.4 50452.8     0.0 18656.9    605.5  1640.6  2126.0
  1893 -126.175   0.001   0.000   0.000 -126.175   379813.2 254797.7 36214.5     0.0 23965.6    636.4   880.1  2247.7
  1894 416.814  -0.001   0.000   0.000 416.813   516971.1 234330.8 45811.3     0.0 40652.2   1308.8   850.8  2747.6
  1895 -431.217   0.009   0.000   0.000 -431.208   390704.6 238558.7 45835.3     0.0  3137.6    787.3   956.1  2182.2

                 Carbon flux (ktC/yr)                    Water (dam3/yr)                Nitrogen (MgN/yr)
       --------------------------------------- ---------------------------------- --------------------------------
Spinup NEP     estab   harvest product NBP     transp     evap    interc  wd      nuptake ndemand  nlosses ninflux
------ ------- ------- ------- ------- ------- ---------- ------- ------- ------- ------- -------- ------- -------
  1896 -337.654  -0.005   0.000   0.000 -337.659   372085.3 241313.6 35536.8     0.0 13033.3    496.9  1131.2  2117.8
  1897 458.679  -0.002   0.000   0.000 458.677   469345.9 211700.5 33428.3     0.0 43757.1    612.5  1627.6  2326.3
  1898 -353.566   0.002   0.000   0.000 -353.564   353371.3 186660.9 35018.8     0.0  7687.0    627.3   957.3  2124.4
  1899 202.306  -0.001   0.000   0.000 202.306   422178.8 213379.2 31386.4     0.0 26445.8    537.7  2230.4  2103.1
  1900 499.625  -0.002   0.000   0.000 499.623   479099.3 241334.0 49387.1     0.0 37965.7    696.2  1321.6  2304.6

                 Carbon flux (ktC/yr)                    Water (dam3/yr)                Nitrogen (MgN/yr)
       --------------------------------------- ---------------------------------- --------------------------------
Year   NEP     estab   harvest product NBP     transp     evap    interc  wd      nuptake ndemand  nlosses ninflux
------ ------- ------- ------- ------- ------- ---------- ------- ------- ------- ------- -------- ------- -------
  1901 -103.300  -0.000   0.000   0.000 -103.300   474894.6 258539.2 50812.1     0.0 17648.4    957.4   871.0  2486.1
  1902 157.452  -0.001   0.000   0.000 157.451   466728.0 255932.2 62201.5     0.0 31056.6    980.6  1094.0  2755.7
  1903 179.741  -0.001   0.000   0.000 179.740   506906.7 236489.5 45192.6     0.0 28324.4   1312.1   923.4  2893.4
  1904 -150.445   0.013   0.000   0.000 -150.432   328077.0 178217.9 34744.7     0.0  6984.4    827.8   740.7  2281.8
  1905 -556.792   0.043   0.000   0.000 -556.748   290101.0 216688.4 37243.8     0.0  9113.0    801.7  1279.5  2742.6
  1906 -142.126  -0.045   0.000   0.000 -142.172   366880.2 272370.6 19413.7     0.0 34497.3   1222.9  2627.6  3410.7
  1907 113.122  -0.002   0.000   0.000 113.120   445707.4 243996.9 28576.5     0.0 18604.5   1196.3  2615.3  2838.3
  1908 303.999  -0.002   0.000   0.000 303.997   466071.7 216704.9 22780.9     0.0 25570.3    571.9  1102.0  2575.9
  1909 -333.536   0.003   0.000   0.000 -333.532   332779.0 151174.1 26280.4     0.0 11186.5    528.6  1023.6  2759.4
  1910 -544.500   0.003   0.000   0.000 -544.497   322284.5 226425.5 23846.1     0.0 15082.9    397.5  1232.0  2332.9
  1911 291.136  -0.005   0.000   0.000 291.131   372453.1 225862.7 19302.4     0.0 34478.9    515.6   907.0  2535.8
  1912 -193.924  -0.000   0.000   0.000 -193.924   327768.0 248245.8 22029.9     0.0 15257.5    684.3   936.8  2473.3
  1913  54.060  -0.001   0.000   0.000  54.059   395579.3 233845.2 27598.9     0.0 31539.9    678.4   935.0  2571.3
  1914 182.818  -0.002   0.000   0.000 182.816   463499.5 253960.4 34567.9     0.0 29254.7   1499.5   817.5  3107.9
  1915 547.745  -0.002   0.000   0.000 547.742   536066.9 272237.5 53029.7     0.0 32150.3   1461.5   727.2  3257.9
  1916 361.738  -0.002   0.000   0.000 361.736   588217.4 244364.4 58358.4     0.0 27691.2   1614.5   729.1  3380.3
  1917 -11.931  -0.001   0.000   0.000 -11.932   536150.8 252851.7 73180.0     0.0 22974.1   1331.5   733.8  2651.1
  1918 286.943  -0.000   0.000   0.000 286.943   548924.4 222736.6 48042.9     0.0 28383.5   1768.0   729.8  3059.9
  1919 -489.911   0.010   0.000   0.000 -489.901   415896.9 277414.3 92084.1     0.0 14558.9   1167.8  1002.1  1908.0
  1920 476.290  -0.010   0.000   0.000 476.280   606040.6 268821.8 51071.6     0.0 41502.1   1917.8   752.0  3101.6
  1921 -179.106   0.001   0.000   0.000 -179.105   479923.0 250136.6 56577.2     0.0  7512.5   1194.6   801.0  2119.9
  1922 775.332  -0.001   0.000   0.000 775.331   583700.2 237136.0 73957.6     0.0 44940.0   1098.2   803.1  1945.1
  1923 -688.034   0.053   0.000   0.000 -687.982   360140.8 227925.1 52630.8     0.0 -3185.0    538.6  1391.9  1434.6
  1924 378.482  -0.050   0.000   0.000 378.433   501011.2 277418.0 43388.1     0.0 28180.7    518.4  2325.1  1623.5
  1925 108.204  -0.001   0.000   0.000 108.203   495887.3 246862.0 53011.9     0.0 19730.5    957.0  1283.4  2143.5

                 Carbon flux (ktC/yr)                    Water (dam3/yr)                Nitrogen (MgN/yr)
       --------------------------------------- ---------------------------------- --------------------------------
Year   NEP     estab   harvest product NBP     transp     evap    interc  wd      nuptake ndemand  nlosses ninflux
------ ------- ------- ------- ------- ------- ---------- ------- ------- ------- ------- -------- ------- -------
  1926 398.099  -0.001   0.000   0.000 398.098   562900.6 210871.7 50638.6     0.0 33703.1   1491.8  1408.3  2466.8
  1927 -420.406   0.001   0.000   0.000 -420.404   388724.0 235073.4 60533.6     0.0 11456.4    332.7  1589.9  1535.1
  1928 -272.469   0.024   0.000   0.000 -272.445   509864.3 237830.0 66839.3     0.0 29722.9   2053.7  1088.4  2994.6
  1929 -16.185  -0.023   0.000   0.000 -16.208   443722.8 209529.8 47803.7     0.0 35037.5   2901.8  1550.1  2339.7
  1930  61.500   0.000   0.000   0.000  61.501   488997.0 223241.1 54166.9     0.0  8755.1   1037.9   934.8  1568.8
  1931 -189.231   0.000   0.000   0.000 -189.230   487982.3 193979.4 48600.9     0.0 12625.2    867.3  1077.6  1691.7
  1932 -406.899   0.001   0.000   0.000 -406.898   364708.0 188223.7 31447.4     0.0 14800.6    496.5   946.4  1423.4
  1933 -768.606   0.041   0.000   0.000 -768.565   405227.8 237155.3 65610.0     0.0 21018.2   1735.4  7093.0  3029.7
  1934 323.809  -0.033   0.000   0.000 323.776   485378.1 279374.2 28094.5     0.0 58014.6   3053.3  2397.9  2508.7
  1935 592.435  -0.003   0.000   0.000 592.431   585285.0 300628.4 56294.8     0.0  3276.5    897.6  6991.1  1754.4
  1936 983.537  -0.007   0.000   0.000 983.530   702960.0 213830.1 49486.2     0.0 36348.0    709.2  1086.0  1734.0
  1937 -158.365   0.000   0.000   0.000 -158.365   472382.3 242591.4 63110.0     0.0 12452.9    617.3  1083.3  1421.5
  1938 866.881  -0.002   0.000   0.000 866.879   756397.2 250112.2 120450.3     0.0 55684.9   1391.3  2823.7  2263.1
  1939 160.637  -0.000   0.000   0.000 160.637   602979.8 213014.2 67744.9     0.0 11351.7   1629.6   841.6  1757.4
  1940 186.895   0.001   0.000   0.000 186.896   566552.9 236185.1 116450.2     0.0 36788.3   1396.9   789.5  1639.8
  1941 -46.840   0.000   0.000   0.000 -46.840   532631.7 246074.8 93109.3     0.0 22918.5   1765.2   802.5  2123.4
  1942 124.347   0.001   0.000   0.000 124.349   523237.0 229513.7 77951.4     0.0 31128.9   2686.2   747.8  2411.3
  1943 -41.101  -0.001   0.000   0.000 -41.102   550970.2 249607.8 88193.0     0.0 19520.2   2347.1   873.5  2492.3
  1944 1248.493  -0.002   0.000   0.000 1248.492   833825.9 254357.9 128882.0     0.0 68663.7   2391.2   803.2  2659.7
  1945 -84.829   0.012   0.000   0.000 -84.817   565780.0 222459.9 96132.2     0.0 -3867.6    942.5   971.1  1462.4
  1946 345.272  -0.010   0.000   0.000 345.261   556403.2 275301.3 85130.6     0.0 21398.8    644.5  1761.7  1380.8
  1947 -665.676   0.045   0.000   0.000 -665.632   373265.0 227619.1 44654.4     0.0  3019.4    698.1  1194.7  1429.2
  1948 -62.891  -0.038   0.000   0.000 -62.929   420632.0 279021.6 32990.9     0.0 27597.8    641.2  1861.2  1504.8
  1949 -268.790  -0.003   0.000   0.000 -268.793   474270.5 227299.9 50943.3     0.0 20148.6    754.7  1662.8  1596.3
  1950 350.313  -0.001   0.000   0.000 350.312   478380.5 268232.3 41720.7     0.0 32313.2    752.7  2143.5  1514.6

                 Carbon flux (ktC/yr)                    Water (dam3/yr)                Nitrogen (MgN/yr)
       --------------------------------------- ---------------------------------- --------------------------------
Year   NEP     estab   harvest product NBP     transp     evap    interc  wd      nuptake ndemand  nlosses ninflux
------ ------- ------- ------- ------- ------- ---------- ------- ------- ------- ------- -------- ------- -------
  1951 1039.260  -0.003   0.000   0.000 1039.257   810748.2 272109.0 95157.9     0.0 52052.7   1678.8   878.9  2845.6
  1952 100.278  -0.000   0.000   0.000 100.278   598111.6 222882.8 95949.8     0.0 11589.0    539.1  1130.6  1257.4
  1953 -346.623   0.013   0.000   0.000 -346.610   453693.4 254075.8 94606.5     0.0 20142.4    640.7  1571.9  1171.3
  1954 433.013  -0.012   0.000   0.000 433.002   639645.4 262891.7 73685.1     0.0 47003.1   1963.7  1078.9  2557.0
  1955 196.648  -0.000   0.000   0.000 196.648   570413.4 246214.4 72225.6     0.0 16672.7   1478.2   800.2  1600.5
  1956 -230.431   0.001   0.000   0.000 -230.431   462765.3 284034.7 57145.1     0.0 20195.1    785.0   975.8  1415.3
  1957 224.640   0.002   0.000   0.000 224.641   548508.7 222425.4 69058.0     0.0 38802.5   1846.6   791.2  2068.7
  1958 846.074  -0.003   0.000   0.000 846.071   644425.6 246066.6 93931.3     0.0 36454.1   4347.7   750.9  3459.9
  1959 -616.226   0.001   0.000   0.000 -616.225   405646.5 255409.7 86516.0     0.0 -2248.6    618.3  2704.5  1308.2
  1960 -317.798   0.032   0.000   0.000 -317.766   490751.8 237859.1 94122.0     0.0 11502.4   1195.6  2647.2  1966.6
  1961  13.907  -0.029   0.000   0.000  13.878   521763.9 293971.7 69332.3     0.0 47393.0   1891.9  7780.9  1700.3
  1962 1001.672  -0.003   0.000   0.000 1001.669   689764.7 259620.0 76240.4     0.0 28810.0   1344.0  1116.5  1701.8
  1963 -376.873   0.024   0.000   0.000 -376.849   409212.9 220516.6 76210.0     0.0   137.7    612.5  1173.8  1147.8
  1964 220.021  -0.022   0.000   0.000 219.999   450221.2 274330.5 50479.4     0.0 21175.6    386.5  1803.8  1130.9
  1965 616.330  -0.002   0.000   0.000 616.328   628255.4 250321.8 94581.8     0.0 40522.7    809.9  1222.1  1165.3
  1966 166.666  -0.001   0.000   0.000 166.666   559284.6 241656.6 92612.1     0.0 18809.4    832.3   980.0  1034.5
  1967 568.681  -0.001   0.000   0.000 568.681   698680.2 287344.3 95273.9     0.0 42833.9   2086.2   832.7  2515.8
  1968 173.641  -0.000   0.000   0.000 173.641   614742.5 260176.1 84975.1     0.0 19976.9   1540.9   850.7  1382.6
  1969 -516.427   0.041   0.000   0.000 -516.386   398967.6 235827.7 95262.2     0.0 12055.6    901.6   861.4   944.8
  1970 228.226  -0.038   0.000   0.000 228.189   532586.7 272487.1 64220.4     0.0 38470.0   1429.8   949.0  1537.0
  1971 -347.536  -0.000   0.000   0.000 -347.536   486004.5 243584.1 70515.7     0.0 10912.9    960.5  1426.5   953.7
  1972 794.841  -0.002   0.000   0.000 794.840   609069.5 234474.2 58856.3     0.0 44137.7   1619.0   889.5  1705.1
  1973 -134.302   0.000   0.000   0.000 -134.302   540515.6 229698.8 79138.1     0.0  6857.3   1239.2  1039.1  1123.6
  1974 430.147  -0.001   0.000   0.000 430.146   702968.4 270050.7 135137.9     0.0 55853.6   2090.3   847.5  2325.4
  1975 536.669  -0.001   0.000   0.000 536.668   730798.1 282811.7 143596.6     0.0 29190.4   2042.3   849.3  2014.1

                 Carbon flux (ktC/yr)                    Water (dam3/yr)                Nitrogen (MgN/yr)
       --------------------------------------- ---------------------------------- --------------------------------
Year   NEP     estab   harvest product NBP     transp     evap    interc  wd      nuptake ndemand  nlosses ninflux
------ ------- ------- ------- ------- ------- ---------- ------- ------- ------- ------- -------- ------- -------
  1976 632.066  -0.000   0.000   0.000 632.066   673320.6 239886.0 121849.2     0.0 30053.3   1857.1   807.4  1730.2
  1977 312.916   0.000   0.000   0.000 312.916   629263.2 244494.2 139604.6     0.0 29073.5   2156.5   791.4  1890.0
  1978 -170.353   0.008   0.000   0.000 -170.346   493964.1 247963.7 97017.9     0.0 20284.5   1842.8   785.5  1362.8
  1979 -21.985  -0.006   0.000   0.000 -21.991   563849.9 295373.4 135951.7     0.0 32762.8   3390.6  1155.8  2916.3
  1980 525.715  -0.000   0.000   0.000 525.715   672682.5 251768.4 71333.0     0.0 32030.3   2416.3  1963.3  2452.6
  1981 112.541  -0.000   0.000   0.000 112.541   635881.4 237437.7 114180.4     0.0 26898.4    861.8  1585.6   971.0
  1982 399.030  -0.000   0.000   0.000 399.030   665095.5 284489.6 140656.3     0.0 43377.9   2472.4  1129.3  2410.7
  1983 -428.844   0.008   0.000   0.000 -428.836   542189.2 253656.7 95585.3     0.0  9965.6    911.4  2735.3  1323.0
  1984 802.014  -0.007   0.000   0.000 802.007   666316.9 259069.1 80633.2     0.0 38247.0   1511.6  1004.0  2107.4
  1985 667.845  -0.001   0.000   0.000 667.844   678878.0 244245.4 152990.7     0.0 31577.2   1862.1   904.6  2052.7
  1986 -739.564   0.046   0.000   0.000 -739.519   359889.8 248869.9 66060.8     0.0 -4232.8    624.8  1086.2  1168.4
  1987 -460.253   0.005   0.000   0.000 -460.248   321996.1 280291.0 47488.8     0.0  1288.5    368.9  2097.8  1581.7
  1988 886.418  -0.048   0.000   0.000 886.370   665739.9 317018.1 70350.7     0.0 52900.8    570.8  2573.8  1714.2
  1989 550.849  -0.002   0.000   0.000 550.847   646004.3 264168.2 102334.9     0.0 21240.6   1031.3   981.1  1836.7
  1990 370.228  -0.001   0.000   0.000 370.227   631620.3 208122.1 72725.8     0.0 32007.3   1131.2   892.0  1935.7
  1991 -413.826   0.014   0.000   0.000 -413.812   478530.6 234628.6 86227.7     0.0 13985.9   1129.0   881.5  1968.5
  1992 552.610  -0.013   0.000   0.000 552.597   619347.5 252022.1 79470.4     0.0 41772.5   1866.3  1104.7  2929.2
  1993 -373.201   0.014   0.000   0.000 -373.188   453298.2 249337.6 57177.5     0.0  6623.1    956.3   979.0  1959.2
  1994 682.366  -0.014   0.000   0.000 682.352   682506.1 283244.6 83216.3     0.0 47371.1   1727.5   916.5  3159.6
  1995 122.847  -0.000   0.000   0.000 122.847   613022.1 245219.7 76832.7     0.0 16033.7    800.0  1019.1  2356.1
  1996 -273.525   0.000   0.000   0.000 -273.525   447934.8 241591.9 86287.7     0.0 22850.5    863.5   986.2  2183.8
  1997 560.334  -0.001   0.000   0.000 560.333   711797.8 232069.6 123294.6     0.0 62589.3   2455.4   898.8  3707.4
  1998 -683.597   0.041   0.000   0.000 -683.556   455513.8 250716.9 84467.0     0.0 -7507.8    745.1  1559.9  2016.0
  1999 644.132  -0.039   0.000   0.000 644.093   568734.6 271480.5 67048.7     0.0 35563.6    370.4  1639.0  2156.0
  2000 1219.755  -0.003   0.000   0.000 1219.753   778099.3 281237.0 122456.2     0.0 41198.6    906.4  1385.4  2771.3

                 Carbon flux (ktC/yr)                    Water (dam3/yr)                Nitrogen (MgN/yr)
       --------------------------------------- ---------------------------------- --------------------------------
Year   NEP     estab   harvest product NBP     transp     evap    interc  wd      nuptake ndemand  nlosses ninflux
------ ------- ------- ------- ------- ------- ---------- ------- ------- ------- ------- -------- ------- -------
  2001 126.797  -0.000   0.000   0.000 126.797   626472.9 247617.2 108289.8     0.0 15768.8    870.1  1004.3  2706.7
  2002 -384.274   0.009   0.000   0.000 -384.264   530677.7 238728.8 104446.6     0.0 22946.3   1074.0   972.8  2511.7
  2003 186.649  -0.008   0.000   0.000 186.641   593696.2 260740.7 114344.9     0.0 37859.0   2153.1   892.0  3930.7
  2004 939.589  -0.001   0.000   0.000 939.588   709717.5 259192.0 142331.9     0.0 43701.0   2673.2   908.2  4315.4
  2005 603.204  -0.000   0.000   0.000 603.204   728865.8 269222.9 173698.5     0.0 31691.3   1160.3   961.9  2656.9
  2006 489.424   0.000   0.000   0.000 489.424   679007.1 252971.8 157378.3     0.0 32164.1   1297.4  1726.0  2842.8
  2007 1055.812  -0.000   0.000   0.000 1055.812   887244.8 254929.8 164051.0     0.0 52476.3   2808.3  3126.7  4491.5
  2008 -509.730   0.005   0.000   0.000 -509.725   569543.3 236500.0 127083.5     0.0  7400.1    652.8  2640.2  2570.9
  2009 563.480  -0.004   0.000   0.000 563.476   673257.7 244031.2 104320.3     0.0 36022.7   1044.9  1617.0  2834.1
  2010 564.291  -0.001   0.000   0.000 564.291   753872.3 244434.9 148487.4     0.0 40354.2   2024.4  1318.7  4029.6
  2011 -71.602   0.001   0.000   0.000 -71.601   613633.5 228830.2 168761.4     0.0 20518.2   1814.9  1201.4  3373.0
  2012 -620.806   0.014   0.000   0.000 -620.791   466852.2 251773.9 126073.5     0.0 20454.5   1390.5  1215.5  3006.0
  2013 901.902  -0.014   0.000   0.000 901.888   829158.7 291499.4 174144.1     0.0 71493.4   3881.6 11020.8  5746.6
  2014 1576.030  -0.001   0.000   0.000 1576.029  1030672.5 282198.2 184427.9     0.0 38179.3   2542.7 15215.3  3336.6
  2015 506.928   0.000   0.000   0.000 506.928   658124.8 258563.6 164438.0     0.0 17862.3    706.6  4339.1  2309.9
  2016 712.710   0.000   0.000   0.000 712.710   703522.3 270749.7 221117.8     0.0 58335.7   1626.8  2307.5  2633.1
  2017 281.882   0.000   0.000   0.000 281.882   660582.6 260221.5 195580.8     0.0 30259.5   1713.2  1784.0  2677.3
  2018 379.357   0.000   0.000   0.000 379.357   671356.6 246973.4 193449.1     0.0 44889.0   2921.8  1476.6  3778.6
  2019 -67.219   0.000   0.000   0.000 -67.219   571545.8 273710.8 165358.1     0.0 24400.0   1736.5  1288.1  2687.0
Simulation ended.
lpjml successfully terminated, 81 grid cells processed.
Wall clock time:	317 sec, 0.013 sec/cell/year.
Total wall clock time:	326 sec (00:05:26).
