--------------------------------------
Running config: /home/druijsch/LPJmL5/dev15oct2025/config_files/2026_04_08_run_for_10_locations/temperate_broadleaved_summergreen_tree/spinup/configs/temperate_broadleaved_summergreen_tree_patch8_config_restart_MM.cjson
SLURM task ID: 9
Node: tcn424.local.snellius.surf.nl
--------------------------------------
******************************************************************************
****        _     ____     _           _       ____        _  ___         ****
****       | |   |  _ \   | |_ __ ___ | |     | ___|      / |/ _ \        ****
****       | |   | |_) |  | | '_ ` _ \| |     |___ \      | | | | |       ****
****       | |___|  __/ |_| | | | | | | |___   ___) |  _  | | |_| |       ****
****       |_____|_|   \___/|_| |_| |_|_____| |____/  (_) |_|\___/        ****
****                                                                      ****
****                 lpjml C Version 5.10.1 (Apr 14 2026)                 ****
****    Dynamic global vegetation model with natural and managed land     ****
****                     Compiled for Linux with MPI                      ****
****       (C) Potsdam Institute for Climate Impact Research (PIK),       ****
****                          see COPYRIGHT file                          ****
****              Authors, and contributors see AUTHORS file              ****
**** This version of LPJmL is licensed under GNU AGPL Version 3 or later  ****
****        See LICENSE file or go to http://www.gnu.org/licenses/        ****
****                 or invoke lpjml -l to print license                  ****
****      https://gitlab.pik-potsdam.de/lpjml/wur_team/lpjml-wur.git      ****
****          GIT hash: 5e6f8e1bb5c5d5f3357da68b6c43e9517864f3c2          ****
****                                                                      ****
******************************************************************************

Running for user druijsch on tcn424.local.snellius.surf.nl at Wed Apr 15 09:50:06 2026
Reading configuration from '/home/druijsch/LPJmL5/dev15oct2025/config_files/2026_04_08_run_for_10_locations/temperate_broadleaved_summergreen_tree/spinup/configs/temperate_broadleaved_summergreen_tree_patch8_config_restart_MM.cjson'.
==============================================================================
/----------------------------------------------------------\
|institution: Potsdam Institute for Climate Impact Research|
|contact:                                                  |
|comment:                                                  |
\----------------------------------------------------------/
Simulation "LPJmL Run" running on 50 tasks
Simulation with shuffle spinup climate, nitrogen limitation, permafrost, 
Johansen conductivity, with monthly mortality, percolation heattransfer, 
GSI phenology, NPP controlled BNF, land use, potential irrigation, 
others to crop "maize" and "temperate cereals", land-use change timber, 
fixed residue remove, with auto fertilizer, pft.cjson LAImax, 
livestock grazing, bondau2007 crop PHU option, separate harvests.
Cultivation types: none, biomass, annual crop
Working directory: /gpfs/home5/druijsch
cpp processed configuration file written to `/projects/prjs2023/chapter3/lpjml_output/2026_04_08_run_for_10_locations/temperate_broadleaved_summergreen_tree/patch_8/`.
Starting from restart file '/home/druijsch/LPJmL5/dev15oct2025/restart/2026_04_08_run_for_10_locations/temperate_broadleaved_summergreen_tree/patch_8/restart_1901_nv_stdfire.lpj'.
Input files:
Variable     Fmt  Varname  Filename
------------ ---- -------- ---------------------------------------------------
soil         cdf  soilcode /projects/prjs2023/chapter3/lpjml_input/run_for_10_locations/temperate_broadleaved_summergreen_tree/patch_8/soil.nc
temp         cdf  tas      /projects/prjs2023/chapter3/lpjml_input/run_for_10_locations/temperate_broadleaved_summergreen_tree/patch_8/temp.nc
prec         cdf  pr       /projects/prjs2023/chapter3/lpjml_input/run_for_10_locations/temperate_broadleaved_summergreen_tree/patch_8/prec.nc
lwdown       cdf  rlds     /projects/prjs2023/chapter3/lpjml_input/run_for_10_locations/temperate_broadleaved_summergreen_tree/patch_8/lwdown.nc
swdown       cdf  rsds     /projects/prjs2023/chapter3/lpjml_input/run_for_10_locations/temperate_broadleaved_summergreen_tree/patch_8/swdown.nc
no3_depo     cdf  noy      /projects/prjs2023/chapter3/lpjml_input/ndep-noy_histsoc_monthly_1901_2021_units.nc
nh4_depo     cdf  nhx      /projects/prjs2023/chapter3/lpjml_input/ndep-nhx_histsoc_monthly_1901_2021_units.nc
soilpH       cdf  soil_ph  /projects/prjs2023/chapter3/lpjml_input/hwsd_soil_data_all_land_oceanfilled.nc
co2          txt           /projects/prjs2023/chapter3/lpjml_input/co2_1832-2023.dat
windspeed    cdf  sfcwind  /projects/prjs2023/chapter3/lpjml_input/run_for_10_locations/temperate_broadleaved_summergreen_tree/patch_8/wind.nc
countries    cdf  country  /projects/prjs2023/chapter3/lpjml_input/regridded_cow_full_2018_5min_reduced_filled.nc
landuse      cdf  CFTfrac  /projects/prjs2023/chapter3/lpjml_input/MAPSPAM_2020_crops_filled_ESA_01deg_v7.nc
------------ ---- -------- ---------------------------------------------------
Writing restart file '/home/druijsch/LPJmL5/dev15oct2025/restart/2026_04_08_run_for_10_locations/temperate_broadleaved_summergreen_tree/patch_8/restart_1960_crop_stdfire.lpj' after year 1960.
Reading random seeds from restart file.
Number of output files:       65
Output written in year:       1901
Byte order in output files:   little endian

Compression level for NetCDF: 3
Missing value in NetCDF:      -1e+32
Base year in NetCDF:          1901
NetCDF grid:                  local
Variable            Fmt  Unit        Type   tstep nbd Filename
------------------- ---- ----------- ------ ----- --- -------------------------
albedo              cdf  -           float  month   1 /projects/prjs2023/chapter3/lpjml_output/2026_04_08_run_for_10_locations/temperate_broadleaved_summergreen_tree/patch_8/output/malbedo.nc + .json
cftfrac             cdf  -           float  year   32 /projects/prjs2023/chapter3/lpjml_output/2026_04_08_run_for_10_locations/temperate_broadleaved_summergreen_tree/patch_8/output/cftfrac.nc + .json
discharge           cdf  hm3/day     float  month   1 /projects/prjs2023/chapter3/lpjml_output/2026_04_08_run_for_10_locations/temperate_broadleaved_summergreen_tree/patch_8/output/mdischarge.nc + .json
evap                cdf  mm/month    float  month   1 /projects/prjs2023/chapter3/lpjml_output/2026_04_08_run_for_10_locations/temperate_broadleaved_summergreen_tree/patch_8/output/mevap.nc + .json
fapar               cdf  -           float  month   1 /projects/prjs2023/chapter3/lpjml_output/2026_04_08_run_for_10_locations/temperate_broadleaved_summergreen_tree/patch_8/output/mfapar.nc + .json
firec               cdf  gC/m2/yr    float  year    1 /projects/prjs2023/chapter3/lpjml_output/2026_04_08_run_for_10_locations/temperate_broadleaved_summergreen_tree/patch_8/output/firec.nc + .json
firef               cdf  1           float  year    1 /projects/prjs2023/chapter3/lpjml_output/2026_04_08_run_for_10_locations/temperate_broadleaved_summergreen_tree/patch_8/output/firef.nc + .json
flux_estabc         cdf  gC/m2/yr    float  year    1 /projects/prjs2023/chapter3/lpjml_output/2026_04_08_run_for_10_locations/temperate_broadleaved_summergreen_tree/patch_8/output/flux_estab.nc + .json
fpc                 cdf  -           float  month  12 /projects/prjs2023/chapter3/lpjml_output/2026_04_08_run_for_10_locations/temperate_broadleaved_summergreen_tree/patch_8/output/fpc.nc + .json
globalflux          txt  -           float  year    1 /projects/prjs2023/chapter3/lpjml_output/2026_04_08_run_for_10_locations/temperate_broadleaved_summergreen_tree/patch_8/output/globalflux.csv + .json
gpp                 cdf  gC/m2/month float  month   1 /projects/prjs2023/chapter3/lpjml_output/2026_04_08_run_for_10_locations/temperate_broadleaved_summergreen_tree/patch_8/output/mgpp.nc + .json
litc                cdf  gC/m2       float  year    1 /projects/prjs2023/chapter3/lpjml_output/2026_04_08_run_for_10_locations/temperate_broadleaved_summergreen_tree/patch_8/output/litc.nc + .json
litn                cdf  gN/m2       float  year    1 /projects/prjs2023/chapter3/lpjml_output/2026_04_08_run_for_10_locations/temperate_broadleaved_summergreen_tree/patch_8/output/litn.nc + .json
npp                 cdf  gC/m2/month float  month   1 /projects/prjs2023/chapter3/lpjml_output/2026_04_08_run_for_10_locations/temperate_broadleaved_summergreen_tree/patch_8/output/mnpp.nc + .json
nuptake             cdf  gN/m2/month float  month   1 /projects/prjs2023/chapter3/lpjml_output/2026_04_08_run_for_10_locations/temperate_broadleaved_summergreen_tree/patch_8/output/mnuptake.nc + .json
pet                 cdf  mm/month    float  month   1 /projects/prjs2023/chapter3/lpjml_output/2026_04_08_run_for_10_locations/temperate_broadleaved_summergreen_tree/patch_8/output/mpet.nc + .json
pft_chawo           cdf  gC/m2       float  year   43 /projects/prjs2023/chapter3/lpjml_output/2026_04_08_run_for_10_locations/temperate_broadleaved_summergreen_tree/patch_8/output/pft_chawo.nc + .json
pft_cleaf           cdf  gC/m2       float  year   43 /projects/prjs2023/chapter3/lpjml_output/2026_04_08_run_for_10_locations/temperate_broadleaved_summergreen_tree/patch_8/output/pft_cleaf.nc + .json
pft_croot           cdf  gC/m2       float  year   43 /projects/prjs2023/chapter3/lpjml_output/2026_04_08_run_for_10_locations/temperate_broadleaved_summergreen_tree/patch_8/output/pft_croot.nc + .json
pft_csapw           cdf  gC/m2       float  year   43 /projects/prjs2023/chapter3/lpjml_output/2026_04_08_run_for_10_locations/temperate_broadleaved_summergreen_tree/patch_8/output/pft_csapw.nc + .json
pft_fpar            cdf  -           float  month  43 /projects/prjs2023/chapter3/lpjml_output/2026_04_08_run_for_10_locations/temperate_broadleaved_summergreen_tree/patch_8/output/pft_fpar.nc + .json
pft_gpp             cdf  gC/m2/month float  month  43 /projects/prjs2023/chapter3/lpjml_output/2026_04_08_run_for_10_locations/temperate_broadleaved_summergreen_tree/patch_8/output/pft_gpp.nc + .json
pft_laimax          cdf  m2/m2       float  year   43 /projects/prjs2023/chapter3/lpjml_output/2026_04_08_run_for_10_locations/temperate_broadleaved_summergreen_tree/patch_8/output/pft_laimax.nc + .json
pft_mort            cdf  1/month     float  month  11 /projects/prjs2023/chapter3/lpjml_output/2026_04_08_run_for_10_locations/temperate_broadleaved_summergreen_tree/patch_8/output/pft_mort.nc + .json
pft_mort_background cdf  1/month     float  month  11 /projects/prjs2023/chapter3/lpjml_output/2026_04_08_run_for_10_locations/temperate_broadleaved_summergreen_tree/patch_8/output/pft_mort_background.nc + .json
pft_mort_drought    cdf  1/month     float  month  11 /projects/prjs2023/chapter3/lpjml_output/2026_04_08_run_for_10_locations/temperate_broadleaved_summergreen_tree/patch_8/output/pft_mort_drought.nc + .json
pft_mort_heat       cdf  1/month     float  month  11 /projects/prjs2023/chapter3/lpjml_output/2026_04_08_run_for_10_locations/temperate_broadleaved_summergreen_tree/patch_8/output/pft_mort_heat.nc + .json
pft_nind            cdf  ind/m²     float  month  11 /projects/prjs2023/chapter3/lpjml_output/2026_04_08_run_for_10_locations/temperate_broadleaved_summergreen_tree/patch_8/output/pft_nind.nc + .json
pft_nleaf           cdf  gN/m2       float  year   43 /projects/prjs2023/chapter3/lpjml_output/2026_04_08_run_for_10_locations/temperate_broadleaved_summergreen_tree/patch_8/output/pft_nleaf.nc + .json
pft_npp             cdf  gC/m2/yr    float  year   43 /projects/prjs2023/chapter3/lpjml_output/2026_04_08_run_for_10_locations/temperate_broadleaved_summergreen_tree/patch_8/output/pft_npp.nc + .json
pft_nroot           cdf  gN/m2       float  year   43 /projects/prjs2023/chapter3/lpjml_output/2026_04_08_run_for_10_locations/temperate_broadleaved_summergreen_tree/patch_8/output/pft_nroot.nc + .json
pft_nuptake         cdf  gN/m2/yr    float  year   43 /projects/prjs2023/chapter3/lpjml_output/2026_04_08_run_for_10_locations/temperate_broadleaved_summergreen_tree/patch_8/output/pft_nuptake.nc + .json
pft_phen            cdf  -           float  month  43 /projects/prjs2023/chapter3/lpjml_output/2026_04_08_run_for_10_locations/temperate_broadleaved_summergreen_tree/patch_8/output/pft_phen.nc + .json
pft_survive_frac    cdf  -           float  month  43 /projects/prjs2023/chapter3/lpjml_output/2026_04_08_run_for_10_locations/temperate_broadleaved_summergreen_tree/patch_8/output/pft_survive_frac.nc + .json
pft_vegc            cdf  gC/m2       float  year   43 /projects/prjs2023/chapter3/lpjml_output/2026_04_08_run_for_10_locations/temperate_broadleaved_summergreen_tree/patch_8/output/pft_vegc.nc + .json
pft_vegn            cdf  gN/m2       float  year   43 /projects/prjs2023/chapter3/lpjml_output/2026_04_08_run_for_10_locations/temperate_broadleaved_summergreen_tree/patch_8/output/pft_vegn.nc + .json
pft_water_demand    cdf  mm/yr       float  year   43 /projects/prjs2023/chapter3/lpjml_output/2026_04_08_run_for_10_locations/temperate_broadleaved_summergreen_tree/patch_8/output/pft_water_demand.nc + .json
phen_light          cdf  -           float  month   1 /projects/prjs2023/chapter3/lpjml_output/2026_04_08_run_for_10_locations/temperate_broadleaved_summergreen_tree/patch_8/output/mphen_light.nc + .json
phen_tmax           cdf  -           float  month   1 /projects/prjs2023/chapter3/lpjml_output/2026_04_08_run_for_10_locations/temperate_broadleaved_summergreen_tree/patch_8/output/mphen_tmax.nc + .json
phen_tmin           cdf  -           float  month   1 /projects/prjs2023/chapter3/lpjml_output/2026_04_08_run_for_10_locations/temperate_broadleaved_summergreen_tree/patch_8/output/mphen_tmin.nc + .json
phen_water          cdf  -           float  month   1 /projects/prjs2023/chapter3/lpjml_output/2026_04_08_run_for_10_locations/temperate_broadleaved_summergreen_tree/patch_8/output/mphen_water.nc + .json
rd                  cdf  gC/m2/month float  month   1 /projects/prjs2023/chapter3/lpjml_output/2026_04_08_run_for_10_locations/temperate_broadleaved_summergreen_tree/patch_8/output/rd.nc + .json
rh                  cdf  gC/m2/month float  month   1 /projects/prjs2023/chapter3/lpjml_output/2026_04_08_run_for_10_locations/temperate_broadleaved_summergreen_tree/patch_8/output/mrh.nc + .json
runoff              cdf  mm/month    float  month   1 /projects/prjs2023/chapter3/lpjml_output/2026_04_08_run_for_10_locations/temperate_broadleaved_summergreen_tree/patch_8/output/mrunoff.nc + .json
soilc               cdf  gC/m2       float  year    1 /projects/prjs2023/chapter3/lpjml_output/2026_04_08_run_for_10_locations/temperate_broadleaved_summergreen_tree/patch_8/output/soilc.nc + .json
soilc_layer         cdf  gC/m2       float  year    5 /projects/prjs2023/chapter3/lpjml_output/2026_04_08_run_for_10_locations/temperate_broadleaved_summergreen_tree/patch_8/output/soilc_layer.nc + .json
soiln               cdf  gN/m2       float  year    1 /projects/prjs2023/chapter3/lpjml_output/2026_04_08_run_for_10_locations/temperate_broadleaved_summergreen_tree/patch_8/output/soiln.nc + .json
soiln_layer         cdf  gN/m2       float  year    5 /projects/prjs2023/chapter3/lpjml_output/2026_04_08_run_for_10_locations/temperate_broadleaved_summergreen_tree/patch_8/output/soiln_layer.nc + .json
soilnh4             cdf  gN/m2       float  year    1 /projects/prjs2023/chapter3/lpjml_output/2026_04_08_run_for_10_locations/temperate_broadleaved_summergreen_tree/patch_8/output/soilnh4.nc + .json
soilnh4_layer       cdf  gN/m2       float  year    5 /projects/prjs2023/chapter3/lpjml_output/2026_04_08_run_for_10_locations/temperate_broadleaved_summergreen_tree/patch_8/output/soilnh4_layer.nc + .json
soilno3             cdf  gN/m2       float  year    1 /projects/prjs2023/chapter3/lpjml_output/2026_04_08_run_for_10_locations/temperate_broadleaved_summergreen_tree/patch_8/output/soilno3.nc + .json
soilno3_layer       cdf  gN/m2       float  year    5 /projects/prjs2023/chapter3/lpjml_output/2026_04_08_run_for_10_locations/temperate_broadleaved_summergreen_tree/patch_8/output/soilno3_layer.nc + .json
soiltemp1           cdf  Celsius     float  month   1 /projects/prjs2023/chapter3/lpjml_output/2026_04_08_run_for_10_locations/temperate_broadleaved_summergreen_tree/patch_8/output/msoiltemp1.nc + .json
soiltemp2           cdf  Celsius     float  month   1 /projects/prjs2023/chapter3/lpjml_output/2026_04_08_run_for_10_locations/temperate_broadleaved_summergreen_tree/patch_8/output/msoiltemp2.nc + .json
soiltemp3           cdf  Celsius     float  month   1 /projects/prjs2023/chapter3/lpjml_output/2026_04_08_run_for_10_locations/temperate_broadleaved_summergreen_tree/patch_8/output/msoiltemp3.nc + .json
swc1                cdf  1           float  month   1 /projects/prjs2023/chapter3/lpjml_output/2026_04_08_run_for_10_locations/temperate_broadleaved_summergreen_tree/patch_8/output/mswc1.nc + .json
swc2                cdf  1           float  month   1 /projects/prjs2023/chapter3/lpjml_output/2026_04_08_run_for_10_locations/temperate_broadleaved_summergreen_tree/patch_8/output/mswc2.nc + .json
swc3                cdf  1           float  month   1 /projects/prjs2023/chapter3/lpjml_output/2026_04_08_run_for_10_locations/temperate_broadleaved_summergreen_tree/patch_8/output/mswc3.nc + .json
swc4                cdf  1           float  month   1 /projects/prjs2023/chapter3/lpjml_output/2026_04_08_run_for_10_locations/temperate_broadleaved_summergreen_tree/patch_8/output/mswc4.nc + .json
swc5                cdf  1           float  month   1 /projects/prjs2023/chapter3/lpjml_output/2026_04_08_run_for_10_locations/temperate_broadleaved_summergreen_tree/patch_8/output/mswc5.nc + .json
transp              cdf  mm/month    float  month   1 /projects/prjs2023/chapter3/lpjml_output/2026_04_08_run_for_10_locations/temperate_broadleaved_summergreen_tree/patch_8/output/mtransp.nc + .json
vegc                cdf  gC/m2       float  year    1 /projects/prjs2023/chapter3/lpjml_output/2026_04_08_run_for_10_locations/temperate_broadleaved_summergreen_tree/patch_8/output/vegc.nc + .json
vegn                cdf  gN/m2       float  year    1 /projects/prjs2023/chapter3/lpjml_output/2026_04_08_run_for_10_locations/temperate_broadleaved_summergreen_tree/patch_8/output/vegn.nc + .json
wateramount         cdf  hm3         float  month   1 /projects/prjs2023/chapter3/lpjml_output/2026_04_08_run_for_10_locations/temperate_broadleaved_summergreen_tree/patch_8/output/mwateramount.nc + .json
wscal               cdf  -           float  month   1 /projects/prjs2023/chapter3/lpjml_output/2026_04_08_run_for_10_locations/temperate_broadleaved_summergreen_tree/patch_8/output/wscal.nc + .json
------------------- ---- ----------- ------ ----- --- -------------------------
Spinup years:                   180
Cycle length during spinup:      30
First year:                    1901
Last year:                     2019
Number of grid cells:            63
==============================================================================
Memory allocated for output: 7,096 bytes/cell
Simulation begins...
Spinup using climate starting from year 1901

                 Carbon flux (ktC/yr)                    Water (dam3/yr)                Nitrogen (MgN/yr)
       --------------------------------------- ---------------------------------- --------------------------------
Spinup NEP     estab   harvest product NBP     transp     evap    interc  wd      nuptake ndemand  nlosses ninflux
------ ------- ------- ------- ------- ------- ---------- ------- ------- ------- ------- -------- ------- -------
  1721 -650.432   4.629  37.001   0.000 -682.804   947529.6 643583.4 227995.8     0.0 34931.4  10139.9  6929.8  8070.6
  1722  32.654   4.592  43.836   0.000  -6.591  1006770.3 716032.6 280603.7     0.0 38762.5   9043.0  7215.0 15236.3
  1723 -110.749   4.590  38.992   0.000 -145.151  1069069.7 484910.8 224178.6     0.0 40848.7  10406.4 18444.1 28990.7
  1724 -160.872   4.604  27.535   0.000 -183.802   931600.6 501599.3 237060.1     0.0 32364.2   8812.5 13072.1 17324.2
  1725 429.235   4.604  46.313   0.000 387.525  1102461.4 586633.7 326298.8     0.0 42582.1  11768.1 10529.6 18954.0
  1726 117.290   4.604  88.651   0.000  33.243  1126539.8 551158.2 348862.9     0.0 35417.0   9617.5 17982.4 18054.8
  1727  -7.607   4.604  56.818   0.000 -59.822  1122725.3 599046.8 332624.0     0.0 37032.0  10091.6 13641.9 22635.8
  1728 -233.641   4.604  47.463   0.000 -276.500  1119762.1 525151.0 265177.8     0.0 37770.6  10149.4 14914.4 25238.7
  1729 340.645   4.604  77.007   0.000 268.242  1189483.3 649337.2 445651.1     0.0 39161.3  10301.3 19738.6 23134.3
  1730  23.971   4.604  49.103   0.000 -20.528  1101420.0 557275.5 299628.0     0.0 36796.7  10803.1  9313.6 19706.5
  1731 -600.035   4.605  30.912   0.000 -626.342   935740.7 498627.7 196592.4     0.0 30144.8   8506.5 18842.5 19672.0
  1732 -39.516   4.605  72.500   0.000 -107.411  1140261.3 593413.6 296899.5     0.0 41429.3  11589.2 19079.0 23048.9
  1733 433.347   4.604  68.877   0.000 369.073  1186381.9 585907.7 362778.5     0.0 33443.1  11265.2 19072.4 20642.7
  1734 449.992   4.604  67.515   0.000 387.081  1163572.7 569484.1 352708.1     0.0 42459.0  10121.5  8036.8 22930.5
  1735  48.700   4.604  77.515   0.000 -24.211  1176656.7 571719.8 315420.8     0.0 36877.2  11004.6 14926.4 24204.4
  1736 118.623   4.604  36.726   0.000  86.501  1157411.1 564984.5 349292.0     0.0 38736.8  11118.1 11687.2 21781.2
  1737 -51.826   4.604  66.381   0.000 -113.603  1143462.5 594030.2 355389.0     0.0 33508.5  10972.9 35751.0 23354.6
  1738 -231.415   4.605  38.072   0.000 -264.882  1075029.4 518444.1 272492.4     0.0 33097.8   9807.4  8540.9 17947.7
  1739 -615.565   4.605  25.035   0.000 -635.995   951316.2 463332.4 163819.6     0.0 34917.1   9566.8 19448.7 17253.8
  1740 102.140   4.605  50.009   0.000  56.736  1093568.4 569057.4 282162.4     0.0 39963.9  11827.7 13072.1 18551.0
  1741 471.839   4.604  47.390   0.000 429.053  1114569.0 572385.6 346543.6     0.0 36882.3  11403.0 11600.1 19565.8
  1742 -273.214   4.604  55.547   0.000 -324.157  1093591.0 491550.2 254574.4     0.0 34964.6   9910.5 10655.8 16477.0
  1743 463.599   4.604  49.456   0.000 418.746  1165358.9 582557.0 357702.0     0.0 40173.8  11677.6 14363.5 19322.7
  1744 246.241   4.605  82.731   0.000 168.114  1203568.4 583974.2 387339.5     0.0 32218.9  11652.0 27084.3 19964.5
  1745 -637.680   4.605  32.775   0.000 -665.850   945611.7 445721.6 169787.3     0.0 35366.2   7570.6 12820.1 16949.9

                 Carbon flux (ktC/yr)                    Water (dam3/yr)                Nitrogen (MgN/yr)
       --------------------------------------- ---------------------------------- --------------------------------
Spinup NEP     estab   harvest product NBP     transp     evap    interc  wd      nuptake ndemand  nlosses ninflux
------ ------- ------- ------- ------- ------- ---------- ------- ------- ------- ------- -------- ------- -------
  1746 143.999   4.605  54.912   0.000  93.692  1162293.7 635900.5 319524.0     0.0 39596.6  10402.9 18916.6 19628.0
  1747 -169.808   4.605  32.338   0.000 -197.541  1104619.9 461041.7 244365.3     0.0 36539.8  10008.2 18505.1 17530.5
  1748 -121.910   4.605  37.615   0.000 -154.920  1067388.0 441937.5 246640.0     0.0 37418.6   9649.8 12794.5 18480.4
  1749 221.413   4.604  62.658   0.000 163.359  1178103.5 592070.9 347930.1     0.0 38253.6  10464.1 39871.3 19845.9
  1750 364.505   4.605  34.188   0.000 334.922  1166888.3 547359.7 349472.5     0.0 38614.8  10956.6 10639.3 16795.0
  1751 224.891   4.605  75.508   0.000 153.987  1216314.8 588725.3 392884.0     0.0 31839.7  12459.1 17798.8 19840.4
  1752  70.098   4.605  69.507   0.000   5.196  1186229.3 592236.5 361686.6     0.0 38889.2   9660.3 20352.2 21507.8
  1753  68.819   4.605  59.494   0.000  13.930  1209748.4 571015.9 327177.0     0.0 37710.5  11501.5 12766.9 24446.9
  1754  13.891   4.605  52.465   0.000 -33.970  1193189.2 627814.6 343758.6     0.0 35847.7   9572.8 20257.6 20602.2
  1755 -143.931   4.605  40.125   0.000 -179.452  1114799.0 520525.3 281017.9     0.0 33594.4   9582.6 11937.9 16933.3
  1756 -129.287   4.605  38.035   0.000 -162.716  1104527.3 519790.9 276601.7     0.0 34866.5   9744.7 12799.7 17195.2
  1757 -70.317   4.605  42.526   0.000 -108.239  1149179.5 566105.0 398131.6     0.0 37556.1  10377.1 30751.8 17731.0
  1758 -601.184   4.610  28.762   0.000 -625.336   906658.7 533685.2 186746.3     0.0 33338.7   7962.9 19502.0 18513.8
  1759   4.188   4.606  41.495   0.000 -32.701  1051598.0 590671.4 326881.0     0.0 38471.4  10164.1 24267.6 19144.4
  1760 155.133   4.609  70.631   0.000  89.110  1035156.2 603005.9 296793.8     0.0 38723.3   8668.6 19134.1 18187.8
  1761 -513.988   4.605  30.970   0.000 -540.352   895372.8 516546.3 151839.8     0.0 31498.3   7515.0 16449.9 17448.5
  1762 159.047   4.605  40.993   0.000 122.659  1062652.6 628938.8 259426.1     0.0 42048.5  10288.6 14700.9 18901.9
  1763 124.537   4.604  53.350   0.000  75.791  1087931.2 547683.5 266653.0     0.0 38239.7   9872.0 18550.7 19524.5
  1764 -179.971   4.604  41.782   0.000 -217.149  1033355.0 526751.8 188774.7     0.0 34868.3   9353.6 10847.0 16322.6
  1765  76.030   4.604  40.046   0.000  40.588  1057827.7 479701.7 209861.6     0.0 41876.9  10048.3 21753.2 19076.0
  1766 -23.311   4.603  35.893   0.000 -54.600  1159357.5 494057.8 205882.3     0.0 37480.6  11536.2 12630.0 15106.5
  1767  10.163   4.603  42.722   0.000 -27.956  1139387.5 536484.4 241814.0     0.0 41144.9   8806.2 22546.7 19493.1
  1768 653.157   4.604  35.900   0.000 621.861  1155516.9 694793.1 404578.1     0.0 40024.1  10607.5 29228.6 19539.0
  1769  30.927   4.604  59.321   0.000 -23.791  1077735.5 563743.2 280281.1     0.0 33467.1  10605.6  7202.5 19431.3
  1770 -291.066   4.605  27.675   0.000 -314.136   924720.2 504859.6 241037.8     0.0 32258.8   9443.8 13459.0 18822.6

                 Carbon flux (ktC/yr)                    Water (dam3/yr)                Nitrogen (MgN/yr)
       --------------------------------------- ---------------------------------- --------------------------------
Spinup NEP     estab   harvest product NBP     transp     evap    interc  wd      nuptake ndemand  nlosses ninflux
------ ------- ------- ------- ------- ------- ---------- ------- ------- ------- ------- -------- ------- -------
  1771 243.552   4.206  48.981   0.000 198.777  1097590.1 548312.0 312246.3     0.0 39824.4  12139.6 23757.0 19827.0
  1772 -245.221   4.604  73.723   0.000 -314.340  1117712.2 585268.3 288451.3     0.0 32907.6  11458.8 12920.2 20695.6
  1773 -200.982   4.604  39.221   0.000 -235.599  1154472.3 484545.1 217905.1     0.0 36474.4  11806.4 10783.9 14893.2
  1774 487.323   4.603  49.484   0.000 442.442  1135017.0 677063.7 405119.8     0.0 41641.0  11110.4 30221.0 20449.4
  1775 115.065   4.604  63.526   0.000  56.142  1120109.0 617576.1 309858.8     0.0 32689.9   9495.0  9529.6 21356.5
  1776 -186.982   4.604  62.966   0.000 -245.345  1173691.2 605227.4 294106.9     0.0 38564.0  11051.4 26280.2 23266.3
  1777 -590.999   4.604  29.618   0.000 -616.013   962838.0 437528.6 206704.4     0.0 32484.2   8779.5 11928.5 19241.8
  1778 234.518   4.605  40.470   0.000 198.652  1138250.8 612616.2 310390.0     0.0 40294.0  11532.6 13244.5 19398.9
  1779 -523.683   4.604  27.824   0.000 -546.903   972436.4 452467.3 200691.1     0.0 33564.0   7813.7 16921.0 15957.4
  1780 279.076   4.604  31.868   0.000 251.812  1133267.1 618097.6 309289.1     0.0 40379.7  11470.7 15660.7 20050.0
  1781 335.345   4.603  32.586   0.000 307.362  1152846.9 576779.9 318183.6     0.0 40020.1  10486.0 19850.3 17502.9
  1782 138.766   4.205  53.015   0.000  89.956  1173753.8 610784.2 331873.8     0.0 35026.1  11064.6 13230.1 18488.4
  1783 -99.165   4.604  39.794   0.000 -134.355  1128626.8 481394.8 244715.7     0.0 38090.2  10614.0 24295.5 19213.5
  1784  15.043   4.604  72.399   0.000 -52.751  1186145.6 585513.5 317733.5     0.0 37667.6  11477.4 18394.8 21178.5
  1785 139.437   4.604  46.757   0.000  97.284  1107869.1 552061.2 296373.9     0.0 37392.6  10757.8  9865.2 16188.7
  1786 -230.954   4.605  39.648   0.000 -265.998  1057506.9 491780.0 256560.0     0.0 35466.8   9965.6 10962.9 16662.5
  1787 -566.315   4.605  28.795   0.000 -590.505   962352.2 503236.3 191747.3     0.0 31707.3   8454.4 27588.2 16911.0
  1788 305.854   4.605  52.236   0.000 258.222  1145737.3 612117.8 318541.7     0.0 40946.8  10615.9 39414.0 22927.6
  1789 267.298   4.603  33.057   0.000 238.844  1126629.7 545923.0 309837.8     0.0 36602.5  11153.9 14169.0 18067.8
  1790 -543.717   4.605  29.405   0.000 -568.517   928422.7 447637.3 159007.5     0.0 32517.7   7614.4 15786.9 16620.4
  1791  27.426   4.605  36.147   0.000  -4.116  1199936.4 494884.2 221951.6     0.0 40063.8  12784.2 13924.9 16324.1
  1792 222.672   4.604  27.822   0.000 199.454  1101006.7 557249.8 277783.3     0.0 38391.6  10116.6 14808.7 18186.5
  1793 135.182   4.206  40.698   0.000  98.689  1143078.7 563494.8 377199.6     0.0 36355.4   9942.7 28323.4 18949.9
  1794 130.015   4.608  45.681   0.000  88.942  1115028.9 634985.1 283156.6     0.0 39309.9  10344.7 17027.1 17830.9
  1795 -27.637   4.604  44.984   0.000 -68.018  1078266.9 587563.5 253129.9     0.0 36151.4   9910.3 12546.6 16422.9

                 Carbon flux (ktC/yr)                    Water (dam3/yr)                Nitrogen (MgN/yr)
       --------------------------------------- ---------------------------------- --------------------------------
Spinup NEP     estab   harvest product NBP     transp     evap    interc  wd      nuptake ndemand  nlosses ninflux
------ ------- ------- ------- ------- ------- ---------- ------- ------- ------- ------- -------- ------- -------
  1796   2.977   4.205  41.099   0.000 -33.917  1068791.6 477986.2 219837.3     0.0 38223.6  10469.6 20951.6 19741.9
  1797 255.987   4.604  45.783   0.000 214.808  1183199.4 584054.0 314789.9     0.0 37473.2  11869.4 17337.6 17294.2
  1798 272.243   4.603  48.704   0.000 228.143  1125605.4 559781.7 311442.2     0.0 38542.9  10826.2  8959.8 17535.5
  1799 278.851   4.604  60.171   0.000 223.284  1118415.2 681755.2 410293.4     0.0 35328.3  11788.0 25499.9 21929.8
  1800 -67.674   4.604  64.035   0.000 -127.105  1094839.7 620540.8 308073.1     0.0 31845.7   9939.8  8865.3 22033.8
  1801 -77.081   4.604  44.358   0.000 -116.834  1125581.6 621521.8 319275.0     0.0 36682.9  11855.0 12545.5 23566.8
  1802 -575.578   4.604  25.559   0.000 -596.533   929429.4 459460.4 153238.4     0.0 33065.4   9425.8 23351.5 18677.6
  1803 -69.600   4.604  79.011   0.000 -144.007  1126367.6 589999.7 287949.2     0.0 38514.6  11733.6 18312.6 21587.2
  1804 211.043   4.604  56.932   0.000 158.714  1120395.3 589677.5 318681.2     0.0 36433.0   9831.0 32233.5 19345.2
  1805 178.576   4.604  51.331   0.000 131.848  1127215.2 621950.4 304940.5     0.0 37054.1   9423.7 12221.4 17678.1
  1806  47.297   4.604  56.433   0.000  -4.531  1128276.6 609836.7 327226.1     0.0 35875.4  10366.6 26735.4 18045.5
  1807 -568.640   4.604  29.495   0.000 -593.530   963770.4 438273.0 205914.0     0.0 34337.5   8373.6 11609.5 15037.6
  1808 251.291   4.604  46.838   0.000 209.058  1139769.1 584331.7 284042.9     0.0 40602.8  11786.2 16594.3 18947.5
  1809 340.435   4.603  70.732   0.000 274.306  1190200.8 652754.3 427832.1     0.0 36774.7   9982.7 19387.1 19667.5
  1810 -601.405   4.604  35.635   0.000 -632.436   963739.6 499645.4 190825.3     0.0 30403.1   7939.3 18629.2 17093.2
  1811 -87.106   4.207  28.140   0.000 -111.038   943477.3 500844.9 234416.1     0.0 35893.6   9311.2 16484.3 16324.4
  1812 177.029   4.604  41.030   0.000 140.602  1076080.1 557491.1 260666.0     0.0 37781.2  11258.6 11914.6 16580.8
  1813 -57.114   4.604  31.117   0.000 -83.627  1034629.2 520610.9 241781.8     0.0 31762.9   8548.4 11805.2 18468.2
  1814 393.645   4.604  50.938   0.000 347.310  1143876.9 589133.0 324876.4     0.0 41867.2  11716.5 17690.3 18424.2
  1815 -153.023   4.604  45.061   0.000 -193.480  1031571.8 437481.3 229930.2     0.0 34146.5   9677.1 10413.8 16281.2
  1816 179.917   4.604  80.639   0.000 103.882  1164205.4 549519.7 347480.9     0.0 37786.4  10519.7 30982.5 18657.3
  1817 -41.734   4.604  76.120   0.000 -113.249  1180219.4 575488.2 304082.2     0.0 37534.9  11071.3 14516.3 21521.0
  1818  53.878   4.604  65.201   0.000  -6.719  1200536.4 580076.3 300223.6     0.0 39061.0  10773.6 15956.3 19860.1
  1819 344.829   4.604  79.062   0.000 270.371  1207850.4 628929.2 448728.4     0.0 36537.2  10609.6 17949.1 21441.9
  1820 317.266   4.604  55.641   0.000 266.229  1153270.0 522737.1 350040.9     0.0 37909.3  10991.8 22814.9 21900.4

                 Carbon flux (ktC/yr)                    Water (dam3/yr)                Nitrogen (MgN/yr)
       --------------------------------------- ---------------------------------- --------------------------------
Spinup NEP     estab   harvest product NBP     transp     evap    interc  wd      nuptake ndemand  nlosses ninflux
------ ------- ------- ------- ------- ------- ---------- ------- ------- ------- ------- -------- ------- -------
  1821 112.639   4.605  76.824   0.000  40.420  1165604.7 542409.1 372993.5     0.0 33646.6  11097.1 19900.0 20237.9
  1822 101.311   4.605  80.684   0.000  25.231  1200551.5 635534.3 456103.1     0.0 37081.5  10886.8 14349.9 22461.4
  1823 -148.760   4.605  46.389   0.000 -190.545  1140217.3 549547.0 393677.6     0.0 35063.0  10342.7 15307.3 19374.0
  1824 206.537   4.609  52.422   0.000 158.725  1051221.8 566493.1 325527.3     0.0 38976.9  10777.7 15431.7 22045.3
  1825 -359.672   4.604  32.484   0.000 -387.552  1000580.9 524382.8 199056.0     0.0 29187.1  10069.5  8251.4 17384.2
  1826 126.061   4.604  54.236   0.000  76.429  1096149.4 532991.9 291812.8     0.0 39473.6  10616.0 19037.2 18437.3
  1827 -125.036   4.604  73.102   0.000 -193.534  1127769.3 597498.4 275144.2     0.0 36802.6  10782.1 17193.5 19068.9
  1828 117.574   4.604  60.098   0.000  62.081  1115896.7 574695.3 284174.8     0.0 36223.5  10899.5 15239.7 20350.5
  1829 416.828   4.604  52.469   0.000 368.963  1106664.7 673781.4 411699.1     0.0 37957.2  11000.2 24048.2 20937.8
  1830 -819.987   4.607  34.953   0.000 -850.333   819551.9 438521.5 156302.0     0.0 26288.8   7851.2  8743.2 15921.0
  1831 282.741   4.604  37.501   0.000 249.844  1079314.9 557094.7 282363.6     0.0 40191.1  11451.1 17047.8 16607.5
  1832 276.500   4.604  61.457   0.000 219.647  1141019.3 519187.6 303403.4     0.0 37973.6  10071.0 18301.5 18616.5
  1833 -141.484   4.605  41.975   0.000 -178.854  1081654.8 519621.5 213471.4     0.0 34346.4   9544.1 11398.7 16389.3
  1834  68.667   4.605  73.256   0.000   0.016  1167054.8 581190.3 300281.8     0.0 39424.0  10657.4 17531.0 21425.6
  1835 115.217   4.605  75.362   0.000  44.460  1186020.6 570099.8 310448.7     0.0 37245.9  10609.9 16030.5 21910.6
  1836 -533.167   4.605  24.965   0.000 -553.526   918839.0 433615.7 162179.2     0.0 32084.7   7775.9 16277.4 15795.8
  1837 157.271   4.605  36.091   0.000 125.785  1077588.8 442015.0 228541.2     0.0 39985.7  10097.2 16477.0 20112.6
  1838 -442.661   4.605  36.675   0.000 -474.730   977119.4 491400.8 185244.8     0.0 30242.8   7840.5 27426.6 18187.5
  1839 256.400   4.605  70.230   0.000 190.776  1191595.2 587563.5 285671.2     0.0 42946.6  10806.5 22569.8 24162.1
  1840  10.522   4.605  28.303   0.000 -13.176   974753.6 486047.8 240045.1     0.0 30416.7   8309.1 19821.1 17286.6
  1841 -52.376   4.605  34.526   0.000 -82.297  1098486.2 491285.2 235953.3     0.0 40591.9  10055.3 12739.1 17323.8
  1842  69.028   4.605  42.443   0.000  31.190  1186566.6 527125.7 257503.1     0.0 38517.1   9459.7 28641.4 19917.0
  1843 768.783   4.604  51.968   0.000 721.419  1230897.2 574324.1 348148.8     0.0 41090.9  11169.0 12869.5 18789.1
  1844 -236.615   4.605  45.859   0.000 -277.868  1100701.9 507902.3 231270.9     0.0 32739.4   9154.5 10688.3 16163.2
  1845  24.885   4.605  42.695   0.000 -13.206  1193666.5 527063.1 272185.9     0.0 40443.4  10041.4 25814.8 20302.8

                 Carbon flux (ktC/yr)                    Water (dam3/yr)                Nitrogen (MgN/yr)
       --------------------------------------- ---------------------------------- --------------------------------
Spinup NEP     estab   harvest product NBP     transp     evap    interc  wd      nuptake ndemand  nlosses ninflux
------ ------- ------- ------- ------- ------- ---------- ------- ------- ------- ------- -------- ------- -------
  1846 376.740   4.604  40.615   0.000 340.729  1245765.0 605921.1 346485.4     0.0 38344.1  11049.4 16054.8 18873.7
  1847 440.599   4.604  52.814   0.000 392.389  1235427.9 582599.3 371699.1     0.0 38582.6  11751.5 15976.7 19091.5
  1848 -345.864   4.605  46.294   0.000 -387.553  1095969.0 508238.1 242416.1     0.0 32002.3   9783.5  9741.2 15674.9
  1849 124.205   4.605  43.289   0.000  85.521  1137751.5 559293.8 302574.4     0.0 39868.7  11486.8 13474.7 17841.8
  1850 321.392   4.605  31.842   0.000 294.155  1146126.5 551268.7 347220.2     0.0 35595.2  11574.2 11821.8 17345.2
  1851 316.114   4.605  68.808   0.000 251.911  1177545.9 664554.4 521967.7     0.0 34712.4  13072.3 37476.1 20478.3
  1852 -340.037   4.605  65.573   0.000 -401.005  1146963.1 491400.0 266272.4     0.0 33849.7  10988.2 12753.8 18167.0
  1853 -270.702   4.606  28.814   0.000 -294.910   971044.1 488323.3 261994.9     0.0 31729.2   9764.8 16365.1 18712.8
  1854  98.774   4.605  31.197   0.000  72.182  1108987.1 544169.7 320339.5     0.0 37797.0  13065.6 15625.1 19575.6
  1855 296.575   4.605  70.385   0.000 230.795  1204816.8 639777.9 448380.8     0.0 35635.3  10099.4 19581.8 20114.5
  1856 385.501   4.605  66.012   0.000 324.094  1191267.9 666996.2 523146.2     0.0 36216.5  12092.3 27155.6 21305.1
  1857  42.496   4.605  63.108   0.000 -16.007  1200462.3 595176.8 356510.3     0.0 35277.1  11409.0 10288.7 21415.6
  1858   6.609   4.605  76.311   0.000 -65.097  1200127.2 556571.8 381401.8     0.0 35891.2  10628.1 23596.3 21720.8
  1859 -17.615   4.605  45.190   0.000 -58.201  1163164.5 546096.6 401020.5     0.0 36627.9  10331.1 17041.0 21802.1
  1860 -58.831   4.610  63.457   0.000 -117.678  1133989.7 644273.7 294291.3     0.0 39537.1  10559.7 17184.8 22872.8
  1861 318.367   4.605  36.004   0.000 286.968  1083827.7 560364.5 306811.8     0.0 34456.2  10917.8  9187.7 21053.5
  1862 -606.687   4.607  38.451   0.000 -640.530   932478.0 441556.8 197327.1     0.0 29742.4   8759.5 10946.1 18030.4
  1863 -665.487   4.606  19.020   0.000 -679.901   807982.3 443604.7 143363.2     0.0 33353.9   7573.9 17977.4 17877.3
  1864 451.379   4.605  47.057   0.000 408.927  1147972.9 588532.8 293952.9     0.0 40097.2  12468.9 26192.3 20286.5
  1865 288.625   4.605  86.760   0.000 206.470  1122952.9 552114.7 327222.9     0.0 37063.0   9081.4 27472.9 18116.9
  1866 319.902   4.605  49.887   0.000 274.620  1178486.1 566003.7 323369.0     0.0 38163.0  11112.7 17553.5 19273.2
  1867 -460.250   4.605  44.415   0.000 -500.060   966308.0 441083.2 203360.8     0.0 34321.6   7995.6 10864.9 16430.2
  1868 -55.843   4.606  18.477   0.000 -69.713   923684.3 497727.7 234956.0     0.0 34433.8   9793.7 16301.7 15508.8
  1869 269.538   4.206  52.050   0.000 221.694  1121024.5 521655.9 299828.7     0.0 39836.3  11494.0 21023.0 21232.1
  1870  32.942   4.605  39.962   0.000  -2.415  1112080.5 565081.5 361848.9     0.0 33974.2   9704.2 23838.5 16947.2

                 Carbon flux (ktC/yr)                    Water (dam3/yr)                Nitrogen (MgN/yr)
       --------------------------------------- ---------------------------------- --------------------------------
Spinup NEP     estab   harvest product NBP     transp     evap    interc  wd      nuptake ndemand  nlosses ninflux
------ ------- ------- ------- ------- ------- ---------- ------- ------- ------- ------- -------- ------- -------
  1871 320.275   4.609  50.757   0.000 274.127  1041037.1 572645.0 308048.0     0.0 39922.8  10094.9 19683.4 22021.0
  1872 -72.399   4.207  45.525   0.000 -113.717  1064596.2 566937.9 326561.9     0.0 31945.7  10137.0 18350.6 19946.1
  1873 -245.191   4.609  37.315   0.000 -277.896  1072526.1 522356.0 189658.1     0.0 37673.0  10949.2 11069.2 15448.4
  1874 -154.634   4.605  25.106   0.000 -175.135  1088586.5 499078.8 181644.6     0.0 36534.4  10702.0 10895.7 14975.7
  1875  -8.454   4.604  32.658   0.000 -36.508  1041335.5 504131.9 203024.3     0.0 39007.7   8915.8 14999.2 18569.1
  1876 117.983   4.605  31.468   0.000  91.120  1048768.4 528298.8 222119.8     0.0 35070.9   8698.7 14291.3 18917.7
  1877 259.662   4.605  44.737   0.000 219.530  1168689.8 589990.7 301046.1     0.0 39302.6  11490.1 24862.2 17314.5
  1878 356.222   4.605  79.211   0.000 281.615  1119715.9 684216.7 454989.7     0.0 37060.5  11570.0 23982.0 19980.5
  1879 -214.913   4.606  51.335   0.000 -261.642  1014112.3 444134.5 221321.6     0.0 35003.7  10202.4  9276.8 20411.7
  1880 -231.837   4.606  40.540   0.000 -267.771   918770.5 494916.3 226611.6     0.0 31816.7   9998.1 16699.7 19390.5
  1881 113.471   4.606  58.891   0.000  59.186  1084936.9 602016.5 297349.3     0.0 37410.9  11265.0 27842.4 19595.5
  1882  69.145   4.605  36.403   0.000  37.347  1053706.3 549361.2 286068.5     0.0 35390.5  11540.4 12635.6 19493.8
  1883 -175.378   4.605  44.771   0.000 -215.544  1146672.7 487911.3 213613.2     0.0 35997.6  11655.5 10134.6 15311.2
  1884 121.412   4.605  42.042   0.000  83.976  1051507.2 556271.8 263292.0     0.0 39528.1  10743.7 12712.5 17599.4
  1885 217.856   4.606  47.727   0.000 174.735  1087737.4 622823.3 295553.8     0.0 34567.2   9604.3 16725.9 18969.0
  1886 -447.712   4.606  26.243   0.000 -469.349   936096.7 464223.8 149940.0     0.0 33627.5   9320.5 28338.5 18483.0
  1887 225.113   4.605  52.756   0.000 176.962  1126415.0 616931.9 306236.3     0.0 39233.7  11665.3 16035.9 20776.8
  1888 350.204   4.605  51.804   0.000 303.005  1098552.4 542735.5 319277.6     0.0 37533.2  10866.9 24931.2 20123.0
  1889  59.231   4.605  61.502   0.000   2.333  1128370.3 581804.9 291212.6     0.0 34660.9  11699.9 14269.8 19274.2
  1890 -569.476   4.606  32.907   0.000 -597.777   953750.2 447810.4 202420.1     0.0 30749.3   8682.0 12936.8 16444.2
  1891 -14.542   4.604  34.293   0.000 -44.231  1114700.3 484045.7 214698.9     0.0 39452.1  12276.6  9982.7 16108.7
  1892 633.155   4.603  52.132   0.000 585.626  1141743.9 676670.4 405776.4     0.0 40789.3  10975.6 33724.6 21777.5
  1893 330.120   4.604  49.749   0.000 284.975  1108913.4 547184.2 329329.8     0.0 33709.5  11181.8  7879.0 18889.2
  1894 -367.000   4.605  51.432   0.000 -413.827  1062557.4 496143.4 250268.3     0.0 32863.9  11030.8  9304.7 18053.7
  1895 188.873   4.605  46.817   0.000 146.661  1180434.1 574660.8 340425.4     0.0 37639.5  12464.7 17693.0 19563.9

                 Carbon flux (ktC/yr)                    Water (dam3/yr)                Nitrogen (MgN/yr)
       --------------------------------------- ---------------------------------- --------------------------------
Spinup NEP     estab   harvest product NBP     transp     evap    interc  wd      nuptake ndemand  nlosses ninflux
------ ------- ------- ------- ------- ------- ---------- ------- ------- ------- ------- -------- ------- -------
  1896 185.822   4.605  64.253   0.000 126.174  1184289.1 567833.4 344990.9     0.0 36546.9  12207.9 15435.4 20076.1
  1897 -65.256   4.605  82.920   0.000 -143.571  1176639.9 586321.8 307128.1     0.0 37404.7  11290.1 21225.0 22499.8
  1898 163.908   4.605  55.668   0.000 112.845  1130646.8 613131.2 325574.9     0.0 34153.4  10133.8 10799.0 20702.9
  1899 -85.989   4.605  69.143   0.000 -150.528  1168701.2 595821.1 308901.3     0.0 38047.3  11563.9 29532.2 20912.9
  1900 215.455   4.605  81.786   0.000 138.274  1139827.9 540173.8 369418.9     0.0 34472.5  10773.4 21947.1 20935.9

                 Carbon flux (ktC/yr)                    Water (dam3/yr)                Nitrogen (MgN/yr)
       --------------------------------------- ---------------------------------- --------------------------------
Year   NEP     estab   harvest product NBP     transp     evap    interc  wd      nuptake ndemand  nlosses ninflux
------ ------- ------- ------- ------- ------- ---------- ------- ------- ------- ------- -------- ------- -------
  1901 -16.785   4.605  48.307   0.000 -60.487  1122544.1 546715.4 389849.9     0.0 36669.4  10576.9 16047.3 20389.1
  1902  26.062   4.610  64.861   0.000 -34.189  1065105.7 626023.1 294209.0     0.0 38003.7  10865.2 12788.2 21991.4
  1903 292.743   4.605  62.477   0.000 234.871  1067297.2 593290.2 314893.5     0.0 36019.6  11184.5 10476.8 22932.3
  1904 -170.461   4.605  50.830   0.000 -216.687   966483.7 442122.3 223360.0     0.0 33879.4   9701.4  7252.7 20535.4
  1905 268.714   4.605  84.976   0.000 188.343  1108027.3 593988.8 349360.3     0.0 34787.6  12000.4 24862.4 22765.1
  1906 191.006   4.605  66.155   0.000 129.456  1138179.3 563143.0 329210.1     0.0 38864.5  11269.0 13120.1 21402.1
  1907  34.826   4.605  54.714   0.000 -15.283  1050877.7 541208.7 315981.9     0.0 35429.8  11859.3 15061.4 23175.7
  1908  80.433   4.605  71.968   0.000  13.070  1111357.9 515924.4 323900.3     0.0 36512.8  11022.7 18585.0 23740.4
  1909  85.594   4.605  69.690   0.000  20.509  1098849.3 626725.9 317783.1     0.0 35198.7  10093.8 14353.7 17762.3
  1910 -260.256   4.605  47.659   0.000 -303.309  1153437.4 496399.0 234744.5     0.0 35075.1  12506.4 22287.2 16248.4
  1911 -179.796   4.605  32.399   0.000 -207.590  1028202.9 515459.2 224981.1     0.0 35770.9  10119.0 11662.1 17517.1
  1912 534.719   4.605  36.209   0.000 503.115  1113891.1 561075.8 333305.2     0.0 41061.6  11489.6 14797.6 17361.2
  1913 -67.224   4.206  46.656   0.000 -109.674  1046032.2 518884.7 267721.5     0.0 29376.3  10076.0 10300.3 16629.5
  1914 -552.375   4.606  29.506   0.000 -577.275   950520.4 450088.2 214382.4     0.0 34240.1   9139.2 17942.6 13381.2
  1915 468.241   4.605  51.467   0.000 421.380  1074514.6 686843.8 485539.7     0.0 38714.6  13144.3 33943.5 20304.9
  1916  28.201   4.605  68.879   0.000 -36.074  1064425.9 557264.6 288621.6     0.0 34640.4  11634.9 10140.8 19162.0
  1917 -170.150   4.606  30.297   0.000 -195.841   908849.3 492332.2 252018.8     0.0 28837.9   9667.9 13757.2 20019.9
  1918 112.114   4.207  48.071   0.000  68.250  1089265.2 609502.7 323079.3     0.0 38545.2  12240.0 11845.2 18750.0
  1919 -543.030   4.605  32.150   0.000 -570.575   921218.6 508537.7 187087.6     0.0 28903.2   8894.3 25494.6 16954.0
  1920 238.022   4.606  56.583   0.000 186.045  1077577.2 608636.7 315603.4     0.0 39261.0  10744.8 30542.2 20130.9
  1921  -6.830   4.605  39.776   0.000 -42.001  1087447.4 525841.3 252900.7     0.0 35693.1  10271.5 15467.6 17163.8
  1922 421.941   4.605  83.180   0.000 343.366  1138217.6 548437.5 353030.0     0.0 37839.6   9984.7 19787.7 19275.5
  1923 308.663   4.605  86.708   0.000 226.559  1172061.3 637347.8 448140.7     0.0 37611.0  10654.2 14962.7 21804.8
  1924 -414.514   4.605  32.306   0.000 -442.215   932205.0 440957.4 166971.9     0.0 32405.2   9247.0 10653.8 16056.1
  1925  36.914   4.605  89.935   0.000 -48.415  1132530.6 579683.9 312809.9     0.0 38793.3  12300.9 13852.6 22131.7

                 Carbon flux (ktC/yr)                    Water (dam3/yr)                Nitrogen (MgN/yr)
       --------------------------------------- ---------------------------------- --------------------------------
Year   NEP     estab   harvest product NBP     transp     evap    interc  wd      nuptake ndemand  nlosses ninflux
------ ------- ------- ------- ------- ------- ---------- ------- ------- ------- ------- -------- ------- -------
  1926 171.629   4.604  73.178   0.000 103.056  1170527.2 576165.8 306899.9     0.0 38417.6  11113.8 16350.6 20522.2
  1927 584.408   4.604  60.711   0.000 528.302  1142262.7 652069.8 449078.5     0.0 36653.4  11933.9 26839.7 21331.6
  1928 -151.389   4.604  66.995   0.000 -213.780  1060169.5 479016.6 269621.7     0.0 32392.9  10940.2  6834.2 18187.5
  1929 434.088   4.605  59.027   0.000 379.666  1121324.1 524985.1 357285.9     0.0 38890.6  11774.2 20212.9 24685.6
  1930  33.599   4.206  48.689   0.000 -10.884  1112763.5 463778.9 255824.0     0.0 35010.8  12094.2 16047.5 22731.1
  1931 -255.053   4.605  35.263   0.000 -285.712  1099834.5 467360.3 220882.8     0.0 35462.8   9188.4 13237.3 17641.6
  1932 311.326   4.605  39.320   0.000 276.611  1143704.0 491263.2 281259.5     0.0 38109.0  11255.8 22950.5 20703.7
  1933  82.166   4.206  30.509   0.000  55.863  1111822.9 434104.9 254769.6     0.0 39171.9   8629.0 26575.0 19628.1
  1934 -341.550   4.608  41.325   0.000 -378.266  1077030.2 441315.8 168089.4     0.0 37705.6   9060.8 14446.4 20041.6
  1935  -4.209   4.609  42.982   0.000 -42.582   948836.7 614735.7 268130.6     0.0 36720.2   9195.4 25983.1 21336.6
  1936 -625.570   4.609  25.896   0.000 -646.857   878261.5 438629.4 115157.3     0.0 29159.2   5799.5 12252.9 17626.1
  1937 -137.395   4.610  36.652   0.000 -169.436   863954.4 517207.7 129989.2     0.0 38159.4   7435.2 24841.3 22772.4
  1938 -150.662   4.605  41.603   0.000 -187.660  1064805.4 633334.7 170034.5     0.0 36560.9   8730.8 14780.0 17711.9
  1939 -304.938   4.605  29.986   0.000 -330.319   995667.2 492646.0 121057.7     0.0 39060.9   8311.2 12748.2 20601.2
  1940 -280.763   4.606  24.516   0.000 -300.672   920515.9 523550.2 138360.8     0.0 39293.8   7233.8 20773.5 23824.4
  1941  -7.125   4.606  61.910   0.000 -64.430  1104133.0 617610.8 205494.8     0.0 42946.1   9714.9 36057.1 23786.1
  1942  39.144   4.603  55.217   0.000 -11.470  1053974.7 659587.2 228510.9     0.0 38885.7   9763.1 34101.1 19843.2
  1943 -92.224   4.603  45.141   0.000 -132.762  1052952.8 550196.3 164337.4     0.0 35196.9   9716.7 10320.3 15005.3
  1944 -20.126   4.602  69.269   0.000 -84.793  1084043.0 629093.9 194226.6     0.0 40810.8   8445.0 16932.1 19084.0
  1945 168.137   4.604  51.209   0.000 121.532  1068422.2 550187.4 182491.8     0.0 40284.3   9884.6 18465.7 19966.5
  1946 -39.204   4.605  58.989   0.000 -93.589  1132092.9 622450.1 256735.1     0.0 35383.7  10365.3 18295.9 18364.8
  1947   9.539   4.605  57.462   0.000 -43.318  1067280.6 587234.0 241058.6     0.0 41018.8   8943.9 20799.9 18075.9
  1948  26.450   4.605  57.240   0.000 -26.184  1149414.8 561982.3 222378.1     0.0 36097.6  11097.7 11258.2 17622.8
  1949 -194.407   4.604  51.848   0.000 -241.651  1084043.1 546808.9 197060.7     0.0 36953.6  10269.6 10652.0 18478.9
  1950 -91.486   4.604  30.076   0.000 -116.958   931142.1 527050.6 164459.3     0.0 38374.1   9552.0 17120.0 25132.5

                 Carbon flux (ktC/yr)                    Water (dam3/yr)                Nitrogen (MgN/yr)
       --------------------------------------- ---------------------------------- --------------------------------
Year   NEP     estab   harvest product NBP     transp     evap    interc  wd      nuptake ndemand  nlosses ninflux
------ ------- ------- ------- ------- ------- ---------- ------- ------- ------- ------- -------- ------- -------
  1951 184.369   4.603  57.400   0.000 131.572  1005816.8 541802.2 232875.0     0.0 35624.8  10436.7 12417.0 21609.5
  1952 -291.445   4.603  64.020   0.000 -350.862  1055833.4 454224.2 170412.7     0.0 27692.6   9131.3 18074.3 15390.6
  1953 -269.594   4.604  53.452   0.000 -318.442  1085191.3 622886.3 197301.7     0.0 45817.8   7999.9 42553.2 19519.7
  1954 -388.256   4.605  53.156   0.000 -436.807  1016159.9 574695.8 176859.5     0.0 35430.9  10078.1 14871.3 18220.8
  1955 144.000   4.607  56.634   0.000  91.972  1127343.3 652520.5 247402.6     0.0 42177.6   9944.7 18782.5 18019.2
  1956 -144.048   4.605  46.229   0.000 -185.671  1065300.4 575567.4 177759.6     0.0 37012.9   9233.9 11113.2 19301.0
  1957  29.052   4.605  61.261   0.000 -27.604  1079080.1 675714.5 287690.7     0.0 38029.4   9766.9 27593.1 21879.1
  1958 -29.324   4.605  83.140   0.000 -107.859  1133010.9 542224.1 249544.9     0.0 36723.8  10496.2 19950.3 16989.4
  1959 -113.401   4.606  52.028   0.000 -160.823  1010035.8 612182.8 215948.5     0.0 37955.2   9146.7 10781.5 19523.5
  1960 -196.233   4.605  49.969   0.000 -241.597  1028858.8 504480.7 146148.6     0.0 35561.1  10265.2 12549.0 18362.7
  1961 -97.039   4.605  38.575   0.000 -131.009  1020299.7 552655.6 171508.3     0.0 38109.4   8732.4 16621.7 22612.7
  1962 267.201   4.604  88.022   0.000 183.783  1186650.9 626890.2 356721.7     0.0 40697.8  11788.9 32500.5 21219.4
  1963  96.945   4.605  62.248   0.000  39.302  1231078.3 670912.0 317033.0     0.0 40050.3  10440.1 13002.8 18617.8
  1964 149.978   4.605  56.504   0.000  98.079  1119583.8 574064.9 258365.5     0.0 39134.1  10076.1 15406.0 19668.4
  1965 265.563   4.607  80.662   0.000 189.508  1141753.1 701731.8 376755.3     0.0 42716.1  11267.3 18499.0 21077.5
  1966  75.849   4.605  66.170   0.000  14.283  1135182.8 573448.8 231611.0     0.0 37965.6   9318.0 10166.0 23280.6
  1967 -138.483   4.607  70.932   0.000 -204.809  1038065.0 716350.3 364912.6     0.0 36358.1  11115.0 27742.9 22729.2
  1968 216.184   4.605  89.740   0.000 131.049  1152693.4 683096.9 333318.7     0.0 41834.0  11262.5 11994.7 23449.4
  1969 -125.737   4.604  94.621   0.000 -215.754  1108164.3 540215.4 257212.9     0.0 36191.2  10271.4 10345.7 21323.7
  1970 -50.851   4.605  65.093   0.000 -111.339  1098448.4 577370.4 208564.7     0.0 37635.5   9463.6 19156.3 18306.6
  1971  19.358   4.605  59.677   0.000 -35.714  1080016.2 638800.2 260285.3     0.0 38735.4  10620.0 28008.7 21996.8
  1972 254.198   4.605  90.274   0.000 168.528  1178623.5 564350.9 293063.6     0.0 39765.6  11527.7  9484.5 23046.8
  1973 217.946   4.605  56.133   0.000 166.418  1165286.5 575323.3 285952.0     0.0 40957.8  10494.2 20403.1 22038.6
  1974 -228.682   4.605  40.319   0.000 -264.396  1067399.2 512358.0 196097.1     0.0 37200.3  10951.0  9115.1 19870.1
  1975 119.551   4.607  50.635   0.000  73.523  1085952.8 586033.1 216412.1     0.0 37262.4  10559.4 15667.6 16788.0

                 Carbon flux (ktC/yr)                    Water (dam3/yr)                Nitrogen (MgN/yr)
       --------------------------------------- ---------------------------------- --------------------------------
Year   NEP     estab   harvest product NBP     transp     evap    interc  wd      nuptake ndemand  nlosses ninflux
------ ------- ------- ------- ------- ------- ---------- ------- ------- ------- ------- -------- ------- -------
  1976 -84.449   4.605  63.128   0.000 -142.971  1129844.1 642008.4 274472.3     0.0 42049.8  10783.0 15499.2 19817.6
  1977  73.389   4.605  72.468   0.000   5.526  1197711.4 720250.4 365452.4     0.0 37387.3  11268.5 22777.5 21075.1
  1978 318.356   4.605  73.010   0.000 249.950  1146378.1 529952.6 276689.0     0.0 42623.8  11195.4  9192.0 22613.4
  1979 164.455   4.604  78.637   0.000  90.422  1145044.4 526678.0 222573.7     0.0 40472.1  10586.2 12420.6 22031.2
  1980  70.255   4.605  58.637   0.000  16.223  1162276.3 572790.2 221825.5     0.0 39849.5  10127.4 13468.5 21157.5
  1981 -22.931   4.603  62.699   0.000 -81.028  1154854.6 513860.6 242708.7     0.0 36458.6  11642.7 10602.4 22859.6
  1982 408.046   4.603  77.728   0.000 334.921  1120427.8 586441.2 323153.6     0.0 44261.1   9864.9 33390.1 23988.1
  1983  95.074   4.603  73.616   0.000  26.061  1136096.5 641154.0 268622.8     0.0 39825.8  10298.9 19924.1 23109.4
  1984  61.374   4.606  71.167   0.000  -5.188  1118862.8 641502.4 292278.4     0.0 39836.1   9960.5 18024.0 23997.3
  1985 -308.961   4.606  36.909   0.000 -341.265   972492.3 515528.2 171705.6     0.0 35560.7  10542.9 14493.5 21401.5
  1986 246.448   4.603  72.481   0.000 178.570  1116385.3 581576.5 273076.8     0.0 43370.3  12168.1 25750.5 22304.0
  1987 -38.723   4.604  60.819   0.000 -94.937  1116729.2 525461.8 200444.6     0.0 37693.8  10485.1 19777.6 22578.0
  1988 193.744   4.604  63.527   0.000 134.822  1183001.4 538445.4 214804.7     0.0 39120.2  10412.8 12523.9 22191.0
  1989 187.156   4.604  42.097   0.000 149.663  1092600.1 535406.6 213292.8     0.0 43348.4   9108.1 11090.6 20898.4
  1990 237.428   4.604  60.901   0.000 181.131  1186053.3 573731.6 274865.8     0.0 42616.1  10862.3 17080.6 23723.9
  1991 172.751   4.604  78.030   0.000  99.326  1189036.9 616366.6 364568.6     0.0 40506.1  11152.0 26428.4 22317.1
  1992 254.645   4.604  93.477   0.000 165.772  1197936.7 538710.7 292572.8     0.0 43411.0  12854.0 13362.8 25950.3
  1993 651.728   4.604  85.463   0.000 570.870  1169465.3 568779.8 339962.3     0.0 39658.4  12162.1 14923.1 26114.5
  1994 -197.667   4.604  76.095   0.000 -269.158  1142643.2 525270.4 218722.2     0.0 36452.2  11129.3  9910.4 20811.6
  1995 241.653   4.605  75.550   0.000 170.708  1102518.9 625667.5 319653.8     0.0 41648.9  11423.6 28263.3 25990.9
  1996 447.443   4.605  70.100   0.000 381.948  1153642.0 545703.5 299070.3     0.0 42017.7  11229.8 14977.2 22642.3
  1997 341.169   4.605  93.164   0.000 252.609  1158634.7 594080.1 369047.9     0.0 34775.0  12137.4 14020.9 26956.1
  1998  46.886   4.605  74.923   0.000 -23.432  1142645.4 594850.0 349948.6     0.0 42302.3  10794.5 21139.4 21067.6
  1999 195.301   4.605  86.833   0.000 113.074  1119595.2 602826.3 380206.5     0.0 40398.5  13050.5 12817.0 28310.2
  2000 -13.999   4.604  64.758   0.000 -74.152  1097621.0 615655.6 280198.4     0.0 36705.4  11528.5 17721.9 22441.0

                 Carbon flux (ktC/yr)                    Water (dam3/yr)                Nitrogen (MgN/yr)
       --------------------------------------- ---------------------------------- --------------------------------
Year   NEP     estab   harvest product NBP     transp     evap    interc  wd      nuptake ndemand  nlosses ninflux
------ ------- ------- ------- ------- ------- ---------- ------- ------- ------- ------- -------- ------- -------
  2001 280.510   4.604  75.532   0.000 209.583  1139218.2 578345.5 309120.7     0.0 41169.9  10898.7  9299.4 24418.6
  2002 101.279   4.605  44.211   0.000  61.672  1054210.5 506698.5 203603.1     0.0 38426.5   9844.7 13348.6 26614.4
  2003  55.581   4.608  63.848   0.000  -3.660  1086047.2 576261.7 280918.2     0.0 39474.6  11221.8 10799.9 21884.9
  2004 195.980   4.605  64.269   0.000 136.316  1069315.0 555843.7 256168.1     0.0 43231.1  11924.3 11526.2 23095.1
  2005 350.264   4.604  78.049   0.000 276.819  1137926.8 574885.6 287576.5     0.0 41341.0  11018.5 16549.3 22867.5
  2006 204.991   4.603  71.364   0.000 138.230  1152644.1 509407.3 274001.8     0.0 41022.5  10747.1 20456.6 21195.6
  2007  53.445   4.607  49.177   0.000   8.875  1058907.9 579086.5 211678.9     0.0 41152.8  10406.5  8997.1 21387.0
  2008 474.046   4.606  86.674   0.000 391.977  1109333.8 657006.2 334133.0     0.0 41206.9  11197.7 22362.7 21762.1
  2009 205.995   4.606  78.289   0.000 132.312  1062427.5 619697.6 306361.6     0.0 37520.8  10973.8 30304.1 23585.9
  2010 206.224   4.606 107.655   0.000 103.175  1099896.1 632078.0 345372.6     0.0 39653.5  11867.7 15630.5 25332.7
  2011 113.684   4.605  84.068   0.000  34.220  1028850.9 608625.7 291186.9     0.0 39847.2  11299.7 11982.1 25073.2
  2012 -374.968   4.601  54.006   0.000 -424.373  1048755.9 516243.0 175832.1     0.0 35470.7  11502.3  8718.8 20831.2
  2013 293.895   4.608  79.722   0.000 218.782  1061558.3 617456.7 238555.4     0.0 46299.5   8729.1 33908.4 21376.0
  2014 456.491   4.603  91.418   0.000 369.675  1107957.5 622422.9 290536.2     0.0 41258.9  11473.3 13865.9 26022.2
  2015  87.058   4.603 102.722   0.000 -11.061  1080908.0 569360.2 297631.2     0.0 41372.2  10785.7 18734.0 23836.1
  2016 174.751   4.603  78.540   0.000 100.814  1101113.0 632374.2 267582.5     0.0 43470.7  11275.2  9873.5 24005.9
  2017 180.001   4.603  70.239   0.000 114.366  1092547.9 593610.5 262030.1     0.0 44940.4  11441.6  8856.6 23454.2
  2018 228.184   4.604  84.192   0.000 148.597  1123380.5 699047.5 311893.5     0.0 40778.3   9854.2 17713.3 24671.2
  2019 400.435   4.603  94.672   0.000 310.367  1115990.5 688431.4 345895.7     0.0 42491.3  10796.8 19294.1 25126.1
Simulation ended.
lpjml successfully terminated, 63 grid cells processed.
Wall clock time:	332 sec, 0.018 sec/cell/year.
Total wall clock time:	339 sec (00:05:39).
