--------------------------------------
Running config: /home/druijsch/LPJmL5/dev15oct2025/config_files/2026_04_08_run_for_10_locations/temperate_broadleaved_summergreen_tree/spinup/configs/temperate_broadleaved_summergreen_tree_patch6_config_restart.cjson
SLURM task ID: 2
Node: tcn301.local.snellius.surf.nl
--------------------------------------
******************************************************************************
****        _     ____     _           _       ____        _  ___         ****
****       | |   |  _ \   | |_ __ ___ | |     | ___|      / |/ _ \        ****
****       | |   | |_) |  | | '_ ` _ \| |     |___ \      | | | | |       ****
****       | |___|  __/ |_| | | | | | | |___   ___) |  _  | | |_| |       ****
****       |_____|_|   \___/|_| |_| |_|_____| |____/  (_) |_|\___/        ****
****                                                                      ****
****                 lpjml C Version 5.10.1 (Apr 14 2026)                 ****
****    Dynamic global vegetation model with natural and managed land     ****
****                     Compiled for Linux with MPI                      ****
****       (C) Potsdam Institute for Climate Impact Research (PIK),       ****
****                          see COPYRIGHT file                          ****
****              Authors, and contributors see AUTHORS file              ****
**** This version of LPJmL is licensed under GNU AGPL Version 3 or later  ****
****        See LICENSE file or go to http://www.gnu.org/licenses/        ****
****                 or invoke lpjml -l to print license                  ****
****      https://gitlab.pik-potsdam.de/lpjml/wur_team/lpjml-wur.git      ****
****          GIT hash: 5e6f8e1bb5c5d5f3357da68b6c43e9517864f3c2          ****
****                                                                      ****
******************************************************************************

Running for user druijsch on tcn301.local.snellius.surf.nl at Tue Apr 14 16:46:13 2026
Reading configuration from '/home/druijsch/LPJmL5/dev15oct2025/config_files/2026_04_08_run_for_10_locations/temperate_broadleaved_summergreen_tree/spinup/configs/temperate_broadleaved_summergreen_tree_patch6_config_restart.cjson'.
==============================================================================
/----------------------------------------------------------\
|institution: Potsdam Institute for Climate Impact Research|
|contact:                                                  |
|comment:                                                  |
\----------------------------------------------------------/
Simulation "LPJmL Run" running on 50 tasks
Simulation with shuffle spinup climate, nitrogen limitation, permafrost, 
Johansen conductivity, percolation heattransfer, GSI phenology, 
NPP controlled BNF, land use, potential irrigation, 
others to crop "maize" and "temperate cereals", land-use change timber, 
fixed residue remove, with auto fertilizer, pft.cjson LAImax, 
livestock grazing, bondau2007 crop PHU option, separate harvests.
Cultivation types: none, biomass, annual crop
Working directory: /gpfs/home5/druijsch/LPJmL5/dev15oct2025
cpp processed configuration file written to `/projects/prjs2023/chapter3/lpjml_output/2026_04_08_run_for_10_locations/temperate_broadleaved_summergreen_tree/patch_6/`.
Starting from restart file '/home/druijsch/LPJmL5/dev15oct2025/restart/2026_04_08_run_for_10_locations/temperate_broadleaved_summergreen_tree/patch_6/restart_1901_nv_stdfire.lpj'.
Input files:
Variable     Fmt  Varname  Filename
------------ ---- -------- ---------------------------------------------------
soil         cdf  soilcode /projects/prjs2023/chapter3/lpjml_input/run_for_10_locations/temperate_broadleaved_summergreen_tree/patch_6/soil.nc
temp         cdf  tas      /projects/prjs2023/chapter3/lpjml_input/run_for_10_locations/temperate_broadleaved_summergreen_tree/patch_6/temp.nc
prec         cdf  pr       /projects/prjs2023/chapter3/lpjml_input/run_for_10_locations/temperate_broadleaved_summergreen_tree/patch_6/prec.nc
lwdown       cdf  rlds     /projects/prjs2023/chapter3/lpjml_input/run_for_10_locations/temperate_broadleaved_summergreen_tree/patch_6/lwdown.nc
swdown       cdf  rsds     /projects/prjs2023/chapter3/lpjml_input/run_for_10_locations/temperate_broadleaved_summergreen_tree/patch_6/swdown.nc
no3_depo     cdf  noy      /projects/prjs2023/chapter3/lpjml_input/ndep-noy_histsoc_monthly_1901_2021_units.nc
nh4_depo     cdf  nhx      /projects/prjs2023/chapter3/lpjml_input/ndep-nhx_histsoc_monthly_1901_2021_units.nc
soilpH       cdf  soil_ph  /projects/prjs2023/chapter3/lpjml_input/hwsd_soil_data_all_land_oceanfilled.nc
co2          txt           /projects/prjs2023/chapter3/lpjml_input/co2_1832-2023.dat
windspeed    cdf  sfcwind  /projects/prjs2023/chapter3/lpjml_input/run_for_10_locations/temperate_broadleaved_summergreen_tree/patch_6/wind.nc
countries    cdf  country  /projects/prjs2023/chapter3/lpjml_input/regridded_cow_full_2018_5min_reduced_filled.nc
landuse      cdf  CFTfrac  /projects/prjs2023/chapter3/lpjml_input/MAPSPAM_2020_crops_filled_ESA_01deg_v7.nc
------------ ---- -------- ---------------------------------------------------
Writing restart file '/home/druijsch/LPJmL5/dev15oct2025/restart/2026_04_08_run_for_10_locations/temperate_broadleaved_summergreen_tree/patch_6/restart_1960_crop_stdfire_base.lpj' after year 1960.
Reading random seeds from restart file.
Number of output files:       65
Output written in year:       1901
Byte order in output files:   little endian

Compression level for NetCDF: 3
Missing value in NetCDF:      -1e+32
Base year in NetCDF:          1901
NetCDF grid:                  local
Variable            Fmt  Unit        Type   tstep nbd Filename
------------------- ---- ----------- ------ ----- --- -------------------------
albedo              cdf  -           float  month   1 /projects/prjs2023/chapter3/lpjml_output/2026_04_08_run_for_10_locations/temperate_broadleaved_summergreen_tree/patch_6/output/malbedo.nc + .json
cftfrac             cdf  -           float  year   32 /projects/prjs2023/chapter3/lpjml_output/2026_04_08_run_for_10_locations/temperate_broadleaved_summergreen_tree/patch_6/output/cftfrac.nc + .json
discharge           cdf  hm3/day     float  month   1 /projects/prjs2023/chapter3/lpjml_output/2026_04_08_run_for_10_locations/temperate_broadleaved_summergreen_tree/patch_6/output/mdischarge.nc + .json
evap                cdf  mm/month    float  month   1 /projects/prjs2023/chapter3/lpjml_output/2026_04_08_run_for_10_locations/temperate_broadleaved_summergreen_tree/patch_6/output/mevap.nc + .json
fapar               cdf  -           float  month   1 /projects/prjs2023/chapter3/lpjml_output/2026_04_08_run_for_10_locations/temperate_broadleaved_summergreen_tree/patch_6/output/mfapar.nc + .json
firec               cdf  gC/m2/yr    float  year    1 /projects/prjs2023/chapter3/lpjml_output/2026_04_08_run_for_10_locations/temperate_broadleaved_summergreen_tree/patch_6/output/firec.nc + .json
firef               cdf  1           float  year    1 /projects/prjs2023/chapter3/lpjml_output/2026_04_08_run_for_10_locations/temperate_broadleaved_summergreen_tree/patch_6/output/firef.nc + .json
flux_estabc         cdf  gC/m2/yr    float  year    1 /projects/prjs2023/chapter3/lpjml_output/2026_04_08_run_for_10_locations/temperate_broadleaved_summergreen_tree/patch_6/output/flux_estab.nc + .json
fpc                 cdf  -           float  month  12 /projects/prjs2023/chapter3/lpjml_output/2026_04_08_run_for_10_locations/temperate_broadleaved_summergreen_tree/patch_6/output/fpc.nc + .json
globalflux          txt  -           float  year    1 /projects/prjs2023/chapter3/lpjml_output/2026_04_08_run_for_10_locations/temperate_broadleaved_summergreen_tree/patch_6/output/globalflux.csv + .json
gpp                 cdf  gC/m2/month float  month   1 /projects/prjs2023/chapter3/lpjml_output/2026_04_08_run_for_10_locations/temperate_broadleaved_summergreen_tree/patch_6/output/mgpp.nc + .json
litc                cdf  gC/m2       float  year    1 /projects/prjs2023/chapter3/lpjml_output/2026_04_08_run_for_10_locations/temperate_broadleaved_summergreen_tree/patch_6/output/litc.nc + .json
litn                cdf  gN/m2       float  year    1 /projects/prjs2023/chapter3/lpjml_output/2026_04_08_run_for_10_locations/temperate_broadleaved_summergreen_tree/patch_6/output/litn.nc + .json
npp                 cdf  gC/m2/month float  month   1 /projects/prjs2023/chapter3/lpjml_output/2026_04_08_run_for_10_locations/temperate_broadleaved_summergreen_tree/patch_6/output/mnpp.nc + .json
nuptake             cdf  gN/m2/month float  month   1 /projects/prjs2023/chapter3/lpjml_output/2026_04_08_run_for_10_locations/temperate_broadleaved_summergreen_tree/patch_6/output/mnuptake.nc + .json
pet                 cdf  mm/month    float  month   1 /projects/prjs2023/chapter3/lpjml_output/2026_04_08_run_for_10_locations/temperate_broadleaved_summergreen_tree/patch_6/output/mpet.nc + .json
pft_chawo           cdf  gC/m2       float  year   43 /projects/prjs2023/chapter3/lpjml_output/2026_04_08_run_for_10_locations/temperate_broadleaved_summergreen_tree/patch_6/output/pft_chawo.nc + .json
pft_cleaf           cdf  gC/m2       float  year   43 /projects/prjs2023/chapter3/lpjml_output/2026_04_08_run_for_10_locations/temperate_broadleaved_summergreen_tree/patch_6/output/pft_cleaf.nc + .json
pft_croot           cdf  gC/m2       float  year   43 /projects/prjs2023/chapter3/lpjml_output/2026_04_08_run_for_10_locations/temperate_broadleaved_summergreen_tree/patch_6/output/pft_croot.nc + .json
pft_csapw           cdf  gC/m2       float  year   43 /projects/prjs2023/chapter3/lpjml_output/2026_04_08_run_for_10_locations/temperate_broadleaved_summergreen_tree/patch_6/output/pft_csapw.nc + .json
pft_fpar            cdf  -           float  month  43 /projects/prjs2023/chapter3/lpjml_output/2026_04_08_run_for_10_locations/temperate_broadleaved_summergreen_tree/patch_6/output/pft_fpar.nc + .json
pft_gpp             cdf  gC/m2/month float  month  43 /projects/prjs2023/chapter3/lpjml_output/2026_04_08_run_for_10_locations/temperate_broadleaved_summergreen_tree/patch_6/output/pft_gpp.nc + .json
pft_laimax          cdf  m2/m2       float  year   43 /projects/prjs2023/chapter3/lpjml_output/2026_04_08_run_for_10_locations/temperate_broadleaved_summergreen_tree/patch_6/output/pft_laimax.nc + .json
pft_mort            cdf  1/month     float  month  11 /projects/prjs2023/chapter3/lpjml_output/2026_04_08_run_for_10_locations/temperate_broadleaved_summergreen_tree/patch_6/output/pft_mort.nc + .json
pft_mort_background cdf  1/month     float  month  11 /projects/prjs2023/chapter3/lpjml_output/2026_04_08_run_for_10_locations/temperate_broadleaved_summergreen_tree/patch_6/output/pft_mort_background.nc + .json
pft_mort_drought    cdf  1/month     float  month  11 /projects/prjs2023/chapter3/lpjml_output/2026_04_08_run_for_10_locations/temperate_broadleaved_summergreen_tree/patch_6/output/pft_mort_drought.nc + .json
pft_mort_heat       cdf  1/month     float  month  11 /projects/prjs2023/chapter3/lpjml_output/2026_04_08_run_for_10_locations/temperate_broadleaved_summergreen_tree/patch_6/output/pft_mort_heat.nc + .json
pft_nind            cdf  ind/m²     float  month  11 /projects/prjs2023/chapter3/lpjml_output/2026_04_08_run_for_10_locations/temperate_broadleaved_summergreen_tree/patch_6/output/pft_nind.nc + .json
pft_nleaf           cdf  gN/m2       float  year   43 /projects/prjs2023/chapter3/lpjml_output/2026_04_08_run_for_10_locations/temperate_broadleaved_summergreen_tree/patch_6/output/pft_nleaf.nc + .json
pft_npp             cdf  gC/m2/yr    float  year   43 /projects/prjs2023/chapter3/lpjml_output/2026_04_08_run_for_10_locations/temperate_broadleaved_summergreen_tree/patch_6/output/pft_npp.nc + .json
pft_nroot           cdf  gN/m2       float  year   43 /projects/prjs2023/chapter3/lpjml_output/2026_04_08_run_for_10_locations/temperate_broadleaved_summergreen_tree/patch_6/output/pft_nroot.nc + .json
pft_nuptake         cdf  gN/m2/yr    float  year   43 /projects/prjs2023/chapter3/lpjml_output/2026_04_08_run_for_10_locations/temperate_broadleaved_summergreen_tree/patch_6/output/pft_nuptake.nc + .json
pft_phen            cdf  -           float  month  43 /projects/prjs2023/chapter3/lpjml_output/2026_04_08_run_for_10_locations/temperate_broadleaved_summergreen_tree/patch_6/output/pft_phen.nc + .json
pft_survive_frac    cdf  -           float  month  43 /projects/prjs2023/chapter3/lpjml_output/2026_04_08_run_for_10_locations/temperate_broadleaved_summergreen_tree/patch_6/output/pft_survive_frac.nc + .json
pft_vegc            cdf  gC/m2       float  year   43 /projects/prjs2023/chapter3/lpjml_output/2026_04_08_run_for_10_locations/temperate_broadleaved_summergreen_tree/patch_6/output/pft_vegc.nc + .json
pft_vegn            cdf  gN/m2       float  year   43 /projects/prjs2023/chapter3/lpjml_output/2026_04_08_run_for_10_locations/temperate_broadleaved_summergreen_tree/patch_6/output/pft_vegn.nc + .json
pft_water_demand    cdf  mm/yr       float  year   43 /projects/prjs2023/chapter3/lpjml_output/2026_04_08_run_for_10_locations/temperate_broadleaved_summergreen_tree/patch_6/output/pft_water_demand.nc + .json
phen_light          cdf  -           float  month   1 /projects/prjs2023/chapter3/lpjml_output/2026_04_08_run_for_10_locations/temperate_broadleaved_summergreen_tree/patch_6/output/mphen_light.nc + .json
phen_tmax           cdf  -           float  month   1 /projects/prjs2023/chapter3/lpjml_output/2026_04_08_run_for_10_locations/temperate_broadleaved_summergreen_tree/patch_6/output/mphen_tmax.nc + .json
phen_tmin           cdf  -           float  month   1 /projects/prjs2023/chapter3/lpjml_output/2026_04_08_run_for_10_locations/temperate_broadleaved_summergreen_tree/patch_6/output/mphen_tmin.nc + .json
phen_water          cdf  -           float  month   1 /projects/prjs2023/chapter3/lpjml_output/2026_04_08_run_for_10_locations/temperate_broadleaved_summergreen_tree/patch_6/output/mphen_water.nc + .json
rd                  cdf  gC/m2/month float  month   1 /projects/prjs2023/chapter3/lpjml_output/2026_04_08_run_for_10_locations/temperate_broadleaved_summergreen_tree/patch_6/output/rd.nc + .json
rh                  cdf  gC/m2/month float  month   1 /projects/prjs2023/chapter3/lpjml_output/2026_04_08_run_for_10_locations/temperate_broadleaved_summergreen_tree/patch_6/output/mrh.nc + .json
runoff              cdf  mm/month    float  month   1 /projects/prjs2023/chapter3/lpjml_output/2026_04_08_run_for_10_locations/temperate_broadleaved_summergreen_tree/patch_6/output/mrunoff.nc + .json
soilc               cdf  gC/m2       float  year    1 /projects/prjs2023/chapter3/lpjml_output/2026_04_08_run_for_10_locations/temperate_broadleaved_summergreen_tree/patch_6/output/soilc.nc + .json
soilc_layer         cdf  gC/m2       float  year    5 /projects/prjs2023/chapter3/lpjml_output/2026_04_08_run_for_10_locations/temperate_broadleaved_summergreen_tree/patch_6/output/soilc_layer.nc + .json
soiln               cdf  gN/m2       float  year    1 /projects/prjs2023/chapter3/lpjml_output/2026_04_08_run_for_10_locations/temperate_broadleaved_summergreen_tree/patch_6/output/soiln.nc + .json
soiln_layer         cdf  gN/m2       float  year    5 /projects/prjs2023/chapter3/lpjml_output/2026_04_08_run_for_10_locations/temperate_broadleaved_summergreen_tree/patch_6/output/soiln_layer.nc + .json
soilnh4             cdf  gN/m2       float  year    1 /projects/prjs2023/chapter3/lpjml_output/2026_04_08_run_for_10_locations/temperate_broadleaved_summergreen_tree/patch_6/output/soilnh4.nc + .json
soilnh4_layer       cdf  gN/m2       float  year    5 /projects/prjs2023/chapter3/lpjml_output/2026_04_08_run_for_10_locations/temperate_broadleaved_summergreen_tree/patch_6/output/soilnh4_layer.nc + .json
soilno3             cdf  gN/m2       float  year    1 /projects/prjs2023/chapter3/lpjml_output/2026_04_08_run_for_10_locations/temperate_broadleaved_summergreen_tree/patch_6/output/soilno3.nc + .json
soilno3_layer       cdf  gN/m2       float  year    5 /projects/prjs2023/chapter3/lpjml_output/2026_04_08_run_for_10_locations/temperate_broadleaved_summergreen_tree/patch_6/output/soilno3_layer.nc + .json
soiltemp1           cdf  Celsius     float  month   1 /projects/prjs2023/chapter3/lpjml_output/2026_04_08_run_for_10_locations/temperate_broadleaved_summergreen_tree/patch_6/output/msoiltemp1.nc + .json
soiltemp2           cdf  Celsius     float  month   1 /projects/prjs2023/chapter3/lpjml_output/2026_04_08_run_for_10_locations/temperate_broadleaved_summergreen_tree/patch_6/output/msoiltemp2.nc + .json
soiltemp3           cdf  Celsius     float  month   1 /projects/prjs2023/chapter3/lpjml_output/2026_04_08_run_for_10_locations/temperate_broadleaved_summergreen_tree/patch_6/output/msoiltemp3.nc + .json
swc1                cdf  1           float  month   1 /projects/prjs2023/chapter3/lpjml_output/2026_04_08_run_for_10_locations/temperate_broadleaved_summergreen_tree/patch_6/output/mswc1.nc + .json
swc2                cdf  1           float  month   1 /projects/prjs2023/chapter3/lpjml_output/2026_04_08_run_for_10_locations/temperate_broadleaved_summergreen_tree/patch_6/output/mswc2.nc + .json
swc3                cdf  1           float  month   1 /projects/prjs2023/chapter3/lpjml_output/2026_04_08_run_for_10_locations/temperate_broadleaved_summergreen_tree/patch_6/output/mswc3.nc + .json
swc4                cdf  1           float  month   1 /projects/prjs2023/chapter3/lpjml_output/2026_04_08_run_for_10_locations/temperate_broadleaved_summergreen_tree/patch_6/output/mswc4.nc + .json
swc5                cdf  1           float  month   1 /projects/prjs2023/chapter3/lpjml_output/2026_04_08_run_for_10_locations/temperate_broadleaved_summergreen_tree/patch_6/output/mswc5.nc + .json
transp              cdf  mm/month    float  month   1 /projects/prjs2023/chapter3/lpjml_output/2026_04_08_run_for_10_locations/temperate_broadleaved_summergreen_tree/patch_6/output/mtransp.nc + .json
vegc                cdf  gC/m2       float  year    1 /projects/prjs2023/chapter3/lpjml_output/2026_04_08_run_for_10_locations/temperate_broadleaved_summergreen_tree/patch_6/output/vegc.nc + .json
vegn                cdf  gN/m2       float  year    1 /projects/prjs2023/chapter3/lpjml_output/2026_04_08_run_for_10_locations/temperate_broadleaved_summergreen_tree/patch_6/output/vegn.nc + .json
wateramount         cdf  hm3         float  month   1 /projects/prjs2023/chapter3/lpjml_output/2026_04_08_run_for_10_locations/temperate_broadleaved_summergreen_tree/patch_6/output/mwateramount.nc + .json
wscal               cdf  -           float  month   1 /projects/prjs2023/chapter3/lpjml_output/2026_04_08_run_for_10_locations/temperate_broadleaved_summergreen_tree/patch_6/output/wscal.nc + .json
------------------- ---- ----------- ------ ----- --- -------------------------
Spinup years:                   180
Cycle length during spinup:      30
First year:                    1901
Last year:                     2019
Number of grid cells:            63
==============================================================================
Memory allocated for output: 7,096 bytes/cell
Simulation begins...
Spinup using climate starting from year 1901

                 Carbon flux (ktC/yr)                    Water (dam3/yr)                Nitrogen (MgN/yr)
       --------------------------------------- ---------------------------------- --------------------------------
Spinup NEP     estab   harvest product NBP     transp     evap    interc  wd      nuptake ndemand  nlosses ninflux
------ ------- ------- ------- ------- ------- ---------- ------- ------- ------- ------- -------- ------- -------
  1721  48.272   0.060   0.000   0.000  48.332   714720.3 619763.3 54124.8     0.0 15857.0   9327.8  3595.0  4668.4
  1722 -342.907   0.028   0.000   0.000 -342.879   517073.7 303366.1 29499.3     0.0 16610.3   7174.8  3019.4  5150.9
  1723  52.148  -0.036   0.000   0.000  52.112   581910.8 362486.0 32131.0     0.0 21636.8   6984.8  4838.1 33566.7
  1724 -1034.205   0.086   0.000   0.000 -1034.120   374780.4 246800.1 13335.7     0.0  5314.6   3297.2  6190.2 18735.2
  1725 427.538  -0.030   0.000   0.000 427.508   483932.6 395232.3 17545.0     0.0 24599.4   4661.3  7250.4 29193.1
  1726  71.215   0.004   0.000   0.000  71.219   675831.9 408831.2 34454.5     0.0 17398.9   6818.6  6460.5 42391.6
  1727 -43.797   0.010   0.000   0.000 -43.786   654071.1 413406.6 39066.6     0.0 15269.8   6392.7 43952.2 42220.9
  1728 241.137  -0.000   0.000   0.000 241.137   808564.2 500834.3 46865.1     0.0 19974.1   7914.8 23341.6 49425.5
  1729 150.586  -0.003   0.000   0.000 150.583   757061.5 522084.9 49366.3     0.0 20444.6   7699.8 25911.3 52844.3
  1730 -83.452   0.002   0.000   0.000 -83.450   693608.0 478433.1 40191.0     0.0 15696.0   6905.2 18274.5 38447.8
  1731 -45.189   0.006   0.000   0.000 -45.182   691868.1 387260.8 35846.0     0.0 16092.0   8199.4  7173.3 39434.6
  1732 -241.030   0.010   0.000   0.000 -241.020   614820.1 430300.0 37320.0     0.0 17306.0   7000.6 62233.1 39570.8
  1733 168.521  -0.001   0.000   0.000 168.521   822952.3 515531.6 55791.8     0.0 19454.9   8294.3 47120.2 37102.7
  1734  61.578   0.006   0.000   0.000  61.584   692304.3 345642.3 35175.0     0.0 15615.1   8448.5  9126.1 47405.9
  1735  66.544  -0.001   0.000   0.000  66.543   785148.3 493694.1 69272.5     0.0 25010.7   8766.5 90353.4 48772.8
  1736 -47.267   0.003   0.000   0.000 -47.264   749417.1 378144.7 45677.0     0.0 15268.6   9477.6 30124.2 30506.7
  1737 -21.971   0.007   0.000   0.000 -21.964   687420.2 402859.0 52955.7     0.0 14839.0   7126.3 28398.1 33526.3
  1738 -184.757   0.004   0.000   0.000 -184.752   598454.2 345448.4 29032.7     0.0 15042.2   7331.1 21915.3 37618.7
  1739  33.170  -0.012   0.000   0.000  33.158   686135.0 392963.0 42726.9     0.0 24069.4   8005.0 19092.8 48859.4
  1740 -42.050   0.003   0.000   0.000 -42.047   706463.2 461916.8 45973.6     0.0 14809.5   7257.4 13421.4 38122.7
  1741  76.852   0.003   0.000   0.000  76.855   691464.9 337132.8 33686.3     0.0 16815.3   8822.6  8516.2 44290.6
  1742 -16.077  -0.002   0.000   0.000 -16.079   687579.3 378097.6 47579.0     0.0 16519.9   7492.6 11778.8 41198.9
  1743  43.863   0.001   0.000   0.000  43.863   661648.4 332946.6 34569.1     0.0 16519.9   8587.9 13301.5 38908.1
  1744 168.411  -0.006   0.000   0.000 168.404   795259.8 481523.6 57913.3     0.0 20078.2   8684.4 55355.5 31628.4
  1745 -116.731   0.002   0.000   0.000 -116.729   700887.0 391116.3 44761.3     0.0 18625.0   7757.7 27945.3 41810.7

                 Carbon flux (ktC/yr)                    Water (dam3/yr)                Nitrogen (MgN/yr)
       --------------------------------------- ---------------------------------- --------------------------------
Spinup NEP     estab   harvest product NBP     transp     evap    interc  wd      nuptake ndemand  nlosses ninflux
------ ------- ------- ------- ------- ------- ---------- ------- ------- ------- ------- -------- ------- -------
  1746 -465.665   0.039   0.000   0.000 -465.625   538790.9 254908.5 25643.3     0.0 13024.4   6619.0  9062.6 16980.4
  1747  25.567  -0.007   0.000   0.000  25.560   540050.1 381204.1 28469.2     0.0 16657.0   6873.8 62676.3 20449.9
  1748  78.836   0.002   0.000   0.000  78.838   656170.0 408995.4 31714.6     0.0 17044.8   8037.7 43159.8 37509.3
  1749   4.469   0.005   0.000   0.000   4.474   678076.8 431491.9 46148.2     0.0 17661.4   7185.8 40393.7 46551.3
  1750 -15.080   0.006   0.000   0.000 -15.074   695538.6 389789.5 38578.3     0.0 16556.5   9007.9 16229.9 41391.9
  1751 186.499   0.001   0.000   0.000 186.501   790600.3 504019.7 57281.8     0.0 21220.5   8238.3 25823.0 37123.5
  1752 -19.711   0.003   0.000   0.000 -19.708   682215.8 420579.5 50703.0     0.0 14690.1   7416.3 46297.9 32973.0
  1753  86.349  -0.014   0.000   0.000  86.335   785507.2 511079.9 68998.4     0.0 23608.4   9009.6 68246.4 43604.4
  1754 -194.248   0.004   0.000   0.000 -194.244   627946.9 276567.4 29560.6     0.0 17255.5   8567.4 50290.5 26099.0
  1755 -295.896   0.014   0.000   0.000 -295.882   510694.2 313012.0 26793.8     0.0 14780.5   6479.4 13285.9 17280.5
  1756 -63.293   0.006   0.000   0.000 -63.287   553425.3 332920.6 24932.4     0.0 15951.3   6846.1 14568.8 30872.2
  1757 206.095  -0.002   0.000   0.000 206.093   731260.8 427595.9 56128.6     0.0 22974.0   8686.4 59909.5 54601.5
  1758  49.487   0.004   0.000   0.000  49.490   746259.4 384972.7 45161.9     0.0 16685.9   8398.9 20123.5 40081.0
  1759 161.762  -0.002   0.000   0.000 161.760   766172.4 423070.7 64224.8     0.0 21515.1   8796.9 65229.4 54396.9
  1760  85.396  -0.002   0.000   0.000  85.394   786096.2 421790.1 55384.4     0.0 19765.5   8435.0 19519.6 46973.7
  1761 -94.491   0.006   0.000   0.000 -94.485   730132.1 367776.7 49087.4     0.0 16368.2   8728.9  6561.5 39637.7
  1762 -49.237   0.010   0.000   0.000 -49.227   691987.4 353558.5 51369.5     0.0 21284.9   7651.6 59872.2 34405.8
  1763  44.742   0.001   0.000   0.000  44.743   709085.0 462214.4 53269.5     0.0 15918.2   8579.2 33788.1 14777.3
  1764 266.789  -0.009   0.000   0.000 266.780   912625.8 498008.6 73781.0     0.0 19672.9   8908.1 21606.7 39326.6
  1765 -71.085   0.004   0.000   0.000 -71.081   676128.4 377212.5 39215.2     0.0 16105.5   8162.0  8267.3 34267.7
  1766 -232.944   0.010   0.000   0.000 -232.934   595802.5 342475.3 31846.8     0.0 16199.9   7267.9  7911.2 26333.0
  1767 237.149  -0.010   0.000   0.000 237.139   766057.8 468782.6 52515.7     0.0 19341.9   9140.3 15921.1 44589.0
  1768 -671.469   0.055   0.000   0.000 -671.414   471910.5 335536.7 24885.7     0.0 11920.7   5059.9 56485.4 15743.9
  1769 201.274  -0.016   0.000   0.000 201.259   628317.7 540070.4 29678.7     0.0 21774.4   6088.9 22974.3 25215.1
  1770 -756.808   0.044   0.000   0.000 -756.764   401726.1 244753.2 12074.2     0.0  6311.0   4086.1  7478.1 10405.1

                 Carbon flux (ktC/yr)                    Water (dam3/yr)                Nitrogen (MgN/yr)
       --------------------------------------- ---------------------------------- --------------------------------
Spinup NEP     estab   harvest product NBP     transp     evap    interc  wd      nuptake ndemand  nlosses ninflux
------ ------- ------- ------- ------- ------- ---------- ------- ------- ------- ------- -------- ------- -------
  1771 -86.895  -0.001   0.000   0.000 -86.896   441521.7 308157.6 14364.8     0.0 14085.9   3107.3  8387.2  3534.4
  1772 -67.931   0.008   0.000   0.000 -67.923   553187.8 435485.9 23528.6     0.0 16596.6   5804.4 37475.3 41840.9
  1773  54.246   0.006   0.000   0.000  54.252   614430.4 362739.7 19521.5     0.0 18423.2   6727.1 26471.1 28277.8
  1774 -627.656   0.074   0.000   0.000 -627.581   400915.2 316878.0 15218.6     0.0  8420.0   3862.9 34751.8 12322.7
  1775 168.315  -0.017   0.000   0.000 168.298   503548.7 316126.8 11402.5     0.0 21524.8   5559.3 18019.8 16677.6
  1776 258.054  -0.009   0.000   0.000 258.045   724533.8 440595.4 30866.2     0.0 18565.7   7162.3  8577.4 38729.5
  1777  70.798  -0.015   0.000   0.000  70.782   744480.0 410689.2 31437.1     0.0 20678.8   7034.7 19541.8 38117.0
  1778  81.375  -0.002   0.000   0.000  81.373   673445.0 377748.8 29624.8     0.0 18481.3   6336.3 50596.0 26391.3
  1779  43.212   0.000   0.000   0.000  43.213   738081.9 415638.9 35462.9     0.0 17468.0   7698.0 18662.6 33087.2
  1780  71.581   0.008   0.000   0.000  71.589   678903.5 379357.9 33243.6     0.0 19191.1   6722.1 33495.0 25757.8
  1781  17.574   0.006   0.000   0.000  17.580   691356.4 394521.8 30741.5     0.0 11706.3   8699.8  9151.1 23699.9
  1782  29.383   0.012   0.000   0.000  29.395   675938.3 376751.5 36089.5     0.0 19795.1   6854.9 34935.8 33078.8
  1783  70.102   0.005   0.000   0.000  70.107   656242.2 405178.4 27528.3     0.0 12897.6   7635.2 20228.4 33948.3
  1784 -229.452   0.013   0.000   0.000 -229.439   627354.5 432664.6 31928.2     0.0 16973.6   6948.8 28988.5 45118.0
  1785  81.907   0.000   0.000   0.000  81.907   709373.7 479837.0 38241.9     0.0 18382.3   6902.4 14507.0 37687.3
  1786  85.076   0.001   0.000   0.000  85.077   710207.3 393351.0 39113.3     0.0 18028.0   7829.7  9640.8 44216.8
  1787 -10.502   0.005   0.000   0.000 -10.498   715206.5 381829.3 35670.7     0.0 17126.8   8354.8  8367.7 35499.1
  1788   6.908   0.006   0.000   0.000   6.913   681838.3 403384.6 42076.7     0.0 16866.3   7077.0 58026.6 37850.9
  1789 208.777  -0.017   0.000   0.000 208.760   821184.7 473516.7 54721.3     0.0 21308.9   9079.8 43078.5 52045.7
  1790 -35.787  -0.012   0.000   0.000 -35.799   729025.3 396902.8 40760.0     0.0 21572.4   7550.7 25042.4 41692.4
  1791 -185.379   0.011   0.000   0.000 -185.368   630698.1 339127.7 27104.0     0.0 13986.7   7387.7  9842.5 24983.5
  1792 -16.509   0.003   0.000   0.000 -16.506   686809.4 454861.6 39960.4     0.0 16396.8   7267.7 16111.8 37970.1
  1793 211.533  -0.005   0.000   0.000 211.528   785971.5 431609.9 49537.9     0.0 22063.6   9207.6 115455.7 46423.5
  1794 164.566  -0.008   0.000   0.000 164.558   904928.7 525263.5 62716.1     0.0 23026.3   9196.4 119484.1 36065.3
  1795 -63.155   0.004   0.000   0.000 -63.152   794673.3 461562.0 49759.0     0.0 15166.0   7660.0 54663.8 39081.8

                 Carbon flux (ktC/yr)                    Water (dam3/yr)                Nitrogen (MgN/yr)
       --------------------------------------- ---------------------------------- --------------------------------
Spinup NEP     estab   harvest product NBP     transp     evap    interc  wd      nuptake ndemand  nlosses ninflux
------ ------- ------- ------- ------- ------- ---------- ------- ------- ------- ------- -------- ------- -------
  1796 -101.647   0.012   0.000   0.000 -101.635   636622.6 370265.3 30988.9     0.0 14685.2   7280.3  9697.2 31738.2
  1797 138.336  -0.004   0.000   0.000 138.332   767283.1 486496.4 47776.0     0.0 19497.7   8651.1 21768.8 45681.5
  1798 -100.119   0.008   0.000   0.000 -100.110   731576.3 366326.4 36206.5     0.0 18157.8   9157.1 25546.2 39142.6
  1799 -749.824   0.099   0.000   0.000 -749.725   453934.4 327603.7 20497.2     0.0  9161.0   4059.4 54105.4 17237.0
  1800  28.003  -0.019   0.000   0.000  27.984   473788.5 336430.1 14697.0     0.0 22747.7   5568.9 21619.3  8815.6
  1801  58.704  -0.384   0.000   0.000  58.320   658214.6 376950.5 29690.1     0.0 15703.4   6941.8 30353.1 21043.6
  1802  40.644   0.004   0.000   0.000  40.649   662214.2 427097.8 29821.9     0.0 15606.6   6911.0 16875.2 35494.0
  1803 -155.949   0.014   0.000   0.000 -155.936   647774.0 435146.1 28011.1     0.0 18157.7   6899.5 29349.8 42483.7
  1804 120.800   0.002   0.000   0.000 120.803   713081.1 425831.4 33952.0     0.0 16559.1   7111.9 36684.9 42728.1
  1805 -134.627   0.010   0.000   0.000 -134.618   598193.2 281566.0 19325.1     0.0 17454.4   7477.0 10778.7 24663.5
  1806  97.039   0.000   0.000   0.000  97.039   667452.0 401384.6 33737.1     0.0 17451.3   7005.1 33788.9 38304.4
  1807  36.807  -0.012   0.000   0.000  36.795   758954.5 413233.6 36366.3     0.0 21027.8   7898.8 18668.8 38821.5
  1808 153.060  -0.013   0.000   0.000 153.046   830628.2 518501.8 51248.6     0.0 22039.7   8601.2 74156.4 45120.4
  1809 189.494  -0.013   0.000   0.000 189.481   842974.5 516992.8 46583.6     0.0 20424.4   8344.0 65700.0 47662.2
  1810 -79.172   0.001   0.000   0.000 -79.171   759007.8 364499.4 36320.6     0.0 16369.0   8508.1  7689.9 33319.2
  1811 -1000.344   0.092   0.000   0.000 -1000.252   388358.7 242918.2 12202.4     0.0  7697.0   3190.7  7831.6 15659.9
  1812 280.818  -0.025   0.000   0.000 280.793   492354.3 572248.2 18872.7     0.0 18849.2   3993.7 28884.5 17092.7
  1813 -91.275   0.014   0.000   0.000 -91.261   544709.1 344475.7 16445.7     0.0 13983.0   6259.5 19143.0 20282.9
  1814 244.559   0.008   0.000   0.000 244.566   665187.3 351229.0 22048.1     0.0 18675.5   7523.1 13194.2 36153.3
  1815  12.330   0.008   0.000   0.000  12.337   591439.9 377221.2 23362.9     0.0 14944.5   7026.1 47999.6 29503.5
  1816 126.349  -0.003   0.000   0.000 126.346   754587.7 438468.9 33155.9     0.0 22460.7   7818.8 10525.5 52019.1
  1817 -199.169   0.007   0.000   0.000 -199.162   653028.1 436627.7 30600.4     0.0 17619.9   7051.4 49616.6 41795.8
  1818 209.879  -0.004   0.000   0.000 209.875   764741.1 462622.1 41293.2     0.0 20881.3   7689.3 23327.1 45466.8
  1819 168.753  -0.009   0.000   0.000 168.744   788142.3 517657.3 44146.2     0.0 21332.1   8088.8 30821.2 49192.7
  1820 -233.806   0.013   0.000   0.000 -233.793   586893.9 313445.9 21874.5     0.0 14711.8   6803.7  9504.8 23806.6

                 Carbon flux (ktC/yr)                    Water (dam3/yr)                Nitrogen (MgN/yr)
       --------------------------------------- ---------------------------------- --------------------------------
Spinup NEP     estab   harvest product NBP     transp     evap    interc  wd      nuptake ndemand  nlosses ninflux
------ ------- ------- ------- ------- ------- ---------- ------- ------- ------- ------- -------- ------- -------
  1821  88.888  -0.001   0.000   0.000  88.887   683586.4 418079.6 34493.1     0.0 17145.5   7600.6  7926.7 32223.0
  1822 104.722   0.002   0.000   0.000 104.723   781166.4 515961.2 44054.9     0.0 21383.7   7943.0 33810.7 53342.7
  1823 108.356   0.001   0.000   0.000 108.357   783516.0 428142.4 49000.2     0.0 19697.7   8920.3 123298.7 48967.3
  1824 -104.199   0.007   0.000   0.000 -104.191   673006.4 326018.6 23659.8     0.0 14900.1   7492.6 39541.2 36835.6
  1825 246.145  -0.004   0.000   0.000 246.141   910241.4 492082.9 53963.6     0.0 20107.6   9054.6 23460.9 52971.6
  1826 -34.898   0.004   0.000   0.000 -34.894   788451.7 455456.7 43499.9     0.0 17089.1   8270.5 50004.3 29956.2
  1827 158.322  -0.000   0.000   0.000 158.321   828759.4 461402.1 48158.4     0.0 18733.6   8128.2 12888.6 40307.5
  1828  40.669   0.001   0.000   0.000  40.670   875190.7 516244.3 59296.4     0.0 22577.2   9150.1 87223.3 45756.4
  1829 -494.832   0.033   0.000   0.000 -494.799   570614.8 340094.1 23500.4     0.0 15493.5   5990.3 83666.2 23805.5
  1830 206.190  -0.010   0.000   0.000 206.180   713185.1 426266.8 29785.8     0.0 19038.4   7779.7 18520.0 36042.2
  1831 178.419   0.001   0.000   0.000 178.420   871310.4 467323.9 46697.1     0.0 17052.4   8691.0 24699.0 59487.2
  1832 -26.945   0.006   0.000   0.000 -26.939   793531.2 453252.6 39540.7     0.0 19949.7   7606.9 41250.5 31414.7
  1833 221.606  -0.003   0.000   0.000 221.603   984934.5 498942.5 53237.2     0.0 20504.0   8853.0 32623.1 45474.4
  1834 -261.107   0.006   0.000   0.000 -261.101   727965.7 425478.3 35087.0     0.0 15979.4   7554.7 32719.8 43001.7
  1835 -200.932   0.005   0.000   0.000 -200.927   717478.3 417725.2 34384.6     0.0 19717.3   7299.2 38673.3 38242.4
  1836  49.902  -0.003   0.000   0.000  49.899   752179.2 383222.9 35597.4     0.0 19974.9   8107.5 20722.1 42277.5
  1837 -31.996   0.006   0.000   0.000 -31.990   672939.0 372829.5 27149.0     0.0 14463.6   8022.0 34160.9 29489.7
  1838  62.787   0.002   0.000   0.000  62.788   785183.9 384516.9 33057.0     0.0 19710.2   8898.6  9046.2 35614.9
  1839 -276.597   0.011   0.000   0.000 -276.586   666110.3 412464.5 32703.8     0.0 17307.0   6991.4 39361.9 37687.5
  1840 -841.060   0.081   0.000   0.000 -840.979   414309.6 246099.1 11596.3     0.0  7878.7   3388.7 15767.4  7845.6
  1841 425.542  -0.030   0.000   0.000 425.512   540643.0 455678.8 24109.4     0.0 22509.0   4594.8 14276.3 28310.4
  1842 314.010   0.001   0.000   0.000 314.011   810664.3 497502.4 40157.3     0.0 16792.2   7862.2 15251.0 49824.9
  1843  86.674   0.008   0.000   0.000  86.681   676046.0 346855.3 28005.5     0.0 16094.7   7398.5  8690.2 39636.1
  1844 249.920  -0.002   0.000   0.000 249.918   870743.6 495596.5 52058.3     0.0 19704.1   7916.5 37628.4 55547.3
  1845 225.223  -0.007   0.000   0.000 225.216   859661.3 489872.2 48863.0     0.0 18948.8   8401.0 22524.1 46812.3

                 Carbon flux (ktC/yr)                    Water (dam3/yr)                Nitrogen (MgN/yr)
       --------------------------------------- ---------------------------------- --------------------------------
Spinup NEP     estab   harvest product NBP     transp     evap    interc  wd      nuptake ndemand  nlosses ninflux
------ ------- ------- ------- ------- ------- ---------- ------- ------- ------- ------- -------- ------- -------
  1846 -28.605   0.003   0.000   0.000 -28.603   727366.7 368981.5 39232.4     0.0 19342.8   7282.5 85572.1 29280.4
  1847  74.855   0.007   0.000   0.000  74.862   695782.7 362255.3 30480.9     0.0 13292.9   8737.6 27772.6 41238.6
  1848 163.033   0.000   0.000   0.000 163.033   881757.2 488347.8 57561.1     0.0 19176.2   8649.7 23212.7 53459.5
  1849 -94.615   0.008   0.000   0.000 -94.607   743446.1 475296.1 43467.6     0.0 15102.3   7527.3 16719.1 40161.1
  1850 -91.958   0.008   0.000   0.000 -91.950   719010.5 367956.1 35805.6     0.0 15014.5   9054.4 11439.2 39470.1
  1851 -71.621   0.003   0.000   0.000 -71.618   758973.8 457590.3 40005.4     0.0 18159.5   6536.2 25166.7 34657.0
  1852  56.993  -0.000   0.000   0.000  56.993   736357.5 385781.0 44723.3     0.0 19437.9   8002.0 17482.3 46644.2
  1853 -1016.768   0.094   0.000   0.000 -1016.674   391223.2 250298.1 14097.6     0.0  8734.8   3580.2 11785.8 18317.8
  1854 500.330  -0.036   0.000   0.000 500.294   571747.4 613560.5 30026.8     0.0 20010.9   5889.7 75792.3 45745.0
  1855 200.642   0.007   0.000   0.000 200.649   771931.2 553346.8 41590.5     0.0 19044.2   7433.0 53624.3 52353.1
  1856 -19.239   0.009   0.000   0.000 -19.230   744418.9 490124.4 34385.7     0.0 16688.7   6226.0 19496.1 37985.7
  1857   6.091   0.015   0.000   0.000   6.107   694714.8 376911.0 34437.7     0.0 21643.2   7302.9 78079.5 34225.6
  1858 169.425  -0.002   0.000   0.000 169.424   745009.5 452139.1 36692.5     0.0 15483.7   8181.7 30364.9 42133.2
  1859 162.032  -0.009   0.000   0.000 162.023   771691.7 427851.0 51930.8     0.0 22777.2   8631.2 89246.1 41683.0
  1860 224.651  -0.006   0.000   0.000 224.646   834935.9 470130.2 50767.2     0.0 19578.4   8385.8 70673.6 37701.6
  1861 -34.801   0.000   0.000   0.000 -34.801   765914.2 373984.1 39101.1     0.0 19328.2   9159.7 11283.1 36944.9
  1862  29.726  -0.001   0.000   0.000  29.725   810793.7 396990.9 47749.1     0.0 17591.4   8449.6 21532.4 33343.0
  1863  33.957  -0.006   0.000   0.000  33.951   749196.2 379436.1 43094.4     0.0 20079.6   7607.6 21979.5 42837.7
  1864 162.783  -0.003   0.000   0.000 162.780   823633.4 469960.1 54911.5     0.0 18020.4   8948.8 27939.1 42081.2
  1865  28.788  -0.003   0.000   0.000  28.785   799548.7 413181.4 47290.1     0.0 17339.1   8565.2 28587.0 42341.7
  1866  81.011   0.002   0.000   0.000  81.013   812491.0 474398.8 57845.7     0.0 22390.9   8741.0 28229.4 37245.9
  1867 -51.844   0.005   0.000   0.000 -51.839   812676.6 394360.8 50268.7     0.0 16595.4   8934.4 34895.0 33270.7
  1868 -867.063   0.079   0.000   0.000 -866.984   423582.7 253532.3 15618.6     0.0  9740.5   4099.9 10911.2 16523.4
  1869 345.221  -0.025   0.000   0.000 345.196   540474.2 523183.0 31659.2     0.0 21873.7   5354.4 55768.5 15241.2
  1870 287.840   0.005   0.000   0.000 287.846   790025.3 451644.9 52405.4     0.0 19914.6   8546.4 65286.9 49311.3

                 Carbon flux (ktC/yr)                    Water (dam3/yr)                Nitrogen (MgN/yr)
       --------------------------------------- ---------------------------------- --------------------------------
Spinup NEP     estab   harvest product NBP     transp     evap    interc  wd      nuptake ndemand  nlosses ninflux
------ ------- ------- ------- ------- ------- ---------- ------- ------- ------- ------- -------- ------- -------
  1871 -97.193   0.011   0.000   0.000 -97.182   643943.0 323888.4 26048.1     0.0 15043.3   7089.7 37149.7 39595.4
  1872 193.792   0.002   0.000   0.000 193.794   750310.8 429754.4 54290.0     0.0 20985.2   8825.3 73857.9 53685.3
  1873 -31.618   0.005   0.000   0.000 -31.613   695767.9 358050.7 29963.2     0.0 17366.8   8149.0 29286.7 29568.3
  1874 -156.813   0.006   0.000   0.000 -156.807   604202.7 328912.0 27563.6     0.0 15619.5   7483.8  6945.8 29676.8
  1875  65.946  -0.003   0.000   0.000  65.944   685732.9 369326.8 39251.0     0.0 19130.5   8064.6 10637.4 41745.0
  1876 -223.208   0.008   0.000   0.000 -223.200   569095.0 329094.2 22754.2     0.0 14263.0   7027.9 26205.5 28965.5
  1877 229.939  -0.010   0.000   0.000 229.929   768204.6 492828.6 46824.6     0.0 22009.7   8865.6 30329.1 49831.9
  1878  10.922  -0.002   0.000   0.000  10.919   800164.5 473124.1 42023.7     0.0 17528.1   7111.9 50657.4 37586.1
  1879 -49.632   0.006   0.000   0.000 -49.627   660159.1 400824.1 32183.1     0.0 17487.7   8180.0 46282.7 23588.6
  1880 -702.181   0.054   0.000   0.000 -702.127   445561.4 259336.0 14054.4     0.0 13377.2   4708.1  9864.8 18773.4
  1881 318.254  -0.014   0.000   0.000 318.239   552709.0 440061.8 31883.6     0.0 17835.6   5432.5 36223.2 25987.6
  1882 288.114  -0.003   0.000   0.000 288.111   792276.8 489475.5 51564.2     0.0 19334.0   8666.8 29267.0 62542.5
  1883 -68.563   0.007   0.000   0.000 -68.557   633436.6 363214.0 28160.5     0.0 18504.0   7066.9 12176.1 24620.8
  1884  32.222   0.005   0.000   0.000  32.227   674042.9 461853.7 39317.6     0.0 17270.6   7270.1 13463.2 42932.3
  1885 -247.749   0.021   0.000   0.000 -247.728   555145.6 256325.0 22411.1     0.0 15998.0   7154.7  8807.3 14663.4
  1886 132.093  -0.008   0.000   0.000 132.085   654199.8 386538.6 33962.7     0.0 19578.0   7756.6 23295.3 39825.1
  1887  53.376   0.008   0.000   0.000  53.384   693507.7 363149.6 35674.1     0.0 20617.1   7482.8 81922.7 31980.8
  1888 -45.652   0.006   0.000   0.000 -45.646   612749.9 331010.8 22203.7     0.0 12110.1   7650.7 35325.2 30486.0
  1889 138.366  -0.001   0.000   0.000 138.365   780522.2 503052.9 54648.5     0.0 25147.6   9308.7 64663.5 45736.5
  1890  86.307   0.002   0.000   0.000  86.309   838415.2 418685.4 47545.3     0.0 15528.9   8874.2 59642.2 34544.7
  1891 -16.626   0.006   0.000   0.000 -16.620   659421.9 340960.6 30116.3     0.0 17107.6   7466.3  8261.0 27332.4
  1892 -781.302   0.094   0.000   0.000 -781.208   425513.9 315583.8 20856.5     0.0 10625.1   4206.0 39224.1 11347.3
  1893 307.963  -0.027   0.000   0.000 307.936   569406.3 482365.5 18920.8     0.0 18798.6   7629.7 26995.6 24050.4
  1894 169.811   0.002   0.000   0.000 169.813   687061.1 403068.2 31939.4     0.0 19449.3   7031.0  9657.7 46116.7
  1895 221.727  -0.001   0.000   0.000 221.726   756438.9 500274.3 42490.5     0.0 20832.5   8009.6 23008.2 48288.7

                 Carbon flux (ktC/yr)                    Water (dam3/yr)                Nitrogen (MgN/yr)
       --------------------------------------- ---------------------------------- --------------------------------
Spinup NEP     estab   harvest product NBP     transp     evap    interc  wd      nuptake ndemand  nlosses ninflux
------ ------- ------- ------- ------- ------- ---------- ------- ------- ------- ------- -------- ------- -------
  1896 219.194  -0.011   0.000   0.000 219.183   802651.7 500712.8 47959.9     0.0 20806.4   8422.9 35097.2 40532.1
  1897 178.936  -0.003   0.000   0.000 178.933   797674.6 459280.1 48869.5     0.0 18414.9   8327.2 21088.8 39408.1
  1898 -269.982   0.012   0.000   0.000 -269.970   593622.8 267725.4 25028.4     0.0 16298.0   7701.4  8511.9 20293.3
  1899 226.851  -0.005   0.000   0.000 226.846   731342.4 437184.6 47817.2     0.0 20916.4   8138.4 11091.6 41611.1
  1900  49.828  -0.003   0.000   0.000  49.826   743095.1 428899.1 44396.0     0.0 19948.1   8300.7 11567.7 46042.1

                 Carbon flux (ktC/yr)                    Water (dam3/yr)                Nitrogen (MgN/yr)
       --------------------------------------- ---------------------------------- --------------------------------
Year   NEP     estab   harvest product NBP     transp     evap    interc  wd      nuptake ndemand  nlosses ninflux
------ ------- ------- ------- ------- ------- ---------- ------- ------- ------- ------- -------- ------- -------
  1901 108.885  -0.002   0.000   0.000 108.882   763933.6 424493.6 59111.4     0.0 20902.3   9208.2 167170.4 46257.2
  1902 214.068  -0.005   0.000   0.000 214.063   885784.6 527266.3 70072.6     0.0 22630.1   9562.0 170986.5 37239.0
  1903  90.699  -0.000   0.000   0.000  90.699   754789.2 340633.3 40327.1     0.0 17715.4   9150.3 47375.7 41011.2
  1904 -138.822   0.004   0.000   0.000 -138.818   629663.0 371220.8 36727.2     0.0 13511.7   8192.6 32089.2 24754.6
  1905 211.322  -0.003   0.000   0.000 211.319   865126.8 503462.1 60462.3     0.0 22351.4   9447.9 20642.6 34118.8
  1906 118.542   0.002   0.000   0.000 118.544   828517.9 488201.1 64413.3     0.0 18786.5   9162.6 19312.3 45653.0
  1907 160.891   0.002   0.000   0.000 160.893   869332.9 465354.4 71768.2     0.0 18573.2   9731.7 30755.9 51349.0
  1908 -52.968   0.006   0.000   0.000 -52.961   774777.3 447353.3 58151.2     0.0 13373.5   8649.6 46790.7 36049.5
  1909 -227.743   0.012   0.000   0.000 -227.731   637472.5 268900.4 31133.4     0.0 19509.6   8389.4 11411.2 27296.8
  1910 -135.124   0.006   0.000   0.000 -135.118   591106.2 328042.3 33034.1     0.0 16688.9   7937.6  7656.1 28531.2
  1911 265.707  -0.003   0.000   0.000 265.704   838301.4 482954.9 64868.2     0.0 19813.8   9592.2 31885.8 46614.2
  1912 -12.232   0.007   0.000   0.000 -12.225   740794.3 381467.2 44220.7     0.0 18330.4   9819.5 15836.0 36608.0
  1913 -214.566   0.013   0.000   0.000 -214.553   585395.2 326253.2 29362.2     0.0 15412.5   7191.6 24435.2 18252.4
  1914 132.971   0.000   0.000   0.000 132.972   749625.5 403918.3 51483.0     0.0 20684.3   9084.5 25928.8 32578.5
  1915  31.879   0.005   0.000   0.000  31.884   758722.7 464415.7 50694.9     0.0 15816.8   7062.1 24321.8 26412.8
  1916 -15.408   0.006   0.000   0.000 -15.402   715711.4 460285.4 55077.3     0.0 18639.1   8021.6 18726.4 37125.4
  1917 -853.063   0.071   0.000   0.000 -852.992   426997.4 243940.3 17405.2     0.0  9691.9   4753.6  9041.1 17422.4
  1918 326.210  -0.013   0.000   0.000 326.197   500825.2 449738.2 30257.2     0.0 22200.7   5465.7 69046.4 17625.1
  1919 174.918   0.008   0.000   0.000 174.926   687184.1 419849.3 35745.7     0.0 12563.1   8556.4 20798.7 28655.1
  1920  81.847   0.008   0.000   0.000  81.856   650494.5 415045.8 46204.0     0.0 18271.1   7206.0 29386.3 32879.4
  1921 282.152   0.002   0.000   0.000 282.154   804559.6 506110.6 56636.1     0.0 20954.2   9064.1 19217.5 47960.6
  1922 100.885  -0.000   0.000   0.000 100.885   724890.7 421524.5 51112.5     0.0 17926.1   8571.7  8362.9 44367.1
  1923 187.517  -0.013   0.000   0.000 187.504   761728.2 512760.0 59729.4     0.0 23972.5   8514.2 38562.0 46139.4
  1924 -18.358  -0.006   0.000   0.000 -18.364   688530.9 386702.1 44804.0     0.0 19842.1   8489.8 22794.6 40228.8
  1925 -212.542   0.009   0.000   0.000 -212.533   647800.0 423572.5 39922.8     0.0 14498.7   7787.6 52569.5 37663.5

                 Carbon flux (ktC/yr)                    Water (dam3/yr)                Nitrogen (MgN/yr)
       --------------------------------------- ---------------------------------- --------------------------------
Year   NEP     estab   harvest product NBP     transp     evap    interc  wd      nuptake ndemand  nlosses ninflux
------ ------- ------- ------- ------- ------- ---------- ------- ------- ------- ------- -------- ------- -------
  1926 241.512  -0.003   0.000   0.000 241.509   746551.8 459184.9 53080.9     0.0 19091.6   8371.6 25650.7 40313.8
  1927 -563.380   0.049   0.000   0.000 -563.331   503311.0 336665.7 24984.8     0.0 15566.5   5813.0 48232.8 16847.9
  1928 283.324  -0.015   0.000   0.000 283.310   651616.3 445166.2 35405.7     0.0 19834.9   7594.5 30693.5 36910.6
  1929 -176.128   0.012   0.000   0.000 -176.115   552488.4 317166.4 22785.9     0.0 13363.1   6958.1  7692.2 29026.7
  1930  36.878   0.006   0.000   0.000  36.884   570928.5 374087.7 26085.6     0.0 16500.3   7112.4 12179.7 34424.2
  1931 111.952   0.005   0.000   0.000 111.956   713959.9 498327.1 40539.6     0.0 16168.6   7919.6 15923.6 41799.1
  1932 218.000   0.001   0.000   0.000 218.000   758086.2 459637.9 53247.9     0.0 23752.1   7562.0 102353.2 39274.9
  1933 -586.621   0.038   0.000   0.000 -586.582   501049.1 330542.7 15233.2     0.0  7330.9   5132.3 21084.2 23601.0
  1934 554.198  -0.036   0.000   0.000 554.162   788545.8 658072.1 44740.5     0.0 27769.9   8302.4 62879.8 53633.4
  1935 -31.507   0.004   0.000   0.000 -31.502   691032.8 436954.4 31781.6     0.0 15366.2   7050.6 33975.9 33799.2
  1936 188.510   0.001   0.000   0.000 188.511   780325.5 513816.8 37225.9     0.0 24406.9   8078.0 15773.3 47469.7
  1937  62.554   0.003   0.000   0.000  62.558   720728.2 446796.0 38682.6     0.0 15337.6   8780.1  8288.4 31103.9
  1938 -720.739   0.019   0.000   0.000 -720.720   418981.0 230364.1 13266.0     0.0  8524.7   4975.3  7555.7 15050.1
  1939 173.448   0.008   0.000   0.000 173.455   497904.3 496288.6 21857.9     0.0 20498.5   5111.3 58321.7 31670.1
  1940  49.257   0.002   0.000   0.000  49.259   635243.6 440456.0 34859.2     0.0 18835.4   7384.4 45160.6 54799.3
  1941 103.654   0.005   0.000   0.000 103.659   764577.6 480857.2 45042.0     0.0 18965.1   7832.8 42933.1 44854.2
  1942 170.731   0.004   0.000   0.000 170.735   754812.8 512635.1 39852.7     0.0 20337.6   8304.4 45916.8 48236.9
  1943 -192.425   0.016   0.000   0.000 -192.409   542982.6 361483.4 22557.7     0.0 11939.1   6423.8 19434.7 35865.5
  1944 -160.821   0.008   0.000   0.000 -160.812   541190.9 331803.2 20992.1     0.0 23684.3   5598.0 33914.5 12120.8
  1945 -278.684   0.028   0.000   0.000 -278.656   529300.9 390230.6 16587.9     0.0 11171.4   6621.7 26724.0 16124.3
  1946 386.724  -0.004   0.000   0.000 386.720   762608.2 465992.3 29993.3     0.0 18645.8   8389.1 15738.2 32506.1
  1947 222.179  -0.003   0.000   0.000 222.177   746111.0 468425.4 41413.6     0.0 20838.0   8816.7 10134.4 37956.5
  1948  69.077  -0.004   0.000   0.000  69.072   756718.1 485772.4 38561.3     0.0 20798.0   8119.2 13223.2 42136.6
  1949  78.860  -0.011   0.000   0.000  78.848   721530.0 452674.6 38377.4     0.0 18847.9   8155.4 19362.6 38652.3
  1950 -468.033   0.035   0.000   0.000 -467.998   514770.2 324762.1 20235.4     0.0  9573.3   5755.5  9955.2 26724.8

                 Carbon flux (ktC/yr)                    Water (dam3/yr)                Nitrogen (MgN/yr)
       --------------------------------------- ---------------------------------- --------------------------------
Year   NEP     estab   harvest product NBP     transp     evap    interc  wd      nuptake ndemand  nlosses ninflux
------ ------- ------- ------- ------- ------- ---------- ------- ------- ------- ------- -------- ------- -------
  1951 -67.745   0.005   0.000   0.000 -67.740   523643.6 421604.7 25740.5     0.0 17202.3   4800.1 110234.1 28912.3
  1952 314.595  -0.004   0.000   0.000 314.591   825167.6 534887.0 37540.1     0.0 21901.2   8578.3 36550.3 49551.2
  1953 -126.559   0.009   0.000   0.000 -126.550   630404.7 375331.4 25786.0     0.0 18127.0   6743.0 45084.1 33760.6
  1954 322.549  -0.001   0.000   0.000 322.548   835807.5 484422.3 55564.4     0.0 18688.1   8502.9 25692.7 36583.8
  1955  -1.120   0.004   0.000   0.000  -1.116   738668.1 368683.8 40912.3     0.0 20041.7   6947.7 36580.4 43010.9
  1956  33.522   0.002   0.000   0.000  33.524   773198.0 477518.1 41470.1     0.0 19807.1   8461.2 17335.2 36951.7
  1957 157.610  -0.002   0.000   0.000 157.608   786397.9 554184.4 50148.4     0.0 19550.9   8434.7 10110.8 58344.3
  1958 152.158  -0.009   0.000   0.000 152.149   894190.0 537532.5 67345.8     0.0 23293.5   9360.6 91506.9 53549.0
  1959  87.332  -0.003   0.000   0.000  87.330   860709.1 524280.2 50882.7     0.0 18477.3   8440.7 46534.4 31323.8
  1960 118.915   0.002   0.000   0.000 118.917   772962.0 431421.7 44231.3     0.0 16850.9   8263.5 18664.7 27616.9
  1961 -153.812   0.004   0.000   0.000 -153.808   706692.5 387801.6 39487.8     0.0 17125.6   7684.9 29407.9 29979.8
  1962 230.170  -0.003   0.000   0.000 230.167   849462.1 576639.3 71636.0     0.0 24713.4   8293.2 27682.5 40692.3
  1963 140.213   0.000   0.000   0.000 140.213   847319.2 504026.1 64391.2     0.0 21965.8   9502.8 30256.5 40907.0
  1964 113.611   0.002   0.000   0.000 113.613   778667.0 432024.6 53740.9     0.0 18750.3   9250.0 17845.9 27426.1
  1965 -64.925   0.003   0.000   0.000 -64.922   723721.5 469674.7 58620.9     0.0 17140.2   7951.7 51634.7 36535.7
  1966 137.416   0.000   0.000   0.000 137.416   827336.4 469587.0 58126.9     0.0 21535.4   8939.3 38552.1 42531.1
  1967 -51.546   0.004   0.000   0.000 -51.542   693593.9 422173.2 40295.7     0.0 16406.7   8823.7 11523.0 32481.3
  1968   8.871   0.004   0.000   0.000   8.875   729031.3 425475.0 47216.5     0.0 17649.4   9120.3 31995.2 36529.8
  1969  60.115  -0.001   0.000   0.000  60.114   685803.0 436333.3 46905.0     0.0 20799.5   7065.1 41161.6 35089.5
  1970  80.137  -0.000   0.000   0.000  80.137   746558.3 363935.1 48321.9     0.0 20347.1   9559.1 20839.5 34166.1
  1971 -238.540   0.007   0.000   0.000 -238.534   647194.8 378337.2 43195.3     0.0 18508.0   8106.6 24831.5 42457.6
  1972 439.977  -0.007   0.000   0.000 439.970   799920.2 518888.0 69868.0     0.0 21642.0   9775.5 42882.2 36178.2
  1973 285.605  -0.000   0.000   0.000 285.605   859471.1 532160.5 83350.3     0.0 22324.2   8909.3 19353.2 33470.5
  1974   5.683   0.004   0.000   0.000   5.687   740725.9 465867.7 59927.9     0.0 17379.9   8553.8 10339.3 26549.8
  1975 -326.937   0.012   0.000   0.000 -326.924   609614.3 390000.2 37447.4     0.0 15318.2   8015.6 17554.6 24110.6

                 Carbon flux (ktC/yr)                    Water (dam3/yr)                Nitrogen (MgN/yr)
       --------------------------------------- ---------------------------------- --------------------------------
Year   NEP     estab   harvest product NBP     transp     evap    interc  wd      nuptake ndemand  nlosses ninflux
------ ------- ------- ------- ------- ------- ---------- ------- ------- ------- ------- -------- ------- -------
  1976 -378.177   0.018   0.000   0.000 -378.160   567750.1 406161.4 30953.7     0.0 13511.6   6144.5 44336.0 36514.2
  1977 134.727  -0.010   0.000   0.000 134.717   659436.0 417123.6 36739.8     0.0 20994.0   7322.4 40166.4 44522.5
  1978 327.632  -0.002   0.000   0.000 327.629   857975.7 570747.5 70166.4     0.0 23544.3   8596.0 32561.3 34676.1
  1979 158.233  -0.001   0.000   0.000 158.233   754858.6 474373.2 57584.4     0.0 22436.7   8065.9 28815.8 27705.6
  1980 -197.334   0.002   0.000   0.000 -197.333   665415.4 421665.3 43340.6     0.0 18838.8   7942.4 10320.4 25126.3
  1981 258.927  -0.002   0.000   0.000 258.926   812827.4 542461.9 62807.3     0.0 21544.7   9313.9 10919.5 44413.1
  1982 -92.151   0.002   0.000   0.000 -92.149   655095.5 397525.8 44032.8     0.0 16272.4   7855.9 44760.6 31730.6
  1983 -92.726  -0.001   0.000   0.000 -92.727   628708.1 393547.6 44039.9     0.0 21201.7   8277.5 29142.6 36248.2
  1984 -213.082   0.018   0.000   0.000 -213.064   543914.8 370280.6 34793.8     0.0 16617.6   6430.0 23212.5 28528.4
  1985 -19.155   0.001   0.000   0.000 -19.154   549507.2 379326.7 35725.5     0.0 17156.0   6643.5 47415.6 37230.1
  1986 -137.061   0.006   0.000   0.000 -137.055   549637.0 380497.4 32195.3     0.0 15907.0   6154.1 29007.8 26583.2
  1987 499.441  -0.007   0.000   0.000 499.434   751690.7 542923.4 63377.6     0.0 24759.4   8085.4 32951.3 32157.7
  1988 120.459   0.002   0.000   0.000 120.462   755414.2 516898.0 58774.4     0.0 20589.0   8098.0 13678.9 30894.0
  1989 -59.799   0.003   0.000   0.000 -59.796   665403.7 430383.5 47433.2     0.0 16712.9   7978.6 35700.0 37946.2
  1990  53.469   0.001   0.000   0.000  53.470   703667.9 461367.6 56206.9     0.0 19491.4   8269.3 35100.1 38436.1
  1991 -293.143   0.022   0.000   0.000 -293.121   546133.3 335922.8 30842.8     0.0 16726.3   6676.7 13677.1 26066.3
  1992 299.643  -0.014   0.000   0.000 299.629   703197.6 458698.5 64830.5     0.0 23386.1   8823.8 15602.9 38288.4
  1993 211.813  -0.002   0.000   0.000 211.811   784097.9 518370.6 73580.3     0.0 23706.5   8496.5 55381.2 35216.5
  1994  17.241   0.000   0.000   0.000  17.242   712079.2 416916.2 58246.2     0.0 17832.5   9034.2 45899.2 24951.6
  1995 -210.764   0.008   0.000   0.000 -210.756   596700.3 318982.0 38599.2     0.0 14363.3   7791.5 50750.4 29570.1
  1996  34.655   0.003   0.000   0.000  34.658   568176.6 381968.9 52433.4     0.0 18121.4   6796.9 11274.6 39980.5
  1997 -389.515   0.029   0.000   0.000 -389.487   534018.3 337037.2 39579.7     0.0 15476.4   6616.3 18434.6 25431.6
  1998 275.893  -0.016   0.000   0.000 275.877   639306.6 477740.3 63244.4     0.0 23104.5   6601.4 20345.7 34780.7
  1999 179.764  -0.002   0.000   0.000 179.762   700430.6 461260.7 66254.4     0.0 19490.3   7631.5 13099.0 41904.5
  2000 -539.870   0.046   0.000   0.000 -539.824   495988.8 372309.4 44396.9     0.0  5228.5   5673.8 59826.1 29095.7

                 Carbon flux (ktC/yr)                    Water (dam3/yr)                Nitrogen (MgN/yr)
       --------------------------------------- ---------------------------------- --------------------------------
Year   NEP     estab   harvest product NBP     transp     evap    interc  wd      nuptake ndemand  nlosses ninflux
------ ------- ------- ------- ------- ------- ---------- ------- ------- ------- ------- -------- ------- -------
  2001 -242.932   0.006   0.000   0.000 -242.926   467898.9 360077.8 35549.4     0.0 20680.0   5115.6 38091.8 36388.5
  2002 488.558  -0.017   0.000   0.000 488.541   774202.6 550878.7 91817.5     0.0 29476.8   8802.3 32116.2 38476.8
  2003 287.466   0.002   0.000   0.000 287.468   696499.0 487930.7 77240.4     0.0 18579.7   7727.5 36757.6 29556.9
  2004 222.727  -0.001   0.000   0.000 222.725   723499.7 423136.0 71815.1     0.0 20074.4   8206.8 28078.9 27029.4
  2005 142.593  -0.000   0.000   0.000 142.593   785212.7 420230.6 76788.7     0.0 18134.9   8666.8 11851.2 22191.0
  2006 163.124  -0.002   0.000   0.000 163.122   747932.6 447840.9 72887.4     0.0 18981.4   8973.3 11942.7 31032.2
  2007 -199.256   0.008   0.000   0.000 -199.249   622574.6 368202.3 46895.7     0.0 13835.0   8033.2 20417.5 23359.7
  2008 -27.163   0.005   0.000   0.000 -27.158   570129.5 330045.3 43157.4     0.0 18481.3   6596.8 33299.0 33038.6
  2009 155.026   0.001   0.000   0.000 155.027   701007.0 474270.9 66759.5     0.0 21981.8   8975.6 16993.3 36312.0
  2010 184.749   0.002   0.000   0.000 184.751   737885.9 526461.7 87511.5     0.0 20213.4   9194.9 64997.7 36482.3
  2011 -42.793   0.005   0.000   0.000 -42.788   651571.0 435246.5 62838.3     0.0 13331.0   7877.2 40409.9 26049.9
  2012 -336.717   0.022   0.000   0.000 -336.695   501629.2 336757.6 35525.2     0.0 13313.6   6483.1 15608.8 17537.5
  2013 110.426  -0.002   0.000   0.000 110.424   657779.9 425299.5 59579.8     0.0 21287.9   8898.3  7804.8 28084.4
  2014 -293.363   0.016   0.000   0.000 -293.347   497757.3 361268.7 53158.4     0.0 12102.9   6169.7 28976.1 25635.1
  2015 221.619  -0.005   0.000   0.000 221.614   627887.6 463806.5 58857.0     0.0 22522.5   7647.3 37795.3 29949.1
  2016 306.728   0.003   0.000   0.000 306.731   840209.1 582362.5 87463.2     0.0 22664.0   9019.7 266832.0 31923.6
  2017 152.567  -0.000   0.000   0.000 152.566   702953.3 430099.0 57934.6     0.0 19402.9   7604.8 138673.8 27124.1
  2018  30.669   0.000   0.000   0.000  30.669   729772.2 463929.9 53704.4     0.0 17702.5   8643.6 12909.9 30135.1
  2019  38.045   0.002   0.000   0.000  38.047   661467.8 382965.5 50492.9     0.0 16453.2   8088.3 12963.2 27760.5
Simulation ended.
lpjml successfully terminated, 63 grid cells processed.
Wall clock time:	327 sec, 0.017 sec/cell/year.
Total wall clock time:	335 sec (00:05:35).
